Component: Arm Compiler for Embedded 6.22 Tool: armlink [5ee90200]

==============================================================================

Section Cross References

    lpuart_interrupt_transfer.o(.text.LPUART_UserCallback) refers to lpuart_interrupt_transfer.o(.bss.rxOnGoing) for rxOnGoing
    lpuart_interrupt_transfer.o(.text.LPUART_UserCallback) refers to lpuart_interrupt_transfer.o(.data.rxBufferEmpty) for rxBufferEmpty
    lpuart_interrupt_transfer.o(.text.LPUART_UserCallback) refers to lpuart_interrupt_transfer.o(.bss.txOnGoing) for txOnGoing
    lpuart_interrupt_transfer.o(.text.LPUART_UserCallback) refers to lpuart_interrupt_transfer.o(.bss.txBufferFull) for txBufferFull
    lpuart_interrupt_transfer.o(.ARM.exidx.text.LPUART_UserCallback) refers to lpuart_interrupt_transfer.o(.text.LPUART_UserCallback) for [Anonymous Symbol]
    lpuart_interrupt_transfer.o(.text.main) refers to board.o(.text.BOARD_ConfigMPU) for BOARD_ConfigMPU
    lpuart_interrupt_transfer.o(.text.main) refers to pin_mux.o(.text.BOARD_InitPins) for BOARD_InitPins
    lpuart_interrupt_transfer.o(.text.main) refers to clock_config.o(.text.BOARD_BootClockRUN) for BOARD_BootClockRUN
    lpuart_interrupt_transfer.o(.text.main) refers to fsl_lpuart.o(.text.LPUART_GetDefaultConfig) for LPUART_GetDefaultConfig
    lpuart_interrupt_transfer.o(.text.main) refers to board.o(.text.BOARD_DebugConsoleSrcFreq) for BOARD_DebugConsoleSrcFreq
    lpuart_interrupt_transfer.o(.text.main) refers to fsl_lpuart.o(.text.LPUART_Init) for LPUART_Init
    lpuart_interrupt_transfer.o(.text.main) refers to lpuart_interrupt_transfer.o(.bss.g_lpuartHandle) for g_lpuartHandle
    lpuart_interrupt_transfer.o(.text.main) refers to lpuart_interrupt_transfer.o(.text.LPUART_UserCallback) for LPUART_UserCallback
    lpuart_interrupt_transfer.o(.text.main) refers to fsl_lpuart.o(.text.LPUART_TransferCreateHandle) for LPUART_TransferCreateHandle
    lpuart_interrupt_transfer.o(.text.main) refers to lpuart_interrupt_transfer.o(.bss.txOnGoing) for txOnGoing
    lpuart_interrupt_transfer.o(.text.main) refers to lpuart_interrupt_transfer.o(.data.g_tipString) for g_tipString
    lpuart_interrupt_transfer.o(.text.main) refers to fsl_lpuart.o(.text.LPUART_TransferSendNonBlocking) for LPUART_TransferSendNonBlocking
    lpuart_interrupt_transfer.o(.text.main) refers to lpuart_interrupt_transfer.o(.bss.rxOnGoing) for rxOnGoing
    lpuart_interrupt_transfer.o(.text.main) refers to lpuart_interrupt_transfer.o(.data.rxBufferEmpty) for rxBufferEmpty
    lpuart_interrupt_transfer.o(.text.main) refers to lpuart_interrupt_transfer.o(.bss.txBufferFull) for txBufferFull
    lpuart_interrupt_transfer.o(.text.main) refers to lpuart_interrupt_transfer.o(.bss.g_txBuffer) for g_txBuffer
    lpuart_interrupt_transfer.o(.text.main) refers to lpuart_interrupt_transfer.o(.bss.g_rxBuffer) for g_rxBuffer
    lpuart_interrupt_transfer.o(.text.main) refers to fsl_lpuart.o(.text.LPUART_TransferReceiveNonBlocking) for LPUART_TransferReceiveNonBlocking
    lpuart_interrupt_transfer.o(.text.main) refers to memcpy.o(.text) for memcpy
    lpuart_interrupt_transfer.o(.ARM.exidx.text.main) refers to lpuart_interrupt_transfer.o(.text.main) for [Anonymous Symbol]
    pin_mux.o(.ARM.exidx.text.BOARD_InitBootPins) refers to pin_mux.o(.text.BOARD_InitBootPins) for [Anonymous Symbol]
    pin_mux.o(.ARM.exidx.text.BOARD_InitPins) refers to pin_mux.o(.text.BOARD_InitPins) for [Anonymous Symbol]
    board.o(.text.BOARD_DebugConsoleSrcFreq) refers to board.o(.rodata.s_clockSourceName) for s_clockSourceName
    board.o(.text.BOARD_DebugConsoleSrcFreq) refers to fsl_clock.o(.text.CLOCK_GetFreq) for CLOCK_GetFreq
    board.o(.text.BOARD_DebugConsoleSrcFreq) refers to board.o(.rodata.str1.1) for .L.str.4
    board.o(.text.BOARD_DebugConsoleSrcFreq) refers to fsl_assert.o(.text.__aeabi_assert) for __aeabi_assert
    board.o(.ARM.exidx.text.BOARD_DebugConsoleSrcFreq) refers to board.o(.text.BOARD_DebugConsoleSrcFreq) for [Anonymous Symbol]
    board.o(.text.BOARD_InitDebugConsole) refers to board.o(.rodata.s_clockSourceName) for s_clockSourceName
    board.o(.text.BOARD_InitDebugConsole) refers to fsl_clock.o(.text.CLOCK_GetFreq) for CLOCK_GetFreq
    board.o(.text.BOARD_InitDebugConsole) refers to fsl_debug_console.o(.text.DbgConsole_Init) for DbgConsole_Init
    board.o(.text.BOARD_InitDebugConsole) refers to board.o(.rodata.str1.1) for .L.str.4
    board.o(.text.BOARD_InitDebugConsole) refers to fsl_assert.o(.text.__aeabi_assert) for __aeabi_assert
    board.o(.ARM.exidx.text.BOARD_InitDebugConsole) refers to board.o(.text.BOARD_InitDebugConsole) for [Anonymous Symbol]
    board.o(.text.BOARD_ConfigMPU) refers to board.o(.rodata.str1.1) for .L.str.1
    board.o(.text.BOARD_ConfigMPU) refers to fsl_assert.o(.text.__aeabi_assert) for __aeabi_assert
    board.o(.ARM.exidx.text.BOARD_ConfigMPU) refers to board.o(.text.BOARD_ConfigMPU) for [Anonymous Symbol]
[...]
    Removing fsl_pmu.o(.ARM.exidx.text.PMU_SwitchBandgapToGPCMode), (8 bytes).
    Removing fsl_pmu.o(.text.PMU_DisableBandgapSelfBiasAfterPowerUp), (40 bytes).
    Removing fsl_pmu.o(.ARM.exidx.text.PMU_DisableBandgapSelfBiasAfterPowerUp), (8 bytes).
    Removing fsl_pmu.o(.text.PMU_EnableBandgapSelfBiasBeforePowerDown), (26 bytes).
    Removing fsl_pmu.o(.ARM.exidx.text.PMU_EnableBandgapSelfBiasBeforePowerDown), (8 bytes).
    Removing fsl_pmu.o(.text.PMU_StaticBandgapInit), (94 bytes).
    Removing fsl_pmu.o(.ARM.exidx.text.PMU_StaticBandgapInit), (8 bytes).
    Removing fsl_pmu.o(.text.PMU_WellBiasInit), (78 bytes).
    Removing fsl_pmu.o(.ARM.exidx.text.PMU_WellBiasInit), (8 bytes).
    Removing fsl_pmu.o(.text.PMU_GetWellBiasDefaultConfig), (46 bytes).
    Removing fsl_pmu.o(.ARM.exidx.text.PMU_GetWellBiasDefaultConfig), (8 bytes).
    Removing fsl_pmu.o(.text.PMU_SetBodyBiasControlMode), (80 bytes).
    Removing fsl_pmu.o(.ARM.exidx.text.PMU_SetBodyBiasControlMode), (8 bytes).
    Removing fsl_pmu.o(.ARM.exidx.text.PMU_EnableBodyBias), (8 bytes).
    Removing fsl_pmu.o(.text.PMU_GPCEnableBodyBias), (24 bytes).
    Removing fsl_pmu.o(.ARM.exidx.text.PMU_GPCEnableBodyBias), (8 bytes).
    Removing fsl_pmu.o(.text.PMU_GPCEnableBodyBiasStandbyMode), (24 bytes).
    Removing fsl_pmu.o(.ARM.exidx.text.PMU_GPCEnableBodyBiasStandbyMode), (8 bytes).
    Removing fsl_pmu.o(.text.PMU_GPCGetBodyBiasDefaultConfig), (40 bytes).
    Removing fsl_pmu.o(.ARM.exidx.text.PMU_GPCGetBodyBiasDefaultConfig), (8 bytes).
    Removing fsl_pmu.o(.text.PMU_GPCSetBodyBiasConfig), (108 bytes).
    Removing fsl_pmu.o(.ARM.exidx.text.PMU_GPCSetBodyBiasConfig), (8 bytes).
    Removing fsl_pmu.o(.rodata.str1.1), (139 bytes).
    Removing fsl_pmu.o(.rodata.cst16), (16 bytes).
    Removing fsl_dcdc.o(.text), (0 bytes).
    Removing fsl_dcdc.o(.text.DCDC_Init), (134 bytes).
    Removing fsl_dcdc.o(.ARM.exidx.text.DCDC_Init), (8 bytes).
    Removing fsl_dcdc.o(.text.DCDC_Deinit), (98 bytes).
    Removing fsl_dcdc.o(.ARM.exidx.text.DCDC_Deinit), (8 bytes).
    Removing fsl_dcdc.o(.text.DCDC_GetDefaultConfig), (42 bytes).
    Removing fsl_dcdc.o(.ARM.exidx.text.DCDC_GetDefaultConfig), (8 bytes).
    Removing fsl_dcdc.o(.text.DCDC_GetDefaultDetectionConfig), (58 bytes).
    Removing fsl_dcdc.o(.ARM.exidx.text.DCDC_GetDefaultDetectionConfig), (8 bytes).
    Removing fsl_dcdc.o(.text.DCDC_SetDetectionConfig), (122 bytes).
    Removing fsl_dcdc.o(.ARM.exidx.text.DCDC_SetDetectionConfig), (8 bytes).
    Removing fsl_dcdc.o(.text.DCDC_SetClockSource), (72 bytes).
    Removing fsl_dcdc.o(.ARM.exidx.text.DCDC_SetClockSource), (8 bytes).
    Removing fsl_dcdc.o(.text.DCDC_GetDefaultLowPowerConfig), (44 bytes).
    Removing fsl_dcdc.o(.ARM.exidx.text.DCDC_GetDefaultLowPowerConfig), (8 bytes).
    Removing fsl_dcdc.o(.text.DCDC_SetLowPowerConfig), (46 bytes).
    Removing fsl_dcdc.o(.ARM.exidx.text.DCDC_SetLowPowerConfig), (8 bytes).
    Removing fsl_dcdc.o(.text.DCDC_GetDefaultLoopControlConfig), (56 bytes).
    Removing fsl_dcdc.o(.ARM.exidx.text.DCDC_GetDefaultLoopControlConfig), (8 bytes).
    Removing fsl_dcdc.o(.text.DCDC_SetLoopControlConfig), (150 bytes).
    Removing fsl_dcdc.o(.ARM.exidx.text.DCDC_SetLoopControlConfig), (8 bytes).
    Removing fsl_dcdc.o(.text.DCDC_SetMinPowerConfig), (46 bytes).
    Removing fsl_dcdc.o(.ARM.exidx.text.DCDC_SetMinPowerConfig), (8 bytes).
    Removing fsl_dcdc.o(.text.DCDC_SetInternalRegulatorConfig), (42 bytes).
    Removing fsl_dcdc.o(.ARM.exidx.text.DCDC_SetInternalRegulatorConfig), (8 bytes).
    Removing fsl_dcdc.o(.text.DCDC_SetPointInit), (576 bytes).
    Removing fsl_dcdc.o(.ARM.exidx.text.DCDC_SetPointInit), (8 bytes).
    Removing fsl_dcdc.o(.ARM.exidx.text.DCDC_BootIntoDCM), (8 bytes).
    Removing fsl_dcdc.o(.text.DCDC_BootIntoCCM), (28 bytes).
    Removing fsl_dcdc.o(.ARM.exidx.text.DCDC_BootIntoCCM), (8 bytes).
    Removing fsl_dcdc.o(.rodata.str1.1), (126 bytes).
    Removing fsl_cache.o(.text), (0 bytes).
    Removing fsl_cache.o(.text.L1CACHE_InvalidateICacheByRange), (50 bytes).
    Removing fsl_cache.o(.ARM.exidx.text.L1CACHE_InvalidateICacheByRange), (8 bytes).
    Removing fsl_cache.o(.text.ICACHE_InvalidateByRange), (50 bytes).
    Removing fsl_cache.o(.ARM.exidx.text.ICACHE_InvalidateByRange), (8 bytes).
    Removing fsl_cache.o(.text.DCACHE_InvalidateByRange), (46 bytes).
    Removing fsl_cache.o(.ARM.exidx.text.DCACHE_InvalidateByRange), (8 bytes).
    Removing fsl_cache.o(.text.DCACHE_CleanByRange), (46 bytes).
    Removing fsl_cache.o(.ARM.exidx.text.DCACHE_CleanByRange), (8 bytes).
    Removing fsl_cache.o(.text.DCACHE_CleanInvalidateByRange), (46 bytes).
    Removing fsl_cache.o(.ARM.exidx.text.DCACHE_CleanInvalidateByRange), (8 bytes).
    Removing fsl_anatop_ai.o(.text), (0 bytes).
    Removing fsl_anatop_ai.o(.ARM.exidx.text.ANATOP_AI_Access), (8 bytes).
    Removing fsl_anatop_ai.o(.ARM.exidx.text.ANATOP_AI_Write), (8 bytes).
    Removing fsl_anatop_ai.o(.ARM.exidx.text.ANATOP_AI_Read), (8 bytes).
    Removing fsl_anatop_ai.o(.ARM.exidx.text.ANATOP_AI_WriteWithMaskShift), (8 bytes).
    Removing system_mimxrt1176_cm7.o(.text), (0 bytes).
    Removing system_mimxrt1176_cm7.o(.ARM.exidx.text.SystemInit), (8 bytes).
    Removing system_mimxrt1176_cm7.o(.ARM.exidx.text.SystemInitHook), (8 bytes).
    Removing system_mimxrt1176_cm7.o(.text.SystemCoreClockUpdate), (2 bytes).
    Removing system_mimxrt1176_cm7.o(.ARM.exidx.text.SystemCoreClockUpdate), (8 bytes).
    Removing fsl_adapter_lpuart.o(.text), (0 bytes).
    Removing fsl_adapter_lpuart.o(.text.HAL_UartInit), (328 bytes).
    Removing fsl_adapter_lpuart.o(.ARM.exidx.text.HAL_UartInit), (8 bytes).
    Removing fsl_adapter_lpuart.o(.text.HAL_UartDeinit), (50 bytes).
    Removing fsl_adapter_lpuart.o(.ARM.exidx.text.HAL_UartDeinit), (8 bytes).
    Removing fsl_adapter_lpuart.o(.text.HAL_UartReceiveBlocking), (108 bytes).
    Removing fsl_adapter_lpuart.o(.ARM.exidx.text.HAL_UartReceiveBlocking), (8 bytes).
    Removing fsl_adapter_lpuart.o(.text.HAL_UartSendBlocking), (102 bytes).
    Removing fsl_adapter_lpuart.o(.ARM.exidx.text.HAL_UartSendBlocking), (8 bytes).
    Removing fsl_adapter_lpuart.o(.text.HAL_UartEnterLowpower), (32 bytes).
    Removing fsl_adapter_lpuart.o(.ARM.exidx.text.HAL_UartEnterLowpower), (8 bytes).
    Removing fsl_adapter_lpuart.o(.text.HAL_UartExitLowpower), (4 bytes).
    Removing fsl_adapter_lpuart.o(.ARM.exidx.text.HAL_UartExitLowpower), (8 bytes).
    Removing fsl_adapter_lpuart.o(.rodata.str1.1), (171 bytes).
    Removing fsl_adapter_lpuart.o(.rodata.s_LpuartAdapterBase), (52 bytes).
    Removing fsl_component_generic_list.o(.text), (0 bytes).
    Removing fsl_component_generic_list.o(.text.LIST_Init), (12 bytes).
    Removing fsl_component_generic_list.o(.ARM.exidx.text.LIST_Init), (8 bytes).
    Removing fsl_component_generic_list.o(.text.LIST_GetList), (4 bytes).
    Removing fsl_component_generic_list.o(.ARM.exidx.text.LIST_GetList), (8 bytes).
    Removing fsl_component_generic_list.o(.text.LIST_AddTail), (66 bytes).
    Removing fsl_component_generic_list.o(.ARM.exidx.text.LIST_AddTail), (8 bytes).
    Removing fsl_component_generic_list.o(.text.LIST_AddHead), (60 bytes).
    Removing fsl_component_generic_list.o(.ARM.exidx.text.LIST_AddHead), (8 bytes).
    Removing fsl_component_generic_list.o(.text.LIST_RemoveHead), (56 bytes).
    Removing fsl_component_generic_list.o(.ARM.exidx.text.LIST_RemoveHead), (8 bytes).
    Removing fsl_component_generic_list.o(.text.LIST_GetHead), (4 bytes).
    Removing fsl_component_generic_list.o(.ARM.exidx.text.LIST_GetHead), (8 bytes).
    Removing fsl_component_generic_list.o(.text.LIST_GetNext), (4 bytes).
    Removing fsl_component_generic_list.o(.ARM.exidx.text.LIST_GetNext), (8 bytes).
    Removing fsl_component_generic_list.o(.text.LIST_GetPrev), (4 bytes).
    Removing fsl_component_generic_list.o(.ARM.exidx.text.LIST_GetPrev), (8 bytes).
    Removing fsl_component_generic_list.o(.text.LIST_RemoveElement), (80 bytes).
    Removing fsl_component_generic_list.o(.ARM.exidx.text.LIST_RemoveElement), (8 bytes).
    Removing fsl_component_generic_list.o(.text.LIST_AddPrevElement), (106 bytes).
    Removing fsl_component_generic_list.o(.ARM.exidx.text.LIST_AddPrevElement), (8 bytes).
    Removing fsl_component_generic_list.o(.text.LIST_GetSize), (4 bytes).
    Removing fsl_component_generic_list.o(.ARM.exidx.text.LIST_GetSize), (8 bytes).
    Removing fsl_component_generic_list.o(.text.LIST_GetAvailableSize), (8 bytes).
    Removing fsl_component_generic_list.o(.ARM.exidx.text.LIST_GetAvailableSize), (8 bytes).
    Removing fsl_flexspi_nor_boot.o(.text), (0 bytes).
    Removing evkbmimxrt1170_flexspi_nor_config.o(.text), (0 bytes).

395 unused section(s) (total 15602 bytes) removed from the image.

==============================================================================

Image Symbol Table

    Local Symbols

    Symbol Name                              Value     Ov Type        Size  Object(Section)

    ../clib/microlib/ctype/ctype.c           0x00000000   Number         0  ctype_o.o ABSOLUTE
    ../clib/microlib/ctype/ctype.c           0x00000000   Number         0  isalnum_o.o ABSOLUTE
    ../clib/microlib/ctype/ctype.c           0x00000000   Number         0  isalpha_o.o ABSOLUTE
    ../clib/microlib/ctype/ctype.c           0x00000000   Number         0  isblank_o.o ABSOLUTE
    ../clib/microlib/ctype/ctype.c           0x00000000   Number         0  iscntrl_o.o ABSOLUTE
    ../clib/microlib/ctype/ctype.c           0x00000000   Number         0  isdigit_o.o ABSOLUTE
    ../clib/microlib/ctype/ctype.c           0x00000000   Number         0  isgraph_o.o ABSOLUTE
    ../clib/microlib/ctype/ctype.c           0x00000000   Number         0  islower_o.o ABSOLUTE
    ../clib/microlib/ctype/ctype.c           0x00000000   Number         0  isprint_o.o ABSOLUTE
    ../clib/microlib/ctype/ctype.c           0x00000000   Number         0  ispunct_o.o ABSOLUTE
    ../clib/microlib/ctype/ctype.c           0x00000000   Number         0  isspace_o.o ABSOLUTE
    ../clib/microlib/ctype/ctype.c           0x00000000   Number         0  isupper_o.o ABSOLUTE
    ../clib/microlib/ctype/ctype.c           0x00000000   Number         0  isxdigit_o.o ABSOLUTE
    ../clib/microlib/division.c              0x00000000   Number         0  uldiv.o ABSOLUTE
    ../clib/microlib/errno.c                 0x00000000   Number         0  errno.o ABSOLUTE
    ../clib/microlib/init/entry.s            0x00000000   Number         0  entry.o ABSOLUTE
    ../clib/microlib/init/entry.s            0x00000000   Number         0  entry4.o ABSOLUTE
    ../clib/microlib/init/entry.s            0x00000000   Number         0  entry5.o ABSOLUTE
    ../clib/microlib/init/entry.s            0x00000000   Number         0  entry7a.o ABSOLUTE
    ../clib/microlib/init/entry.s            0x00000000   Number         0  entry7b.o ABSOLUTE
    ../clib/microlib/init/entry.s            0x00000000   Number         0  entry8a.o ABSOLUTE
    ../clib/microlib/init/entry.s            0x00000000   Number         0  entry8b.o ABSOLUTE
    ../clib/microlib/init/entry.s            0x00000000   Number         0  entry9a.o ABSOLUTE
    ../clib/microlib/init/entry.s            0x00000000   Number         0  entry9b.o ABSOLUTE
    ../clib/microlib/init/entry.s            0x00000000   Number         0  entry10a.o ABSOLUTE
    ../clib/microlib/init/entry.s            0x00000000   Number         0  entry10b.o ABSOLUTE
    ../clib/microlib/init/entry.s            0x00000000   Number         0  entry11a.o ABSOLUTE
    ../clib/microlib/init/entry.s            0x00000000   Number         0  entry11b.o ABSOLUTE
    ../clib/microlib/longlong.c              0x00000000   Number         0  llshl.o ABSOLUTE
    ../clib/microlib/longlong.c              0x00000000   Number         0  llushr.o ABSOLUTE
    ../clib/microlib/malloc/malloc.c         0x00000000   Number         0  malloc2.o ABSOLUTE
    ../clib/microlib/malloc/malloc.c         0x00000000   Number         0  mallocr2.o ABSOLUTE
    ../clib/microlib/malloc/malloc.c         0x00000000   Number         0  malloca2.o ABSOLUTE
    ../clib/microlib/malloc/malloc.c         0x00000000   Number         0  mallocra2.o ABSOLUTE
    ../clib/microlib/malloc/mvars.c          0x00000000   Number         0  mvars.o ABSOLUTE
    ../clib/microlib/string/memcpy.c         0x00000000   Number         0  memcpy.o ABSOLUTE
    ../clib/microlib/string/memcpy.c         0x00000000   Number         0  memcpyc.o ABSOLUTE
    ../clib/microlib/string/memcpy.c         0x00000000   Number         0  memcpya.o ABSOLUTE
    ../clib/microlib/string/memcpy.c         0x00000000   Number         0  memcpyb.o ABSOLUTE
    ../clib/microlib/string/memset.c         0x00000000   Number         0  memset.o ABSOLUTE
    ../clib/microlib/string/memset.c         0x00000000   Number         0  memseta.o ABSOLUTE
    ../clib/microlib/string/strlen.c         0x00000000   Number         0  strlen.o ABSOLUTE
    ../clib/scanf.c                          0x00000000   Number         0  strtoul.o ABSOLUTE
    ../clib/scanf.c                          0x00000000   Number         0  _strtoul.o ABSOLUTE
    ../clib/scanf.c                          0x00000000   Number         0  _chval.o ABSOLUTE
    board.c                                  0x00000000   Number         0  board.o ABSOLUTE
    clock_config.c                           0x00000000   Number         0  clock_config.o ABSOLUTE
    dc.s                                     0x00000000   Number         0  dc.o ABSOLUTE
    dcd.c                                    0x00000000   Number         0  dcd.o ABSOLUTE
    evkbmimxrt1170_flexspi_nor_config.c      0x00000000   Number         0  evkbmimxrt1170_flexspi_nor_config.o ABSOLUTE
    fsl_adapter_lpuart.c                     0x00000000   Number         0  fsl_adapter_lpuart.o ABSOLUTE
    fsl_anatop_ai.c                          0x00000000   Number         0  fsl_anatop_ai.o ABSOLUTE
    fsl_assert.c                             0x00000000   Number         0  fsl_assert.o ABSOLUTE
    fsl_cache.c                              0x00000000   Number         0  fsl_cache.o ABSOLUTE
    fsl_clock.c                              0x00000000   Number         0  fsl_clock.o ABSOLUTE
    fsl_common.c                             0x00000000   Number         0  fsl_common.o ABSOLUTE
    fsl_common_arm.c                         0x00000000   Number         0  fsl_common_arm.o ABSOLUTE
    fsl_component_generic_list.c             0x00000000   Number         0  fsl_component_generic_list.o ABSOLUTE
    fsl_dcdc.c                               0x00000000   Number         0  fsl_dcdc.o ABSOLUTE
    fsl_debug_console.c                      0x00000000   Number         0  fsl_debug_console.o ABSOLUTE
    fsl_flexspi_nor_boot.c                   0x00000000   Number         0  fsl_flexspi_nor_boot.o ABSOLUTE
    fsl_gpio.c                               0x00000000   Number         0  fsl_gpio.o ABSOLUTE
    fsl_lpuart.c                             0x00000000   Number         0  fsl_lpuart.o ABSOLUTE
    fsl_pmu.c                                0x00000000   Number         0  fsl_pmu.o ABSOLUTE
    fsl_str.c                                0x00000000   Number         0  fsl_str.o ABSOLUTE
    handlers.s                               0x00000000   Number         0  handlers.o ABSOLUTE
    init.s                                   0x00000000   Number         0  init.o ABSOLUTE
    lpuart_interrupt_transfer.c              0x00000000   Number         0  lpuart_interrupt_transfer.o ABSOLUTE
    pin_mux.c                                0x00000000   Number         0  pin_mux.o ABSOLUTE
    system_MIMXRT1176_cm7.c                  0x00000000   Number         0  system_mimxrt1176_cm7.o ABSOLUTE
    s_debugConsole                           0x200000e0   Data          20  fsl_debug_console.o(.bss.s_debugConsole)
    [Anonymous Symbol]                       0x200000e0   Section        0  fsl_debug_console.o(.bss.s_debugConsole)
    __tagsym$$used.0                         0x30000400   Number         0  evkbmimxrt1170_flexspi_nor_config.o(.boot_hdr.conf)
    __tagsym$$used.1                         0x30001000   Number         0  fsl_flexspi_nor_boot.o(.boot_hdr.ivt)
    __tagsym$$used.0                         0x30001020   Number         0  fsl_flexspi_nor_boot.o(.boot_hdr.boot_data)
    .ARM.Collect$$$$00000000                 0x30002400   Section        0  entry.o(.ARM.Collect$$$$00000000)
    .ARM.Collect$$$$00000003                 0x30002400   Section        4  entry4.o(.ARM.Collect$$$$00000003)
    .ARM.Collect$$$$00000004                 0x30002404   Section        4  entry5.o(.ARM.Collect$$$$00000004)
    .ARM.Collect$$$$00000008                 0x30002408   Section        0  entry7b.o(.ARM.Collect$$$$00000008)
    .ARM.Collect$$$$0000000A                 0x30002408   Section        0  entry8b.o(.ARM.Collect$$$$0000000A)
    .ARM.Collect$$$$0000000B                 0x30002408   Section        8  entry9a.o(.ARM.Collect$$$$0000000B)
    __lit__00000000                          0x30002410   Data           4  entry4.o(.ARM.Collect$$$$00002714)
    .ARM.Collect$$$$0000000D                 0x30002410   Section        0  entry10a.o(.ARM.Collect$$$$0000000D)
    .ARM.Collect$$$$0000000F                 0x30002410   Section        0  entry11a.o(.ARM.Collect$$$$0000000F)
    .ARM.Collect$$$$00002714                 0x30002410   Section        4  entry4.o(.ARM.Collect$$$$00002714)
    [Anonymous Symbol]                       0x30002414   Section        0  startup_mimxrt1176_cm7.o(.text)
    .text                                    0x300026e8   Section        0  uldiv.o(.text)
    .text                                    0x3000274a   Section        0  memcpy.o(.text)
    .text                                    0x30002772   Section        0  memset.o(.text)
    .text                                    0x30002784   Section        0  strlen.o(.text)
    .text                                    0x30002792   Section        0  llshl.o(.text)
    .text                                    0x300027b0   Section        0  llushr.o(.text)
    .text                                    0x300027d0   Section       48  init.o(.text)
    [Anonymous Symbol]                       0x30002800   Section        0  fsl_anatop_ai.o(.text.ANATOP_AI_Access)
    [Anonymous Symbol]                       0x30002b48   Section        0  fsl_anatop_ai.o(.text.ANATOP_AI_Read)
    [Anonymous Symbol]                       0x30002b58   Section        0  fsl_anatop_ai.o(.text.ANATOP_AI_Write)
    [Anonymous Symbol]                       0x30002b68   Section        0  fsl_anatop_ai.o(.text.ANATOP_AI_WriteWithMaskShift)
    ANATOP_PllConfigure                      0x30002b99   Thumb Code   158  fsl_clock.o(.text.ANATOP_PllConfigure)
    [Anonymous Symbol]                       0x30002b98   Section        0  fsl_clock.o(.text.ANATOP_PllConfigure)
    [Anonymous Symbol]                       0x30002c38   Section        0  clock_config.o(.text.BOARD_BootClockRUN)
    [Anonymous Symbol]                       0x30003298   Section        0  board.o(.text.BOARD_ConfigMPU)
    [Anonymous Symbol]                       0x300035d0   Section        0  board.o(.text.BOARD_DebugConsoleSrcFreq)
    [Anonymous Symbol]                       0x30003620   Section        0  pin_mux.o(.text.BOARD_InitPins)
    [Anonymous Symbol]                       0x30003670   Section        0  fsl_clock.o(.text.CLOCK_DeinitAudioPll)
    [Anonymous Symbol]                       0x300036c0   Section        0  fsl_clock.o(.text.CLOCK_DeinitSysPll1)
    [Anonymous Symbol]                       0x30003720   Section        0  fsl_clock.o(.text.CLOCK_GetFreq)
    [Anonymous Symbol]                       0x30003a08   Section        0  fsl_clock.o(.text.CLOCK_InitArmPll)
    [Anonymous Symbol]                       0x30003ae0   Section        0  fsl_clock.o(.text.CLOCK_InitPfd)
    [Anonymous Symbol]                       0x30003bf8   Section        0  fsl_clock.o(.text.CLOCK_InitSysPll2)
    [Anonymous Symbol]                       0x30003cf8   Section        0  fsl_clock.o(.text.CLOCK_InitSysPll3)
    [Anonymous Symbol]                       0x30003d88   Section        0  fsl_clock.o(.text.CLOCK_InitVideoPll)
    [Anonymous Symbol]                       0x30003e60   Section        0  fsl_clock.o(.text.CLOCK_OSC_EnableOscRc400M)
    [Anonymous Symbol]                       0x30003e80   Section        0  fsl_clock.o(.text.CLOCK_OSC_Set1MHzOutputBehavior)
    [Anonymous Symbol]                       0x30003eb0   Section        0  fsl_clock.o(.text.CLOCK_SetPllBypass)
    [Anonymous Symbol]                       0x30003f48   Section        0  fsl_dcdc.o(.text.DCDC_BootIntoDCM)
    [Anonymous Symbol]                       0x30003f88   Section        0  fsl_debug_console.o(.text.DbgConsole_Printf)
    [Anonymous Symbol]                       0x30003fa8   Section        0  fsl_debug_console.o(.text.DbgConsole_Vprintf)
    [Anonymous Symbol]                       0x300043d0   Section        0  fsl_lpuart.o(.text.LPUART10_DriverIRQHandler)
    [Anonymous Symbol]                       0x300043f8   Section        0  fsl_lpuart.o(.text.LPUART11_DriverIRQHandler)
    [Anonymous Symbol]                       0x30004420   Section        0  fsl_lpuart.o(.text.LPUART12_DriverIRQHandler)
    [Anonymous Symbol]                       0x30004448   Section        0  fsl_lpuart.o(.text.LPUART1_DriverIRQHandler)
    [Anonymous Symbol]                       0x30004470   Section        0  fsl_lpuart.o(.text.LPUART2_DriverIRQHandler)
    [Anonymous Symbol]                       0x30004498   Section        0  fsl_lpuart.o(.text.LPUART3_DriverIRQHandler)
    [Anonymous Symbol]                       0x300044c0   Section        0  fsl_lpuart.o(.text.LPUART4_DriverIRQHandler)
    [Anonymous Symbol]                       0x300044e8   Section        0  fsl_lpuart.o(.text.LPUART5_DriverIRQHandler)
    [Anonymous Symbol]                       0x30004510   Section        0  fsl_lpuart.o(.text.LPUART6_DriverIRQHandler)
    [Anonymous Symbol]                       0x30004538   Section        0  fsl_lpuart.o(.text.LPUART7_DriverIRQHandler)
    [Anonymous Symbol]                       0x30004560   Section        0  fsl_lpuart.o(.text.LPUART8_DriverIRQHandler)
    [Anonymous Symbol]                       0x30004588   Section        0  fsl_lpuart.o(.text.LPUART9_DriverIRQHandler)
    [Anonymous Symbol]                       0x300045b0   Section        0  fsl_lpuart.o(.text.LPUART_GetDefaultConfig)
    [Anonymous Symbol]                       0x300045f0   Section        0  fsl_lpuart.o(.text.LPUART_Init)
    [Anonymous Symbol]                       0x30004880   Section        0  fsl_lpuart.o(.text.LPUART_TransferCreateHandle)
    [Anonymous Symbol]                       0x30004958   Section        0  fsl_lpuart.o(.text.LPUART_TransferHandleIRQ)
    [Anonymous Symbol]                       0x30004ce0   Section        0  fsl_lpuart.o(.text.LPUART_TransferReceiveNonBlocking)
    [Anonymous Symbol]                       0x30004e80   Section        0  fsl_lpuart.o(.text.LPUART_TransferSendNonBlocking)
    [Anonymous Symbol]                       0x30004f38   Section        0  lpuart_interrupt_transfer.o(.text.LPUART_UserCallback)
    [Anonymous Symbol]                       0x30004f78   Section        0  fsl_pmu.o(.text.PMU_EnableBodyBias)
    [Anonymous Symbol]                       0x30005048   Section        0  fsl_pmu.o(.text.PMU_StaticEnableLpsrAnaLdoBypassMode)
    [Anonymous Symbol]                       0x300050e0   Section        0  fsl_pmu.o(.text.PMU_StaticEnableLpsrDigLdoBypassMode)
    [Anonymous Symbol]                       0x30005150   Section        0  fsl_pmu.o(.text.PMU_StaticEnablePllLdo)
    [Anonymous Symbol]                       0x30005190   Section        0  fsl_common_arm.o(.text.SDK_DelayAtLeastUs)
    loop                                     0x300051ba   Number         0  fsl_common_arm.o(.text.SDK_DelayAtLeastUs)
    [Anonymous Symbol]                       0x300051e8   Section        0  system_mimxrt1176_cm7.o(.text.SystemInit)
    [Anonymous Symbol]                       0x30005308   Section        0  system_mimxrt1176_cm7.o(.text.SystemInitHook)
    [Anonymous Symbol]                       0x30005310   Section        0  fsl_assert.o(.text.__aeabi_assert)
    [Anonymous Symbol]                       0x30005350   Section        0  lpuart_interrupt_transfer.o(.text.main)
    i.__scatterload_copy                     0x30005472   Section       14  handlers.o(i.__scatterload_copy)
    i.__scatterload_null                     0x30005480   Section        2  handlers.o(i.__scatterload_null)
    i.__scatterload_zeroinit                 0x30005482   Section       14  handlers.o(i.__scatterload_zeroinit)
    s_clockSourceName                        0x30005498   Data         632  board.o(.rodata.s_clockSourceName)
    [Anonymous Symbol]                       0x30005498   Section        0  board.o(.rodata.s_clockSourceName)
    s_clockSourceName                        0x30005710   Data         632  clock_config.o(.rodata.s_clockSourceName)
    [Anonymous Symbol]                       0x30005710   Section        0  clock_config.o(.rodata.s_clockSourceName)
    s_clockSourceName                        0x30005988   Data         632  fsl_clock.o(.rodata.s_clockSourceName)
    [Anonymous Symbol]                       0x30005988   Section        0  fsl_clock.o(.rodata.s_clockSourceName)
    s_lpuartBases                            0x30005c00   Data          52  fsl_lpuart.o(.rodata.s_lpuartBases)
    [Anonymous Symbol]                       0x30005c00   Section        0  fsl_lpuart.o(.rodata.s_lpuartBases)
    s_lpuartClock                            0x30005c34   Data          13  fsl_lpuart.o(.rodata.s_lpuartClock)
    [Anonymous Symbol]                       0x30005c34   Section        0  fsl_lpuart.o(.rodata.s_lpuartClock)
    .L.str.1                                 0x30005c5c   Data          11  board.o(.rodata.str1.1)
    [Anonymous Symbol]                       0x30005c5c   Section        0  board.o(.rodata.str1.1)
    .L.str.16                                0x30005c67   Data          60  board.o(.rodata.str1.1)
    .L.str.5                                 0x30005c67   Data          60  board.o(.rodata.str1.1)
    .L.str.4                                 0x30005ca3   Data           5  board.o(.rodata.str1.1)
    [Anonymous Symbol]                       0x30005ca8   Section        0  fsl_clock.o(.rodata.str1.1)
    .L.str                                   0x30005d04   Data         113  fsl_clock.o(.rodata.str1.1)
    .L.str.12                                0x30005d84   Data          12  fsl_clock.o(.rodata.str1.1)
    .L.str.7                                 0x30005d90   Data          31  fsl_clock.o(.rodata.str1.1)
    .L.str.9                                 0x30005d99   Data          15  fsl_clock.o(.rodata.str1.1)
    .L.str.10                                0x30005da8   Data          47  fsl_clock.o(.rodata.str1.1)
    .L.str.8                                 0x30005daf   Data          31  fsl_clock.o(.rodata.str1.1)
    .L.str.1                                 0x30005dce   Data          60  fsl_clock.o(.rodata.str1.1)
    .L.str.11                                0x30005dd7   Data          45  fsl_clock.o(.rodata.str1.1)
    .L.str.5                                 0x30005e0a   Data           6  fsl_clock.o(.rodata.str1.1)
    .L.str                                   0x30005e10   Data          37  fsl_lpuart.o(.rodata.str1.1)
    [Anonymous Symbol]                       0x30005e10   Section        0  fsl_lpuart.o(.rodata.str1.1)
    .L.str.9                                 0x30005e42   Data          13  fsl_lpuart.o(.rodata.str1.1)
    .L.str.1                                 0x30005e4f   Data          61  fsl_lpuart.o(.rodata.str1.1)
    .L.str.2                                 0x30005e8c   Data          15  fsl_lpuart.o(.rodata.str1.1)
    .L.str.13                                0x30005e9b   Data          21  fsl_lpuart.o(.rodata.str1.1)
    .L.str.3                                 0x30005eb0   Data          15  fsl_lpuart.o(.rodata.str1.1)
    .L.str.6                                 0x30005ebf   Data          71  fsl_lpuart.o(.rodata.str1.1)
    .L.str.5                                 0x30005f06   Data          71  fsl_lpuart.o(.rodata.str1.1)
    .L.str.8                                 0x30005f1e   Data          13  fsl_lpuart.o(.rodata.str1.1)
    .L.str.11                                0x30005f4d   Data          13  fsl_lpuart.o(.rodata.str1.1)
    .L.str.14                                0x30005f5a   Data          14  fsl_lpuart.o(.rodata.str1.1)
    .L.str.1                                 0x30005f68   Data          65  fsl_common_arm.o(.rodata.str1.1)
    [Anonymous Symbol]                       0x30005f68   Section        0  fsl_common_arm.o(.rodata.str1.1)
    VTOR                                     0xe000ed08   Number         0  startup_mimxrt1176_cm7.o ABSOLUTE

    Global Symbols

    Symbol Name                              Value     Ov Type        Size  Object(Section)

    BuildAttributes$$THM_ISAv4$E$P$D$K$B$S$7EM$VFPv5_D16$PE$PLD8$A:L22UL41UL21$X:L11$S22US41US21$IEEE1$IW$USESV6$~STKCKD$USESV7$~SHL$OTIME$EBA8$MICROLIB$REQ8$PRES8$EABIv2 0x00000000   Number         0  anon$$obj.o ABSOLUTE
    __cpp_initialize__aeabi_                  - Undefined Weak Reference
    __cxa_finalize                            - Undefined Weak Reference
    __decompress                              - Undefined Weak Reference
    _clock_init                               - Undefined Weak Reference
    _microlib_exit                            - Undefined Weak Reference
    SystemCoreClock                          0x20000000   Data           4  system_mimxrt1176_cm7.o(.data.SystemCoreClock)
    g_tipString                              0x20000004   Data          96  lpuart_interrupt_transfer.o(.data.g_tipString)
    rxBufferEmpty                            0x20000064   Data           1  lpuart_interrupt_transfer.o(.data.rxBufferEmpty)
    s_lpuartIsr                              0x20000068   Data          52  fsl_lpuart.o(.data.s_lpuartIsr)
    g_lpuartHandle                           0x2000009c   Data          48  lpuart_interrupt_transfer.o(.bss.g_lpuartHandle)
    g_rxBuffer                               0x200000cc   Data           8  lpuart_interrupt_transfer.o(.bss.g_rxBuffer)
    g_txBuffer                               0x200000d4   Data           8  lpuart_interrupt_transfer.o(.bss.g_txBuffer)
    rxOnGoing                                0x200000dc   Data           1  lpuart_interrupt_transfer.o(.bss.rxOnGoing)
    s_lpuartHandle                           0x200000f4   Data          52  fsl_lpuart.o(.bss.s_lpuartHandle)
    txBufferFull                             0x20000128   Data           1  lpuart_interrupt_transfer.o(.bss.txBufferFull)
    txOnGoing                                0x20000129   Data           1  lpuart_interrupt_transfer.o(.bss.txOnGoing)
    Image$$ARM_LIB_HEAP$$ZI$$Base            0x2000012c   Number         0  anon$$obj.o ABSOLUTE
    Image$$ARM_LIB_HEAP$$ZI$$Limit           0x2000052c   Number         0  anon$$obj.o ABSOLUTE
    Image$$ARM_LIB_STACK$$ZI$$Limit          0x20040000   Number         0  anon$$obj.o ABSOLUTE
    Image$$RW_m_ncache$$Base                 0x202c0000   Number         0  anon$$obj.o ABSOLUTE
    Image$$RW_m_ncache_unused$$Base          0x202c0000   Number         0  anon$$obj.o ABSOLUTE
    Image$$RW_m_ncache_unused$$ZI$$Limit     0x20340000   Number         0  anon$$obj.o ABSOLUTE
    qspiflash_config                         0x30000400   Data         512  evkbmimxrt1170_flexspi_nor_config.o(.boot_hdr.conf)
    image_vector_table                       0x30001000   Data          32  fsl_flexspi_nor_boot.o(.boot_hdr.ivt)
    g_boot_data                              0x30001020   Data          16  fsl_flexspi_nor_boot.o(.boot_hdr.boot_data)
    __Vectors                                0x30002000   Number      1024  startup_mimxrt1176_cm7.o(.isr_vector)
    __main                                   0x30002401   Thumb Code     0  entry.o(.ARM.Collect$$$$00000000)
    _main_stk                                0x30002401   Thumb Code     0  entry4.o(.ARM.Collect$$$$00000003)
    _main_scatterload                        0x30002405   Thumb Code     0  entry5.o(.ARM.Collect$$$$00000004)
    __main_after_scatterload                 0x30002409   Thumb Code     0  entry5.o(.ARM.Collect$$$$00000004)
    _main_clock                              0x30002409   Thumb Code     0  entry7b.o(.ARM.Collect$$$$00000008)
    _main_cpp_init                           0x30002409   Thumb Code     0  entry8b.o(.ARM.Collect$$$$0000000A)
    _main_init                               0x30002409   Thumb Code     0  entry9a.o(.ARM.Collect$$$$0000000B)
    __rt_final_cpp                           0x30002411   Thumb Code     0  entry10a.o(.ARM.Collect$$$$0000000D)
    __rt_final_exit                          0x30002411   Thumb Code     0  entry11a.o(.ARM.Collect$$$$0000000F)
    Reset_Handler                            0x30002415   Thumb Code    40  startup_mimxrt1176_cm7.o(.text)
    ACMP1_IRQHandler                         0x3000243d   Thumb Code     4  startup_mimxrt1176_cm7.o(.text)
    ACMP2_IRQHandler                         0x3000243d   Thumb Code     4  startup_mimxrt1176_cm7.o(.text)
    ACMP3_IRQHandler                         0x3000243d   Thumb Code     4  startup_mimxrt1176_cm7.o(.text)
    ACMP4_IRQHandler                         0x3000243d   Thumb Code     4  startup_mimxrt1176_cm7.o(.text)
    ADC1_IRQHandler                          0x3000243d   Thumb Code     4  startup_mimxrt1176_cm7.o(.text)
    ADC2_IRQHandler                          0x3000243d   Thumb Code     4  startup_mimxrt1176_cm7.o(.text)
    ADC_ETC_ERROR_IRQ_IRQHandler             0x3000243d   Thumb Code     4  startup_mimxrt1176_cm7.o(.text)
    ADC_ETC_IRQ0_IRQHandler                  0x3000243d   Thumb Code     4  startup_mimxrt1176_cm7.o(.text)
    ADC_ETC_IRQ1_IRQHandler                  0x3000243d   Thumb Code     4  startup_mimxrt1176_cm7.o(.text)
    ADC_ETC_IRQ2_IRQHandler                  0x3000243d   Thumb Code     4  startup_mimxrt1176_cm7.o(.text)
    ADC_ETC_IRQ3_IRQHandler                  0x3000243d   Thumb Code     4  startup_mimxrt1176_cm7.o(.text)
    ASRC_DriverIRQHandler                    0x3000243d   Thumb Code     4  startup_mimxrt1176_cm7.o(.text)
    BusFault_Handler                         0x3000243d   Thumb Code     4  startup_mimxrt1176_cm7.o(.text)
    CAAM_IRQ0_IRQHandler                     0x3000243d   Thumb Code     4  startup_mimxrt1176_cm7.o(.text)
    CAAM_IRQ1_IRQHandler                     0x3000243d   Thumb Code     4  startup_mimxrt1176_cm7.o(.text)
    CAAM_IRQ2_IRQHandler                     0x3000243d   Thumb Code     4  startup_mimxrt1176_cm7.o(.text)
    CAAM_IRQ3_IRQHandler                     0x3000243d   Thumb Code     4  startup_mimxrt1176_cm7.o(.text)
    CAAM_RECORVE_ERRPR_IRQHandler            0x3000243d   Thumb Code     4  startup_mimxrt1176_cm7.o(.text)
    CAAM_RTIC_IRQHandler                     0x3000243d   Thumb Code     4  startup_mimxrt1176_cm7.o(.text)
    CAN1_DriverIRQHandler                    0x3000243d   Thumb Code     4  startup_mimxrt1176_cm7.o(.text)
    CAN1_ERROR_DriverIRQHandler              0x3000243d   Thumb Code     4  startup_mimxrt1176_cm7.o(.text)
    CAN2_DriverIRQHandler                    0x3000243d   Thumb Code     4  startup_mimxrt1176_cm7.o(.text)
    CAN2_ERROR_DriverIRQHandler              0x3000243d   Thumb Code     4  startup_mimxrt1176_cm7.o(.text)
    CAN3_DriverIRQHandler                    0x3000243d   Thumb Code     4  startup_mimxrt1176_cm7.o(.text)
    CAN3_ERROR_DriverIRQHandler              0x3000243d   Thumb Code     4  startup_mimxrt1176_cm7.o(.text)
    CDOG_DriverIRQHandler                    0x3000243d   Thumb Code     4  startup_mimxrt1176_cm7.o(.text)
    CM7_GPIO2_3_IRQHandler                   0x3000243d   Thumb Code     4  startup_mimxrt1176_cm7.o(.text)
    CORE_IRQHandler                          0x3000243d   Thumb Code     4  startup_mimxrt1176_cm7.o(.text)
    CSI_IRQHandler                           0x3000243d   Thumb Code     4  startup_mimxrt1176_cm7.o(.text)
    CTI_TRIGGER_OUT0_IRQHandler              0x3000243d   Thumb Code     4  startup_mimxrt1176_cm7.o(.text)
    CTI_TRIGGER_OUT1_IRQHandler              0x3000243d   Thumb Code     4  startup_mimxrt1176_cm7.o(.text)
    DAC_IRQHandler                           0x3000243d   Thumb Code     4  startup_mimxrt1176_cm7.o(.text)
    DCIC1_IRQHandler                         0x3000243d   Thumb Code     4  startup_mimxrt1176_cm7.o(.text)
    DCIC2_IRQHandler                         0x3000243d   Thumb Code     4  startup_mimxrt1176_cm7.o(.text)
    DMA0_DMA16_DriverIRQHandler              0x3000243d   Thumb Code     4  startup_mimxrt1176_cm7.o(.text)
    DMA10_DMA26_DriverIRQHandler             0x3000243d   Thumb Code     4  startup_mimxrt1176_cm7.o(.text)
    DMA11_DMA27_DriverIRQHandler             0x3000243d   Thumb Code     4  startup_mimxrt1176_cm7.o(.text)
    DMA12_DMA28_DriverIRQHandler             0x3000243d   Thumb Code     4  startup_mimxrt1176_cm7.o(.text)
    DMA13_DMA29_DriverIRQHandler             0x3000243d   Thumb Code     4  startup_mimxrt1176_cm7.o(.text)
    DMA14_DMA30_DriverIRQHandler             0x3000243d   Thumb Code     4  startup_mimxrt1176_cm7.o(.text)
    DMA15_DMA31_DriverIRQHandler             0x3000243d   Thumb Code     4  startup_mimxrt1176_cm7.o(.text)
    DMA1_DMA17_DriverIRQHandler              0x3000243d   Thumb Code     4  startup_mimxrt1176_cm7.o(.text)
    DMA2_DMA18_DriverIRQHandler              0x3000243d   Thumb Code     4  startup_mimxrt1176_cm7.o(.text)
    DMA3_DMA19_DriverIRQHandler              0x3000243d   Thumb Code     4  startup_mimxrt1176_cm7.o(.text)
    DMA4_DMA20_DriverIRQHandler              0x3000243d   Thumb Code     4  startup_mimxrt1176_cm7.o(.text)
    DMA5_DMA21_DriverIRQHandler              0x3000243d   Thumb Code     4  startup_mimxrt1176_cm7.o(.text)
    DMA6_DMA22_DriverIRQHandler              0x3000243d   Thumb Code     4  startup_mimxrt1176_cm7.o(.text)
    DMA7_DMA23_DriverIRQHandler              0x3000243d   Thumb Code     4  startup_mimxrt1176_cm7.o(.text)
    DMA8_DMA24_DriverIRQHandler              0x3000243d   Thumb Code     4  startup_mimxrt1176_cm7.o(.text)
    DMA9_DMA25_DriverIRQHandler              0x3000243d   Thumb Code     4  startup_mimxrt1176_cm7.o(.text)
    DMA_ERROR_DriverIRQHandler               0x3000243d   Thumb Code     4  startup_mimxrt1176_cm7.o(.text)
    DebugMon_Handler                         0x3000243d   Thumb Code     4  startup_mimxrt1176_cm7.o(.text)
    DefaultISR                               0x3000243d   Thumb Code     4  startup_mimxrt1176_cm7.o(.text)
    EMVSIM1_IRQHandler                       0x3000243d   Thumb Code     4  startup_mimxrt1176_cm7.o(.text)
    EMVSIM2_IRQHandler                       0x3000243d   Thumb Code     4  startup_mimxrt1176_cm7.o(.text)
    ENC1_IRQHandler                          0x3000243d   Thumb Code     4  startup_mimxrt1176_cm7.o(.text)
    ENC2_IRQHandler                          0x3000243d   Thumb Code     4  startup_mimxrt1176_cm7.o(.text)
    ENC3_IRQHandler                          0x3000243d   Thumb Code     4  startup_mimxrt1176_cm7.o(.text)
    ENC4_IRQHandler                          0x3000243d   Thumb Code     4  startup_mimxrt1176_cm7.o(.text)
    ENET_1588_Timer_DriverIRQHandler         0x3000243d   Thumb Code     4  startup_mimxrt1176_cm7.o(.text)
    ENET_1G_1588_Timer_DriverIRQHandler      0x3000243d   Thumb Code     4  startup_mimxrt1176_cm7.o(.text)
    ENET_1G_DriverIRQHandler                 0x3000243d   Thumb Code     4  startup_mimxrt1176_cm7.o(.text)
    ENET_1G_MAC0_Tx_Rx_1_DriverIRQHandler    0x3000243d   Thumb Code     4  startup_mimxrt1176_cm7.o(.text)
    ENET_1G_MAC0_Tx_Rx_2_DriverIRQHandler    0x3000243d   Thumb Code     4  startup_mimxrt1176_cm7.o(.text)
    ENET_DriverIRQHandler                    0x3000243d   Thumb Code     4  startup_mimxrt1176_cm7.o(.text)
    ENET_QOS_DriverIRQHandler                0x3000243d   Thumb Code     4  startup_mimxrt1176_cm7.o(.text)
    ENET_QOS_PMT_DriverIRQHandler            0x3000243d   Thumb Code     4  startup_mimxrt1176_cm7.o(.text)
    EWM_IRQHandler                           0x3000243d   Thumb Code     4  startup_mimxrt1176_cm7.o(.text)
    FLEXIO1_DriverIRQHandler                 0x3000243d   Thumb Code     4  startup_mimxrt1176_cm7.o(.text)
    FLEXIO2_DriverIRQHandler                 0x3000243d   Thumb Code     4  startup_mimxrt1176_cm7.o(.text)
    FLEXRAM_ECC_IRQHandler                   0x3000243d   Thumb Code     4  startup_mimxrt1176_cm7.o(.text)
    FLEXRAM_IRQHandler                       0x3000243d   Thumb Code     4  startup_mimxrt1176_cm7.o(.text)
    FLEXSPI1_DriverIRQHandler                0x3000243d   Thumb Code     4  startup_mimxrt1176_cm7.o(.text)
    FLEXSPI2_DriverIRQHandler                0x3000243d   Thumb Code     4  startup_mimxrt1176_cm7.o(.text)
    GPC_IRQHandler                           0x3000243d   Thumb Code     4  startup_mimxrt1176_cm7.o(.text)
    GPIO13_Combined_0_31_IRQHandler          0x3000243d   Thumb Code     4  startup_mimxrt1176_cm7.o(.text)
    GPIO1_Combined_0_15_IRQHandler           0x3000243d   Thumb Code     4  startup_mimxrt1176_cm7.o(.text)
    GPIO1_Combined_16_31_IRQHandler          0x3000243d   Thumb Code     4  startup_mimxrt1176_cm7.o(.text)
    GPIO2_Combined_0_15_IRQHandler           0x3000243d   Thumb Code     4  startup_mimxrt1176_cm7.o(.text)
    GPIO2_Combined_16_31_IRQHandler          0x3000243d   Thumb Code     4  startup_mimxrt1176_cm7.o(.text)
    GPIO3_Combined_0_15_IRQHandler           0x3000243d   Thumb Code     4  startup_mimxrt1176_cm7.o(.text)
    GPIO3_Combined_16_31_IRQHandler          0x3000243d   Thumb Code     4  startup_mimxrt1176_cm7.o(.text)
    GPIO4_Combined_0_15_IRQHandler           0x3000243d   Thumb Code     4  startup_mimxrt1176_cm7.o(.text)
    GPIO4_Combined_16_31_IRQHandler          0x3000243d   Thumb Code     4  startup_mimxrt1176_cm7.o(.text)
    GPIO5_Combined_0_15_IRQHandler           0x3000243d   Thumb Code     4  startup_mimxrt1176_cm7.o(.text)
    GPIO5_Combined_16_31_IRQHandler          0x3000243d   Thumb Code     4  startup_mimxrt1176_cm7.o(.text)
    GPIO6_Combined_0_15_IRQHandler           0x3000243d   Thumb Code     4  startup_mimxrt1176_cm7.o(.text)
    GPIO6_Combined_16_31_IRQHandler          0x3000243d   Thumb Code     4  startup_mimxrt1176_cm7.o(.text)
    GPR_IRQ_IRQHandler                       0x3000243d   Thumb Code     4  startup_mimxrt1176_cm7.o(.text)
    GPT1_IRQHandler                          0x3000243d   Thumb Code     4  startup_mimxrt1176_cm7.o(.text)
    GPT2_IRQHandler                          0x3000243d   Thumb Code     4  startup_mimxrt1176_cm7.o(.text)
    GPT3_IRQHandler                          0x3000243d   Thumb Code     4  startup_mimxrt1176_cm7.o(.text)
    GPT4_IRQHandler                          0x3000243d   Thumb Code     4  startup_mimxrt1176_cm7.o(.text)
    GPT5_IRQHandler                          0x3000243d   Thumb Code     4  startup_mimxrt1176_cm7.o(.text)
    GPT6_IRQHandler                          0x3000243d   Thumb Code     4  startup_mimxrt1176_cm7.o(.text)
    GPU2D_IRQHandler                         0x3000243d   Thumb Code     4  startup_mimxrt1176_cm7.o(.text)
    KEY_MANAGER_IRQHandler                   0x3000243d   Thumb Code     4  startup_mimxrt1176_cm7.o(.text)
    KPP_IRQHandler                           0x3000243d   Thumb Code     4  startup_mimxrt1176_cm7.o(.text)
    LCDIFv2_IRQHandler                       0x3000243d   Thumb Code     4  startup_mimxrt1176_cm7.o(.text)
    LPI2C1_DriverIRQHandler                  0x3000243d   Thumb Code     4  startup_mimxrt1176_cm7.o(.text)
    LPI2C2_DriverIRQHandler                  0x3000243d   Thumb Code     4  startup_mimxrt1176_cm7.o(.text)
    LPI2C3_DriverIRQHandler                  0x3000243d   Thumb Code     4  startup_mimxrt1176_cm7.o(.text)
    LPI2C4_DriverIRQHandler                  0x3000243d   Thumb Code     4  startup_mimxrt1176_cm7.o(.text)
    LPI2C5_DriverIRQHandler                  0x3000243d   Thumb Code     4  startup_mimxrt1176_cm7.o(.text)
    LPI2C6_DriverIRQHandler                  0x3000243d   Thumb Code     4  startup_mimxrt1176_cm7.o(.text)
    LPSPI1_DriverIRQHandler                  0x3000243d   Thumb Code     4  startup_mimxrt1176_cm7.o(.text)
    LPSPI2_DriverIRQHandler                  0x3000243d   Thumb Code     4  startup_mimxrt1176_cm7.o(.text)
    LPSPI3_DriverIRQHandler                  0x3000243d   Thumb Code     4  startup_mimxrt1176_cm7.o(.text)
    LPSPI4_DriverIRQHandler                  0x3000243d   Thumb Code     4  startup_mimxrt1176_cm7.o(.text)
    LPSPI5_DriverIRQHandler                  0x3000243d   Thumb Code     4  startup_mimxrt1176_cm7.o(.text)
    LPSPI6_DriverIRQHandler                  0x3000243d   Thumb Code     4  startup_mimxrt1176_cm7.o(.text)
    LPSR_LP0_BROWNOUT_IRQHandler             0x3000243d   Thumb Code     4  startup_mimxrt1176_cm7.o(.text)
    LPSR_LP8_BROWNOUT_IRQHandler             0x3000243d   Thumb Code     4  startup_mimxrt1176_cm7.o(.text)
    MECC1_FATAL_INT_IRQHandler               0x3000243d   Thumb Code     4  startup_mimxrt1176_cm7.o(.text)
    MECC1_INT_IRQHandler                     0x3000243d   Thumb Code     4  startup_mimxrt1176_cm7.o(.text)
    MECC2_FATAL_INT_IRQHandler               0x3000243d   Thumb Code     4  startup_mimxrt1176_cm7.o(.text)
    MECC2_INT_IRQHandler                     0x3000243d   Thumb Code     4  startup_mimxrt1176_cm7.o(.text)
    MIPI_CSI_DriverIRQHandler                0x3000243d   Thumb Code     4  startup_mimxrt1176_cm7.o(.text)
    MIPI_DSI_DriverIRQHandler                0x3000243d   Thumb Code     4  startup_mimxrt1176_cm7.o(.text)
    MUA_IRQHandler                           0x3000243d   Thumb Code     4  startup_mimxrt1176_cm7.o(.text)
    MemManage_Handler                        0x3000243d   Thumb Code     4  startup_mimxrt1176_cm7.o(.text)
    OCOTP_READ_DONE_ERROR_IRQHandler         0x3000243d   Thumb Code     4  startup_mimxrt1176_cm7.o(.text)
    OCOTP_READ_FUSE_ERROR_IRQHandler         0x3000243d   Thumb Code     4  startup_mimxrt1176_cm7.o(.text)
    PDM_ERROR_DriverIRQHandler               0x3000243d   Thumb Code     4  startup_mimxrt1176_cm7.o(.text)
    PDM_EVENT_DriverIRQHandler               0x3000243d   Thumb Code     4  startup_mimxrt1176_cm7.o(.text)
    PDM_HWVAD_ERROR_DriverIRQHandler         0x3000243d   Thumb Code     4  startup_mimxrt1176_cm7.o(.text)
    PDM_HWVAD_EVENT_DriverIRQHandler         0x3000243d   Thumb Code     4  startup_mimxrt1176_cm7.o(.text)
    PIT1_IRQHandler                          0x3000243d   Thumb Code     4  startup_mimxrt1176_cm7.o(.text)
    PIT2_IRQHandler                          0x3000243d   Thumb Code     4  startup_mimxrt1176_cm7.o(.text)
    PWM1_0_IRQHandler                        0x3000243d   Thumb Code     4  startup_mimxrt1176_cm7.o(.text)
    PWM1_1_IRQHandler                        0x3000243d   Thumb Code     4  startup_mimxrt1176_cm7.o(.text)
    PWM1_2_IRQHandler                        0x3000243d   Thumb Code     4  startup_mimxrt1176_cm7.o(.text)
    PWM1_3_IRQHandler                        0x3000243d   Thumb Code     4  startup_mimxrt1176_cm7.o(.text)
    PWM1_FAULT_IRQHandler                    0x3000243d   Thumb Code     4  startup_mimxrt1176_cm7.o(.text)
    PWM2_0_IRQHandler                        0x3000243d   Thumb Code     4  startup_mimxrt1176_cm7.o(.text)
    PWM2_1_IRQHandler                        0x3000243d   Thumb Code     4  startup_mimxrt1176_cm7.o(.text)
    PWM2_2_IRQHandler                        0x3000243d   Thumb Code     4  startup_mimxrt1176_cm7.o(.text)
    PWM2_3_IRQHandler                        0x3000243d   Thumb Code     4  startup_mimxrt1176_cm7.o(.text)
    PWM2_FAULT_IRQHandler                    0x3000243d   Thumb Code     4  startup_mimxrt1176_cm7.o(.text)
    PWM3_0_IRQHandler                        0x3000243d   Thumb Code     4  startup_mimxrt1176_cm7.o(.text)
    PWM3_1_IRQHandler                        0x3000243d   Thumb Code     4  startup_mimxrt1176_cm7.o(.text)
    PWM3_2_IRQHandler                        0x3000243d   Thumb Code     4  startup_mimxrt1176_cm7.o(.text)
    PWM3_3_IRQHandler                        0x3000243d   Thumb Code     4  startup_mimxrt1176_cm7.o(.text)
    PWM3_FAULT_IRQHandler                    0x3000243d   Thumb Code     4  startup_mimxrt1176_cm7.o(.text)
    PWM4_0_IRQHandler                        0x3000243d   Thumb Code     4  startup_mimxrt1176_cm7.o(.text)
    PWM4_1_IRQHandler                        0x3000243d   Thumb Code     4  startup_mimxrt1176_cm7.o(.text)
    PWM4_2_IRQHandler                        0x3000243d   Thumb Code     4  startup_mimxrt1176_cm7.o(.text)
    PWM4_3_IRQHandler                        0x3000243d   Thumb Code     4  startup_mimxrt1176_cm7.o(.text)
    PWM4_FAULT_IRQHandler                    0x3000243d   Thumb Code     4  startup_mimxrt1176_cm7.o(.text)
    PXP_IRQHandler                           0x3000243d   Thumb Code     4  startup_mimxrt1176_cm7.o(.text)
    RDC_IRQHandler                           0x3000243d   Thumb Code     4  startup_mimxrt1176_cm7.o(.text)
    RTWDOG3_IRQHandler                       0x3000243d   Thumb Code     4  startup_mimxrt1176_cm7.o(.text)
    Reserved110_IRQHandler                   0x3000243d   Thumb Code     4  startup_mimxrt1176_cm7.o(.text)
    Reserved166_IRQHandler                   0x3000243d   Thumb Code     4  startup_mimxrt1176_cm7.o(.text)
    Reserved167_IRQHandler                   0x3000243d   Thumb Code     4  startup_mimxrt1176_cm7.o(.text)
    Reserved168_IRQHandler                   0x3000243d   Thumb Code     4  startup_mimxrt1176_cm7.o(.text)
    Reserved169_IRQHandler                   0x3000243d   Thumb Code     4  startup_mimxrt1176_cm7.o(.text)
    Reserved170_IRQHandler                   0x3000243d   Thumb Code     4  startup_mimxrt1176_cm7.o(.text)
    Reserved177_IRQHandler                   0x3000243d   Thumb Code     4  startup_mimxrt1176_cm7.o(.text)
    Reserved178_IRQHandler                   0x3000243d   Thumb Code     4  startup_mimxrt1176_cm7.o(.text)
    Reserved179_IRQHandler                   0x3000243d   Thumb Code     4  startup_mimxrt1176_cm7.o(.text)
    Reserved180_IRQHandler                   0x3000243d   Thumb Code     4  startup_mimxrt1176_cm7.o(.text)
    Reserved185_IRQHandler                   0x3000243d   Thumb Code     4  startup_mimxrt1176_cm7.o(.text)
    Reserved186_IRQHandler                   0x3000243d   Thumb Code     4  startup_mimxrt1176_cm7.o(.text)
    Reserved208_IRQHandler                   0x3000243d   Thumb Code     4  startup_mimxrt1176_cm7.o(.text)
    Reserved209_IRQHandler                   0x3000243d   Thumb Code     4  startup_mimxrt1176_cm7.o(.text)
    Reserved210_IRQHandler                   0x3000243d   Thumb Code     4  startup_mimxrt1176_cm7.o(.text)
    Reserved211_IRQHandler                   0x3000243d   Thumb Code     4  startup_mimxrt1176_cm7.o(.text)
    Reserved212_IRQHandler                   0x3000243d   Thumb Code     4  startup_mimxrt1176_cm7.o(.text)
    Reserved213_IRQHandler                   0x3000243d   Thumb Code     4  startup_mimxrt1176_cm7.o(.text)
    Reserved214_IRQHandler                   0x3000243d   Thumb Code     4  startup_mimxrt1176_cm7.o(.text)
    Reserved215_IRQHandler                   0x3000243d   Thumb Code     4  startup_mimxrt1176_cm7.o(.text)
    Reserved68_IRQHandler                    0x3000243d   Thumb Code     4  startup_mimxrt1176_cm7.o(.text)
    SAI1_DriverIRQHandler                    0x3000243d   Thumb Code     4  startup_mimxrt1176_cm7.o(.text)
    SAI2_DriverIRQHandler                    0x3000243d   Thumb Code     4  startup_mimxrt1176_cm7.o(.text)
    SAI3_RX_DriverIRQHandler                 0x3000243d   Thumb Code     4  startup_mimxrt1176_cm7.o(.text)
    SAI3_TX_DriverIRQHandler                 0x3000243d   Thumb Code     4  startup_mimxrt1176_cm7.o(.text)
    SAI4_RX_DriverIRQHandler                 0x3000243d   Thumb Code     4  startup_mimxrt1176_cm7.o(.text)
    SAI4_TX_DriverIRQHandler                 0x3000243d   Thumb Code     4  startup_mimxrt1176_cm7.o(.text)
    SEMA4_CP0_IRQHandler                     0x3000243d   Thumb Code     4  startup_mimxrt1176_cm7.o(.text)
    SEMA4_CP1_IRQHandler                     0x3000243d   Thumb Code     4  startup_mimxrt1176_cm7.o(.text)
    SEMC_IRQHandler                          0x3000243d   Thumb Code     4  startup_mimxrt1176_cm7.o(.text)
    SNVS_HP_NON_TZ_IRQHandler                0x3000243d   Thumb Code     4  startup_mimxrt1176_cm7.o(.text)
    SNVS_HP_TZ_IRQHandler                    0x3000243d   Thumb Code     4  startup_mimxrt1176_cm7.o(.text)
    SNVS_PULSE_EVENT_IRQHandler              0x3000243d   Thumb Code     4  startup_mimxrt1176_cm7.o(.text)
    SPDIF_DriverIRQHandler                   0x3000243d   Thumb Code     4  startup_mimxrt1176_cm7.o(.text)
    TMPSNS_INT_IRQHandler                    0x3000243d   Thumb Code     4  startup_mimxrt1176_cm7.o(.text)
    TMPSNS_LOW_HIGH_IRQHandler               0x3000243d   Thumb Code     4  startup_mimxrt1176_cm7.o(.text)
    TMPSNS_PANIC_IRQHandler                  0x3000243d   Thumb Code     4  startup_mimxrt1176_cm7.o(.text)
    TMR1_IRQHandler                          0x3000243d   Thumb Code     4  startup_mimxrt1176_cm7.o(.text)
    TMR2_IRQHandler                          0x3000243d   Thumb Code     4  startup_mimxrt1176_cm7.o(.text)
    TMR3_IRQHandler                          0x3000243d   Thumb Code     4  startup_mimxrt1176_cm7.o(.text)
    TMR4_IRQHandler                          0x3000243d   Thumb Code     4  startup_mimxrt1176_cm7.o(.text)
    USBPHY1_IRQHandler                       0x3000243d   Thumb Code     4  startup_mimxrt1176_cm7.o(.text)
    USBPHY2_IRQHandler                       0x3000243d   Thumb Code     4  startup_mimxrt1176_cm7.o(.text)
    USB_OTG1_IRQHandler                      0x3000243d   Thumb Code     4  startup_mimxrt1176_cm7.o(.text)
    USB_OTG2_IRQHandler                      0x3000243d   Thumb Code     4  startup_mimxrt1176_cm7.o(.text)
    USDHC1_DriverIRQHandler                  0x3000243d   Thumb Code     4  startup_mimxrt1176_cm7.o(.text)
    USDHC2_DriverIRQHandler                  0x3000243d   Thumb Code     4  startup_mimxrt1176_cm7.o(.text)
    UsageFault_Handler                       0x3000243d   Thumb Code     4  startup_mimxrt1176_cm7.o(.text)
    WDOG1_IRQHandler                         0x3000243d   Thumb Code     4  startup_mimxrt1176_cm7.o(.text)
    WDOG2_IRQHandler                         0x3000243d   Thumb Code     4  startup_mimxrt1176_cm7.o(.text)
    XBAR1_IRQ_0_1_IRQHandler                 0x3000243d   Thumb Code     4  startup_mimxrt1176_cm7.o(.text)
    XBAR1_IRQ_2_3_IRQHandler                 0x3000243d   Thumb Code     4  startup_mimxrt1176_cm7.o(.text)
    XECC_FLEXSPI1_FATAL_INT_DriverIRQHandler 0x3000243d   Thumb Code     4  startup_mimxrt1176_cm7.o(.text)
    XECC_FLEXSPI1_INT_DriverIRQHandler       0x3000243d   Thumb Code     4  startup_mimxrt1176_cm7.o(.text)
    XECC_FLEXSPI2_FATAL_INT_DriverIRQHandler 0x3000243d   Thumb Code     4  startup_mimxrt1176_cm7.o(.text)
    XECC_FLEXSPI2_INT_DriverIRQHandler       0x3000243d   Thumb Code     4  startup_mimxrt1176_cm7.o(.text)
    XECC_SEMC_FATAL_INT_IRQHandler           0x3000243d   Thumb Code     4  startup_mimxrt1176_cm7.o(.text)
    XECC_SEMC_INT_IRQHandler                 0x3000243d   Thumb Code     4  startup_mimxrt1176_cm7.o(.text)
    eLCDIF_IRQHandler                        0x3000243d   Thumb Code     4  startup_mimxrt1176_cm7.o(.text)
    NMI_Handler                              0x30002441   Thumb Code     4  startup_mimxrt1176_cm7.o(.text)
    HardFault_Handler                        0x30002445   Thumb Code     4  startup_mimxrt1176_cm7.o(.text)
    SVC_Handler                              0x30002449   Thumb Code     4  startup_mimxrt1176_cm7.o(.text)
    PendSV_Handler                           0x3000244d   Thumb Code     4  startup_mimxrt1176_cm7.o(.text)
    SysTick_Handler                          0x30002451   Thumb Code     4  startup_mimxrt1176_cm7.o(.text)
    DMA0_DMA16_IRQHandler                    0x30002455   Thumb Code     4  startup_mimxrt1176_cm7.o(.text)
    DMA1_DMA17_IRQHandler                    0x30002459   Thumb Code     4  startup_mimxrt1176_cm7.o(.text)
    DMA2_DMA18_IRQHandler                    0x3000245d   Thumb Code     4  startup_mimxrt1176_cm7.o(.text)
    DMA3_DMA19_IRQHandler                    0x30002461   Thumb Code     4  startup_mimxrt1176_cm7.o(.text)
    DMA4_DMA20_IRQHandler                    0x30002465   Thumb Code     4  startup_mimxrt1176_cm7.o(.text)
    DMA5_DMA21_IRQHandler                    0x30002469   Thumb Code     4  startup_mimxrt1176_cm7.o(.text)
    DMA6_DMA22_IRQHandler                    0x3000246d   Thumb Code     4  startup_mimxrt1176_cm7.o(.text)
    DMA7_DMA23_IRQHandler                    0x30002471   Thumb Code     4  startup_mimxrt1176_cm7.o(.text)
    DMA8_DMA24_IRQHandler                    0x30002475   Thumb Code     4  startup_mimxrt1176_cm7.o(.text)
    DMA9_DMA25_IRQHandler                    0x30002479   Thumb Code     4  startup_mimxrt1176_cm7.o(.text)
    DMA10_DMA26_IRQHandler                   0x3000247d   Thumb Code     4  startup_mimxrt1176_cm7.o(.text)
    DMA11_DMA27_IRQHandler                   0x30002481   Thumb Code     4  startup_mimxrt1176_cm7.o(.text)
    DMA12_DMA28_IRQHandler                   0x30002485   Thumb Code     4  startup_mimxrt1176_cm7.o(.text)
    DMA13_DMA29_IRQHandler                   0x30002489   Thumb Code     4  startup_mimxrt1176_cm7.o(.text)
    DMA14_DMA30_IRQHandler                   0x3000248d   Thumb Code     4  startup_mimxrt1176_cm7.o(.text)
    DMA15_DMA31_IRQHandler                   0x30002491   Thumb Code     4  startup_mimxrt1176_cm7.o(.text)
    DMA_ERROR_IRQHandler                     0x30002495   Thumb Code     4  startup_mimxrt1176_cm7.o(.text)
    LPUART1_IRQHandler                       0x30002499   Thumb Code     4  startup_mimxrt1176_cm7.o(.text)
    LPUART2_IRQHandler                       0x3000249d   Thumb Code     4  startup_mimxrt1176_cm7.o(.text)
    LPUART3_IRQHandler                       0x300024a1   Thumb Code     4  startup_mimxrt1176_cm7.o(.text)
    LPUART4_IRQHandler                       0x300024a5   Thumb Code     4  startup_mimxrt1176_cm7.o(.text)
    LPUART5_IRQHandler                       0x300024a9   Thumb Code     4  startup_mimxrt1176_cm7.o(.text)
    LPUART6_IRQHandler                       0x300024ad   Thumb Code     4  startup_mimxrt1176_cm7.o(.text)
    LPUART7_IRQHandler                       0x300024b1   Thumb Code     4  startup_mimxrt1176_cm7.o(.text)
    LPUART8_IRQHandler                       0x300024b5   Thumb Code     4  startup_mimxrt1176_cm7.o(.text)
    LPUART9_IRQHandler                       0x300024b9   Thumb Code     4  startup_mimxrt1176_cm7.o(.text)
    LPUART10_IRQHandler                      0x300024bd   Thumb Code     4  startup_mimxrt1176_cm7.o(.text)
    LPUART11_IRQHandler                      0x300024c1   Thumb Code     4  startup_mimxrt1176_cm7.o(.text)
    LPUART12_IRQHandler                      0x300024c5   Thumb Code     4  startup_mimxrt1176_cm7.o(.text)
    LPI2C1_IRQHandler                        0x300024c9   Thumb Code     4  startup_mimxrt1176_cm7.o(.text)
    LPI2C2_IRQHandler                        0x300024cd   Thumb Code     4  startup_mimxrt1176_cm7.o(.text)
    LPI2C3_IRQHandler                        0x300024d1   Thumb Code     4  startup_mimxrt1176_cm7.o(.text)
    LPI2C4_IRQHandler                        0x300024d5   Thumb Code     4  startup_mimxrt1176_cm7.o(.text)
    LPI2C5_IRQHandler                        0x300024d9   Thumb Code     4  startup_mimxrt1176_cm7.o(.text)
    LPI2C6_IRQHandler                        0x300024dd   Thumb Code     4  startup_mimxrt1176_cm7.o(.text)
    LPSPI1_IRQHandler                        0x300024e1   Thumb Code     4  startup_mimxrt1176_cm7.o(.text)
    LPSPI2_IRQHandler                        0x300024e5   Thumb Code     4  startup_mimxrt1176_cm7.o(.text)
    LPSPI3_IRQHandler                        0x300024e9   Thumb Code     4  startup_mimxrt1176_cm7.o(.text)
    LPSPI4_IRQHandler                        0x300024ed   Thumb Code     4  startup_mimxrt1176_cm7.o(.text)
    LPSPI5_IRQHandler                        0x300024f1   Thumb Code     4  startup_mimxrt1176_cm7.o(.text)
    LPSPI6_IRQHandler                        0x300024f5   Thumb Code     4  startup_mimxrt1176_cm7.o(.text)
    CAN1_IRQHandler                          0x300024f9   Thumb Code     4  startup_mimxrt1176_cm7.o(.text)
    CAN1_ERROR_IRQHandler                    0x300024fd   Thumb Code     4  startup_mimxrt1176_cm7.o(.text)
    CAN2_IRQHandler                          0x30002501   Thumb Code     4  startup_mimxrt1176_cm7.o(.text)
    CAN2_ERROR_IRQHandler                    0x30002505   Thumb Code     4  startup_mimxrt1176_cm7.o(.text)
    CAN3_IRQHandler                          0x30002509   Thumb Code     4  startup_mimxrt1176_cm7.o(.text)
    CAN3_ERROR_IRQHandler                    0x3000250d   Thumb Code     4  startup_mimxrt1176_cm7.o(.text)
    MIPI_CSI_IRQHandler                      0x30002511   Thumb Code     4  startup_mimxrt1176_cm7.o(.text)
    MIPI_DSI_IRQHandler                      0x30002515   Thumb Code     4  startup_mimxrt1176_cm7.o(.text)
    CDOG_IRQHandler                          0x30002519   Thumb Code     4  startup_mimxrt1176_cm7.o(.text)
    SAI1_IRQHandler                          0x3000251d   Thumb Code     4  startup_mimxrt1176_cm7.o(.text)
    SAI2_IRQHandler                          0x30002521   Thumb Code     4  startup_mimxrt1176_cm7.o(.text)
    SAI3_RX_IRQHandler                       0x30002525   Thumb Code     4  startup_mimxrt1176_cm7.o(.text)
    SAI3_TX_IRQHandler                       0x30002529   Thumb Code     4  startup_mimxrt1176_cm7.o(.text)
    SAI4_RX_IRQHandler                       0x3000252d   Thumb Code     4  startup_mimxrt1176_cm7.o(.text)
    SAI4_TX_IRQHandler                       0x30002531   Thumb Code     4  startup_mimxrt1176_cm7.o(.text)
    SPDIF_IRQHandler                         0x30002535   Thumb Code     4  startup_mimxrt1176_cm7.o(.text)
    ASRC_IRQHandler                          0x30002539   Thumb Code     4  startup_mimxrt1176_cm7.o(.text)
    FLEXIO1_IRQHandler                       0x3000253d   Thumb Code     4  startup_mimxrt1176_cm7.o(.text)
    FLEXIO2_IRQHandler                       0x30002541   Thumb Code     4  startup_mimxrt1176_cm7.o(.text)
    FLEXSPI1_IRQHandler                      0x30002545   Thumb Code     4  startup_mimxrt1176_cm7.o(.text)
    FLEXSPI2_IRQHandler                      0x30002549   Thumb Code     4  startup_mimxrt1176_cm7.o(.text)
    USDHC1_IRQHandler                        0x3000254d   Thumb Code     4  startup_mimxrt1176_cm7.o(.text)
    USDHC2_IRQHandler                        0x30002551   Thumb Code     4  startup_mimxrt1176_cm7.o(.text)
    ENET_IRQHandler                          0x30002555   Thumb Code     4  startup_mimxrt1176_cm7.o(.text)
    ENET_1588_Timer_IRQHandler               0x30002559   Thumb Code     4  startup_mimxrt1176_cm7.o(.text)
    ENET_1G_MAC0_Tx_Rx_1_IRQHandler          0x3000255d   Thumb Code     4  startup_mimxrt1176_cm7.o(.text)
    ENET_1G_MAC0_Tx_Rx_2_IRQHandler          0x30002561   Thumb Code     4  startup_mimxrt1176_cm7.o(.text)
    ENET_1G_IRQHandler                       0x30002565   Thumb Code     4  startup_mimxrt1176_cm7.o(.text)
    ENET_1G_1588_Timer_IRQHandler            0x30002569   Thumb Code     4  startup_mimxrt1176_cm7.o(.text)
    PDM_HWVAD_EVENT_IRQHandler               0x3000256d   Thumb Code     4  startup_mimxrt1176_cm7.o(.text)
    PDM_HWVAD_ERROR_IRQHandler               0x30002571   Thumb Code     4  startup_mimxrt1176_cm7.o(.text)
    PDM_EVENT_IRQHandler                     0x30002575   Thumb Code     4  startup_mimxrt1176_cm7.o(.text)
    PDM_ERROR_IRQHandler                     0x30002579   Thumb Code     4  startup_mimxrt1176_cm7.o(.text)
    XECC_FLEXSPI1_INT_IRQHandler             0x3000257d   Thumb Code     4  startup_mimxrt1176_cm7.o(.text)
    XECC_FLEXSPI1_FATAL_INT_IRQHandler       0x30002581   Thumb Code     4  startup_mimxrt1176_cm7.o(.text)
    XECC_FLEXSPI2_INT_IRQHandler             0x30002585   Thumb Code     4  startup_mimxrt1176_cm7.o(.text)
    XECC_FLEXSPI2_FATAL_INT_IRQHandler       0x30002589   Thumb Code     4  startup_mimxrt1176_cm7.o(.text)
    ENET_QOS_IRQHandler                      0x3000258d   Thumb Code     4  startup_mimxrt1176_cm7.o(.text)
    ENET_QOS_PMT_IRQHandler                  0x30002591   Thumb Code     4  startup_mimxrt1176_cm7.o(.text)
    __aeabi_uldivmod                         0x300026e9   Thumb Code    98  uldiv.o(.text)
    ___aeabi_memcpy4$ret                     0x3000274b   Thumb Code     0  memcpy.o(.text)
    ___aeabi_memcpy8$ret                     0x3000274b   Thumb Code     0  memcpy.o(.text)
    __aeabi_memcpy                           0x3000274b   Thumb Code    40  memcpy.o(.text)
    memcpy                                   0x3000274b   Thumb Code     0  memcpy.o(.text)
    memset                                   0x30002773   Thumb Code    18  memset.o(.text)
    strlen                                   0x30002785   Thumb Code    14  strlen.o(.text)
    __aeabi_llsl                             0x30002793   Thumb Code    30  llshl.o(.text)
    _ll_shift_l                              0x30002793   Thumb Code     0  llshl.o(.text)
    __aeabi_llsr                             0x300027b1   Thumb Code    32  llushr.o(.text)
    _ll_ushift_r                             0x300027b1   Thumb Code     0  llushr.o(.text)
    __scatterload                            0x300027d1   Thumb Code    38  init.o(.text)
    __scatterload_rt2                        0x300027d1   Thumb Code     0  init.o(.text)
    ANATOP_AI_Access                         0x30002801   Thumb Code   840  fsl_anatop_ai.o(.text.ANATOP_AI_Access)
    ANATOP_AI_Read                           0x30002b49   Thumb Code    10  fsl_anatop_ai.o(.text.ANATOP_AI_Read)
    ANATOP_AI_Write                          0x30002b59   Thumb Code    12  fsl_anatop_ai.o(.text.ANATOP_AI_Write)
    ANATOP_AI_WriteWithMaskShift             0x30002b69   Thumb Code    48  fsl_anatop_ai.o(.text.ANATOP_AI_WriteWithMaskShift)
    BOARD_BootClockRUN                       0x30002c39   Thumb Code  1560  clock_config.o(.text.BOARD_BootClockRUN)
    BOARD_ConfigMPU                          0x30003299   Thumb Code   760  board.o(.text.BOARD_ConfigMPU)
    BOARD_DebugConsoleSrcFreq                0x300035d1   Thumb Code    74  board.o(.text.BOARD_DebugConsoleSrcFreq)
    BOARD_InitPins                           0x30003621   Thumb Code    76  pin_mux.o(.text.BOARD_InitPins)
    CLOCK_DeinitAudioPll                     0x30003671   Thumb Code    78  fsl_clock.o(.text.CLOCK_DeinitAudioPll)
    CLOCK_DeinitSysPll1                      0x300036c1   Thumb Code    94  fsl_clock.o(.text.CLOCK_DeinitSysPll1)
    CLOCK_GetFreq                            0x30003721   Thumb Code   728  fsl_clock.o(.text.CLOCK_GetFreq)
    CLOCK_InitArmPll                         0x30003a09   Thumb Code   212  fsl_clock.o(.text.CLOCK_InitArmPll)
    CLOCK_InitPfd                            0x30003ae1   Thumb Code   216  fsl_clock.o(.text.CLOCK_InitPfd)
    CLOCK_InitSysPll2                        0x30003bf9   Thumb Code   254  fsl_clock.o(.text.CLOCK_InitSysPll2)
    CLOCK_InitSysPll3                        0x30003cf9   Thumb Code   140  fsl_clock.o(.text.CLOCK_InitSysPll3)
    CLOCK_InitVideoPll                       0x30003d89   Thumb Code   216  fsl_clock.o(.text.CLOCK_InitVideoPll)
    CLOCK_OSC_EnableOscRc400M                0x30003e61   Thumb Code    26  fsl_clock.o(.text.CLOCK_OSC_EnableOscRc400M)
    CLOCK_OSC_Set1MHzOutputBehavior          0x30003e81   Thumb Code    44  fsl_clock.o(.text.CLOCK_OSC_Set1MHzOutputBehavior)
    CLOCK_SetPllBypass                       0x30003eb1   Thumb Code   148  fsl_clock.o(.text.CLOCK_SetPllBypass)
    DCDC_BootIntoDCM                         0x30003f49   Thumb Code    58  fsl_dcdc.o(.text.DCDC_BootIntoDCM)
    DbgConsole_Printf                        0x30003f89   Thumb Code    32  fsl_debug_console.o(.text.DbgConsole_Printf)
    DbgConsole_Vprintf                       0x30003fa9   Thumb Code  1064  fsl_debug_console.o(.text.DbgConsole_Vprintf)
    LPUART10_DriverIRQHandler                0x300043d1   Thumb Code    36  fsl_lpuart.o(.text.LPUART10_DriverIRQHandler)
    LPUART11_DriverIRQHandler                0x300043f9   Thumb Code    38  fsl_lpuart.o(.text.LPUART11_DriverIRQHandler)
    LPUART12_DriverIRQHandler                0x30004421   Thumb Code    38  fsl_lpuart.o(.text.LPUART12_DriverIRQHandler)
    LPUART1_DriverIRQHandler                 0x30004449   Thumb Code    38  fsl_lpuart.o(.text.LPUART1_DriverIRQHandler)
    LPUART2_DriverIRQHandler                 0x30004471   Thumb Code    36  fsl_lpuart.o(.text.LPUART2_DriverIRQHandler)
    LPUART3_DriverIRQHandler                 0x30004499   Thumb Code    38  fsl_lpuart.o(.text.LPUART3_DriverIRQHandler)
    LPUART4_DriverIRQHandler                 0x300044c1   Thumb Code    38  fsl_lpuart.o(.text.LPUART4_DriverIRQHandler)
    LPUART5_DriverIRQHandler                 0x300044e9   Thumb Code    38  fsl_lpuart.o(.text.LPUART5_DriverIRQHandler)
    LPUART6_DriverIRQHandler                 0x30004511   Thumb Code    36  fsl_lpuart.o(.text.LPUART6_DriverIRQHandler)
    LPUART7_DriverIRQHandler                 0x30004539   Thumb Code    38  fsl_lpuart.o(.text.LPUART7_DriverIRQHandler)
    LPUART8_DriverIRQHandler                 0x30004561   Thumb Code    38  fsl_lpuart.o(.text.LPUART8_DriverIRQHandler)
    LPUART9_DriverIRQHandler                 0x30004589   Thumb Code    38  fsl_lpuart.o(.text.LPUART9_DriverIRQHandler)
    LPUART_GetDefaultConfig                  0x300045b1   Thumb Code    58  fsl_lpuart.o(.text.LPUART_GetDefaultConfig)
    LPUART_Init                              0x300045f1   Thumb Code   628  fsl_lpuart.o(.text.LPUART_Init)
    LPUART_TransferCreateHandle              0x30004881   Thumb Code   214  fsl_lpuart.o(.text.LPUART_TransferCreateHandle)
    LPUART_TransferHandleIRQ                 0x30004959   Thumb Code   880  fsl_lpuart.o(.text.LPUART_TransferHandleIRQ)
    LPUART_TransferReceiveNonBlocking        0x30004ce1   Thumb Code   392  fsl_lpuart.o(.text.LPUART_TransferReceiveNonBlocking)
    LPUART_TransferSendNonBlocking           0x30004e81   Thumb Code   160  fsl_lpuart.o(.text.LPUART_TransferSendNonBlocking)
    LPUART_UserCallback                      0x30004f39   Thumb Code    60  lpuart_interrupt_transfer.o(.text.LPUART_UserCallback)
    PMU_EnableBodyBias                       0x30004f79   Thumb Code   202  fsl_pmu.o(.text.PMU_EnableBodyBias)
    PMU_StaticEnableLpsrAnaLdoBypassMode     0x30005049   Thumb Code   148  fsl_pmu.o(.text.PMU_StaticEnableLpsrAnaLdoBypassMode)
    PMU_StaticEnableLpsrDigLdoBypassMode     0x300050e1   Thumb Code   106  fsl_pmu.o(.text.PMU_StaticEnableLpsrDigLdoBypassMode)
    PMU_StaticEnablePllLdo                   0x30005151   Thumb Code    62  fsl_pmu.o(.text.PMU_StaticEnablePllLdo)
    SDK_DelayAtLeastUs                       0x30005191   Thumb Code    68  fsl_common_arm.o(.text.SDK_DelayAtLeastUs)
    SystemInit                               0x300051e9   Thumb Code   288  system_mimxrt1176_cm7.o(.text.SystemInit)
    SystemInitHook                           0x30005309   Thumb Code     2  system_mimxrt1176_cm7.o(.text.SystemInitHook)
    __aeabi_assert                           0x30005311   Thumb Code    16  fsl_assert.o(.text.__aeabi_assert)
    main                                     0x30005351   Thumb Code   290  lpuart_interrupt_transfer.o(.text.main)
    __scatterload_copy                       0x30005473   Thumb Code    14  handlers.o(i.__scatterload_copy)
    __scatterload_null                       0x30005481   Thumb Code     2  handlers.o(i.__scatterload_null)
    __scatterload_zeroinit                   0x30005483   Thumb Code    14  handlers.o(i.__scatterload_zeroinit)
    armPllConfig_BOARD_BootClockRUN          0x30005490   Data           8  clock_config.o(.rodata.armPllConfig_BOARD_BootClockRUN)
    s_lpuartIRQ                              0x30005c42   Data          26  fsl_lpuart.o(.rodata.s_lpuartIRQ)
    sysPll2Config_BOARD_BootClockRUN         0x30005fac   Data          12  clock_config.o(.rodata.sysPll2Config_BOARD_BootClockRUN)
    videoPllConfig_BOARD_BootClockRUN        0x30005fb8   Data          20  clock_config.o(.rodata.videoPllConfig_BOARD_BootClockRUN)
    Region$$Table$$Base                      0x30005fcc   Number         0  anon$$obj.o(Region$$Table)
    Region$$Table$$Limit                     0x30005fec   Number         0  anon$$obj.o(Region$$Table)



==============================================================================

Memory Map of the image

  Image Entry point : 0x30002415

  Load Region LR_m_text (Base: 0x30000400, Size: 0x00005c88, Max: 0x03fbfc00, ABSOLUTE)

    Execution Region RW_m_ram_text (Exec base: 0x00000000, Load base: 0x30006088, Size: 0x00000000, Max: 0x00040000, ABSOLUTE)

    **** No section assigned to this execution region ****


    Execution Region RW_m_data (Exec base: 0x20000000, Load base: 0x30005fec, Size: 0x0000012c, Max: 0x0003f800, ABSOLUTE)

    Exec Addr    Load Addr    Size         Type   Attr      Idx    E Section Name        Object

    0x20000000   0x30005fec   0x00000004   Data   RW          548    .data.SystemCoreClock  system_mimxrt1176_cm7.o
    0x20000004   0x30005ff0   0x00000060   Data   RW           11    .data.g_tipString   lpuart_interrupt_transfer.o
    0x20000064   0x30006050   0x00000001   Data   RW           14    .data.rxBufferEmpty  lpuart_interrupt_transfer.o
    0x20000065   0x30006051   0x00000003   PAD
    0x20000068   0x30006054   0x00000034   Data   RW          334    .data.s_lpuartIsr   fsl_lpuart.o
    0x2000009c        -       0x00000030   Zero   RW           18    .bss.g_lpuartHandle  lpuart_interrupt_transfer.o
    0x200000cc        -       0x00000008   Zero   RW           13    .bss.g_rxBuffer     lpuart_interrupt_transfer.o
    0x200000d4        -       0x00000008   Zero   RW           12    .bss.g_txBuffer     lpuart_interrupt_transfer.o
    0x200000dc        -       0x00000001   Zero   RW           17    .bss.rxOnGoing      lpuart_interrupt_transfer.o
    0x200000dd   0x30006088   0x00000003   PAD
    0x200000e0        -       0x00000014   Zero   RW          107    .bss.s_debugConsole  fsl_debug_console.o
    0x200000f4        -       0x00000034   Zero   RW          338    .bss.s_lpuartHandle  fsl_lpuart.o
    0x20000128        -       0x00000001   Zero   RW           15    .bss.txBufferFull   lpuart_interrupt_transfer.o
    0x20000129        -       0x00000001   Zero   RW           16    .bss.txOnGoing      lpuart_interrupt_transfer.o


    Execution Region ARM_LIB_HEAP (Exec base: 0x2000012c, Load base: 0x30006088, Size: 0x00000400, Max: 0x00000400, ABSOLUTE)

    Exec Addr    Load Addr    Size         Type   Attr      Idx    E Section Name        Object

    0x2000012c        -       0x00000400   Zero   RW            2    ARM_LIB_HEAP.bss    anon$$obj.o


    Execution Region ARM_LIB_STACK (Exec base: 0x2003fc00, Load base: 0x30006088, Size: 0x00000400, Max: 0x00000400, ABSOLUTE)

    Exec Addr    Load Addr    Size         Type   Attr      Idx    E Section Name        Object

    0x2003fc00        -       0x00000400   Zero   RW            3    ARM_LIB_STACK.bss   anon$$obj.o


    Execution Region RW_m_ncache (Exec base: 0x202c0000, Load base: 0x30006088, Size: 0x00000000, Max: 0x00000000, ABSOLUTE)

    Exec Addr    Load Addr    Size         Type   Attr      Idx    E Section Name        Object

    0x202c0000        -       0x00000000   Zero   RW            4    RW_m_ncache.bss     anon$$obj.o


    Execution Region RW_m_ncache_unused (Exec base: 0x202c0000, Load base: 0x30006088, Size: 0x00080000, Max: 0x00080000, ABSOLUTE)

    Exec Addr    Load Addr    Size         Type   Attr      Idx    E Section Name        Object

    0x202c0000        -       0x00080000   Zero   RW            5    RW_m_ncache_unused.bss  anon$$obj.o


    Execution Region RW_m_config_text (Exec base: 0x30000400, Load base: 0x30000400, Size: 0x00000200, Max: 0x00000c00, ABSOLUTE, FIXED)

    Exec Addr    Load Addr    Size         Type   Attr      Idx    E Section Name        Object

    0x30000400   0x30000400   0x00000200   Data   RO          623    .boot_hdr.conf      evkbmimxrt1170_flexspi_nor_config.o


    Execution Region RW_m_ivt_text (Exec base: 0x30001000, Load base: 0x30001000, Size: 0x00000030, Max: 0x00001000, ABSOLUTE, FIXED)

    Exec Addr    Load Addr    Size         Type   Attr      Idx    E Section Name        Object

    0x30001000   0x30001000   0x00000020   Data   RO          617    .boot_hdr.ivt       fsl_flexspi_nor_boot.o
    0x30001020   0x30001020   0x00000010   Data   RO          616    .boot_hdr.boot_data  fsl_flexspi_nor_boot.o


    Execution Region VECTOR_ROM (Exec base: 0x30002000, Load base: 0x30002000, Size: 0x00000400, Max: 0x00000400, ABSOLUTE, FIXED)

    Exec Addr    Load Addr    Size         Type   Attr      Idx    E Section Name        Object

    0x30002000   0x30002000   0x00000400   Data   RO          610    .isr_vector         startup_mimxrt1176_cm7.o


    Execution Region VECTOR_RAM (Exec base: 0x30002000, Load base: 0x30005fec, Size: 0x00000000, Max: 0x00000000, ABSOLUTE)

    Exec Addr    Load Addr    Size         Type   Attr      Idx    E Section Name        Object

    0x30002000        -       0x00000000   Zero   RW            1    VECTOR_RAM.bss      anon$$obj.o


    Execution Region ER_m_text (Exec base: 0x30002400, Load base: 0x30002400, Size: 0x00003bec, Max: 0x03fbdc00, ABSOLUTE, FIXED)

    Exec Addr    Load Addr    Size         Type   Attr      Idx    E Section Name        Object

    0x30002400   0x30002400   0x00000000   Code   RO          628  * .ARM.Collect$$$$00000000  mc_w.l(entry.o)
    0x30002400   0x30002400   0x00000004   Code   RO          680    .ARM.Collect$$$$00000003  mc_w.l(entry4.o)
    0x30002404   0x30002404   0x00000004   Code   RO          683    .ARM.Collect$$$$00000004  mc_w.l(entry5.o)
    0x30002408   0x30002408   0x00000000   Code   RO          685    .ARM.Collect$$$$00000008  mc_w.l(entry7b.o)
    0x30002408   0x30002408   0x00000000   Code   RO          687    .ARM.Collect$$$$0000000A  mc_w.l(entry8b.o)
    0x30002408   0x30002408   0x00000008   Code   RO          688    .ARM.Collect$$$$0000000B  mc_w.l(entry9a.o)
    0x30002410   0x30002410   0x00000000   Code   RO          690    .ARM.Collect$$$$0000000D  mc_w.l(entry10a.o)
    0x30002410   0x30002410   0x00000000   Code   RO          692    .ARM.Collect$$$$0000000F  mc_w.l(entry11a.o)
    0x30002410   0x30002410   0x00000004   Code   RO          681    .ARM.Collect$$$$00002714  mc_w.l(entry4.o)
    0x30002414   0x30002414   0x000002d4   Code   RO          609  * .text               startup_mimxrt1176_cm7.o
    0x300026e8   0x300026e8   0x00000062   Code   RO          631    .text               mc_w.l(uldiv.o)
    0x3000274a   0x3000274a   0x00000028   Code   RO          633    .text               mc_w.l(memcpy.o)
    0x30002772   0x30002772   0x00000012   Code   RO          635    .text               mc_w.l(memset.o)
    0x30002784   0x30002784   0x0000000e   Code   RO          639    .text               mc_w.l(strlen.o)
    0x30002792   0x30002792   0x0000001e   Code   RO          694    .text               mc_w.l(llshl.o)
    0x300027b0   0x300027b0   0x00000020   Code   RO          696    .text               mc_w.l(llushr.o)
    0x300027d0   0x300027d0   0x00000030   Code   RO          734    .text               mc_w.l(init.o)
    0x30002800   0x30002800   0x00000348   Code   RO          526    .text.ANATOP_AI_Access  fsl_anatop_ai.o
    0x30002b48   0x30002b48   0x0000000a   Code   RO          530    .text.ANATOP_AI_Read  fsl_anatop_ai.o
    0x30002b52   0x30002b52   0x00000006   PAD
    0x30002b58   0x30002b58   0x0000000c   Code   RO          528    .text.ANATOP_AI_Write  fsl_anatop_ai.o
    0x30002b64   0x30002b64   0x00000004   PAD
    0x30002b68   0x30002b68   0x00000030   Code   RO          532    .text.ANATOP_AI_WriteWithMaskShift  fsl_anatop_ai.o
    0x30002b98   0x30002b98   0x0000009e   Code   RO          157    .text.ANATOP_PllConfigure  fsl_clock.o
    0x30002c36   0x30002c36   0x00000002   PAD
    0x30002c38   0x30002c38   0x0000065c   Code   RO           61    .text.BOARD_BootClockRUN  clock_config.o
    0x30003294   0x30003294   0x00000004   PAD
    0x30003298   0x30003298   0x00000334   Code   RO           43    .text.BOARD_ConfigMPU  board.o
    0x300035cc   0x300035cc   0x00000004   PAD
    0x300035d0   0x300035d0   0x0000004a   Code   RO           39    .text.BOARD_DebugConsoleSrcFreq  board.o
    0x3000361a   0x3000361a   0x00000006   PAD
    0x30003620   0x30003620   0x0000004c   Code   RO           30    .text.BOARD_InitPins  pin_mux.o
    0x3000366c   0x3000366c   0x00000004   PAD
    0x30003670   0x30003670   0x0000004e   Code   RO          159    .text.CLOCK_DeinitAudioPll  fsl_clock.o
    0x300036be   0x300036be   0x00000002   PAD
    0x300036c0   0x300036c0   0x0000005e   Code   RO          177    .text.CLOCK_DeinitSysPll1  fsl_clock.o
    0x3000371e   0x3000371e   0x00000002   PAD
    0x30003720   0x30003720   0x000002e8   Code   RO          215    .text.CLOCK_GetFreq  fsl_clock.o
    0x30003a08   0x30003a08   0x000000d4   Code   RO          125    .text.CLOCK_InitArmPll  fsl_clock.o
    0x30003adc   0x30003adc   0x00000004   PAD
    0x30003ae0   0x30003ae0   0x00000118   Code   RO          137    .text.CLOCK_InitPfd  fsl_clock.o
    0x30003bf8   0x30003bf8   0x000000fe   Code   RO          131    .text.CLOCK_InitSysPll2  fsl_clock.o
    0x30003cf6   0x30003cf6   0x00000002   PAD
    0x30003cf8   0x30003cf8   0x0000008c   Code   RO          143    .text.CLOCK_InitSysPll3  fsl_clock.o
    0x30003d84   0x30003d84   0x00000004   PAD
    0x30003d88   0x30003d88   0x000000d8   Code   RO          169    .text.CLOCK_InitVideoPll  fsl_clock.o
    0x30003e60   0x30003e60   0x0000001a   Code   RO          221    .text.CLOCK_OSC_EnableOscRc400M  fsl_clock.o
    0x30003e7a   0x30003e7a   0x00000006   PAD
    0x30003e80   0x30003e80   0x0000002c   Code   RO          201    .text.CLOCK_OSC_Set1MHzOutputBehavior  fsl_clock.o
    0x30003eac   0x30003eac   0x00000004   PAD
    0x30003eb0   0x30003eb0   0x00000094   Code   RO          149    .text.CLOCK_SetPllBypass  fsl_clock.o
    0x30003f44   0x30003f44   0x00000004   PAD
    0x30003f48   0x30003f48   0x0000003a   Code   RO          495    .text.DCDC_BootIntoDCM  fsl_dcdc.o
    0x30003f82   0x30003f82   0x00000006   PAD
    0x30003f88   0x30003f88   0x00000020   Code   RO           97    .text.DbgConsole_Printf  fsl_debug_console.o
    0x30003fa8   0x30003fa8   0x00000428   Code   RO           99    .text.DbgConsole_Vprintf  fsl_debug_console.o
    0x300043d0   0x300043d0   0x00000024   Code   RO          327    .text.LPUART10_DriverIRQHandler  fsl_lpuart.o
    0x300043f4   0x300043f4   0x00000004   PAD
    0x300043f8   0x300043f8   0x00000026   Code   RO          329    .text.LPUART11_DriverIRQHandler  fsl_lpuart.o
    0x3000441e   0x3000441e   0x00000002   PAD
    0x30004420   0x30004420   0x00000026   Code   RO          331    .text.LPUART12_DriverIRQHandler  fsl_lpuart.o
    0x30004446   0x30004446   0x00000002   PAD
    0x30004448   0x30004448   0x00000026   Code   RO          309    .text.LPUART1_DriverIRQHandler  fsl_lpuart.o
    0x3000446e   0x3000446e   0x00000002   PAD
    0x30004470   0x30004470   0x00000024   Code   RO          311    .text.LPUART2_DriverIRQHandler  fsl_lpuart.o
    0x30004494   0x30004494   0x00000004   PAD
    0x30004498   0x30004498   0x00000026   Code   RO          313    .text.LPUART3_DriverIRQHandler  fsl_lpuart.o
    0x300044be   0x300044be   0x00000002   PAD
    0x300044c0   0x300044c0   0x00000026   Code   RO          315    .text.LPUART4_DriverIRQHandler  fsl_lpuart.o
    0x300044e6   0x300044e6   0x00000002   PAD
    0x300044e8   0x300044e8   0x00000026   Code   RO          317    .text.LPUART5_DriverIRQHandler  fsl_lpuart.o
    0x3000450e   0x3000450e   0x00000002   PAD
    0x30004510   0x30004510   0x00000024   Code   RO          319    .text.LPUART6_DriverIRQHandler  fsl_lpuart.o
    0x30004534   0x30004534   0x00000004   PAD
    0x30004538   0x30004538   0x00000026   Code   RO          321    .text.LPUART7_DriverIRQHandler  fsl_lpuart.o
    0x3000455e   0x3000455e   0x00000002   PAD
    0x30004560   0x30004560   0x00000026   Code   RO          323    .text.LPUART8_DriverIRQHandler  fsl_lpuart.o
    0x30004586   0x30004586   0x00000002   PAD
    0x30004588   0x30004588   0x00000026   Code   RO          325    .text.LPUART9_DriverIRQHandler  fsl_lpuart.o
    0x300045ae   0x300045ae   0x00000002   PAD
    0x300045b0   0x300045b0   0x0000003a   Code   RO          265    .text.LPUART_GetDefaultConfig  fsl_lpuart.o
    0x300045ea   0x300045ea   0x00000006   PAD
    0x300045f0   0x300045f0   0x00000290   Code   RO          261    .text.LPUART_Init   fsl_lpuart.o
    0x30004880   0x30004880   0x000000d6   Code   RO          287    .text.LPUART_TransferCreateHandle  fsl_lpuart.o
    0x30004956   0x30004956   0x00000002   PAD
    0x30004958   0x30004958   0x00000384   Code   RO          289    .text.LPUART_TransferHandleIRQ  fsl_lpuart.o
    0x30004cdc   0x30004cdc   0x00000004   PAD
    0x30004ce0   0x30004ce0   0x000001a0   Code   RO          301    .text.LPUART_TransferReceiveNonBlocking  fsl_lpuart.o
    0x30004e80   0x30004e80   0x000000b8   Code   RO          295    .text.LPUART_TransferSendNonBlocking  fsl_lpuart.o
    0x30004f38   0x30004f38   0x0000003c   Code   RO            7    .text.LPUART_UserCallback  lpuart_interrupt_transfer.o
    0x30004f74   0x30004f74   0x00000004   PAD
    0x30004f78   0x30004f78   0x000000ca   Code   RO          449    .text.PMU_EnableBodyBias  fsl_pmu.o
    0x30005042   0x30005042   0x00000006   PAD
    0x30005048   0x30005048   0x00000094   Code   RO          399    .text.PMU_StaticEnableLpsrAnaLdoBypassMode  fsl_pmu.o
    0x300050dc   0x300050dc   0x00000004   PAD
    0x300050e0   0x300050e0   0x0000006a   Code   RO          409    .text.PMU_StaticEnableLpsrDigLdoBypassMode  fsl_pmu.o
    0x3000514a   0x3000514a   0x00000006   PAD
    0x30005150   0x30005150   0x0000003e   Code   RO          393    .text.PMU_StaticEnablePllLdo  fsl_pmu.o
    0x3000518e   0x3000518e   0x00000002   PAD
    0x30005190   0x30005190   0x00000058   Code   RO          363    .text.SDK_DelayAtLeastUs  fsl_common_arm.o
    0x300051e8   0x300051e8   0x00000120   Code   RO          542    .text.SystemInit    system_mimxrt1176_cm7.o
    0x30005308   0x30005308   0x00000002   Code   RO          544    .text.SystemInitHook  system_mimxrt1176_cm7.o
    0x3000530a   0x3000530a   0x00000006   PAD
    0x30005310   0x30005310   0x0000003c   Code   RO          116    .text.__aeabi_assert  fsl_assert.o
    0x3000534c   0x3000534c   0x00000004   PAD
    0x30005350   0x30005350   0x00000122   Code   RO            9    .text.main          lpuart_interrupt_transfer.o
    0x30005472   0x30005472   0x0000000e   Code   RO          740    i.__scatterload_copy  mc_w.l(handlers.o)
    0x30005480   0x30005480   0x00000002   Code   RO          741    i.__scatterload_null  mc_w.l(handlers.o)
    0x30005482   0x30005482   0x0000000e   Code   RO          742    i.__scatterload_zeroinit  mc_w.l(handlers.o)
    0x30005490   0x30005490   0x00000008   Data   RO           63    .rodata.armPllConfig_BOARD_BootClockRUN  clock_config.o
    0x30005498   0x30005498   0x00000278   Data   RO           50    .rodata.s_clockSourceName  board.o
    0x30005710   0x30005710   0x00000278   Data   RO           66    .rodata.s_clockSourceName  clock_config.o
    0x30005988   0x30005988   0x00000278   Data   RO          248    .rodata.s_clockSourceName  fsl_clock.o
    0x30005c00   0x30005c00   0x00000034   Data   RO          335    .rodata.s_lpuartBases  fsl_lpuart.o
    0x30005c34   0x30005c34   0x0000000d   Data   RO          337    .rodata.s_lpuartClock  fsl_lpuart.o
    0x30005c41   0x30005c41   0x00000001   PAD
    0x30005c42   0x30005c42   0x0000001a   Data   RO          333    .rodata.s_lpuartIRQ  fsl_lpuart.o
    0x30005c5c   0x30005c5c   0x0000004c   Data   RO           49    .rodata.str1.1      board.o
    0x30005ca8   0x30005ca8   0x00000168   Data   RO          247    .rodata.str1.1      fsl_clock.o
    0x30005e10   0x30005e10   0x00000158   Data   RO          336    .rodata.str1.1      fsl_lpuart.o
    0x30005f68   0x30005f68   0x00000041   Data   RO          365    .rodata.str1.1      fsl_common_arm.o
    0x30005fa9   0x30005fa9   0x00000003   PAD
    0x30005fac   0x30005fac   0x0000000c   Data   RO           64    .rodata.sysPll2Config_BOARD_BootClockRUN  clock_config.o
    0x30005fb8   0x30005fb8   0x00000014   Data   RO           65    .rodata.videoPllConfig_BOARD_BootClockRUN  clock_config.o
    0x30005fcc   0x30005fcc   0x00000020   Data   RO          739    Region$$Table       anon$$obj.o



  Load Region LR_CORE1_IMAGE (Base: 0x33fc0000, Size: 0x00000000, Max: 0xffffffff, ABSOLUTE)

    Execution Region CORE1_REGION (Exec base: 0x33fc0000, Load base: 0x33fc0000, Size: 0x00000000, Max: 0x00040000, ABSOLUTE)

    **** No section assigned to this execution region ****


==============================================================================

Image component sizes


      Code (inc. data)   RO Data    RW Data    ZI Data      Debug   Object Name

       894         60        708          0          0      11999   board.o
      1628         68        672          0          0      48557   clock_config.o
         0          0        512          0          0       2645   evkbmimxrt1170_flexspi_nor_config.o
       910          8          0          0          0      10224   fsl_anatop_ai.o
        60         44          0          0          0        911   fsl_assert.o
      2394        148        992          0          0      52149   fsl_clock.o
        88         20         65          0          0       2411   fsl_common_arm.o
        58          0          0          0          0      21703   fsl_dcdc.o
      1096        142          0          0         20      11856   fsl_debug_console.o
         0          0         48          0          0       1024   fsl_flexspi_nor_boot.o
      2878         96        435         52         52      42196   fsl_lpuart.o
       518          0          0          0          0      20654   fsl_pmu.o
       350          0          0         97         67       5119   lpuart_interrupt_transfer.o
        76          0          0          0          0       8413   pin_mux.o
       724        356       1024          0          0       3579   startup_mimxrt1176_cm7.o
       290          0          0          4          0       4672   system_mimxrt1176_cm7.o

    ----------------------------------------------------------------------
     12102        958       4492        156     526480     248112   Object Totals
         0          0         32          0     526336          0   (incl. Generated)
       138         16          4          3          5          0   (incl. Padding)

    ----------------------------------------------------------------------

      Code (inc. data)   RO Data    RW Data    ZI Data      Debug   Library Member Name

         0          0          0          0          0          0   entry.o
         0          0          0          0          0          0   entry10a.o
         0          0          0          0          0          0   entry11a.o
         8          4          0          0          0          0   entry4.o
         4          0          0          0          0          0   entry5.o
         0          0          0          0          0          0   entry7b.o
         0          0          0          0          0          0   entry8b.o
         8          4          0          0          0          0   entry9a.o
        30          0          0          0          0          0   handlers.o
        48         10          0          0          0         68   init.o
        30          0          0          0          0         68   llshl.o
        32          0          0          0          0         68   llushr.o
        40          0          0          0          0         76   memcpy.o
        18          0          0          0          0         76   memset.o
        14          0          0          0          0         68   strlen.o
        98          0          0          0          0         92   uldiv.o

    ----------------------------------------------------------------------
       330         18          0          0          0        516   Library Totals
         0          0          0          0          0          0   (incl. Padding)

    ----------------------------------------------------------------------

      Code (inc. data)   RO Data    RW Data    ZI Data      Debug   Library Name

       330         18          0          0          0        516   mc_w.l

    ----------------------------------------------------------------------
       330         18          0          0          0        516   Library Totals

    ----------------------------------------------------------------------

==============================================================================


      Code (inc. data)   RO Data    RW Data    ZI Data      Debug   

     12432        976       4492        156     526480     248436   Grand Totals
     12432        976       4492        156     526480     248436   ELF Image Totals
     12432        976       4492        156          0          0   ROM Totals

==============================================================================

    Total RO  Size (Code + RO Data)                16924 (  16.53kB)
    Total RW  Size (RW Data + ZI Data)            526636 ( 514.29kB)
    Total ROM Size (Code + RO Data + RW Data)      17080 (  16.68kB)

==============================================================================

