Component: Arm Compiler for Embedded 6.22 Tool: armlink [5ee90200]

==============================================================================

Section Cross References

    gpio_led_output.o(.text.main) refers to board.o(.text.BOARD_ConfigMPU) for BOARD_ConfigMPU
    gpio_led_output.o(.text.main) refers to pin_mux.o(.text.BOARD_InitPins) for BOARD_InitPins
    gpio_led_output.o(.text.main) refers to clock_config.o(.text.BOARD_BootClockRUN) for BOARD_BootClockRUN
    gpio_led_output.o(.text.main) refers to board.o(.text.BOARD_InitDebugConsole) for BOARD_InitDebugConsole
    gpio_led_output.o(.text.main) refers to fsl_debug_console.o(.text.DbgConsole_Printf) for DbgConsole_Printf
    gpio_led_output.o(.text.main) refers to fsl_gpio.o(.text.GPIO_PinInit) for GPIO_PinInit
    gpio_led_output.o(.text.main) refers to fsl_common_arm.o(.text.SDK_DelayAtLeastUs) for SDK_DelayAtLeastUs
    gpio_led_output.o(.text.main) refers to fsl_gpio.o(.text.GPIO_PinWrite) for GPIO_PinWrite
    gpio_led_output.o(.ARM.exidx.text.main) refers to gpio_led_output.o(.text.main) for [Anonymous Symbol]
    pin_mux.o(.text.BOARD_InitBootPins) refers to pin_mux.o(.text.BOARD_InitPins) for BOARD_InitPins
    pin_mux.o(.ARM.exidx.text.BOARD_InitBootPins) refers to pin_mux.o(.text.BOARD_InitBootPins) for [Anonymous Symbol]
    pin_mux.o(.ARM.exidx.text.BOARD_InitPins) refers to pin_mux.o(.text.BOARD_InitPins) for [Anonymous Symbol]
    board.o(.text.BOARD_DebugConsoleSrcFreq) refers to fsl_clock.o(.text.CLOCK_GetFreq) for CLOCK_GetFreq
    board.o(.text.BOARD_DebugConsoleSrcFreq) refers to board.o(.rodata.s_clockSourceName) for [Anonymous Symbol]
    board.o(.ARM.exidx.text.BOARD_DebugConsoleSrcFreq) refers to board.o(.text.BOARD_DebugConsoleSrcFreq) for [Anonymous Symbol]
    board.o(.text.BOARD_InitDebugConsole) refers to board.o(.text.BOARD_DebugConsoleSrcFreq) for BOARD_DebugConsoleSrcFreq
    board.o(.text.BOARD_InitDebugConsole) refers to fsl_debug_console.o(.text.DbgConsole_Init) for DbgConsole_Init
    board.o(.ARM.exidx.text.BOARD_InitDebugConsole) refers to board.o(.text.BOARD_InitDebugConsole) for [Anonymous Symbol]
    board.o(.text.BOARD_ConfigMPU) refers to board.o(.text.OUTLINED_FUNCTION_0) for OUTLINED_FUNCTION_0
    board.o(.text.BOARD_ConfigMPU) refers to board.o(.text.OUTLINED_FUNCTION_1) for OUTLINED_FUNCTION_1
    board.o(.ARM.exidx.text.BOARD_ConfigMPU) refers to board.o(.text.BOARD_ConfigMPU) for [Anonymous Symbol]
    board.o(.ARM.exidx.text.BOARD_SD_Pin_Config) refers to board.o(.text.BOARD_SD_Pin_Config) for [Anonymous Symbol]
    board.o(.ARM.exidx.text.BOARD_MMC_Pin_Config) refers to board.o(.text.BOARD_MMC_Pin_Config) for [Anonymous Symbol]
    board.o(.ARM.exidx.text.OUTLINED_FUNCTION_0) refers to board.o(.text.OUTLINED_FUNCTION_0) for [Anonymous Symbol]
    board.o(.ARM.exidx.text.OUTLINED_FUNCTION_1) refers to board.o(.text.OUTLINED_FUNCTION_1) for [Anonymous Symbol]
    clock_config.o(.text.BOARD_InitBootClocks) refers to clock_config.o(.text.BOARD_BootClockRUN) for BOARD_BootClockRUN
    clock_config.o(.ARM.exidx.text.BOARD_InitBootClocks) refers to clock_config.o(.text.BOARD_InitBootClocks) for [Anonymous Symbol]
    clock_config.o(.text.BOARD_BootClockRUN) refers to fsl_dcdc.o(.text.DCDC_BootIntoDCM) for DCDC_BootIntoDCM
    clock_config.o(.text.BOARD_BootClockRUN) refers to clock_config.o(.text.DCDC_SetVDD1P0BuckModeTargetVoltage) for DCDC_SetVDD1P0BuckModeTargetVoltage
    clock_config.o(.text.BOARD_BootClockRUN) refers to clock_config.o(.text.OUTLINED_FUNCTION_15) for OUTLINED_FUNCTION_15
    clock_config.o(.text.BOARD_BootClockRUN) refers to clock_config.o(.text.OUTLINED_FUNCTION_5) for OUTLINED_FUNCTION_5
    clock_config.o(.text.BOARD_BootClockRUN) refers to fsl_pmu.o(.text.PMU_StaticEnableLpsrAnaLdoBypassMode) for PMU_StaticEnableLpsrAnaLdoBypassMode
    clock_config.o(.text.BOARD_BootClockRUN) refers to fsl_pmu.o(.text.PMU_StaticEnableLpsrDigLdoBypassMode) for PMU_StaticEnableLpsrDigLdoBypassMode
    clock_config.o(.text.BOARD_BootClockRUN) refers to fsl_clock.o(.text.CLOCK_OSC_Set1MHzOutputBehavior) for CLOCK_OSC_Set1MHzOutputBehavior
    clock_config.o(.text.BOARD_BootClockRUN) refers to clock_config.o(.text.OUTLINED_FUNCTION_3) for OUTLINED_FUNCTION_3
    clock_config.o(.text.BOARD_BootClockRUN) refers to clock_config.o(.text.OUTLINED_FUNCTION_2) for OUTLINED_FUNCTION_2
    clock_config.o(.text.BOARD_BootClockRUN) refers to clock_config.o(.text.OUTLINED_FUNCTION_12) for OUTLINED_FUNCTION_12
    clock_config.o(.text.BOARD_BootClockRUN) refers to clock_config.o(.text.OUTLINED_FUNCTION_0) for OUTLINED_FUNCTION_0
    clock_config.o(.text.BOARD_BootClockRUN) refers to fsl_clock.o(.text.CLOCK_InitArmPll) for CLOCK_InitArmPll
    clock_config.o(.text.BOARD_BootClockRUN) refers to clock_config.o(.text.OUTLINED_FUNCTION_14) for OUTLINED_FUNCTION_14
    clock_config.o(.text.BOARD_BootClockRUN) refers to fsl_clock.o(.text.CLOCK_DeinitSysPll1) for CLOCK_DeinitSysPll1
[...]
    __arm_cp.6_0                             0x300034d4   Number         4  fsl_clock.o(.text.CLOCK_InitPfd)
    [Anonymous Symbol]                       0x300034d8   Section        0  fsl_clock.o(.text.CLOCK_InitSysPll2)
    __arm_cp.3_0                             0x300035a8   Number         4  fsl_clock.o(.text.CLOCK_InitSysPll2)
    __arm_cp.3_1                             0x300035ac   Number         4  fsl_clock.o(.text.CLOCK_InitSysPll2)
    __arm_cp.3_2                             0x300035b0   Number         4  fsl_clock.o(.text.CLOCK_InitSysPll2)
    __arm_cp.3_3                             0x300035b4   Number         4  fsl_clock.o(.text.CLOCK_InitSysPll2)
    __arm_cp.3_4                             0x300035b8   Number         4  fsl_clock.o(.text.CLOCK_InitSysPll2)
    __arm_cp.3_5                             0x300035bc   Number         4  fsl_clock.o(.text.CLOCK_InitSysPll2)
    [Anonymous Symbol]                       0x300035c0   Section        0  fsl_clock.o(.text.CLOCK_InitSysPll3)
    __arm_cp.9_0                             0x30003624   Number         4  fsl_clock.o(.text.CLOCK_InitSysPll3)
    __arm_cp.9_1                             0x30003628   Number         4  fsl_clock.o(.text.CLOCK_InitSysPll3)
    __arm_cp.9_2                             0x3000362c   Number         4  fsl_clock.o(.text.CLOCK_InitSysPll3)
    __arm_cp.9_3                             0x30003630   Number         4  fsl_clock.o(.text.CLOCK_InitSysPll3)
    __arm_cp.9_4                             0x30003634   Number         4  fsl_clock.o(.text.CLOCK_InitSysPll3)
    __arm_cp.9_5                             0x30003638   Number         4  fsl_clock.o(.text.CLOCK_InitSysPll3)
    [Anonymous Symbol]                       0x3000363c   Section        0  fsl_clock.o(.text.CLOCK_InitVideoPll)
    __arm_cp.28_0                            0x300036b8   Number         4  fsl_clock.o(.text.CLOCK_InitVideoPll)
    [Anonymous Symbol]                       0x300036bc   Section        0  fsl_clock.o(.text.CLOCK_OSC_EnableOscRc400M)
    __arm_cp.55_0                            0x300036d0   Number         4  fsl_clock.o(.text.CLOCK_OSC_EnableOscRc400M)
    [Anonymous Symbol]                       0x300036d4   Section        0  fsl_clock.o(.text.CLOCK_OSC_Set1MHzOutputBehavior)
    [Anonymous Symbol]                       0x30003700   Section        0  fsl_clock.o(.text.CLOCK_SetPllBypass)
    __arm_cp.12_0                            0x30003750   Number         4  fsl_clock.o(.text.CLOCK_SetPllBypass)
    CLOCK_SetRootClock                       0x30003755   Thumb Code    40  clock_config.o(.text.CLOCK_SetRootClock)
    [Anonymous Symbol]                       0x30003754   Section        0  clock_config.o(.text.CLOCK_SetRootClock)
    __arm_cp.3_0                             0x3000377c   Number         4  clock_config.o(.text.CLOCK_SetRootClock)
    [Anonymous Symbol]                       0x30003780   Section        0  fsl_dcdc.o(.text.DCDC_BootIntoDCM)
    __arm_cp.15_0                            0x300037b4   Number         4  fsl_dcdc.o(.text.DCDC_BootIntoDCM)
    DCDC_SetVDD1P0BuckModeTargetVoltage      0x300037b9   Thumb Code    28  clock_config.o(.text.DCDC_SetVDD1P0BuckModeTargetVoltage)
    [Anonymous Symbol]                       0x300037b8   Section        0  clock_config.o(.text.DCDC_SetVDD1P0BuckModeTargetVoltage)
    __arm_cp.2_0                             0x300037d4   Number         4  clock_config.o(.text.DCDC_SetVDD1P0BuckModeTargetVoltage)
    DbgConsole_ConvertRadixNumToString       0x300037d9   Thumb Code    60  fsl_debug_console.o(.text.DbgConsole_ConvertRadixNumToString)
    [Anonymous Symbol]                       0x300037d8   Section        0  fsl_debug_console.o(.text.DbgConsole_ConvertRadixNumToString)
    [Anonymous Symbol]                       0x30003814   Section        0  fsl_debug_console.o(.text.DbgConsole_Init)
    __arm_cp.0_1                             0x30003854   Number         4  fsl_debug_console.o(.text.DbgConsole_Init)
    __arm_cp.0_2                             0x30003858   Number         4  fsl_debug_console.o(.text.DbgConsole_Init)
    __arm_cp.0_3                             0x3000385c   Number         4  fsl_debug_console.o(.text.DbgConsole_Init)
    [Anonymous Symbol]                       0x30003860   Section        0  fsl_debug_console.o(.text.DbgConsole_Printf)
    DbgConsole_PrintfPaddingCharacter        0x30003879   Thumb Code    30  fsl_debug_console.o(.text.DbgConsole_PrintfPaddingCharacter)
    [Anonymous Symbol]                       0x30003878   Section        0  fsl_debug_console.o(.text.DbgConsole_PrintfPaddingCharacter)
    [Anonymous Symbol]                       0x30003898   Section        0  fsl_debug_console.o(.text.DbgConsole_Putchar)
    [Anonymous Symbol]                       0x300038b8   Section        0  fsl_debug_console.o(.text.DbgConsole_Vprintf)
    __arm_cp.3_0                             0x30003ac4   Number         4  fsl_debug_console.o(.text.DbgConsole_Vprintf)
    [Anonymous Symbol]                       0x30003ac8   Section        0  fsl_gpio.o(.text.GPIO_PinInit)
    s_gpioBases                              0x30003b3c   Number         0  fsl_gpio.o(.text.GPIO_PinInit)
    s_gpioClock                              0x30003b7c   Number         0  fsl_gpio.o(.text.GPIO_PinInit)
    __arm_cp.0_2                             0x30003b8c   Number         4  fsl_gpio.o(.text.GPIO_PinInit)
    [Anonymous Symbol]                       0x30003b90   Section        0  fsl_gpio.o(.text.GPIO_PinSetInterruptConfig)
    [Anonymous Symbol]                       0x30003bfc   Section        0  fsl_gpio.o(.text.GPIO_PinWrite)
    [Anonymous Symbol]                       0x30003c10   Section        0  fsl_adapter_lpuart.o(.text.HAL_UartInit)
    [Anonymous Symbol]                       0x30003ca8   Section        0  fsl_adapter_lpuart.o(.text.HAL_UartReceiveBlocking)
    [Anonymous Symbol]                       0x30003cc0   Section        0  fsl_adapter_lpuart.o(.text.HAL_UartSendBlocking)
    __arm_cp.3_0                             0x30003cd4   Number         4  fsl_adapter_lpuart.o(.text.HAL_UartSendBlocking)
    [Anonymous Symbol]                       0x30003cd8   Section        0  fsl_lpuart.o(.text.LPUART10_DriverIRQHandler)
    __arm_cp.35_2                            0x30003cec   Number         4  fsl_lpuart.o(.text.LPUART10_DriverIRQHandler)
    [Anonymous Symbol]                       0x30003cf0   Section        0  fsl_lpuart.o(.text.LPUART11_DriverIRQHandler)
    __arm_cp.36_2                            0x30003d04   Number         4  fsl_lpuart.o(.text.LPUART11_DriverIRQHandler)
    [Anonymous Symbol]                       0x30003d08   Section        0  fsl_lpuart.o(.text.LPUART12_DriverIRQHandler)
    __arm_cp.37_2                            0x30003d1c   Number         4  fsl_lpuart.o(.text.LPUART12_DriverIRQHandler)
    [Anonymous Symbol]                       0x30003d20   Section        0  fsl_lpuart.o(.text.LPUART1_DriverIRQHandler)
    __arm_cp.26_2                            0x30003d34   Number         4  fsl_lpuart.o(.text.LPUART1_DriverIRQHandler)
    [Anonymous Symbol]                       0x30003d38   Section        0  fsl_lpuart.o(.text.LPUART2_DriverIRQHandler)
    __arm_cp.27_2                            0x30003d4c   Number         4  fsl_lpuart.o(.text.LPUART2_DriverIRQHandler)
    [Anonymous Symbol]                       0x30003d50   Section        0  fsl_lpuart.o(.text.LPUART3_DriverIRQHandler)
    __arm_cp.28_2                            0x30003d64   Number         4  fsl_lpuart.o(.text.LPUART3_DriverIRQHandler)
    [Anonymous Symbol]                       0x30003d68   Section        0  fsl_lpuart.o(.text.LPUART4_DriverIRQHandler)
    __arm_cp.29_2                            0x30003d7c   Number         4  fsl_lpuart.o(.text.LPUART4_DriverIRQHandler)
    [Anonymous Symbol]                       0x30003d80   Section        0  fsl_lpuart.o(.text.LPUART5_DriverIRQHandler)
    __arm_cp.30_2                            0x30003d94   Number         4  fsl_lpuart.o(.text.LPUART5_DriverIRQHandler)
    [Anonymous Symbol]                       0x30003d98   Section        0  fsl_lpuart.o(.text.LPUART6_DriverIRQHandler)
    __arm_cp.31_2                            0x30003dac   Number         4  fsl_lpuart.o(.text.LPUART6_DriverIRQHandler)
    [Anonymous Symbol]                       0x30003db0   Section        0  fsl_lpuart.o(.text.LPUART7_DriverIRQHandler)
    __arm_cp.32_2                            0x30003dc4   Number         4  fsl_lpuart.o(.text.LPUART7_DriverIRQHandler)
    [Anonymous Symbol]                       0x30003dc8   Section        0  fsl_lpuart.o(.text.LPUART8_DriverIRQHandler)
    __arm_cp.33_2                            0x30003ddc   Number         4  fsl_lpuart.o(.text.LPUART8_DriverIRQHandler)
    [Anonymous Symbol]                       0x30003de0   Section        0  fsl_lpuart.o(.text.LPUART9_DriverIRQHandler)
    __arm_cp.34_0                            0x30003df4   Number         4  fsl_lpuart.o(.text.LPUART9_DriverIRQHandler)
    __arm_cp.34_1                            0x30003df8   Number         4  fsl_lpuart.o(.text.LPUART9_DriverIRQHandler)
    __arm_cp.34_2                            0x30003dfc   Number         4  fsl_lpuart.o(.text.LPUART9_DriverIRQHandler)
    [Anonymous Symbol]                       0x30003e00   Section        0  fsl_lpuart.o(.text.LPUART_ClearStatusFlags)
    __arm_cp.12_0                            0x30003e38   Number         4  fsl_lpuart.o(.text.LPUART_ClearStatusFlags)
    [Anonymous Symbol]                       0x30003e3c   Section        0  fsl_lpuart.o(.text.LPUART_GetDefaultConfig)
    [Anonymous Symbol]                       0x30003e5c   Section        0  fsl_lpuart.o(.text.LPUART_GetInstance)
    s_lpuartBases                            0x30003e74   Number         0  fsl_lpuart.o(.text.LPUART_GetInstance)
    [Anonymous Symbol]                       0x30003ea8   Section        0  fsl_lpuart.o(.text.LPUART_Init)
    __arm_cp.2_0                             0x30004080   Number         4  fsl_lpuart.o(.text.LPUART_Init)
    __arm_cp.2_1                             0x30004084   Number         4  fsl_lpuart.o(.text.LPUART_Init)
    __arm_cp.2_2                             0x30004088   Number         4  fsl_lpuart.o(.text.LPUART_Init)
    [Anonymous Symbol]                       0x3000408c   Section        0  fsl_lpuart.o(.text.LPUART_ReadBlocking)
    [Anonymous Symbol]                       0x30004140   Section        0  fsl_lpuart.o(.text.LPUART_WriteBlocking)
    OUTLINED_FUNCTION_0                      0x3000415d   Thumb Code    10  board.o(.text.OUTLINED_FUNCTION_0)
    [Anonymous Symbol]                       0x3000415c   Section        0  board.o(.text.OUTLINED_FUNCTION_0)
    OUTLINED_FUNCTION_0                      0x30004167   Thumb Code     8  clock_config.o(.text.OUTLINED_FUNCTION_0)
    [Anonymous Symbol]                       0x30004166   Section        0  clock_config.o(.text.OUTLINED_FUNCTION_0)
    OUTLINED_FUNCTION_0                      0x3000416f   Thumb Code     6  fsl_lpuart.o(.text.OUTLINED_FUNCTION_0)
    [Anonymous Symbol]                       0x3000416e   Section        0  fsl_lpuart.o(.text.OUTLINED_FUNCTION_0)
    OUTLINED_FUNCTION_0                      0x30004175   Thumb Code    28  fsl_anatop_ai.o(.text.OUTLINED_FUNCTION_0)
    [Anonymous Symbol]                       0x30004174   Section        0  fsl_anatop_ai.o(.text.OUTLINED_FUNCTION_0)
    OUTLINED_FUNCTION_0                      0x30004191   Thumb Code    10  system_mimxrt1176_cm7.o(.text.OUTLINED_FUNCTION_0)
    [Anonymous Symbol]                       0x30004190   Section        0  system_mimxrt1176_cm7.o(.text.OUTLINED_FUNCTION_0)
    OUTLINED_FUNCTION_1                      0x3000419b   Thumb Code    10  board.o(.text.OUTLINED_FUNCTION_1)
    [Anonymous Symbol]                       0x3000419a   Section        0  board.o(.text.OUTLINED_FUNCTION_1)
    OUTLINED_FUNCTION_1                      0x300041a5   Thumb Code   214  clock_config.o(.text.OUTLINED_FUNCTION_1)
    [Anonymous Symbol]                       0x300041a4   Section        0  clock_config.o(.text.OUTLINED_FUNCTION_1)
    OUTLINED_FUNCTION_1                      0x3000427b   Thumb Code     8  fsl_pmu.o(.text.OUTLINED_FUNCTION_1)
    [Anonymous Symbol]                       0x3000427a   Section        0  fsl_pmu.o(.text.OUTLINED_FUNCTION_1)
    OUTLINED_FUNCTION_1                      0x30004283   Thumb Code    24  fsl_anatop_ai.o(.text.OUTLINED_FUNCTION_1)
    [Anonymous Symbol]                       0x30004282   Section        0  fsl_anatop_ai.o(.text.OUTLINED_FUNCTION_1)
    OUTLINED_FUNCTION_10                     0x3000429b   Thumb Code    14  clock_config.o(.text.OUTLINED_FUNCTION_10)
    [Anonymous Symbol]                       0x3000429a   Section        0  clock_config.o(.text.OUTLINED_FUNCTION_10)
    OUTLINED_FUNCTION_10                     0x300042a9   Thumb Code    14  fsl_anatop_ai.o(.text.OUTLINED_FUNCTION_10)
    [Anonymous Symbol]                       0x300042a8   Section        0  fsl_anatop_ai.o(.text.OUTLINED_FUNCTION_10)
    OUTLINED_FUNCTION_11                     0x300042b7   Thumb Code    14  clock_config.o(.text.OUTLINED_FUNCTION_11)
    [Anonymous Symbol]                       0x300042b6   Section        0  clock_config.o(.text.OUTLINED_FUNCTION_11)
    OUTLINED_FUNCTION_11                     0x300042c5   Thumb Code    10  fsl_clock.o(.text.OUTLINED_FUNCTION_11)
    [Anonymous Symbol]                       0x300042c4   Section        0  fsl_clock.o(.text.OUTLINED_FUNCTION_11)
    OUTLINED_FUNCTION_11                     0x300042cf   Thumb Code    14  fsl_anatop_ai.o(.text.OUTLINED_FUNCTION_11)
    [Anonymous Symbol]                       0x300042ce   Section        0  fsl_anatop_ai.o(.text.OUTLINED_FUNCTION_11)
    OUTLINED_FUNCTION_12                     0x300042dd   Thumb Code    14  clock_config.o(.text.OUTLINED_FUNCTION_12)
    [Anonymous Symbol]                       0x300042dc   Section        0  clock_config.o(.text.OUTLINED_FUNCTION_12)
    OUTLINED_FUNCTION_12                     0x300042eb   Thumb Code    14  fsl_anatop_ai.o(.text.OUTLINED_FUNCTION_12)
    [Anonymous Symbol]                       0x300042ea   Section        0  fsl_anatop_ai.o(.text.OUTLINED_FUNCTION_12)
    OUTLINED_FUNCTION_13                     0x300042f9   Thumb Code    12  clock_config.o(.text.OUTLINED_FUNCTION_13)
    [Anonymous Symbol]                       0x300042f8   Section        0  clock_config.o(.text.OUTLINED_FUNCTION_13)
    OUTLINED_FUNCTION_14                     0x30004305   Thumb Code     6  clock_config.o(.text.OUTLINED_FUNCTION_14)
    [Anonymous Symbol]                       0x30004304   Section        0  clock_config.o(.text.OUTLINED_FUNCTION_14)
    OUTLINED_FUNCTION_15                     0x3000430b   Thumb Code    14  clock_config.o(.text.OUTLINED_FUNCTION_15)
    [Anonymous Symbol]                       0x3000430a   Section        0  clock_config.o(.text.OUTLINED_FUNCTION_15)
    OUTLINED_FUNCTION_16                     0x30004319   Thumb Code    10  clock_config.o(.text.OUTLINED_FUNCTION_16)
    [Anonymous Symbol]                       0x30004318   Section        0  clock_config.o(.text.OUTLINED_FUNCTION_16)
    OUTLINED_FUNCTION_17                     0x30004323   Thumb Code    10  clock_config.o(.text.OUTLINED_FUNCTION_17)
    [Anonymous Symbol]                       0x30004322   Section        0  clock_config.o(.text.OUTLINED_FUNCTION_17)
    OUTLINED_FUNCTION_2                      0x3000432d   Thumb Code    34  clock_config.o(.text.OUTLINED_FUNCTION_2)
    [Anonymous Symbol]                       0x3000432c   Section        0  clock_config.o(.text.OUTLINED_FUNCTION_2)
    OUTLINED_FUNCTION_2                      0x3000434f   Thumb Code    22  fsl_clock.o(.text.OUTLINED_FUNCTION_2)
    [Anonymous Symbol]                       0x3000434e   Section        0  fsl_clock.o(.text.OUTLINED_FUNCTION_2)
    OUTLINED_FUNCTION_2                      0x30004365   Thumb Code    20  fsl_anatop_ai.o(.text.OUTLINED_FUNCTION_2)
    [Anonymous Symbol]                       0x30004364   Section        0  fsl_anatop_ai.o(.text.OUTLINED_FUNCTION_2)
    OUTLINED_FUNCTION_3                      0x30004379   Thumb Code    16  clock_config.o(.text.OUTLINED_FUNCTION_3)
    [Anonymous Symbol]                       0x30004378   Section        0  clock_config.o(.text.OUTLINED_FUNCTION_3)
    OUTLINED_FUNCTION_3                      0x30004389   Thumb Code    20  fsl_clock.o(.text.OUTLINED_FUNCTION_3)
    [Anonymous Symbol]                       0x30004388   Section        0  fsl_clock.o(.text.OUTLINED_FUNCTION_3)
    OUTLINED_FUNCTION_3                      0x3000439d   Thumb Code    20  fsl_anatop_ai.o(.text.OUTLINED_FUNCTION_3)
    [Anonymous Symbol]                       0x3000439c   Section        0  fsl_anatop_ai.o(.text.OUTLINED_FUNCTION_3)
    OUTLINED_FUNCTION_4                      0x300043b1   Thumb Code    14  clock_config.o(.text.OUTLINED_FUNCTION_4)
    [Anonymous Symbol]                       0x300043b0   Section        0  clock_config.o(.text.OUTLINED_FUNCTION_4)
    OUTLINED_FUNCTION_4                      0x300043bf   Thumb Code    12  fsl_clock.o(.text.OUTLINED_FUNCTION_4)
    [Anonymous Symbol]                       0x300043be   Section        0  fsl_clock.o(.text.OUTLINED_FUNCTION_4)
    OUTLINED_FUNCTION_4                      0x300043cb   Thumb Code    10  fsl_pmu.o(.text.OUTLINED_FUNCTION_4)
    [Anonymous Symbol]                       0x300043ca   Section        0  fsl_pmu.o(.text.OUTLINED_FUNCTION_4)
    OUTLINED_FUNCTION_4                      0x300043d5   Thumb Code    20  fsl_anatop_ai.o(.text.OUTLINED_FUNCTION_4)
    [Anonymous Symbol]                       0x300043d4   Section        0  fsl_anatop_ai.o(.text.OUTLINED_FUNCTION_4)
    OUTLINED_FUNCTION_5                      0x300043e9   Thumb Code    14  clock_config.o(.text.OUTLINED_FUNCTION_5)
    [Anonymous Symbol]                       0x300043e8   Section        0  clock_config.o(.text.OUTLINED_FUNCTION_5)
    OUTLINED_FUNCTION_5                      0x300043f7   Thumb Code    20  fsl_anatop_ai.o(.text.OUTLINED_FUNCTION_5)
    [Anonymous Symbol]                       0x300043f6   Section        0  fsl_anatop_ai.o(.text.OUTLINED_FUNCTION_5)
    OUTLINED_FUNCTION_6                      0x3000440b   Thumb Code    14  clock_config.o(.text.OUTLINED_FUNCTION_6)
    [Anonymous Symbol]                       0x3000440a   Section        0  clock_config.o(.text.OUTLINED_FUNCTION_6)
    OUTLINED_FUNCTION_6                      0x30004419   Thumb Code    20  fsl_anatop_ai.o(.text.OUTLINED_FUNCTION_6)
    [Anonymous Symbol]                       0x30004418   Section        0  fsl_anatop_ai.o(.text.OUTLINED_FUNCTION_6)
    OUTLINED_FUNCTION_7                      0x3000442d   Thumb Code    14  clock_config.o(.text.OUTLINED_FUNCTION_7)
    [Anonymous Symbol]                       0x3000442c   Section        0  clock_config.o(.text.OUTLINED_FUNCTION_7)
    OUTLINED_FUNCTION_7                      0x3000443b   Thumb Code    14  fsl_anatop_ai.o(.text.OUTLINED_FUNCTION_7)
    [Anonymous Symbol]                       0x3000443a   Section        0  fsl_anatop_ai.o(.text.OUTLINED_FUNCTION_7)
    OUTLINED_FUNCTION_8                      0x30004449   Thumb Code    14  clock_config.o(.text.OUTLINED_FUNCTION_8)
    [Anonymous Symbol]                       0x30004448   Section        0  clock_config.o(.text.OUTLINED_FUNCTION_8)
    OUTLINED_FUNCTION_8                      0x30004457   Thumb Code    14  fsl_anatop_ai.o(.text.OUTLINED_FUNCTION_8)
    [Anonymous Symbol]                       0x30004456   Section        0  fsl_anatop_ai.o(.text.OUTLINED_FUNCTION_8)
    OUTLINED_FUNCTION_9                      0x30004465   Thumb Code    14  clock_config.o(.text.OUTLINED_FUNCTION_9)
    [Anonymous Symbol]                       0x30004464   Section        0  clock_config.o(.text.OUTLINED_FUNCTION_9)
    OUTLINED_FUNCTION_9                      0x30004473   Thumb Code    14  fsl_anatop_ai.o(.text.OUTLINED_FUNCTION_9)
    [Anonymous Symbol]                       0x30004472   Section        0  fsl_anatop_ai.o(.text.OUTLINED_FUNCTION_9)
    [Anonymous Symbol]                       0x30004480   Section        0  fsl_pmu.o(.text.PMU_EnableBodyBias)
    __arm_cp.30_0                            0x3000451c   Number         4  fsl_pmu.o(.text.PMU_EnableBodyBias)
    __arm_cp.30_1                            0x30004520   Number         4  fsl_pmu.o(.text.PMU_EnableBodyBias)
    __arm_cp.30_2                            0x30004524   Number         4  fsl_pmu.o(.text.PMU_EnableBodyBias)
    [Anonymous Symbol]                       0x30004528   Section        0  fsl_pmu.o(.text.PMU_StaticEnableLpsrAnaLdoBypassMode)
    __arm_cp.5_1                             0x3000459c   Number         4  fsl_pmu.o(.text.PMU_StaticEnableLpsrAnaLdoBypassMode)
    [Anonymous Symbol]                       0x300045a0   Section        0  fsl_pmu.o(.text.PMU_StaticEnableLpsrDigLdoBypassMode)
    [Anonymous Symbol]                       0x300045fc   Section        0  fsl_pmu.o(.text.PMU_StaticEnablePllLdo)
    [Anonymous Symbol]                       0x30004634   Section        0  fsl_common_arm.o(.text.SDK_DelayAtLeastUs)
    loop                                     0x30004648   Number         0  fsl_common_arm.o(.text.SDK_DelayAtLeastUs)
    __arm_cp.2_0                             0x30004654   Number         4  fsl_common_arm.o(.text.SDK_DelayAtLeastUs)
    [Anonymous Symbol]                       0x30004658   Section        0  system_mimxrt1176_cm7.o(.text.SystemInit)
    __arm_cp.0_0                             0x30004728   Number         4  system_mimxrt1176_cm7.o(.text.SystemInit)
    __arm_cp.0_1                             0x3000472c   Number         4  system_mimxrt1176_cm7.o(.text.SystemInit)
    __arm_cp.0_2                             0x30004730   Number         4  system_mimxrt1176_cm7.o(.text.SystemInit)
    __arm_cp.0_3                             0x30004734   Number         4  system_mimxrt1176_cm7.o(.text.SystemInit)
    __arm_cp.0_4                             0x30004738   Number         4  system_mimxrt1176_cm7.o(.text.SystemInit)
    __arm_cp.0_5                             0x3000473c   Number         4  system_mimxrt1176_cm7.o(.text.SystemInit)
    __arm_cp.0_6                             0x30004740   Number         4  system_mimxrt1176_cm7.o(.text.SystemInit)
    __arm_cp.0_7                             0x30004744   Number         4  system_mimxrt1176_cm7.o(.text.SystemInit)
    [Anonymous Symbol]                       0x30004748   Section        0  system_mimxrt1176_cm7.o(.text.SystemInitHook)
    [Anonymous Symbol]                       0x3000474c   Section        0  gpio_led_output.o(.text.main)
    __arm_cp.0_2                             0x300047e4   Number         4  gpio_led_output.o(.text.main)
    __arm_cp.0_3                             0x300047e8   Number         4  gpio_led_output.o(.text.main)
    __arm_cp.0_4                             0x300047ec   Number         4  gpio_led_output.o(.text.main)
    i.__scatterload_copy                     0x300047f0   Section       14  handlers.o(i.__scatterload_copy)
    i.__scatterload_null                     0x300047fe   Section        2  handlers.o(i.__scatterload_null)
    i.__scatterload_zeroinit                 0x30004800   Section       14  handlers.o(i.__scatterload_zeroinit)
    s_LpuartAdapterBase                      0x30004818   Data          52  fsl_adapter_lpuart.o(.rodata.s_LpuartAdapterBase)
    [Anonymous Symbol]                       0x30004818   Section        0  fsl_adapter_lpuart.o(.rodata.s_LpuartAdapterBase)
    s_clockSourceName                        0x3000484c   Data         632  board.o(.rodata.s_clockSourceName)
    [Anonymous Symbol]                       0x3000484c   Section        0  board.o(.rodata.s_clockSourceName)
    s_clockSourceName                        0x30004ac4   Data         632  clock_config.o(.rodata.s_clockSourceName)
    [Anonymous Symbol]                       0x30004ac4   Section        0  clock_config.o(.rodata.s_clockSourceName)
    s_clockSourceName                        0x30004d3c   Data         632  fsl_clock.o(.rodata.s_clockSourceName)
    [Anonymous Symbol]                       0x30004d3c   Section        0  fsl_clock.o(.rodata.s_clockSourceName)
    s_lpuartClock                            0x30004fb4   Data          13  fsl_lpuart.o(.rodata.s_lpuartClock)
    [Anonymous Symbol]                       0x30004fb4   Section        0  fsl_lpuart.o(.rodata.s_lpuartClock)
    VTOR                                     0xe000ed08   Number         0  startup_mimxrt1176_cm7.o ABSOLUTE

    Global Symbols

    Symbol Name                              Value     Ov Type        Size  Object(Section)

    BuildAttributes$$THM_ISAv4$E$P$D$K$B$S$7EM$VFPv5_D16$PE$PLD8$A:L22UL41UL21$X:L11$S22US41US21$IEEE1$IW$USESV6$~STKCKD$USESV7$~SHL$OSPACE$EBA8$MICROLIB$REQ8$PRES8$EABIv2 0x00000000   Number         0  anon$$obj.o ABSOLUTE
    __cpp_initialize__aeabi_                  - Undefined Weak Reference
    __cxa_finalize                            - Undefined Weak Reference
    __decompress                              - Undefined Weak Reference
    _clock_init                               - Undefined Weak Reference
    _microlib_exit                            - Undefined Weak Reference
    SystemCoreClock                          0x20000000   Data           4  system_mimxrt1176_cm7.o(.data.SystemCoreClock)
    s_lpuartIsr                              0x20000004   Data          52  fsl_lpuart.o(.data.s_lpuartIsr)
    s_lpuartHandle                           0x2000004c   Data          52  fsl_lpuart.o(.bss.s_lpuartHandle)
    Image$$ARM_LIB_HEAP$$ZI$$Base            0x20000080   Number         0  anon$$obj.o ABSOLUTE
    Image$$ARM_LIB_HEAP$$ZI$$Limit           0x20000480   Number         0  anon$$obj.o ABSOLUTE
    Image$$ARM_LIB_STACK$$ZI$$Limit          0x20040000   Number         0  anon$$obj.o ABSOLUTE
    Image$$RW_m_ncache$$Base                 0x202c0000   Number         0  anon$$obj.o ABSOLUTE
    Image$$RW_m_ncache_unused$$Base          0x202c0000   Number         0  anon$$obj.o ABSOLUTE
    Image$$RW_m_ncache_unused$$ZI$$Limit     0x20340000   Number         0  anon$$obj.o ABSOLUTE
    qspiflash_config                         0x30000400   Data         512  evkmimxrt1170_flexspi_nor_config.o(.boot_hdr.conf)
    image_vector_table                       0x30001000   Data          32  fsl_flexspi_nor_boot.o(.boot_hdr.ivt)
    g_boot_data                              0x30001020   Data          16  fsl_flexspi_nor_boot.o(.boot_hdr.boot_data)
    __Vectors                                0x30002000   Number      1024  startup_mimxrt1176_cm7.o(.isr_vector)
    __main                                   0x30002401   Thumb Code     0  entry.o(.ARM.Collect$$$$00000000)
    _main_stk                                0x30002401   Thumb Code     0  entry4.o(.ARM.Collect$$$$00000003)
    _main_scatterload                        0x30002405   Thumb Code     0  entry5.o(.ARM.Collect$$$$00000004)
    __main_after_scatterload                 0x30002409   Thumb Code     0  entry5.o(.ARM.Collect$$$$00000004)
    _main_clock                              0x30002409   Thumb Code     0  entry7b.o(.ARM.Collect$$$$00000008)
    _main_cpp_init                           0x30002409   Thumb Code     0  entry8b.o(.ARM.Collect$$$$0000000A)
    _main_init                               0x30002409   Thumb Code     0  entry9a.o(.ARM.Collect$$$$0000000B)
    __rt_final_cpp                           0x30002411   Thumb Code     0  entry10a.o(.ARM.Collect$$$$0000000D)
    __rt_final_exit                          0x30002411   Thumb Code     0  entry11a.o(.ARM.Collect$$$$0000000F)
    Reset_Handler                            0x30002415   Thumb Code    40  startup_mimxrt1176_cm7.o(.text)
    ACMP1_IRQHandler                         0x3000243d   Thumb Code     4  startup_mimxrt1176_cm7.o(.text)
    ACMP2_IRQHandler                         0x3000243d   Thumb Code     4  startup_mimxrt1176_cm7.o(.text)
    ACMP3_IRQHandler                         0x3000243d   Thumb Code     4  startup_mimxrt1176_cm7.o(.text)
    ACMP4_IRQHandler                         0x3000243d   Thumb Code     4  startup_mimxrt1176_cm7.o(.text)
    ADC1_IRQHandler                          0x3000243d   Thumb Code     4  startup_mimxrt1176_cm7.o(.text)
    ADC2_IRQHandler                          0x3000243d   Thumb Code     4  startup_mimxrt1176_cm7.o(.text)
    ADC_ETC_ERROR_IRQ_IRQHandler             0x3000243d   Thumb Code     4  startup_mimxrt1176_cm7.o(.text)
    ADC_ETC_IRQ0_IRQHandler                  0x3000243d   Thumb Code     4  startup_mimxrt1176_cm7.o(.text)
    ADC_ETC_IRQ1_IRQHandler                  0x3000243d   Thumb Code     4  startup_mimxrt1176_cm7.o(.text)
    ADC_ETC_IRQ2_IRQHandler                  0x3000243d   Thumb Code     4  startup_mimxrt1176_cm7.o(.text)
    ADC_ETC_IRQ3_IRQHandler                  0x3000243d   Thumb Code     4  startup_mimxrt1176_cm7.o(.text)
    ASRC_DriverIRQHandler                    0x3000243d   Thumb Code     4  startup_mimxrt1176_cm7.o(.text)
    BusFault_Handler                         0x3000243d   Thumb Code     4  startup_mimxrt1176_cm7.o(.text)
    CAAM_IRQ0_IRQHandler                     0x3000243d   Thumb Code     4  startup_mimxrt1176_cm7.o(.text)
    CAAM_IRQ1_IRQHandler                     0x3000243d   Thumb Code     4  startup_mimxrt1176_cm7.o(.text)
    CAAM_IRQ2_IRQHandler                     0x3000243d   Thumb Code     4  startup_mimxrt1176_cm7.o(.text)
    CAAM_IRQ3_IRQHandler                     0x3000243d   Thumb Code     4  startup_mimxrt1176_cm7.o(.text)
    CAAM_RECORVE_ERRPR_IRQHandler            0x3000243d   Thumb Code     4  startup_mimxrt1176_cm7.o(.text)
    CAAM_RTIC_IRQHandler                     0x3000243d   Thumb Code     4  startup_mimxrt1176_cm7.o(.text)
    CAN1_DriverIRQHandler                    0x3000243d   Thumb Code     4  startup_mimxrt1176_cm7.o(.text)
    CAN1_ERROR_DriverIRQHandler              0x3000243d   Thumb Code     4  startup_mimxrt1176_cm7.o(.text)
    CAN2_DriverIRQHandler                    0x3000243d   Thumb Code     4  startup_mimxrt1176_cm7.o(.text)
    CAN2_ERROR_DriverIRQHandler              0x3000243d   Thumb Code     4  startup_mimxrt1176_cm7.o(.text)
    CAN3_DriverIRQHandler                    0x3000243d   Thumb Code     4  startup_mimxrt1176_cm7.o(.text)
    CAN3_ERROR_DriverIRQHandler              0x3000243d   Thumb Code     4  startup_mimxrt1176_cm7.o(.text)
    CDOG_DriverIRQHandler                    0x3000243d   Thumb Code     4  startup_mimxrt1176_cm7.o(.text)
    CM7_GPIO2_3_IRQHandler                   0x3000243d   Thumb Code     4  startup_mimxrt1176_cm7.o(.text)
    CORE_IRQHandler                          0x3000243d   Thumb Code     4  startup_mimxrt1176_cm7.o(.text)
    CSI_IRQHandler                           0x3000243d   Thumb Code     4  startup_mimxrt1176_cm7.o(.text)
    CTI_TRIGGER_OUT0_IRQHandler              0x3000243d   Thumb Code     4  startup_mimxrt1176_cm7.o(.text)
    CTI_TRIGGER_OUT1_IRQHandler              0x3000243d   Thumb Code     4  startup_mimxrt1176_cm7.o(.text)
    DAC_IRQHandler                           0x3000243d   Thumb Code     4  startup_mimxrt1176_cm7.o(.text)
    DCIC1_IRQHandler                         0x3000243d   Thumb Code     4  startup_mimxrt1176_cm7.o(.text)
    DCIC2_IRQHandler                         0x3000243d   Thumb Code     4  startup_mimxrt1176_cm7.o(.text)
    DMA0_DMA16_DriverIRQHandler              0x3000243d   Thumb Code     4  startup_mimxrt1176_cm7.o(.text)
    DMA10_DMA26_DriverIRQHandler             0x3000243d   Thumb Code     4  startup_mimxrt1176_cm7.o(.text)
    DMA11_DMA27_DriverIRQHandler             0x3000243d   Thumb Code     4  startup_mimxrt1176_cm7.o(.text)
    DMA12_DMA28_DriverIRQHandler             0x3000243d   Thumb Code     4  startup_mimxrt1176_cm7.o(.text)
    DMA13_DMA29_DriverIRQHandler             0x3000243d   Thumb Code     4  startup_mimxrt1176_cm7.o(.text)
    DMA14_DMA30_DriverIRQHandler             0x3000243d   Thumb Code     4  startup_mimxrt1176_cm7.o(.text)
    DMA15_DMA31_DriverIRQHandler             0x3000243d   Thumb Code     4  startup_mimxrt1176_cm7.o(.text)
    DMA1_DMA17_DriverIRQHandler              0x3000243d   Thumb Code     4  startup_mimxrt1176_cm7.o(.text)
    DMA2_DMA18_DriverIRQHandler              0x3000243d   Thumb Code     4  startup_mimxrt1176_cm7.o(.text)
    DMA3_DMA19_DriverIRQHandler              0x3000243d   Thumb Code     4  startup_mimxrt1176_cm7.o(.text)
    DMA4_DMA20_DriverIRQHandler              0x3000243d   Thumb Code     4  startup_mimxrt1176_cm7.o(.text)
    DMA5_DMA21_DriverIRQHandler              0x3000243d   Thumb Code     4  startup_mimxrt1176_cm7.o(.text)
    DMA6_DMA22_DriverIRQHandler              0x3000243d   Thumb Code     4  startup_mimxrt1176_cm7.o(.text)
    DMA7_DMA23_DriverIRQHandler              0x3000243d   Thumb Code     4  startup_mimxrt1176_cm7.o(.text)
    DMA8_DMA24_DriverIRQHandler              0x3000243d   Thumb Code     4  startup_mimxrt1176_cm7.o(.text)
    DMA9_DMA25_DriverIRQHandler              0x3000243d   Thumb Code     4  startup_mimxrt1176_cm7.o(.text)
    DMA_ERROR_DriverIRQHandler               0x3000243d   Thumb Code     4  startup_mimxrt1176_cm7.o(.text)
    DebugMon_Handler                         0x3000243d   Thumb Code     4  startup_mimxrt1176_cm7.o(.text)
    DefaultISR                               0x3000243d   Thumb Code     4  startup_mimxrt1176_cm7.o(.text)
    EMVSIM1_IRQHandler                       0x3000243d   Thumb Code     4  startup_mimxrt1176_cm7.o(.text)
    EMVSIM2_IRQHandler                       0x3000243d   Thumb Code     4  startup_mimxrt1176_cm7.o(.text)
    ENC1_IRQHandler                          0x3000243d   Thumb Code     4  startup_mimxrt1176_cm7.o(.text)
    ENC2_IRQHandler                          0x3000243d   Thumb Code     4  startup_mimxrt1176_cm7.o(.text)
    ENC3_IRQHandler                          0x3000243d   Thumb Code     4  startup_mimxrt1176_cm7.o(.text)
    ENC4_IRQHandler                          0x3000243d   Thumb Code     4  startup_mimxrt1176_cm7.o(.text)
    ENET_1588_Timer_DriverIRQHandler         0x3000243d   Thumb Code     4  startup_mimxrt1176_cm7.o(.text)
    ENET_1G_1588_Timer_DriverIRQHandler      0x3000243d   Thumb Code     4  startup_mimxrt1176_cm7.o(.text)
    ENET_1G_DriverIRQHandler                 0x3000243d   Thumb Code     4  startup_mimxrt1176_cm7.o(.text)
    ENET_1G_MAC0_Tx_Rx_1_DriverIRQHandler    0x3000243d   Thumb Code     4  startup_mimxrt1176_cm7.o(.text)
    ENET_1G_MAC0_Tx_Rx_2_DriverIRQHandler    0x3000243d   Thumb Code     4  startup_mimxrt1176_cm7.o(.text)
    ENET_DriverIRQHandler                    0x3000243d   Thumb Code     4  startup_mimxrt1176_cm7.o(.text)
    ENET_QOS_DriverIRQHandler                0x3000243d   Thumb Code     4  startup_mimxrt1176_cm7.o(.text)
    ENET_QOS_PMT_DriverIRQHandler            0x3000243d   Thumb Code     4  startup_mimxrt1176_cm7.o(.text)
    EWM_IRQHandler                           0x3000243d   Thumb Code     4  startup_mimxrt1176_cm7.o(.text)
    FLEXIO1_DriverIRQHandler                 0x3000243d   Thumb Code     4  startup_mimxrt1176_cm7.o(.text)
    FLEXIO2_DriverIRQHandler                 0x3000243d   Thumb Code     4  startup_mimxrt1176_cm7.o(.text)
    FLEXRAM_ECC_IRQHandler                   0x3000243d   Thumb Code     4  startup_mimxrt1176_cm7.o(.text)
    FLEXRAM_IRQHandler                       0x3000243d   Thumb Code     4  startup_mimxrt1176_cm7.o(.text)
    FLEXSPI1_DriverIRQHandler                0x3000243d   Thumb Code     4  startup_mimxrt1176_cm7.o(.text)
    FLEXSPI2_DriverIRQHandler                0x3000243d   Thumb Code     4  startup_mimxrt1176_cm7.o(.text)
    GPC_IRQHandler                           0x3000243d   Thumb Code     4  startup_mimxrt1176_cm7.o(.text)
    GPIO13_Combined_0_31_IRQHandler          0x3000243d   Thumb Code     4  startup_mimxrt1176_cm7.o(.text)
    GPIO1_Combined_0_15_IRQHandler           0x3000243d   Thumb Code     4  startup_mimxrt1176_cm7.o(.text)
    GPIO1_Combined_16_31_IRQHandler          0x3000243d   Thumb Code     4  startup_mimxrt1176_cm7.o(.text)
    GPIO2_Combined_0_15_IRQHandler           0x3000243d   Thumb Code     4  startup_mimxrt1176_cm7.o(.text)
    GPIO2_Combined_16_31_IRQHandler          0x3000243d   Thumb Code     4  startup_mimxrt1176_cm7.o(.text)
    GPIO3_Combined_0_15_IRQHandler           0x3000243d   Thumb Code     4  startup_mimxrt1176_cm7.o(.text)
    GPIO3_Combined_16_31_IRQHandler          0x3000243d   Thumb Code     4  startup_mimxrt1176_cm7.o(.text)
    GPIO4_Combined_0_15_IRQHandler           0x3000243d   Thumb Code     4  startup_mimxrt1176_cm7.o(.text)
    GPIO4_Combined_16_31_IRQHandler          0x3000243d   Thumb Code     4  startup_mimxrt1176_cm7.o(.text)
    GPIO5_Combined_0_15_IRQHandler           0x3000243d   Thumb Code     4  startup_mimxrt1176_cm7.o(.text)
    GPIO5_Combined_16_31_IRQHandler          0x3000243d   Thumb Code     4  startup_mimxrt1176_cm7.o(.text)
    GPIO6_Combined_0_15_IRQHandler           0x3000243d   Thumb Code     4  startup_mimxrt1176_cm7.o(.text)
    GPIO6_Combined_16_31_IRQHandler          0x3000243d   Thumb Code     4  startup_mimxrt1176_cm7.o(.text)
    GPR_IRQ_IRQHandler                       0x3000243d   Thumb Code     4  startup_mimxrt1176_cm7.o(.text)
    GPT1_IRQHandler                          0x3000243d   Thumb Code     4  startup_mimxrt1176_cm7.o(.text)
    GPT2_IRQHandler                          0x3000243d   Thumb Code     4  startup_mimxrt1176_cm7.o(.text)
    GPT3_IRQHandler                          0x3000243d   Thumb Code     4  startup_mimxrt1176_cm7.o(.text)
    GPT4_IRQHandler                          0x3000243d   Thumb Code     4  startup_mimxrt1176_cm7.o(.text)
    GPT5_IRQHandler                          0x3000243d   Thumb Code     4  startup_mimxrt1176_cm7.o(.text)
    GPT6_IRQHandler                          0x3000243d   Thumb Code     4  startup_mimxrt1176_cm7.o(.text)
    GPU2D_IRQHandler                         0x3000243d   Thumb Code     4  startup_mimxrt1176_cm7.o(.text)
    KEY_MANAGER_IRQHandler                   0x3000243d   Thumb Code     4  startup_mimxrt1176_cm7.o(.text)
    KPP_IRQHandler                           0x3000243d   Thumb Code     4  startup_mimxrt1176_cm7.o(.text)
    LCDIFv2_IRQHandler                       0x3000243d   Thumb Code     4  startup_mimxrt1176_cm7.o(.text)
    LPI2C1_DriverIRQHandler                  0x3000243d   Thumb Code     4  startup_mimxrt1176_cm7.o(.text)
    LPI2C2_DriverIRQHandler                  0x3000243d   Thumb Code     4  startup_mimxrt1176_cm7.o(.text)
    LPI2C3_DriverIRQHandler                  0x3000243d   Thumb Code     4  startup_mimxrt1176_cm7.o(.text)
    LPI2C4_DriverIRQHandler                  0x3000243d   Thumb Code     4  startup_mimxrt1176_cm7.o(.text)
    LPI2C5_DriverIRQHandler                  0x3000243d   Thumb Code     4  startup_mimxrt1176_cm7.o(.text)
    LPI2C6_DriverIRQHandler                  0x3000243d   Thumb Code     4  startup_mimxrt1176_cm7.o(.text)
    LPSPI1_DriverIRQHandler                  0x3000243d   Thumb Code     4  startup_mimxrt1176_cm7.o(.text)
    LPSPI2_DriverIRQHandler                  0x3000243d   Thumb Code     4  startup_mimxrt1176_cm7.o(.text)
    LPSPI3_DriverIRQHandler                  0x3000243d   Thumb Code     4  startup_mimxrt1176_cm7.o(.text)
    LPSPI4_DriverIRQHandler                  0x3000243d   Thumb Code     4  startup_mimxrt1176_cm7.o(.text)
    LPSPI5_DriverIRQHandler                  0x3000243d   Thumb Code     4  startup_mimxrt1176_cm7.o(.text)
    LPSPI6_DriverIRQHandler                  0x3000243d   Thumb Code     4  startup_mimxrt1176_cm7.o(.text)
    LPSR_LP0_BROWNOUT_IRQHandler             0x3000243d   Thumb Code     4  startup_mimxrt1176_cm7.o(.text)
    LPSR_LP8_BROWNOUT_IRQHandler             0x3000243d   Thumb Code     4  startup_mimxrt1176_cm7.o(.text)
    MECC1_FATAL_INT_IRQHandler               0x3000243d   Thumb Code     4  startup_mimxrt1176_cm7.o(.text)
    MECC1_INT_IRQHandler                     0x3000243d   Thumb Code     4  startup_mimxrt1176_cm7.o(.text)
    MECC2_FATAL_INT_IRQHandler               0x3000243d   Thumb Code     4  startup_mimxrt1176_cm7.o(.text)
    MECC2_INT_IRQHandler                     0x3000243d   Thumb Code     4  startup_mimxrt1176_cm7.o(.text)
    MIPI_CSI_DriverIRQHandler                0x3000243d   Thumb Code     4  startup_mimxrt1176_cm7.o(.text)
    MIPI_DSI_DriverIRQHandler                0x3000243d   Thumb Code     4  startup_mimxrt1176_cm7.o(.text)
    MUA_IRQHandler                           0x3000243d   Thumb Code     4  startup_mimxrt1176_cm7.o(.text)
    MemManage_Handler                        0x3000243d   Thumb Code     4  startup_mimxrt1176_cm7.o(.text)
    OCOTP_READ_DONE_ERROR_IRQHandler         0x3000243d   Thumb Code     4  startup_mimxrt1176_cm7.o(.text)
    OCOTP_READ_FUSE_ERROR_IRQHandler         0x3000243d   Thumb Code     4  startup_mimxrt1176_cm7.o(.text)
    PDM_ERROR_DriverIRQHandler               0x3000243d   Thumb Code     4  startup_mimxrt1176_cm7.o(.text)
    PDM_EVENT_DriverIRQHandler               0x3000243d   Thumb Code     4  startup_mimxrt1176_cm7.o(.text)
    PDM_HWVAD_ERROR_DriverIRQHandler         0x3000243d   Thumb Code     4  startup_mimxrt1176_cm7.o(.text)
    PDM_HWVAD_EVENT_DriverIRQHandler         0x3000243d   Thumb Code     4  startup_mimxrt1176_cm7.o(.text)
    PIT1_IRQHandler                          0x3000243d   Thumb Code     4  startup_mimxrt1176_cm7.o(.text)
    PIT2_IRQHandler                          0x3000243d   Thumb Code     4  startup_mimxrt1176_cm7.o(.text)
    PWM1_0_IRQHandler                        0x3000243d   Thumb Code     4  startup_mimxrt1176_cm7.o(.text)
    PWM1_1_IRQHandler                        0x3000243d   Thumb Code     4  startup_mimxrt1176_cm7.o(.text)
    PWM1_2_IRQHandler                        0x3000243d   Thumb Code     4  startup_mimxrt1176_cm7.o(.text)
    PWM1_3_IRQHandler                        0x3000243d   Thumb Code     4  startup_mimxrt1176_cm7.o(.text)
    PWM1_FAULT_IRQHandler                    0x3000243d   Thumb Code     4  startup_mimxrt1176_cm7.o(.text)
    PWM2_0_IRQHandler                        0x3000243d   Thumb Code     4  startup_mimxrt1176_cm7.o(.text)
    PWM2_1_IRQHandler                        0x3000243d   Thumb Code     4  startup_mimxrt1176_cm7.o(.text)
    PWM2_2_IRQHandler                        0x3000243d   Thumb Code     4  startup_mimxrt1176_cm7.o(.text)
    PWM2_3_IRQHandler                        0x3000243d   Thumb Code     4  startup_mimxrt1176_cm7.o(.text)
    PWM2_FAULT_IRQHandler                    0x3000243d   Thumb Code     4  startup_mimxrt1176_cm7.o(.text)
    PWM3_0_IRQHandler                        0x3000243d   Thumb Code     4  startup_mimxrt1176_cm7.o(.text)
    PWM3_1_IRQHandler                        0x3000243d   Thumb Code     4  startup_mimxrt1176_cm7.o(.text)
    PWM3_2_IRQHandler                        0x3000243d   Thumb Code     4  startup_mimxrt1176_cm7.o(.text)
    PWM3_3_IRQHandler                        0x3000243d   Thumb Code     4  startup_mimxrt1176_cm7.o(.text)
    PWM3_FAULT_IRQHandler                    0x3000243d   Thumb Code     4  startup_mimxrt1176_cm7.o(.text)
    PWM4_0_IRQHandler                        0x3000243d   Thumb Code     4  startup_mimxrt1176_cm7.o(.text)
    PWM4_1_IRQHandler                        0x3000243d   Thumb Code     4  startup_mimxrt1176_cm7.o(.text)
    PWM4_2_IRQHandler                        0x3000243d   Thumb Code     4  startup_mimxrt1176_cm7.o(.text)
    PWM4_3_IRQHandler                        0x3000243d   Thumb Code     4  startup_mimxrt1176_cm7.o(.text)
    PWM4_FAULT_IRQHandler                    0x3000243d   Thumb Code     4  startup_mimxrt1176_cm7.o(.text)
    PXP_IRQHandler                           0x3000243d   Thumb Code     4  startup_mimxrt1176_cm7.o(.text)
    RDC_IRQHandler                           0x3000243d   Thumb Code     4  startup_mimxrt1176_cm7.o(.text)
    RTWDOG3_IRQHandler                       0x3000243d   Thumb Code     4  startup_mimxrt1176_cm7.o(.text)
    Reserved110_IRQHandler                   0x3000243d   Thumb Code     4  startup_mimxrt1176_cm7.o(.text)
    Reserved166_IRQHandler                   0x3000243d   Thumb Code     4  startup_mimxrt1176_cm7.o(.text)
    Reserved167_IRQHandler                   0x3000243d   Thumb Code     4  startup_mimxrt1176_cm7.o(.text)
    Reserved168_IRQHandler                   0x3000243d   Thumb Code     4  startup_mimxrt1176_cm7.o(.text)
    Reserved169_IRQHandler                   0x3000243d   Thumb Code     4  startup_mimxrt1176_cm7.o(.text)
    Reserved170_IRQHandler                   0x3000243d   Thumb Code     4  startup_mimxrt1176_cm7.o(.text)
    Reserved177_IRQHandler                   0x3000243d   Thumb Code     4  startup_mimxrt1176_cm7.o(.text)
    Reserved178_IRQHandler                   0x3000243d   Thumb Code     4  startup_mimxrt1176_cm7.o(.text)
    Reserved179_IRQHandler                   0x3000243d   Thumb Code     4  startup_mimxrt1176_cm7.o(.text)
    Reserved180_IRQHandler                   0x3000243d   Thumb Code     4  startup_mimxrt1176_cm7.o(.text)
    Reserved185_IRQHandler                   0x3000243d   Thumb Code     4  startup_mimxrt1176_cm7.o(.text)
    Reserved186_IRQHandler                   0x3000243d   Thumb Code     4  startup_mimxrt1176_cm7.o(.text)
    Reserved208_IRQHandler                   0x3000243d   Thumb Code     4  startup_mimxrt1176_cm7.o(.text)
    Reserved209_IRQHandler                   0x3000243d   Thumb Code     4  startup_mimxrt1176_cm7.o(.text)
    Reserved210_IRQHandler                   0x3000243d   Thumb Code     4  startup_mimxrt1176_cm7.o(.text)
    Reserved211_IRQHandler                   0x3000243d   Thumb Code     4  startup_mimxrt1176_cm7.o(.text)
    Reserved212_IRQHandler                   0x3000243d   Thumb Code     4  startup_mimxrt1176_cm7.o(.text)
    Reserved213_IRQHandler                   0x3000243d   Thumb Code     4  startup_mimxrt1176_cm7.o(.text)
    Reserved214_IRQHandler                   0x3000243d   Thumb Code     4  startup_mimxrt1176_cm7.o(.text)
    Reserved215_IRQHandler                   0x3000243d   Thumb Code     4  startup_mimxrt1176_cm7.o(.text)
    Reserved68_IRQHandler                    0x3000243d   Thumb Code     4  startup_mimxrt1176_cm7.o(.text)
    SAI1_DriverIRQHandler                    0x3000243d   Thumb Code     4  startup_mimxrt1176_cm7.o(.text)
    SAI2_DriverIRQHandler                    0x3000243d   Thumb Code     4  startup_mimxrt1176_cm7.o(.text)
    SAI3_RX_DriverIRQHandler                 0x3000243d   Thumb Code     4  startup_mimxrt1176_cm7.o(.text)
    SAI3_TX_DriverIRQHandler                 0x3000243d   Thumb Code     4  startup_mimxrt1176_cm7.o(.text)
    SAI4_RX_DriverIRQHandler                 0x3000243d   Thumb Code     4  startup_mimxrt1176_cm7.o(.text)
    SAI4_TX_DriverIRQHandler                 0x3000243d   Thumb Code     4  startup_mimxrt1176_cm7.o(.text)
    SEMA4_CP0_IRQHandler                     0x3000243d   Thumb Code     4  startup_mimxrt1176_cm7.o(.text)
    SEMA4_CP1_IRQHandler                     0x3000243d   Thumb Code     4  startup_mimxrt1176_cm7.o(.text)
    SEMC_IRQHandler                          0x3000243d   Thumb Code     4  startup_mimxrt1176_cm7.o(.text)
    SNVS_HP_NON_TZ_IRQHandler                0x3000243d   Thumb Code     4  startup_mimxrt1176_cm7.o(.text)
    SNVS_HP_TZ_IRQHandler                    0x3000243d   Thumb Code     4  startup_mimxrt1176_cm7.o(.text)
    SNVS_PULSE_EVENT_IRQHandler              0x3000243d   Thumb Code     4  startup_mimxrt1176_cm7.o(.text)
    SPDIF_DriverIRQHandler                   0x3000243d   Thumb Code     4  startup_mimxrt1176_cm7.o(.text)
    TMPSNS_INT_IRQHandler                    0x3000243d   Thumb Code     4  startup_mimxrt1176_cm7.o(.text)
    TMPSNS_LOW_HIGH_IRQHandler               0x3000243d   Thumb Code     4  startup_mimxrt1176_cm7.o(.text)
    TMPSNS_PANIC_IRQHandler                  0x3000243d   Thumb Code     4  startup_mimxrt1176_cm7.o(.text)
    TMR1_IRQHandler                          0x3000243d   Thumb Code     4  startup_mimxrt1176_cm7.o(.text)
    TMR2_IRQHandler                          0x3000243d   Thumb Code     4  startup_mimxrt1176_cm7.o(.text)
    TMR3_IRQHandler                          0x3000243d   Thumb Code     4  startup_mimxrt1176_cm7.o(.text)
    TMR4_IRQHandler                          0x3000243d   Thumb Code     4  startup_mimxrt1176_cm7.o(.text)
    USBPHY1_IRQHandler                       0x3000243d   Thumb Code     4  startup_mimxrt1176_cm7.o(.text)
    USBPHY2_IRQHandler                       0x3000243d   Thumb Code     4  startup_mimxrt1176_cm7.o(.text)
    USB_OTG1_IRQHandler                      0x3000243d   Thumb Code     4  startup_mimxrt1176_cm7.o(.text)
    USB_OTG2_IRQHandler                      0x3000243d   Thumb Code     4  startup_mimxrt1176_cm7.o(.text)
    USDHC1_DriverIRQHandler                  0x3000243d   Thumb Code     4  startup_mimxrt1176_cm7.o(.text)
    USDHC2_DriverIRQHandler                  0x3000243d   Thumb Code     4  startup_mimxrt1176_cm7.o(.text)
    UsageFault_Handler                       0x3000243d   Thumb Code     4  startup_mimxrt1176_cm7.o(.text)
    WDOG1_IRQHandler                         0x3000243d   Thumb Code     4  startup_mimxrt1176_cm7.o(.text)
    WDOG2_IRQHandler                         0x3000243d   Thumb Code     4  startup_mimxrt1176_cm7.o(.text)
    XBAR1_IRQ_0_1_IRQHandler                 0x3000243d   Thumb Code     4  startup_mimxrt1176_cm7.o(.text)
    XBAR1_IRQ_2_3_IRQHandler                 0x3000243d   Thumb Code     4  startup_mimxrt1176_cm7.o(.text)
    XECC_FLEXSPI1_FATAL_INT_DriverIRQHandler 0x3000243d   Thumb Code     4  startup_mimxrt1176_cm7.o(.text)
    XECC_FLEXSPI1_INT_DriverIRQHandler       0x3000243d   Thumb Code     4  startup_mimxrt1176_cm7.o(.text)
    XECC_FLEXSPI2_FATAL_INT_DriverIRQHandler 0x3000243d   Thumb Code     4  startup_mimxrt1176_cm7.o(.text)
    XECC_FLEXSPI2_INT_DriverIRQHandler       0x3000243d   Thumb Code     4  startup_mimxrt1176_cm7.o(.text)
    XECC_SEMC_FATAL_INT_IRQHandler           0x3000243d   Thumb Code     4  startup_mimxrt1176_cm7.o(.text)
    XECC_SEMC_INT_IRQHandler                 0x3000243d   Thumb Code     4  startup_mimxrt1176_cm7.o(.text)
    eLCDIF_IRQHandler                        0x3000243d   Thumb Code     4  startup_mimxrt1176_cm7.o(.text)
    NMI_Handler                              0x30002441   Thumb Code     4  startup_mimxrt1176_cm7.o(.text)
    HardFault_Handler                        0x30002445   Thumb Code     4  startup_mimxrt1176_cm7.o(.text)
    SVC_Handler                              0x30002449   Thumb Code     4  startup_mimxrt1176_cm7.o(.text)
    PendSV_Handler                           0x3000244d   Thumb Code     4  startup_mimxrt1176_cm7.o(.text)
    SysTick_Handler                          0x30002451   Thumb Code     4  startup_mimxrt1176_cm7.o(.text)
    DMA0_DMA16_IRQHandler                    0x30002455   Thumb Code     4  startup_mimxrt1176_cm7.o(.text)
    DMA1_DMA17_IRQHandler                    0x30002459   Thumb Code     4  startup_mimxrt1176_cm7.o(.text)
    DMA2_DMA18_IRQHandler                    0x3000245d   Thumb Code     4  startup_mimxrt1176_cm7.o(.text)
    DMA3_DMA19_IRQHandler                    0x30002461   Thumb Code     4  startup_mimxrt1176_cm7.o(.text)
    DMA4_DMA20_IRQHandler                    0x30002465   Thumb Code     4  startup_mimxrt1176_cm7.o(.text)
    DMA5_DMA21_IRQHandler                    0x30002469   Thumb Code     4  startup_mimxrt1176_cm7.o(.text)
    DMA6_DMA22_IRQHandler                    0x3000246d   Thumb Code     4  startup_mimxrt1176_cm7.o(.text)
    DMA7_DMA23_IRQHandler                    0x30002471   Thumb Code     4  startup_mimxrt1176_cm7.o(.text)
    DMA8_DMA24_IRQHandler                    0x30002475   Thumb Code     4  startup_mimxrt1176_cm7.o(.text)
    DMA9_DMA25_IRQHandler                    0x30002479   Thumb Code     4  startup_mimxrt1176_cm7.o(.text)
    DMA10_DMA26_IRQHandler                   0x3000247d   Thumb Code     4  startup_mimxrt1176_cm7.o(.text)
    DMA11_DMA27_IRQHandler                   0x30002481   Thumb Code     4  startup_mimxrt1176_cm7.o(.text)
    DMA12_DMA28_IRQHandler                   0x30002485   Thumb Code     4  startup_mimxrt1176_cm7.o(.text)
    DMA13_DMA29_IRQHandler                   0x30002489   Thumb Code     4  startup_mimxrt1176_cm7.o(.text)
    DMA14_DMA30_IRQHandler                   0x3000248d   Thumb Code     4  startup_mimxrt1176_cm7.o(.text)
    DMA15_DMA31_IRQHandler                   0x30002491   Thumb Code     4  startup_mimxrt1176_cm7.o(.text)
    DMA_ERROR_IRQHandler                     0x30002495   Thumb Code     4  startup_mimxrt1176_cm7.o(.text)
    LPUART1_IRQHandler                       0x30002499   Thumb Code     4  startup_mimxrt1176_cm7.o(.text)
    LPUART2_IRQHandler                       0x3000249d   Thumb Code     4  startup_mimxrt1176_cm7.o(.text)
    LPUART3_IRQHandler                       0x300024a1   Thumb Code     4  startup_mimxrt1176_cm7.o(.text)
    LPUART4_IRQHandler                       0x300024a5   Thumb Code     4  startup_mimxrt1176_cm7.o(.text)
    LPUART5_IRQHandler                       0x300024a9   Thumb Code     4  startup_mimxrt1176_cm7.o(.text)
    LPUART6_IRQHandler                       0x300024ad   Thumb Code     4  startup_mimxrt1176_cm7.o(.text)
    LPUART7_IRQHandler                       0x300024b1   Thumb Code     4  startup_mimxrt1176_cm7.o(.text)
    LPUART8_IRQHandler                       0x300024b5   Thumb Code     4  startup_mimxrt1176_cm7.o(.text)
    LPUART9_IRQHandler                       0x300024b9   Thumb Code     4  startup_mimxrt1176_cm7.o(.text)
    LPUART10_IRQHandler                      0x300024bd   Thumb Code     4  startup_mimxrt1176_cm7.o(.text)
    LPUART11_IRQHandler                      0x300024c1   Thumb Code     4  startup_mimxrt1176_cm7.o(.text)
    LPUART12_IRQHandler                      0x300024c5   Thumb Code     4  startup_mimxrt1176_cm7.o(.text)
    LPI2C1_IRQHandler                        0x300024c9   Thumb Code     4  startup_mimxrt1176_cm7.o(.text)
    LPI2C2_IRQHandler                        0x300024cd   Thumb Code     4  startup_mimxrt1176_cm7.o(.text)
    LPI2C3_IRQHandler                        0x300024d1   Thumb Code     4  startup_mimxrt1176_cm7.o(.text)
    LPI2C4_IRQHandler                        0x300024d5   Thumb Code     4  startup_mimxrt1176_cm7.o(.text)
    LPI2C5_IRQHandler                        0x300024d9   Thumb Code     4  startup_mimxrt1176_cm7.o(.text)
    LPI2C6_IRQHandler                        0x300024dd   Thumb Code     4  startup_mimxrt1176_cm7.o(.text)
    LPSPI1_IRQHandler                        0x300024e1   Thumb Code     4  startup_mimxrt1176_cm7.o(.text)
    LPSPI2_IRQHandler                        0x300024e5   Thumb Code     4  startup_mimxrt1176_cm7.o(.text)
    LPSPI3_IRQHandler                        0x300024e9   Thumb Code     4  startup_mimxrt1176_cm7.o(.text)
    LPSPI4_IRQHandler                        0x300024ed   Thumb Code     4  startup_mimxrt1176_cm7.o(.text)
    LPSPI5_IRQHandler                        0x300024f1   Thumb Code     4  startup_mimxrt1176_cm7.o(.text)
    LPSPI6_IRQHandler                        0x300024f5   Thumb Code     4  startup_mimxrt1176_cm7.o(.text)
    CAN1_IRQHandler                          0x300024f9   Thumb Code     4  startup_mimxrt1176_cm7.o(.text)
    CAN1_ERROR_IRQHandler                    0x300024fd   Thumb Code     4  startup_mimxrt1176_cm7.o(.text)
    CAN2_IRQHandler                          0x30002501   Thumb Code     4  startup_mimxrt1176_cm7.o(.text)
    CAN2_ERROR_IRQHandler                    0x30002505   Thumb Code     4  startup_mimxrt1176_cm7.o(.text)
    CAN3_IRQHandler                          0x30002509   Thumb Code     4  startup_mimxrt1176_cm7.o(.text)
    CAN3_ERROR_IRQHandler                    0x3000250d   Thumb Code     4  startup_mimxrt1176_cm7.o(.text)
    MIPI_CSI_IRQHandler                      0x30002511   Thumb Code     4  startup_mimxrt1176_cm7.o(.text)
    MIPI_DSI_IRQHandler                      0x30002515   Thumb Code     4  startup_mimxrt1176_cm7.o(.text)
    CDOG_IRQHandler                          0x30002519   Thumb Code     4  startup_mimxrt1176_cm7.o(.text)
    SAI1_IRQHandler                          0x3000251d   Thumb Code     4  startup_mimxrt1176_cm7.o(.text)
    SAI2_IRQHandler                          0x30002521   Thumb Code     4  startup_mimxrt1176_cm7.o(.text)
    SAI3_RX_IRQHandler                       0x30002525   Thumb Code     4  startup_mimxrt1176_cm7.o(.text)
    SAI3_TX_IRQHandler                       0x30002529   Thumb Code     4  startup_mimxrt1176_cm7.o(.text)
    SAI4_RX_IRQHandler                       0x3000252d   Thumb Code     4  startup_mimxrt1176_cm7.o(.text)
    SAI4_TX_IRQHandler                       0x30002531   Thumb Code     4  startup_mimxrt1176_cm7.o(.text)
    SPDIF_IRQHandler                         0x30002535   Thumb Code     4  startup_mimxrt1176_cm7.o(.text)
    ASRC_IRQHandler                          0x30002539   Thumb Code     4  startup_mimxrt1176_cm7.o(.text)
    FLEXIO1_IRQHandler                       0x3000253d   Thumb Code     4  startup_mimxrt1176_cm7.o(.text)
    FLEXIO2_IRQHandler                       0x30002541   Thumb Code     4  startup_mimxrt1176_cm7.o(.text)
    FLEXSPI1_IRQHandler                      0x30002545   Thumb Code     4  startup_mimxrt1176_cm7.o(.text)
    FLEXSPI2_IRQHandler                      0x30002549   Thumb Code     4  startup_mimxrt1176_cm7.o(.text)
    USDHC1_IRQHandler                        0x3000254d   Thumb Code     4  startup_mimxrt1176_cm7.o(.text)
    USDHC2_IRQHandler                        0x30002551   Thumb Code     4  startup_mimxrt1176_cm7.o(.text)
    ENET_IRQHandler                          0x30002555   Thumb Code     4  startup_mimxrt1176_cm7.o(.text)
    ENET_1588_Timer_IRQHandler               0x30002559   Thumb Code     4  startup_mimxrt1176_cm7.o(.text)
    ENET_1G_MAC0_Tx_Rx_1_IRQHandler          0x3000255d   Thumb Code     4  startup_mimxrt1176_cm7.o(.text)
    ENET_1G_MAC0_Tx_Rx_2_IRQHandler          0x30002561   Thumb Code     4  startup_mimxrt1176_cm7.o(.text)
    ENET_1G_IRQHandler                       0x30002565   Thumb Code     4  startup_mimxrt1176_cm7.o(.text)
    ENET_1G_1588_Timer_IRQHandler            0x30002569   Thumb Code     4  startup_mimxrt1176_cm7.o(.text)
    PDM_HWVAD_EVENT_IRQHandler               0x3000256d   Thumb Code     4  startup_mimxrt1176_cm7.o(.text)
    PDM_HWVAD_ERROR_IRQHandler               0x30002571   Thumb Code     4  startup_mimxrt1176_cm7.o(.text)
    PDM_EVENT_IRQHandler                     0x30002575   Thumb Code     4  startup_mimxrt1176_cm7.o(.text)
    PDM_ERROR_IRQHandler                     0x30002579   Thumb Code     4  startup_mimxrt1176_cm7.o(.text)
    XECC_FLEXSPI1_INT_IRQHandler             0x3000257d   Thumb Code     4  startup_mimxrt1176_cm7.o(.text)
    XECC_FLEXSPI1_FATAL_INT_IRQHandler       0x30002581   Thumb Code     4  startup_mimxrt1176_cm7.o(.text)
    XECC_FLEXSPI2_INT_IRQHandler             0x30002585   Thumb Code     4  startup_mimxrt1176_cm7.o(.text)
    XECC_FLEXSPI2_FATAL_INT_IRQHandler       0x30002589   Thumb Code     4  startup_mimxrt1176_cm7.o(.text)
    ENET_QOS_IRQHandler                      0x3000258d   Thumb Code     4  startup_mimxrt1176_cm7.o(.text)
    ENET_QOS_PMT_IRQHandler                  0x30002591   Thumb Code     4  startup_mimxrt1176_cm7.o(.text)
    __aeabi_uldivmod                         0x300026e9   Thumb Code    98  uldiv.o(.text)
    ___aeabi_memcpy4$ret                     0x3000274b   Thumb Code     0  memcpy.o(.text)
    ___aeabi_memcpy8$ret                     0x3000274b   Thumb Code     0  memcpy.o(.text)
    __aeabi_memcpy                           0x3000274b   Thumb Code    40  memcpy.o(.text)
    memcpy                                   0x3000274b   Thumb Code     0  memcpy.o(.text)
    __aeabi_memset                           0x30002773   Thumb Code    14  memseta.o(.text)
    __aeabi_memset4                          0x30002773   Thumb Code     0  memseta.o(.text)
    __aeabi_memset8                          0x30002773   Thumb Code     0  memseta.o(.text)
    __aeabi_memclr                           0x30002781   Thumb Code     4  memseta.o(.text)
    __aeabi_memclr4                          0x30002781   Thumb Code     0  memseta.o(.text)
    __aeabi_memclr8                          0x30002781   Thumb Code     0  memseta.o(.text)
    memset                                   0x30002785   Thumb Code    18  memseta.o(.text)
    strlen                                   0x30002797   Thumb Code    14  strlen.o(.text)
    __aeabi_llsl                             0x300027a5   Thumb Code    30  llshl.o(.text)
    _ll_shift_l                              0x300027a5   Thumb Code     0  llshl.o(.text)
    __aeabi_llsr                             0x300027c3   Thumb Code    32  llushr.o(.text)
    _ll_ushift_r                             0x300027c3   Thumb Code     0  llushr.o(.text)
    __scatterload                            0x300027e5   Thumb Code    38  init.o(.text)
    __scatterload_rt2                        0x300027e5   Thumb Code     0  init.o(.text)
    ANATOP_AI_Access                         0x30002815   Thumb Code   452  fsl_anatop_ai.o(.text.ANATOP_AI_Access)
    ANATOP_AI_Read                           0x300029dd   Thumb Code    10  fsl_anatop_ai.o(.text.ANATOP_AI_Read)
    ANATOP_AI_Write                          0x300029e7   Thumb Code    10  fsl_anatop_ai.o(.text.ANATOP_AI_Write)
    ANATOP_AI_WriteWithMaskShift             0x300029f1   Thumb Code    38  fsl_anatop_ai.o(.text.ANATOP_AI_WriteWithMaskShift)
    BOARD_BootClockRUN                       0x30002b2d   Thumb Code   672  clock_config.o(.text.BOARD_BootClockRUN)
    BOARD_ConfigMPU                          0x30002df9   Thumb Code   536  board.o(.text.BOARD_ConfigMPU)
    BOARD_DebugConsoleSrcFreq                0x30003061   Thumb Code    36  board.o(.text.BOARD_DebugConsoleSrcFreq)
    BOARD_InitDebugConsole                   0x3000308d   Thumb Code    24  board.o(.text.BOARD_InitDebugConsole)
    BOARD_InitPins                           0x300030a5   Thumb Code    48  pin_mux.o(.text.BOARD_InitPins)
    CLOCK_DeinitAudioPll                     0x3000310d   Thumb Code    48  fsl_clock.o(.text.CLOCK_DeinitAudioPll)
    CLOCK_DeinitSysPll1                      0x30003141   Thumb Code    64  fsl_clock.o(.text.CLOCK_DeinitSysPll1)
    CLOCK_GetFreq                            0x3000320d   Thumb Code   240  fsl_clock.o(.text.CLOCK_GetFreq)
    CLOCK_GetPllFreq                         0x30003321   Thumb Code    76  fsl_clock.o(.text.CLOCK_GetPllFreq)
    CLOCK_InitArmPll                         0x300033a1   Thumb Code   156  fsl_clock.o(.text.CLOCK_InitArmPll)
    CLOCK_InitPfd                            0x30003449   Thumb Code   140  fsl_clock.o(.text.CLOCK_InitPfd)
    CLOCK_InitSysPll2                        0x300034d9   Thumb Code   208  fsl_clock.o(.text.CLOCK_InitSysPll2)
    CLOCK_InitSysPll3                        0x300035c1   Thumb Code   100  fsl_clock.o(.text.CLOCK_InitSysPll3)
    CLOCK_InitVideoPll                       0x3000363d   Thumb Code   124  fsl_clock.o(.text.CLOCK_InitVideoPll)
    CLOCK_OSC_EnableOscRc400M                0x300036bd   Thumb Code    20  fsl_clock.o(.text.CLOCK_OSC_EnableOscRc400M)
    CLOCK_OSC_Set1MHzOutputBehavior          0x300036d5   Thumb Code    44  fsl_clock.o(.text.CLOCK_OSC_Set1MHzOutputBehavior)
    CLOCK_SetPllBypass                       0x30003701   Thumb Code    80  fsl_clock.o(.text.CLOCK_SetPllBypass)
    DCDC_BootIntoDCM                         0x30003781   Thumb Code    52  fsl_dcdc.o(.text.DCDC_BootIntoDCM)
    DbgConsole_Init                          0x30003815   Thumb Code    64  fsl_debug_console.o(.text.DbgConsole_Init)
    DbgConsole_Printf                        0x30003861   Thumb Code    24  fsl_debug_console.o(.text.DbgConsole_Printf)
    DbgConsole_Putchar                       0x30003899   Thumb Code    32  fsl_debug_console.o(.text.DbgConsole_Putchar)
    DbgConsole_Vprintf                       0x300038b9   Thumb Code   524  fsl_debug_console.o(.text.DbgConsole_Vprintf)
    GPIO_PinInit                             0x30003ac9   Thumb Code   116  fsl_gpio.o(.text.GPIO_PinInit)
    GPIO_PinSetInterruptConfig               0x30003b91   Thumb Code   108  fsl_gpio.o(.text.GPIO_PinSetInterruptConfig)
    GPIO_PinWrite                            0x30003bfd   Thumb Code    18  fsl_gpio.o(.text.GPIO_PinWrite)
    HAL_UartInit                             0x30003c11   Thumb Code   152  fsl_adapter_lpuart.o(.text.HAL_UartInit)
    HAL_UartReceiveBlocking                  0x30003ca9   Thumb Code    24  fsl_adapter_lpuart.o(.text.HAL_UartReceiveBlocking)
    HAL_UartSendBlocking                     0x30003cc1   Thumb Code    20  fsl_adapter_lpuart.o(.text.HAL_UartSendBlocking)
    LPUART10_DriverIRQHandler                0x30003cd9   Thumb Code    20  fsl_lpuart.o(.text.LPUART10_DriverIRQHandler)
    LPUART11_DriverIRQHandler                0x30003cf1   Thumb Code    20  fsl_lpuart.o(.text.LPUART11_DriverIRQHandler)
    LPUART12_DriverIRQHandler                0x30003d09   Thumb Code    20  fsl_lpuart.o(.text.LPUART12_DriverIRQHandler)
    LPUART1_DriverIRQHandler                 0x30003d21   Thumb Code    20  fsl_lpuart.o(.text.LPUART1_DriverIRQHandler)
    LPUART2_DriverIRQHandler                 0x30003d39   Thumb Code    20  fsl_lpuart.o(.text.LPUART2_DriverIRQHandler)
    LPUART3_DriverIRQHandler                 0x30003d51   Thumb Code    20  fsl_lpuart.o(.text.LPUART3_DriverIRQHandler)
    LPUART4_DriverIRQHandler                 0x30003d69   Thumb Code    20  fsl_lpuart.o(.text.LPUART4_DriverIRQHandler)
    LPUART5_DriverIRQHandler                 0x30003d81   Thumb Code    20  fsl_lpuart.o(.text.LPUART5_DriverIRQHandler)
    LPUART6_DriverIRQHandler                 0x30003d99   Thumb Code    20  fsl_lpuart.o(.text.LPUART6_DriverIRQHandler)
    LPUART7_DriverIRQHandler                 0x30003db1   Thumb Code    20  fsl_lpuart.o(.text.LPUART7_DriverIRQHandler)
    LPUART8_DriverIRQHandler                 0x30003dc9   Thumb Code    20  fsl_lpuart.o(.text.LPUART8_DriverIRQHandler)
    LPUART9_DriverIRQHandler                 0x30003de1   Thumb Code    20  fsl_lpuart.o(.text.LPUART9_DriverIRQHandler)
    LPUART_ClearStatusFlags                  0x30003e01   Thumb Code    56  fsl_lpuart.o(.text.LPUART_ClearStatusFlags)
    LPUART_GetDefaultConfig                  0x30003e3d   Thumb Code    32  fsl_lpuart.o(.text.LPUART_GetDefaultConfig)
    LPUART_GetInstance                       0x30003e5d   Thumb Code    24  fsl_lpuart.o(.text.LPUART_GetInstance)
    LPUART_Init                              0x30003ea9   Thumb Code   472  fsl_lpuart.o(.text.LPUART_Init)
    LPUART_ReadBlocking                      0x3000408d   Thumb Code   180  fsl_lpuart.o(.text.LPUART_ReadBlocking)
    LPUART_WriteBlocking                     0x30004141   Thumb Code    28  fsl_lpuart.o(.text.LPUART_WriteBlocking)
    PMU_EnableBodyBias                       0x30004481   Thumb Code   156  fsl_pmu.o(.text.PMU_EnableBodyBias)
    PMU_StaticEnableLpsrAnaLdoBypassMode     0x30004529   Thumb Code   116  fsl_pmu.o(.text.PMU_StaticEnableLpsrAnaLdoBypassMode)
    PMU_StaticEnableLpsrDigLdoBypassMode     0x300045a1   Thumb Code    92  fsl_pmu.o(.text.PMU_StaticEnableLpsrDigLdoBypassMode)
    PMU_StaticEnablePllLdo                   0x300045fd   Thumb Code    56  fsl_pmu.o(.text.PMU_StaticEnablePllLdo)
    SDK_DelayAtLeastUs                       0x30004635   Thumb Code    32  fsl_common_arm.o(.text.SDK_DelayAtLeastUs)
    SystemInit                               0x30004659   Thumb Code   208  system_mimxrt1176_cm7.o(.text.SystemInit)
    SystemInitHook                           0x30004749   Thumb Code     2  system_mimxrt1176_cm7.o(.text.SystemInitHook)
    main                                     0x3000474d   Thumb Code    96  gpio_led_output.o(.text.main)
    __scatterload_copy                       0x300047f1   Thumb Code    14  handlers.o(i.__scatterload_copy)
    __scatterload_null                       0x300047ff   Thumb Code     2  handlers.o(i.__scatterload_null)
    __scatterload_zeroinit                   0x30004801   Thumb Code    14  handlers.o(i.__scatterload_zeroinit)
    armPllConfig_BOARD_BootClockRUN          0x30004810   Data           8  clock_config.o(.rodata.armPllConfig_BOARD_BootClockRUN)
    sysPll2Config_BOARD_BootClockRUN         0x30004fc4   Data          12  clock_config.o(.rodata.sysPll2Config_BOARD_BootClockRUN)
    videoPllConfig_BOARD_BootClockRUN        0x30004fd0   Data          20  clock_config.o(.rodata.videoPllConfig_BOARD_BootClockRUN)
    Region$$Table$$Base                      0x30004fe4   Number         0  anon$$obj.o(Region$$Table)
    Region$$Table$$Limit                     0x30005004   Number         0  anon$$obj.o(Region$$Table)



==============================================================================

Memory Map of the image

  Image Entry point : 0x30002415

  Load Region LR_m_text (Base: 0x30000400, Size: 0x00004c3c, Max: 0x00fbfc00, ABSOLUTE)

    Execution Region RW_m_ram_text (Exec base: 0x00000000, Load base: 0x3000503c, Size: 0x00000000, Max: 0x00040000, ABSOLUTE)

    **** No section assigned to this execution region ****


    Execution Region RW_m_data (Exec base: 0x20000000, Load base: 0x30005004, Size: 0x00000080, Max: 0x0003f800, ABSOLUTE)

    Exec Addr    Load Addr    Size         Type   Attr      Idx    E Section Name        Object

    0x20000000   0x30005004   0x00000004   Data   RW          593    .data.SystemCoreClock  system_mimxrt1176_cm7.o
    0x20000004   0x30005008   0x00000034   Data   RW          410    .data.s_lpuartIsr   fsl_lpuart.o
    0x20000038        -       0x00000014   Zero   RW          127    .bss.s_debugConsole  fsl_debug_console.o
    0x2000004c        -       0x00000034   Zero   RW          412    .bss.s_lpuartHandle  fsl_lpuart.o


    Execution Region ARM_LIB_HEAP (Exec base: 0x20000080, Load base: 0x3000503c, Size: 0x00000400, Max: 0x00000400, ABSOLUTE)

    Exec Addr    Load Addr    Size         Type   Attr      Idx    E Section Name        Object

    0x20000080        -       0x00000400   Zero   RW            2    ARM_LIB_HEAP.bss    anon$$obj.o


    Execution Region ARM_LIB_STACK (Exec base: 0x2003fc00, Load base: 0x3000503c, Size: 0x00000400, Max: 0x00000400, ABSOLUTE)

    Exec Addr    Load Addr    Size         Type   Attr      Idx    E Section Name        Object

    0x2003fc00        -       0x00000400   Zero   RW            3    ARM_LIB_STACK.bss   anon$$obj.o


    Execution Region RW_m_ncache (Exec base: 0x202c0000, Load base: 0x3000503c, Size: 0x00000000, Max: 0x00000000, ABSOLUTE)

    Exec Addr    Load Addr    Size         Type   Attr      Idx    E Section Name        Object

    0x202c0000        -       0x00000000   Zero   RW            4    RW_m_ncache.bss     anon$$obj.o


    Execution Region RW_m_ncache_unused (Exec base: 0x202c0000, Load base: 0x3000503c, Size: 0x00080000, Max: 0x00080000, ABSOLUTE)

    Exec Addr    Load Addr    Size         Type   Attr      Idx    E Section Name        Object

    0x202c0000        -       0x00080000   Zero   RW            5    RW_m_ncache_unused.bss  anon$$obj.o


    Execution Region RW_m_config_text (Exec base: 0x30000400, Load base: 0x30000400, Size: 0x00000200, Max: 0x00000c00, ABSOLUTE, FIXED)

    Exec Addr    Load Addr    Size         Type   Attr      Idx    E Section Name        Object

    0x30000400   0x30000400   0x00000200   Data   RO          639    .boot_hdr.conf      evkmimxrt1170_flexspi_nor_config.o


    Execution Region RW_m_ivt_text (Exec base: 0x30001000, Load base: 0x30001000, Size: 0x00000030, Max: 0x00001000, ABSOLUTE, FIXED)

    Exec Addr    Load Addr    Size         Type   Attr      Idx    E Section Name        Object

    0x30001000   0x30001000   0x00000020   Data   RO          637    .boot_hdr.ivt       fsl_flexspi_nor_boot.o
    0x30001020   0x30001020   0x00000010   Data   RO          636    .boot_hdr.boot_data  fsl_flexspi_nor_boot.o


    Execution Region VECTOR_ROM (Exec base: 0x30002000, Load base: 0x30002000, Size: 0x00000400, Max: 0x00000400, ABSOLUTE, FIXED)

    Exec Addr    Load Addr    Size         Type   Attr      Idx    E Section Name        Object

    0x30002000   0x30002000   0x00000400   Data   RO          634    .isr_vector         startup_mimxrt1176_cm7.o


    Execution Region VECTOR_RAM (Exec base: 0x30002000, Load base: 0x30005004, Size: 0x00000000, Max: 0x00000000, ABSOLUTE)

    Exec Addr    Load Addr    Size         Type   Attr      Idx    E Section Name        Object

    0x30002000        -       0x00000000   Zero   RW            1    VECTOR_RAM.bss      anon$$obj.o


    Execution Region ER_m_text (Exec base: 0x30002400, Load base: 0x30002400, Size: 0x00002c04, Max: 0x00fbdc00, ABSOLUTE, FIXED)

    Exec Addr    Load Addr    Size         Type   Attr      Idx    E Section Name        Object

    0x30002400   0x30002400   0x00000000   Code   RO          640  * .ARM.Collect$$$$00000000  mc_w.l(entry.o)
    0x30002400   0x30002400   0x00000004   Code   RO          668    .ARM.Collect$$$$00000003  mc_w.l(entry4.o)
    0x30002404   0x30002404   0x00000004   Code   RO          671    .ARM.Collect$$$$00000004  mc_w.l(entry5.o)
    0x30002408   0x30002408   0x00000000   Code   RO          673    .ARM.Collect$$$$00000008  mc_w.l(entry7b.o)
    0x30002408   0x30002408   0x00000000   Code   RO          675    .ARM.Collect$$$$0000000A  mc_w.l(entry8b.o)
    0x30002408   0x30002408   0x00000008   Code   RO          676    .ARM.Collect$$$$0000000B  mc_w.l(entry9a.o)
    0x30002410   0x30002410   0x00000000   Code   RO          678    .ARM.Collect$$$$0000000D  mc_w.l(entry10a.o)
    0x30002410   0x30002410   0x00000000   Code   RO          680    .ARM.Collect$$$$0000000F  mc_w.l(entry11a.o)
    0x30002410   0x30002410   0x00000004   Code   RO          669    .ARM.Collect$$$$00002714  mc_w.l(entry4.o)
    0x30002414   0x30002414   0x000002d4   Code   RO          633  * .text               startup_mimxrt1176_cm7.o
    0x300026e8   0x300026e8   0x00000062   Code   RO          643    .text               mc_w.l(uldiv.o)
    0x3000274a   0x3000274a   0x00000028   Code   RO          644    .text               mc_w.l(memcpy.o)
    0x30002772   0x30002772   0x00000024   Code   RO          646    .text               mc_w.l(memseta.o)
    0x30002796   0x30002796   0x0000000e   Code   RO          647    .text               mc_w.l(strlen.o)
    0x300027a4   0x300027a4   0x0000001e   Code   RO          682    .text               mc_w.l(llshl.o)
    0x300027c2   0x300027c2   0x00000020   Code   RO          683    .text               mc_w.l(llushr.o)
    0x300027e2   0x300027e2   0x00000002   PAD
    0x300027e4   0x300027e4   0x00000030   Code   RO          704    .text               mc_w.l(init.o)
    0x30002814   0x30002814   0x000001c8   Code   RO          550    .text.ANATOP_AI_Access  fsl_anatop_ai.o
    0x300029dc   0x300029dc   0x0000000a   Code   RO          554    .text.ANATOP_AI_Read  fsl_anatop_ai.o
    0x300029e6   0x300029e6   0x0000000a   Code   RO          552    .text.ANATOP_AI_Write  fsl_anatop_ai.o
    0x300029f0   0x300029f0   0x00000026   Code   RO          556    .text.ANATOP_AI_WriteWithMaskShift  fsl_anatop_ai.o
    0x30002a16   0x30002a16   0x00000012   Code   RO          163    .text.ANATOP_PllBypass  fsl_clock.o
    0x30002a28   0x30002a28   0x00000088   Code   RO          177    .text.ANATOP_PllConfigure  fsl_clock.o
    0x30002ab0   0x30002ab0   0x00000012   Code   RO          171    .text.ANATOP_PllEnableClk  fsl_clock.o
    0x30002ac2   0x30002ac2   0x00000012   Code   RO          175    .text.ANATOP_PllEnablePllReg  fsl_clock.o
    0x30002ad4   0x30002ad4   0x0000000a   Code   RO          183    .text.ANATOP_PllEnableSs  fsl_clock.o
    0x30002ade   0x30002ade   0x00000012   Code   RO          275    .text.ANATOP_PllHoldRingOff  fsl_clock.o
    0x30002af0   0x30002af0   0x00000018   Code   RO          173    .text.ANATOP_PllSetPower  fsl_clock.o
    0x30002b08   0x30002b08   0x00000024   Code   RO          179    .text.ANATOP_PllToggleHoldRingOff  fsl_clock.o
    0x30002b2c   0x30002b2c   0x000002cc   Code   RO           36    .text.BOARD_BootClockRUN  clock_config.o
    0x30002df8   0x30002df8   0x00000268   Code   RO           22    .text.BOARD_ConfigMPU  board.o
    0x30003060   0x30003060   0x0000002c   Code   RO           18    .text.BOARD_DebugConsoleSrcFreq  board.o
    0x3000308c   0x3000308c   0x00000018   Code   RO           20    .text.BOARD_InitDebugConsole  board.o
    0x300030a4   0x300030a4   0x00000038   Code   RO           15    .text.BOARD_InitPins  pin_mux.o
    0x300030dc   0x300030dc   0x00000030   Code   RO          391    .text.CLOCK_ControlGate  fsl_lpuart.o
    0x3000310c   0x3000310c   0x00000034   Code   RO          181    .text.CLOCK_DeinitAudioPll  fsl_clock.o
    0x30003140   0x30003140   0x00000044   Code   RO          201    .text.CLOCK_DeinitSysPll1  fsl_clock.o
    0x30003184   0x30003184   0x00000004   PAD
    0x30003188   0x30003188   0x00000084   Code   RO          239    .text.CLOCK_GetAvPllFreq  fsl_clock.o
    0x3000320c   0x3000320c   0x00000114   Code   RO          241    .text.CLOCK_GetFreq  fsl_clock.o
    0x30003320   0x30003320   0x00000058   Code   RO          237    .text.CLOCK_GetPllFreq  fsl_clock.o
    0x30003378   0x30003378   0x00000028   Code   RO           42    .text.CLOCK_GetRootClockFreq  clock_config.o
    0x300033a0   0x300033a0   0x000000a8   Code   RO          137    .text.CLOCK_InitArmPll  fsl_clock.o
    0x30003448   0x30003448   0x00000090   Code   RO          149    .text.CLOCK_InitPfd  fsl_clock.o
    0x300034d8   0x300034d8   0x000000e8   Code   RO          143    .text.CLOCK_InitSysPll2  fsl_clock.o
    0x300035c0   0x300035c0   0x0000007c   Code   RO          155    .text.CLOCK_InitSysPll3  fsl_clock.o
    0x3000363c   0x3000363c   0x00000080   Code   RO          193    .text.CLOCK_InitVideoPll  fsl_clock.o
    0x300036bc   0x300036bc   0x00000018   Code   RO          247    .text.CLOCK_OSC_EnableOscRc400M  fsl_clock.o
    0x300036d4   0x300036d4   0x0000002c   Code   RO          225    .text.CLOCK_OSC_Set1MHzOutputBehavior  fsl_clock.o
    0x30003700   0x30003700   0x00000054   Code   RO          161    .text.CLOCK_SetPllBypass  fsl_clock.o
    0x30003754   0x30003754   0x0000002c   Code   RO           40    .text.CLOCK_SetRootClock  clock_config.o
    0x30003780   0x30003780   0x00000038   Code   RO          526    .text.DCDC_BootIntoDCM  fsl_dcdc.o
    0x300037b8   0x300037b8   0x00000020   Code   RO           38    .text.DCDC_SetVDD1P0BuckModeTargetVoltage  clock_config.o
    0x300037d8   0x300037d8   0x0000003c   Code   RO          123    .text.DbgConsole_ConvertRadixNumToString  fsl_debug_console.o
    0x30003814   0x30003814   0x0000004c   Code   RO          109    .text.DbgConsole_Init  fsl_debug_console.o
    0x30003860   0x30003860   0x00000018   Code   RO          113    .text.DbgConsole_Printf  fsl_debug_console.o
    0x30003878   0x30003878   0x0000001e   Code   RO          125    .text.DbgConsole_PrintfPaddingCharacter  fsl_debug_console.o
    0x30003896   0x30003896   0x00000002   PAD
    0x30003898   0x30003898   0x00000020   Code   RO          117    .text.DbgConsole_Putchar  fsl_debug_console.o
    0x300038b8   0x300038b8   0x00000210   Code   RO          115    .text.DbgConsole_Vprintf  fsl_debug_console.o
    0x30003ac8   0x30003ac8   0x000000c8   Code   RO          130    .text.GPIO_PinInit  fsl_gpio.o
    0x30003b90   0x30003b90   0x0000006c   Code   RO          134    .text.GPIO_PinSetInterruptConfig  fsl_gpio.o
    0x30003bfc   0x30003bfc   0x00000012   Code   RO          132    .text.GPIO_PinWrite  fsl_gpio.o
    0x30003c0e   0x30003c0e   0x00000002   PAD
    0x30003c10   0x30003c10   0x00000098   Code   RO          595    .text.HAL_UartInit  fsl_adapter_lpuart.o
    0x30003ca8   0x30003ca8   0x00000018   Code   RO          599    .text.HAL_UartReceiveBlocking  fsl_adapter_lpuart.o
    0x30003cc0   0x30003cc0   0x00000018   Code   RO          601    .text.HAL_UartSendBlocking  fsl_adapter_lpuart.o
    0x30003cd8   0x30003cd8   0x00000018   Code   RO          385    .text.LPUART10_DriverIRQHandler  fsl_lpuart.o
    0x30003cf0   0x30003cf0   0x00000018   Code   RO          387    .text.LPUART11_DriverIRQHandler  fsl_lpuart.o
    0x30003d08   0x30003d08   0x00000018   Code   RO          389    .text.LPUART12_DriverIRQHandler  fsl_lpuart.o
    0x30003d20   0x30003d20   0x00000018   Code   RO          367    .text.LPUART1_DriverIRQHandler  fsl_lpuart.o
    0x30003d38   0x30003d38   0x00000018   Code   RO          369    .text.LPUART2_DriverIRQHandler  fsl_lpuart.o
    0x30003d50   0x30003d50   0x00000018   Code   RO          371    .text.LPUART3_DriverIRQHandler  fsl_lpuart.o
    0x30003d68   0x30003d68   0x00000018   Code   RO          373    .text.LPUART4_DriverIRQHandler  fsl_lpuart.o
    0x30003d80   0x30003d80   0x00000018   Code   RO          375    .text.LPUART5_DriverIRQHandler  fsl_lpuart.o
    0x30003d98   0x30003d98   0x00000018   Code   RO          377    .text.LPUART6_DriverIRQHandler  fsl_lpuart.o
    0x30003db0   0x30003db0   0x00000018   Code   RO          379    .text.LPUART7_DriverIRQHandler  fsl_lpuart.o
    0x30003dc8   0x30003dc8   0x00000018   Code   RO          381    .text.LPUART8_DriverIRQHandler  fsl_lpuart.o
    0x30003de0   0x30003de0   0x00000020   Code   RO          383    .text.LPUART9_DriverIRQHandler  fsl_lpuart.o
    0x30003e00   0x30003e00   0x0000003c   Code   RO          339    .text.LPUART_ClearStatusFlags  fsl_lpuart.o
    0x30003e3c   0x30003e3c   0x00000020   Code   RO          323    .text.LPUART_GetDefaultConfig  fsl_lpuart.o
    0x30003e5c   0x30003e5c   0x0000004c   Code   RO          315    .text.LPUART_GetInstance  fsl_lpuart.o
    0x30003ea8   0x30003ea8   0x000001e4   Code   RO          319    .text.LPUART_Init   fsl_lpuart.o
    0x3000408c   0x3000408c   0x000000b4   Code   RO          343    .text.LPUART_ReadBlocking  fsl_lpuart.o
    0x30004140   0x30004140   0x0000001c   Code   RO          341    .text.LPUART_WriteBlocking  fsl_lpuart.o
    0x3000415c   0x3000415c   0x0000000a   Code   RO           28    .text.OUTLINED_FUNCTION_0  board.o
    0x30004166   0x30004166   0x00000008   Code   RO           46    .text.OUTLINED_FUNCTION_0  clock_config.o
    0x3000416e   0x3000416e   0x00000006   Code   RO          397    .text.OUTLINED_FUNCTION_0  fsl_lpuart.o
    0x30004174   0x30004174   0x0000001c   Code   RO          558    .text.OUTLINED_FUNCTION_0  fsl_anatop_ai.o
    0x30004190   0x30004190   0x0000000a   Code   RO          591    .text.OUTLINED_FUNCTION_0  system_mimxrt1176_cm7.o
    0x3000419a   0x3000419a   0x0000000a   Code   RO           30    .text.OUTLINED_FUNCTION_1  board.o
    0x300041a4   0x300041a4   0x000000d6   Code   RO           48    .text.OUTLINED_FUNCTION_1  clock_config.o
    0x3000427a   0x3000427a   0x00000008   Code   RO          486    .text.OUTLINED_FUNCTION_1  fsl_pmu.o
    0x30004282   0x30004282   0x00000018   Code   RO          560    .text.OUTLINED_FUNCTION_1  fsl_anatop_ai.o
    0x3000429a   0x3000429a   0x0000000e   Code   RO           66    .text.OUTLINED_FUNCTION_10  clock_config.o
    0x300042a8   0x300042a8   0x0000000e   Code   RO          578    .text.OUTLINED_FUNCTION_10  fsl_anatop_ai.o
    0x300042b6   0x300042b6   0x0000000e   Code   RO           68    .text.OUTLINED_FUNCTION_11  clock_config.o
    0x300042c4   0x300042c4   0x0000000a   Code   RO          299    .text.OUTLINED_FUNCTION_11  fsl_clock.o
    0x300042ce   0x300042ce   0x0000000e   Code   RO          580    .text.OUTLINED_FUNCTION_11  fsl_anatop_ai.o
    0x300042dc   0x300042dc   0x0000000e   Code   RO           70    .text.OUTLINED_FUNCTION_12  clock_config.o
    0x300042ea   0x300042ea   0x0000000e   Code   RO          582    .text.OUTLINED_FUNCTION_12  fsl_anatop_ai.o
    0x300042f8   0x300042f8   0x0000000c   Code   RO           72    .text.OUTLINED_FUNCTION_13  clock_config.o
    0x30004304   0x30004304   0x00000006   Code   RO           74    .text.OUTLINED_FUNCTION_14  clock_config.o
    0x3000430a   0x3000430a   0x0000000e   Code   RO           76    .text.OUTLINED_FUNCTION_15  clock_config.o
    0x30004318   0x30004318   0x0000000a   Code   RO           78    .text.OUTLINED_FUNCTION_16  clock_config.o
    0x30004322   0x30004322   0x0000000a   Code   RO           80    .text.OUTLINED_FUNCTION_17  clock_config.o
    0x3000432c   0x3000432c   0x00000022   Code   RO           50    .text.OUTLINED_FUNCTION_2  clock_config.o
    0x3000434e   0x3000434e   0x00000016   Code   RO          281    .text.OUTLINED_FUNCTION_2  fsl_clock.o
    0x30004364   0x30004364   0x00000014   Code   RO          562    .text.OUTLINED_FUNCTION_2  fsl_anatop_ai.o
    0x30004378   0x30004378   0x00000010   Code   RO           52    .text.OUTLINED_FUNCTION_3  clock_config.o
    0x30004388   0x30004388   0x00000014   Code   RO          283    .text.OUTLINED_FUNCTION_3  fsl_clock.o
    0x3000439c   0x3000439c   0x00000014   Code   RO          564    .text.OUTLINED_FUNCTION_3  fsl_anatop_ai.o
    0x300043b0   0x300043b0   0x0000000e   Code   RO           54    .text.OUTLINED_FUNCTION_4  clock_config.o
    0x300043be   0x300043be   0x0000000c   Code   RO          285    .text.OUTLINED_FUNCTION_4  fsl_clock.o
    0x300043ca   0x300043ca   0x0000000a   Code   RO          492    .text.OUTLINED_FUNCTION_4  fsl_pmu.o
    0x300043d4   0x300043d4   0x00000014   Code   RO          566    .text.OUTLINED_FUNCTION_4  fsl_anatop_ai.o
    0x300043e8   0x300043e8   0x0000000e   Code   RO           56    .text.OUTLINED_FUNCTION_5  clock_config.o
    0x300043f6   0x300043f6   0x00000014   Code   RO          568    .text.OUTLINED_FUNCTION_5  fsl_anatop_ai.o
    0x3000440a   0x3000440a   0x0000000e   Code   RO           58    .text.OUTLINED_FUNCTION_6  clock_config.o
    0x30004418   0x30004418   0x00000014   Code   RO          570    .text.OUTLINED_FUNCTION_6  fsl_anatop_ai.o
    0x3000442c   0x3000442c   0x0000000e   Code   RO           60    .text.OUTLINED_FUNCTION_7  clock_config.o
    0x3000443a   0x3000443a   0x0000000e   Code   RO          572    .text.OUTLINED_FUNCTION_7  fsl_anatop_ai.o
    0x30004448   0x30004448   0x0000000e   Code   RO           62    .text.OUTLINED_FUNCTION_8  clock_config.o
    0x30004456   0x30004456   0x0000000e   Code   RO          574    .text.OUTLINED_FUNCTION_8  fsl_anatop_ai.o
    0x30004464   0x30004464   0x0000000e   Code   RO           64    .text.OUTLINED_FUNCTION_9  clock_config.o
    0x30004472   0x30004472   0x0000000e   Code   RO          576    .text.OUTLINED_FUNCTION_9  fsl_anatop_ai.o
    0x30004480   0x30004480   0x000000a8   Code   RO          474    .text.PMU_EnableBodyBias  fsl_pmu.o
    0x30004528   0x30004528   0x00000078   Code   RO          424    .text.PMU_StaticEnableLpsrAnaLdoBypassMode  fsl_pmu.o
    0x300045a0   0x300045a0   0x0000005c   Code   RO          434    .text.PMU_StaticEnableLpsrDigLdoBypassMode  fsl_pmu.o
    0x300045fc   0x300045fc   0x00000038   Code   RO          418    .text.PMU_StaticEnablePllLdo  fsl_pmu.o
    0x30004634   0x30004634   0x00000024   Code   RO          312    .text.SDK_DelayAtLeastUs  fsl_common_arm.o
    0x30004658   0x30004658   0x000000f0   Code   RO          585    .text.SystemInit    system_mimxrt1176_cm7.o
    0x30004748   0x30004748   0x00000002   Code   RO          587    .text.SystemInitHook  system_mimxrt1176_cm7.o
    0x3000474a   0x3000474a   0x00000002   PAD
    0x3000474c   0x3000474c   0x000000a4   Code   RO            7    .text.main          gpio_led_output.o
    0x300047f0   0x300047f0   0x0000000e   Code   RO          708    i.__scatterload_copy  mc_w.l(handlers.o)
    0x300047fe   0x300047fe   0x00000002   Code   RO          709    i.__scatterload_null  mc_w.l(handlers.o)
    0x30004800   0x30004800   0x0000000e   Code   RO          710    i.__scatterload_zeroinit  mc_w.l(handlers.o)
    0x3000480e   0x3000480e   0x00000002   PAD
    0x30004810   0x30004810   0x00000008   Data   RO           82    .rodata.armPllConfig_BOARD_BootClockRUN  clock_config.o
    0x30004818   0x30004818   0x00000034   Data   RO          607    .rodata.s_LpuartAdapterBase  fsl_adapter_lpuart.o
    0x3000484c   0x3000484c   0x00000278   Data   RO           32    .rodata.s_clockSourceName  board.o
    0x30004ac4   0x30004ac4   0x00000278   Data   RO           88    .rodata.s_clockSourceName  clock_config.o
    0x30004d3c   0x30004d3c   0x00000278   Data   RO          301    .rodata.s_clockSourceName  fsl_clock.o
    0x30004fb4   0x30004fb4   0x0000000d   Data   RO          411    .rodata.s_lpuartClock  fsl_lpuart.o
    0x30004fc1   0x30004fc1   0x00000003   PAD
    0x30004fc4   0x30004fc4   0x0000000c   Data   RO           83    .rodata.sysPll2Config_BOARD_BootClockRUN  clock_config.o
    0x30004fd0   0x30004fd0   0x00000014   Data   RO           84    .rodata.videoPllConfig_BOARD_BootClockRUN  clock_config.o
    0x30004fe4   0x30004fe4   0x00000020   Data   RO          707    Region$$Table       anon$$obj.o



  Load Region LR_CORE1_IMAGE (Base: 0x30fc0000, Size: 0x00000000, Max: 0xffffffff, ABSOLUTE)

    Execution Region CORE1_REGION (Exec base: 0x30fc0000, Load base: 0x30fc0000, Size: 0x00000000, Max: 0x00040000, ABSOLUTE)

    **** No section assigned to this execution region ****


==============================================================================

Image component sizes


      Code (inc. data)   RO Data    RW Data    ZI Data      Debug   Object Name

       704         88        632          0          0          0   board.o
      1282         60        672          0          0          0   clock_config.o
         0          0        512          0          0          0   evkmimxrt1170_flexspi_nor_config.o
       200          4         52          0          0          0   fsl_adapter_lpuart.o
       750         12          0          0          0          0   fsl_anatop_ai.o
      1906        192        632          0          0          0   fsl_clock.o
        36          4          0          0          0          0   fsl_common_arm.o
        56          4          0          0          0          0   fsl_dcdc.o
       750         40          0          0         20          0   fsl_debug_console.o
         0          0         48          0          0          0   fsl_flexspi_nor_boot.o
       326         90          0          0          0          0   fsl_gpio.o
      1210        128         13         52         52          0   fsl_lpuart.o
       454         16          0          0          0          0   fsl_pmu.o
       164         68          0          0          0          0   gpio_led_output.o
        56          8          0          0          0          0   pin_mux.o
       724        356       1024          0          0          0   startup_mimxrt1176_cm7.o
       252         32          0          4          0          0   system_mimxrt1176_cm7.o

    ----------------------------------------------------------------------
      8880       1106       3620         56     526408          0   Object Totals
         0          0         32          0     526336          0   (incl. Generated)
        10          4          3          0          0          0   (incl. Padding)

    ----------------------------------------------------------------------

      Code (inc. data)   RO Data    RW Data    ZI Data      Debug   Library Member Name

         0          0          0          0          0          0   entry.o
         0          0          0          0          0          0   entry10a.o
         0          0          0          0          0          0   entry11a.o
         8          4          0          0          0          0   entry4.o
         4          0          0          0          0          0   entry5.o
         0          0          0          0          0          0   entry7b.o
         0          0          0          0          0          0   entry8b.o
         8          4          0          0          0          0   entry9a.o
        30          0          0          0          0          0   handlers.o
        48         10          0          0          0          0   init.o
        30          0          0          0          0          0   llshl.o
        32          0          0          0          0          0   llushr.o
        40          0          0          0          0          0   memcpy.o
        36          0          0          0          0          0   memseta.o
        14          0          0          0          0          0   strlen.o
        98          0          0          0          0          0   uldiv.o

    ----------------------------------------------------------------------
       352         18          0          0          0          0   Library Totals
         4          0          0          0          0          0   (incl. Padding)

    ----------------------------------------------------------------------

      Code (inc. data)   RO Data    RW Data    ZI Data      Debug   Library Name

       348         18          0          0          0          0   mc_w.l

    ----------------------------------------------------------------------
       352         18          0          0          0          0   Library Totals

    ----------------------------------------------------------------------

==============================================================================


      Code (inc. data)   RO Data    RW Data    ZI Data      Debug   

      9232       1124       3620         56     526408          0   Grand Totals
      9232       1124       3620         56     526408          0   ELF Image Totals
      9232       1124       3620         56          0          0   ROM Totals

==============================================================================

    Total RO  Size (Code + RO Data)                12852 (  12.55kB)
    Total RW  Size (RW Data + ZI Data)            526464 ( 514.12kB)
    Total ROM Size (Code + RO Data + RW Data)      12908 (  12.61kB)

==============================================================================

