<!doctype html public "-//w3c//dtd html 4.0 transitional//en">
<html><head>
<title>Static Call Graph - [flexspi_nor_debug\canfd_interrupt_transfer_cm7.out]</title></head>
<body><HR>
<H1>Static Call Graph for image flexspi_nor_debug\canfd_interrupt_transfer_cm7.out</H1><HR>
<BR><P>#&#060CALLGRAPH&#062# ARM Linker, 6220000: Last Updated: Fri Apr 11 09:55:11 2025
<BR><P>
<H3>Maximum Stack Usage =        328 bytes + Unknown(Functions without stacksize, Cycles, Untraceable Function Pointers)</H3><H3>
Call chain for Maximum Stack Depth:</H3>
main &rArr; BOARD_InitDebugConsole &rArr; DbgConsole_Init &rArr; HAL_UartInit &rArr; LPUART_Init &rArr; __aeabi_assert &rArr; DbgConsole_Printf &rArr; DbgConsole_Vprintf &rArr; memcpy
<P>
<H3>
Functions with no stack information
</H3><UL>
 <LI><a href="#[0]">Reset_Handler</a>
 <LI><a href="#[a7]">ACMP1_IRQHandler</a>
 <LI><a href="#[a8]">ACMP2_IRQHandler</a>
 <LI><a href="#[a9]">ACMP3_IRQHandler</a>
 <LI><a href="#[aa]">ACMP4_IRQHandler</a>
 <LI><a href="#[62]">ADC1_IRQHandler</a>
 <LI><a href="#[63]">ADC2_IRQHandler</a>
 <LI><a href="#[9f]">ADC_ETC_ERROR_IRQ_IRQHandler</a>
 <LI><a href="#[9b]">ADC_ETC_IRQ0_IRQHandler</a>
 <LI><a href="#[9c]">ADC_ETC_IRQ1_IRQHandler</a>
 <LI><a href="#[9d]">ADC_ETC_IRQ2_IRQHandler</a>
 <LI><a href="#[9e]">ADC_ETC_IRQ3_IRQHandler</a>
 <LI><a href="#[121]">ASRC_DriverIRQHandler</a>
 <LI><a href="#[4]">BusFault_Handler</a>
 <LI><a href="#[4f]">CAAM_IRQ0_IRQHandler</a>
 <LI><a href="#[50]">CAAM_IRQ1_IRQHandler</a>
 <LI><a href="#[51]">CAAM_IRQ2_IRQHandler</a>
 <LI><a href="#[52]">CAAM_IRQ3_IRQHandler</a>
 <LI><a href="#[53]">CAAM_RECORVE_ERRPR_IRQHandler</a>
 <LI><a href="#[54]">CAAM_RTIC_IRQHandler</a>
 <LI><a href="#[112]">CAN1_ERROR_DriverIRQHandler</a>
 <LI><a href="#[114]">CAN2_ERROR_DriverIRQHandler</a>
 <LI><a href="#[116]">CAN3_ERROR_DriverIRQHandler</a>
 <LI><a href="#[119]">CDOG_DriverIRQHandler</a>
 <LI><a href="#[6d]">CM7_GPIO2_3_IRQHandler</a>
 <LI><a href="#[1d]">CORE_IRQHandler</a>
 <LI><a href="#[42]">CSI_IRQHandler</a>
 <LI><a href="#[1b]">CTI_TRIGGER_OUT0_IRQHandler</a>
 <LI><a href="#[1c]">CTI_TRIGGER_OUT1_IRQHandler</a>
 <LI><a href="#[49]">DAC_IRQHandler</a>
 <LI><a href="#[69]">DCIC1_IRQHandler</a>
 <LI><a href="#[6a]">DCIC2_IRQHandler</a>
 <LI><a href="#[e8]">DMA0_DMA16_DriverIRQHandler</a>
 <LI><a href="#[f2]">DMA10_DMA26_DriverIRQHandler</a>
 <LI><a href="#[f3]">DMA11_DMA27_DriverIRQHandler</a>
 <LI><a href="#[f4]">DMA12_DMA28_DriverIRQHandler</a>
 <LI><a href="#[f5]">DMA13_DMA29_DriverIRQHandler</a>
 <LI><a href="#[f6]">DMA14_DMA30_DriverIRQHandler</a>
 <LI><a href="#[f7]">DMA15_DMA31_DriverIRQHandler</a>
 <LI><a href="#[e9]">DMA1_DMA17_DriverIRQHandler</a>
 <LI><a href="#[ea]">DMA2_DMA18_DriverIRQHandler</a>
 <LI><a href="#[eb]">DMA3_DMA19_DriverIRQHandler</a>
 <LI><a href="#[ec]">DMA4_DMA20_DriverIRQHandler</a>
 <LI><a href="#[ed]">DMA5_DMA21_DriverIRQHandler</a>
 <LI><a href="#[ee]">DMA6_DMA22_DriverIRQHandler</a>
 <LI><a href="#[ef]">DMA7_DMA23_DriverIRQHandler</a>
 <LI><a href="#[f0]">DMA8_DMA24_DriverIRQHandler</a>
 <LI><a href="#[f1]">DMA9_DMA25_DriverIRQHandler</a>
 <LI><a href="#[f8]">DMA_ERROR_DriverIRQHandler</a>
 <LI><a href="#[7]">DebugMon_Handler</a>
 <LI><a href="#[e4]">DefaultISR</a>
 <LI><a href="#[d6]">EMVSIM1_IRQHandler</a>
 <LI><a href="#[d7]">EMVSIM2_IRQHandler</a>
 <LI><a href="#[af]">ENC1_IRQHandler</a>
 <LI><a href="#[b0]">ENC2_IRQHandler</a>
 <LI><a href="#[b1]">ENC3_IRQHandler</a>
 <LI><a href="#[b2]">ENC4_IRQHandler</a>
 <LI><a href="#[129]">ENET_1588_Timer_DriverIRQHandler</a>
 <LI><a href="#[12d]">ENET_1G_1588_Timer_DriverIRQHandler</a>
 <LI><a href="#[12c]">ENET_1G_DriverIRQHandler</a>
 <LI><a href="#[12a]">ENET_1G_MAC0_Tx_Rx_1_DriverIRQHandler</a>
 <LI><a href="#[12b]">ENET_1G_MAC0_Tx_Rx_2_DriverIRQHandler</a>
 <LI><a href="#[128]">ENET_DriverIRQHandler</a>
 <LI><a href="#[136]">ENET_QOS_DriverIRQHandler</a>
 <LI><a href="#[137]">ENET_QOS_PMT_DriverIRQHandler</a>
 <LI><a href="#[7c]">EWM_IRQHandler</a>
 <LI><a href="#[122]">FLEXIO1_DriverIRQHandler</a>
 <LI><a href="#[123]">FLEXIO2_DriverIRQHandler</a>
 <LI><a href="#[6c]">FLEXRAM_ECC_IRQHandler</a>
 <LI><a href="#[3c]">FLEXRAM_IRQHandler</a>
 <LI><a href="#[124]">FLEXSPI1_DriverIRQHandler</a>
 <LI><a href="#[125]">FLEXSPI2_DriverIRQHandler</a>
 <LI><a href="#[7f]">GPC_IRQHandler</a>
 <LI><a href="#[67]">GPIO13_Combined_0_31_IRQHandler</a>
 <LI><a href="#[6e]">GPIO1_Combined_0_15_IRQHandler</a>
 <LI><a href="#[6f]">GPIO1_Combined_16_31_IRQHandler</a>
 <LI><a href="#[70]">GPIO2_Combined_0_15_IRQHandler</a>
 <LI><a href="#[71]">GPIO2_Combined_16_31_IRQHandler</a>
 <LI><a href="#[72]">GPIO3_Combined_0_15_IRQHandler</a>
 <LI><a href="#[73]">GPIO3_Combined_16_31_IRQHandler</a>
 <LI><a href="#[74]">GPIO4_Combined_0_15_IRQHandler</a>
 <LI><a href="#[75]">GPIO4_Combined_16_31_IRQHandler</a>
 <LI><a href="#[76]">GPIO5_Combined_0_15_IRQHandler</a>
 <LI><a href="#[77]">GPIO5_Combined_16_31_IRQHandler</a>
 <LI><a href="#[47]">GPIO6_Combined_0_15_IRQHandler</a>
 <LI><a href="#[48]">GPIO6_Combined_16_31_IRQHandler</a>
 <LI><a href="#[3f]">GPR_IRQ_IRQHandler</a>
 <LI><a href="#[81]">GPT1_IRQHandler</a>
 <LI><a href="#[82]">GPT2_IRQHandler</a>
 <LI><a href="#[83]">GPT3_IRQHandler</a>
 <LI><a href="#[84]">GPT4_IRQHandler</a>
 <LI><a href="#[85]">GPT5_IRQHandler</a>
 <LI><a href="#[86]">GPT6_IRQHandler</a>
 <LI><a href="#[46]">GPU2D_IRQHandler</a>
 <LI><a href="#[4a]">KEY_MANAGER_IRQHandler</a>
 <LI><a href="#[3d]">KPP_IRQHandler</a>
 <LI><a href="#[41]">LCDIFv2_IRQHandler</a>
 <LI><a href="#[105]">LPI2C1_DriverIRQHandler</a>
 <LI><a href="#[106]">LPI2C2_DriverIRQHandler</a>
 <LI><a href="#[107]">LPI2C3_DriverIRQHandler</a>
 <LI><a href="#[108]">LPI2C4_DriverIRQHandler</a>
 <LI><a href="#[109]">LPI2C5_DriverIRQHandler</a>
 <LI><a href="#[10a]">LPI2C6_DriverIRQHandler</a>
 <LI><a href="#[10b]">LPSPI1_DriverIRQHandler</a>
 <LI><a href="#[10c]">LPSPI2_DriverIRQHandler</a>
 <LI><a href="#[10d]">LPSPI3_DriverIRQHandler</a>
 <LI><a href="#[10e]">LPSPI4_DriverIRQHandler</a>
 <LI><a href="#[10f]">LPSPI5_DriverIRQHandler</a>
 <LI><a href="#[110]">LPSPI6_DriverIRQHandler</a>
 <LI><a href="#[61]">LPSR_LP0_BROWNOUT_IRQHandler</a>
 <LI><a href="#[60]">LPSR_LP8_BROWNOUT_IRQHandler</a>
 <LI><a href="#[d9]">MECC1_FATAL_INT_IRQHandler</a>
 <LI><a href="#[d8]">MECC1_INT_IRQHandler</a>
 <LI><a href="#[db]">MECC2_FATAL_INT_IRQHandler</a>
 <LI><a href="#[da]">MECC2_INT_IRQHandler</a>
 <LI><a href="#[117]">MIPI_CSI_DriverIRQHandler</a>
 <LI><a href="#[118]">MIPI_DSI_DriverIRQHandler</a>
 <LI><a href="#[80]">MUA_IRQHandler</a>
 <LI><a href="#[3]">MemManage_Handler</a>
 <LI><a href="#[7e]">OCOTP_READ_DONE_ERROR_IRQHandler</a>
 <LI><a href="#[7d]">OCOTP_READ_FUSE_ERROR_IRQHandler</a>
 <LI><a href="#[131]">PDM_ERROR_DriverIRQHandler</a>
 <LI><a href="#[130]">PDM_EVENT_DriverIRQHandler</a>
 <LI><a href="#[12f]">PDM_HWVAD_ERROR_DriverIRQHandler</a>
 <LI><a href="#[12e]">PDM_HWVAD_EVENT_DriverIRQHandler</a>
 <LI><a href="#[a5]">PIT1_IRQHandler</a>
 <LI><a href="#[a6]">PIT2_IRQHandler</a>
 <LI><a href="#[87]">PWM1_0_IRQHandler</a>
 <LI><a href="#[88]">PWM1_1_IRQHandler</a>
 <LI><a href="#[89]">PWM1_2_IRQHandler</a>
 <LI><a href="#[8a]">PWM1_3_IRQHandler</a>
 <LI><a href="#[8b]">PWM1_FAULT_IRQHandler</a>
 <LI><a href="#[bb]">PWM2_0_IRQHandler</a>
 <LI><a href="#[bc]">PWM2_1_IRQHandler</a>
 <LI><a href="#[bd]">PWM2_2_IRQHandler</a>
 <LI><a href="#[be]">PWM2_3_IRQHandler</a>
 <LI><a href="#[bf]">PWM2_FAULT_IRQHandler</a>
 <LI><a href="#[c0]">PWM3_0_IRQHandler</a>
 <LI><a href="#[c1]">PWM3_1_IRQHandler</a>
 <LI><a href="#[c2]">PWM3_2_IRQHandler</a>
 <LI><a href="#[c3]">PWM3_3_IRQHandler</a>
 <LI><a href="#[c4]">PWM3_FAULT_IRQHandler</a>
 <LI><a href="#[c5]">PWM4_0_IRQHandler</a>
 <LI><a href="#[c6]">PWM4_1_IRQHandler</a>
 <LI><a href="#[c7]">PWM4_2_IRQHandler</a>
 <LI><a href="#[c8]">PWM4_3_IRQHandler</a>
 <LI><a href="#[c9]">PWM4_FAULT_IRQHandler</a>
 <LI><a href="#[43]">PXP_IRQHandler</a>
 <LI><a href="#[66]">RDC_IRQHandler</a>
 <LI><a href="#[7b]">RTWDOG3_IRQHandler</a>
 <LI><a href="#[68]">Reserved110_IRQHandler</a>
 <LI><a href="#[a0]">Reserved166_IRQHandler</a>
 <LI><a href="#[a1]">Reserved167_IRQHandler</a>
 <LI><a href="#[a2]">Reserved168_IRQHandler</a>
 <LI><a href="#[a3]">Reserved169_IRQHandler</a>
 <LI><a href="#[a4]">Reserved170_IRQHandler</a>
 <LI><a href="#[ab]">Reserved177_IRQHandler</a>
 <LI><a href="#[ac]">Reserved178_IRQHandler</a>
 <LI><a href="#[ad]">Reserved179_IRQHandler</a>
 <LI><a href="#[ae]">Reserved180_IRQHandler</a>
 <LI><a href="#[b3]">Reserved185_IRQHandler</a>
 <LI><a href="#[b4]">Reserved186_IRQHandler</a>
 <LI><a href="#[ca]">Reserved208_IRQHandler</a>
 <LI><a href="#[cb]">Reserved209_IRQHandler</a>
 <LI><a href="#[cc]">Reserved210_IRQHandler</a>
 <LI><a href="#[cd]">Reserved211_IRQHandler</a>
 <LI><a href="#[ce]">Reserved212_IRQHandler</a>
 <LI><a href="#[cf]">Reserved213_IRQHandler</a>
 <LI><a href="#[d0]">Reserved214_IRQHandler</a>
 <LI><a href="#[d1]">Reserved215_IRQHandler</a>
 <LI><a href="#[3e]">Reserved68_IRQHandler</a>
 <LI><a href="#[11a]">SAI1_DriverIRQHandler</a>
 <LI><a href="#[11b]">SAI2_DriverIRQHandler</a>
 <LI><a href="#[11c]">SAI3_RX_DriverIRQHandler</a>
 <LI><a href="#[11d]">SAI3_TX_DriverIRQHandler</a>
 <LI><a href="#[11e]">SAI4_RX_DriverIRQHandler</a>
 <LI><a href="#[11f]">SAI4_TX_DriverIRQHandler</a>
 <LI><a href="#[b9]">SEMA4_CP0_IRQHandler</a>
 <LI><a href="#[ba]">SEMA4_CP1_IRQHandler</a>
 <LI><a href="#[8e]">SEMC_IRQHandler</a>
 <LI><a href="#[4c]">SNVS_HP_NON_TZ_IRQHandler</a>
 <LI><a href="#[4d]">SNVS_HP_TZ_IRQHandler</a>
 <LI><a href="#[4e]">SNVS_PULSE_EVENT_IRQHandler</a>
 <LI><a href="#[120]">SPDIF_DriverIRQHandler</a>
 <LI><a href="#[5d]">TMPSNS_INT_IRQHandler</a>
 <LI><a href="#[5e]">TMPSNS_LOW_HIGH_IRQHandler</a>
 <LI><a href="#[5f]">TMPSNS_PANIC_IRQHandler</a>
 <LI><a href="#[b5]">TMR1_IRQHandler</a>
 <LI><a href="#[b6]">TMR2_IRQHandler</a>
 <LI><a href="#[b7]">TMR3_IRQHandler</a>
 <LI><a href="#[b8]">TMR4_IRQHandler</a>
 <LI><a href="#[64]">USBPHY1_IRQHandler</a>
 <LI><a href="#[65]">USBPHY2_IRQHandler</a>
 <LI><a href="#[92]">USB_OTG1_IRQHandler</a>
 <LI><a href="#[91]">USB_OTG2_IRQHandler</a>
 <LI><a href="#[126]">USDHC1_DriverIRQHandler</a>
 <LI><a href="#[127]">USDHC2_DriverIRQHandler</a>
 <LI><a href="#[5]">UsageFault_Handler</a>
 <LI><a href="#[7a]">WDOG1_IRQHandler</a>
 <LI><a href="#[4b]">WDOG2_IRQHandler</a>
 <LI><a href="#[99]">XBAR1_IRQ_0_1_IRQHandler</a>
 <LI><a href="#[9a]">XBAR1_IRQ_2_3_IRQHandler</a>
 <LI><a href="#[133]">XECC_FLEXSPI1_FATAL_INT_DriverIRQHandler</a>
 <LI><a href="#[132]">XECC_FLEXSPI1_INT_DriverIRQHandler</a>
 <LI><a href="#[135]">XECC_FLEXSPI2_FATAL_INT_DriverIRQHandler</a>
 <LI><a href="#[134]">XECC_FLEXSPI2_INT_DriverIRQHandler</a>
 <LI><a href="#[e1]">XECC_SEMC_FATAL_INT_IRQHandler</a>
 <LI><a href="#[e0]">XECC_SEMC_INT_IRQHandler</a>
 <LI><a href="#[40]">eLCDIF_IRQHandler</a>
 <LI><a href="#[1]">NMI_Handler</a>
 <LI><a href="#[2]">HardFault_Handler</a>
 <LI><a href="#[6]">SVC_Handler</a>
 <LI><a href="#[8]">PendSV_Handler</a>
 <LI><a href="#[9]">SysTick_Handler</a>
 <LI><a href="#[a]">DMA0_DMA16_IRQHandler</a>
 <LI><a href="#[b]">DMA1_DMA17_IRQHandler</a>
 <LI><a href="#[c]">DMA2_DMA18_IRQHandler</a>
 <LI><a href="#[d]">DMA3_DMA19_IRQHandler</a>
 <LI><a href="#[e]">DMA4_DMA20_IRQHandler</a>
 <LI><a href="#[f]">DMA5_DMA21_IRQHandler</a>
 <LI><a href="#[10]">DMA6_DMA22_IRQHandler</a>
 <LI><a href="#[11]">DMA7_DMA23_IRQHandler</a>
 <LI><a href="#[12]">DMA8_DMA24_IRQHandler</a>
 <LI><a href="#[13]">DMA9_DMA25_IRQHandler</a>
 <LI><a href="#[14]">DMA10_DMA26_IRQHandler</a>
 <LI><a href="#[15]">DMA11_DMA27_IRQHandler</a>
 <LI><a href="#[16]">DMA12_DMA28_IRQHandler</a>
 <LI><a href="#[17]">DMA13_DMA29_IRQHandler</a>
 <LI><a href="#[18]">DMA14_DMA30_IRQHandler</a>
 <LI><a href="#[19]">DMA15_DMA31_IRQHandler</a>
 <LI><a href="#[1a]">DMA_ERROR_IRQHandler</a>
 <LI><a href="#[1e]">LPUART1_IRQHandler</a>
 <LI><a href="#[1f]">LPUART2_IRQHandler</a>
 <LI><a href="#[20]">LPUART3_IRQHandler</a>
 <LI><a href="#[21]">LPUART4_IRQHandler</a>
 <LI><a href="#[22]">LPUART5_IRQHandler</a>
 <LI><a href="#[23]">LPUART6_IRQHandler</a>
 <LI><a href="#[24]">LPUART7_IRQHandler</a>
 <LI><a href="#[25]">LPUART8_IRQHandler</a>
 <LI><a href="#[26]">LPUART9_IRQHandler</a>
 <LI><a href="#[27]">LPUART10_IRQHandler</a>
 <LI><a href="#[28]">LPUART11_IRQHandler</a>
 <LI><a href="#[29]">LPUART12_IRQHandler</a>
 <LI><a href="#[2a]">LPI2C1_IRQHandler</a>
 <LI><a href="#[2b]">LPI2C2_IRQHandler</a>
 <LI><a href="#[2c]">LPI2C3_IRQHandler</a>
 <LI><a href="#[2d]">LPI2C4_IRQHandler</a>
 <LI><a href="#[2e]">LPI2C5_IRQHandler</a>
 <LI><a href="#[2f]">LPI2C6_IRQHandler</a>
 <LI><a href="#[30]">LPSPI1_IRQHandler</a>
 <LI><a href="#[31]">LPSPI2_IRQHandler</a>
 <LI><a href="#[32]">LPSPI3_IRQHandler</a>
 <LI><a href="#[33]">LPSPI4_IRQHandler</a>
 <LI><a href="#[34]">LPSPI5_IRQHandler</a>
 <LI><a href="#[35]">LPSPI6_IRQHandler</a>
 <LI><a href="#[36]">CAN1_IRQHandler</a>
 <LI><a href="#[37]">CAN1_ERROR_IRQHandler</a>
 <LI><a href="#[38]">CAN2_IRQHandler</a>
 <LI><a href="#[39]">CAN2_ERROR_IRQHandler</a>
 <LI><a href="#[3a]">CAN3_IRQHandler</a>
 <LI><a href="#[3b]">CAN3_ERROR_IRQHandler</a>
 <LI><a href="#[44]">MIPI_CSI_IRQHandler</a>
 <LI><a href="#[45]">MIPI_DSI_IRQHandler</a>
 <LI><a href="#[55]">CDOG_IRQHandler</a>
 <LI><a href="#[56]">SAI1_IRQHandler</a>
 <LI><a href="#[57]">SAI2_IRQHandler</a>
 <LI><a href="#[58]">SAI3_RX_IRQHandler</a>
 <LI><a href="#[59]">SAI3_TX_IRQHandler</a>
 <LI><a href="#[5a]">SAI4_RX_IRQHandler</a>
 <LI><a href="#[5b]">SAI4_TX_IRQHandler</a>
 <LI><a href="#[5c]">SPDIF_IRQHandler</a>
 <LI><a href="#[6b]">ASRC_IRQHandler</a>
 <LI><a href="#[78]">FLEXIO1_IRQHandler</a>
 <LI><a href="#[79]">FLEXIO2_IRQHandler</a>
 <LI><a href="#[8c]">FLEXSPI1_IRQHandler</a>
 <LI><a href="#[8d]">FLEXSPI2_IRQHandler</a>
 <LI><a href="#[8f]">USDHC1_IRQHandler</a>
 <LI><a href="#[90]">USDHC2_IRQHandler</a>
 <LI><a href="#[93]">ENET_IRQHandler</a>
 <LI><a href="#[94]">ENET_1588_Timer_IRQHandler</a>
 <LI><a href="#[95]">ENET_1G_MAC0_Tx_Rx_1_IRQHandler</a>
 <LI><a href="#[96]">ENET_1G_MAC0_Tx_Rx_2_IRQHandler</a>
 <LI><a href="#[97]">ENET_1G_IRQHandler</a>
 <LI><a href="#[98]">ENET_1G_1588_Timer_IRQHandler</a>
 <LI><a href="#[d2]">PDM_HWVAD_EVENT_IRQHandler</a>
 <LI><a href="#[d3]">PDM_HWVAD_ERROR_IRQHandler</a>
 <LI><a href="#[d4]">PDM_EVENT_IRQHandler</a>
 <LI><a href="#[d5]">PDM_ERROR_IRQHandler</a>
 <LI><a href="#[dc]">XECC_FLEXSPI1_INT_IRQHandler</a>
 <LI><a href="#[dd]">XECC_FLEXSPI1_FATAL_INT_IRQHandler</a>
 <LI><a href="#[de]">XECC_FLEXSPI2_INT_IRQHandler</a>
 <LI><a href="#[df]">XECC_FLEXSPI2_FATAL_INT_IRQHandler</a>
 <LI><a href="#[e2]">ENET_QOS_IRQHandler</a>
 <LI><a href="#[e3]">ENET_QOS_PMT_IRQHandler</a>
</UL>
</UL>
<P>
<H3>
Mutually Recursive functions
</H3> <LI><a href="#[157]">CLOCK_GetFreq</a>&nbsp;&nbsp;&nbsp;&rArr;&nbsp;&nbsp;&nbsp;<a href="#[157]">CLOCK_GetFreq</a><BR>
</UL>
<P>
<H3>
Function Pointers
</H3><UL>
 <LI><a href="#[a7]">ACMP1_IRQHandler</a> from startup_mimxrt1176_cm7.o(.text) referenced from startup_mimxrt1176_cm7.o(.isr_vector)
 <LI><a href="#[a8]">ACMP2_IRQHandler</a> from startup_mimxrt1176_cm7.o(.text) referenced from startup_mimxrt1176_cm7.o(.isr_vector)
 <LI><a href="#[a9]">ACMP3_IRQHandler</a> from startup_mimxrt1176_cm7.o(.text) referenced from startup_mimxrt1176_cm7.o(.isr_vector)
 <LI><a href="#[aa]">ACMP4_IRQHandler</a> from startup_mimxrt1176_cm7.o(.text) referenced from startup_mimxrt1176_cm7.o(.isr_vector)
 <LI><a href="#[62]">ADC1_IRQHandler</a> from startup_mimxrt1176_cm7.o(.text) referenced from startup_mimxrt1176_cm7.o(.isr_vector)
 <LI><a href="#[63]">ADC2_IRQHandler</a> from startup_mimxrt1176_cm7.o(.text) referenced from startup_mimxrt1176_cm7.o(.isr_vector)
 <LI><a href="#[9f]">ADC_ETC_ERROR_IRQ_IRQHandler</a> from startup_mimxrt1176_cm7.o(.text) referenced from startup_mimxrt1176_cm7.o(.isr_vector)
 <LI><a href="#[9b]">ADC_ETC_IRQ0_IRQHandler</a> from startup_mimxrt1176_cm7.o(.text) referenced from startup_mimxrt1176_cm7.o(.isr_vector)
 <LI><a href="#[9c]">ADC_ETC_IRQ1_IRQHandler</a> from startup_mimxrt1176_cm7.o(.text) referenced from startup_mimxrt1176_cm7.o(.isr_vector)
 <LI><a href="#[9d]">ADC_ETC_IRQ2_IRQHandler</a> from startup_mimxrt1176_cm7.o(.text) referenced from startup_mimxrt1176_cm7.o(.isr_vector)
 <LI><a href="#[9e]">ADC_ETC_IRQ3_IRQHandler</a> from startup_mimxrt1176_cm7.o(.text) referenced from startup_mimxrt1176_cm7.o(.isr_vector)
 <LI><a href="#[121]">ASRC_DriverIRQHandler</a> from startup_mimxrt1176_cm7.o(.text) referenced from startup_mimxrt1176_cm7.o(.text)
 <LI><a href="#[6b]">ASRC_IRQHandler</a> from startup_mimxrt1176_cm7.o(.text) referenced from startup_mimxrt1176_cm7.o(.isr_vector)
 <LI><a href="#[4]">BusFault_Handler</a> from startup_mimxrt1176_cm7.o(.text) referenced from startup_mimxrt1176_cm7.o(.isr_vector)
 <LI><a href="#[4f]">CAAM_IRQ0_IRQHandler</a> from startup_mimxrt1176_cm7.o(.text) referenced from startup_mimxrt1176_cm7.o(.isr_vector)
 <LI><a href="#[50]">CAAM_IRQ1_IRQHandler</a> from startup_mimxrt1176_cm7.o(.text) referenced from startup_mimxrt1176_cm7.o(.isr_vector)
 <LI><a href="#[51]">CAAM_IRQ2_IRQHandler</a> from startup_mimxrt1176_cm7.o(.text) referenced from startup_mimxrt1176_cm7.o(.isr_vector)
 <LI><a href="#[52]">CAAM_IRQ3_IRQHandler</a> from startup_mimxrt1176_cm7.o(.text) referenced from startup_mimxrt1176_cm7.o(.isr_vector)
 <LI><a href="#[53]">CAAM_RECORVE_ERRPR_IRQHandler</a> from startup_mimxrt1176_cm7.o(.text) referenced from startup_mimxrt1176_cm7.o(.isr_vector)
 <LI><a href="#[54]">CAAM_RTIC_IRQHandler</a> from startup_mimxrt1176_cm7.o(.text) referenced from startup_mimxrt1176_cm7.o(.isr_vector)
 <LI><a href="#[111]">CAN1_DriverIRQHandler</a> from fsl_flexcan.o(.text.CAN1_DriverIRQHandler) referenced from startup_mimxrt1176_cm7.o(.text)
 <LI><a href="#[112]">CAN1_ERROR_DriverIRQHandler</a> from startup_mimxrt1176_cm7.o(.text) referenced from startup_mimxrt1176_cm7.o(.text)
 <LI><a href="#[37]">CAN1_ERROR_IRQHandler</a> from startup_mimxrt1176_cm7.o(.text) referenced from startup_mimxrt1176_cm7.o(.isr_vector)
 <LI><a href="#[36]">CAN1_IRQHandler</a> from startup_mimxrt1176_cm7.o(.text) referenced from startup_mimxrt1176_cm7.o(.isr_vector)
 <LI><a href="#[113]">CAN2_DriverIRQHandler</a> from fsl_flexcan.o(.text.CAN2_DriverIRQHandler) referenced from startup_mimxrt1176_cm7.o(.text)
 <LI><a href="#[114]">CAN2_ERROR_DriverIRQHandler</a> from startup_mimxrt1176_cm7.o(.text) referenced from startup_mimxrt1176_cm7.o(.text)
 <LI><a href="#[39]">CAN2_ERROR_IRQHandler</a> from startup_mimxrt1176_cm7.o(.text) referenced from startup_mimxrt1176_cm7.o(.isr_vector)
 <LI><a href="#[38]">CAN2_IRQHandler</a> from startup_mimxrt1176_cm7.o(.text) referenced from startup_mimxrt1176_cm7.o(.isr_vector)
 <LI><a href="#[115]">CAN3_DriverIRQHandler</a> from fsl_flexcan.o(.text.CAN3_DriverIRQHandler) referenced from startup_mimxrt1176_cm7.o(.text)
 <LI><a href="#[116]">CAN3_ERROR_DriverIRQHandler</a> from startup_mimxrt1176_cm7.o(.text) referenced from startup_mimxrt1176_cm7.o(.text)
 <LI><a href="#[3b]">CAN3_ERROR_IRQHandler</a> from startup_mimxrt1176_cm7.o(.text) referenced from startup_mimxrt1176_cm7.o(.isr_vector)
 <LI><a href="#[3a]">CAN3_IRQHandler</a> from startup_mimxrt1176_cm7.o(.text) referenced from startup_mimxrt1176_cm7.o(.isr_vector)
 <LI><a href="#[119]">CDOG_DriverIRQHandler</a> from startup_mimxrt1176_cm7.o(.text) referenced from startup_mimxrt1176_cm7.o(.text)
 <LI><a href="#[55]">CDOG_IRQHandler</a> from startup_mimxrt1176_cm7.o(.text) referenced from startup_mimxrt1176_cm7.o(.isr_vector)
 <LI><a href="#[6d]">CM7_GPIO2_3_IRQHandler</a> from startup_mimxrt1176_cm7.o(.text) referenced from startup_mimxrt1176_cm7.o(.isr_vector)
 <LI><a href="#[1d]">CORE_IRQHandler</a> from startup_mimxrt1176_cm7.o(.text) referenced from startup_mimxrt1176_cm7.o(.isr_vector)
 <LI><a href="#[42]">CSI_IRQHandler</a> from startup_mimxrt1176_cm7.o(.text) referenced from startup_mimxrt1176_cm7.o(.isr_vector)
 <LI><a href="#[1b]">CTI_TRIGGER_OUT0_IRQHandler</a> from startup_mimxrt1176_cm7.o(.text) referenced from startup_mimxrt1176_cm7.o(.isr_vector)
 <LI><a href="#[1c]">CTI_TRIGGER_OUT1_IRQHandler</a> from startup_mimxrt1176_cm7.o(.text) referenced from startup_mimxrt1176_cm7.o(.isr_vector)
 <LI><a href="#[49]">DAC_IRQHandler</a> from startup_mimxrt1176_cm7.o(.text) referenced from startup_mimxrt1176_cm7.o(.isr_vector)
 <LI><a href="#[69]">DCIC1_IRQHandler</a> from startup_mimxrt1176_cm7.o(.text) referenced from startup_mimxrt1176_cm7.o(.isr_vector)
 <LI><a href="#[6a]">DCIC2_IRQHandler</a> from startup_mimxrt1176_cm7.o(.text) referenced from startup_mimxrt1176_cm7.o(.isr_vector)
 <LI><a href="#[e8]">DMA0_DMA16_DriverIRQHandler</a> from startup_mimxrt1176_cm7.o(.text) referenced from startup_mimxrt1176_cm7.o(.text)
 <LI><a href="#[a]">DMA0_DMA16_IRQHandler</a> from startup_mimxrt1176_cm7.o(.text) referenced from startup_mimxrt1176_cm7.o(.isr_vector)
 <LI><a href="#[f2]">DMA10_DMA26_DriverIRQHandler</a> from startup_mimxrt1176_cm7.o(.text) referenced from startup_mimxrt1176_cm7.o(.text)
 <LI><a href="#[14]">DMA10_DMA26_IRQHandler</a> from startup_mimxrt1176_cm7.o(.text) referenced from startup_mimxrt1176_cm7.o(.isr_vector)
 <LI><a href="#[f3]">DMA11_DMA27_DriverIRQHandler</a> from startup_mimxrt1176_cm7.o(.text) referenced from startup_mimxrt1176_cm7.o(.text)
 <LI><a href="#[15]">DMA11_DMA27_IRQHandler</a> from startup_mimxrt1176_cm7.o(.text) referenced from startup_mimxrt1176_cm7.o(.isr_vector)
 <LI><a href="#[f4]">DMA12_DMA28_DriverIRQHandler</a> from startup_mimxrt1176_cm7.o(.text) referenced from startup_mimxrt1176_cm7.o(.text)
 <LI><a href="#[16]">DMA12_DMA28_IRQHandler</a> from startup_mimxrt1176_cm7.o(.text) referenced from startup_mimxrt1176_cm7.o(.isr_vector)
 <LI><a href="#[f5]">DMA13_DMA29_DriverIRQHandler</a> from startup_mimxrt1176_cm7.o(.text) referenced from startup_mimxrt1176_cm7.o(.text)
 <LI><a href="#[17]">DMA13_DMA29_IRQHandler</a> from startup_mimxrt1176_cm7.o(.text) referenced from startup_mimxrt1176_cm7.o(.isr_vector)
 <LI><a href="#[f6]">DMA14_DMA30_DriverIRQHandler</a> from startup_mimxrt1176_cm7.o(.text) referenced from startup_mimxrt1176_cm7.o(.text)
 <LI><a href="#[18]">DMA14_DMA30_IRQHandler</a> from startup_mimxrt1176_cm7.o(.text) referenced from startup_mimxrt1176_cm7.o(.isr_vector)
 <LI><a href="#[f7]">DMA15_DMA31_DriverIRQHandler</a> from startup_mimxrt1176_cm7.o(.text) referenced from startup_mimxrt1176_cm7.o(.text)
 <LI><a href="#[19]">DMA15_DMA31_IRQHandler</a> from startup_mimxrt1176_cm7.o(.text) referenced from startup_mimxrt1176_cm7.o(.isr_vector)
 <LI><a href="#[e9]">DMA1_DMA17_DriverIRQHandler</a> from startup_mimxrt1176_cm7.o(.text) referenced from startup_mimxrt1176_cm7.o(.text)
 <LI><a href="#[b]">DMA1_DMA17_IRQHandler</a> from startup_mimxrt1176_cm7.o(.text) referenced from startup_mimxrt1176_cm7.o(.isr_vector)
 <LI><a href="#[ea]">DMA2_DMA18_DriverIRQHandler</a> from startup_mimxrt1176_cm7.o(.text) referenced from startup_mimxrt1176_cm7.o(.text)
 <LI><a href="#[c]">DMA2_DMA18_IRQHandler</a> from startup_mimxrt1176_cm7.o(.text) referenced from startup_mimxrt1176_cm7.o(.isr_vector)
 <LI><a href="#[eb]">DMA3_DMA19_DriverIRQHandler</a> from startup_mimxrt1176_cm7.o(.text) referenced from startup_mimxrt1176_cm7.o(.text)
 <LI><a href="#[d]">DMA3_DMA19_IRQHandler</a> from startup_mimxrt1176_cm7.o(.text) referenced from startup_mimxrt1176_cm7.o(.isr_vector)
 <LI><a href="#[ec]">DMA4_DMA20_DriverIRQHandler</a> from startup_mimxrt1176_cm7.o(.text) referenced from startup_mimxrt1176_cm7.o(.text)
 <LI><a href="#[e]">DMA4_DMA20_IRQHandler</a> from startup_mimxrt1176_cm7.o(.text) referenced from startup_mimxrt1176_cm7.o(.isr_vector)
 <LI><a href="#[ed]">DMA5_DMA21_DriverIRQHandler</a> from startup_mimxrt1176_cm7.o(.text) referenced from startup_mimxrt1176_cm7.o(.text)
 <LI><a href="#[f]">DMA5_DMA21_IRQHandler</a> from startup_mimxrt1176_cm7.o(.text) referenced from startup_mimxrt1176_cm7.o(.isr_vector)
 <LI><a href="#[ee]">DMA6_DMA22_DriverIRQHandler</a> from startup_mimxrt1176_cm7.o(.text) referenced from startup_mimxrt1176_cm7.o(.text)
 <LI><a href="#[10]">DMA6_DMA22_IRQHandler</a> from startup_mimxrt1176_cm7.o(.text) referenced from startup_mimxrt1176_cm7.o(.isr_vector)
 <LI><a href="#[ef]">DMA7_DMA23_DriverIRQHandler</a> from startup_mimxrt1176_cm7.o(.text) referenced from startup_mimxrt1176_cm7.o(.text)
 <LI><a href="#[11]">DMA7_DMA23_IRQHandler</a> from startup_mimxrt1176_cm7.o(.text) referenced from startup_mimxrt1176_cm7.o(.isr_vector)
 <LI><a href="#[f0]">DMA8_DMA24_DriverIRQHandler</a> from startup_mimxrt1176_cm7.o(.text) referenced from startup_mimxrt1176_cm7.o(.text)
 <LI><a href="#[12]">DMA8_DMA24_IRQHandler</a> from startup_mimxrt1176_cm7.o(.text) referenced from startup_mimxrt1176_cm7.o(.isr_vector)
 <LI><a href="#[f1]">DMA9_DMA25_DriverIRQHandler</a> from startup_mimxrt1176_cm7.o(.text) referenced from startup_mimxrt1176_cm7.o(.text)
 <LI><a href="#[13]">DMA9_DMA25_IRQHandler</a> from startup_mimxrt1176_cm7.o(.text) referenced from startup_mimxrt1176_cm7.o(.isr_vector)
 <LI><a href="#[f8]">DMA_ERROR_DriverIRQHandler</a> from startup_mimxrt1176_cm7.o(.text) referenced from startup_mimxrt1176_cm7.o(.text)
 <LI><a href="#[1a]">DMA_ERROR_IRQHandler</a> from startup_mimxrt1176_cm7.o(.text) referenced from startup_mimxrt1176_cm7.o(.isr_vector)
 <LI><a href="#[7]">DebugMon_Handler</a> from startup_mimxrt1176_cm7.o(.text) referenced from startup_mimxrt1176_cm7.o(.isr_vector)
 <LI><a href="#[e4]">DefaultISR</a> from startup_mimxrt1176_cm7.o(.text) referenced from fsl_flexcan.o(.data.s_flexcanIsr)
 <LI><a href="#[e4]">DefaultISR</a> from startup_mimxrt1176_cm7.o(.text) referenced 13 times from fsl_lpuart.o(.data.s_lpuartIsr)
 <LI><a href="#[e4]">DefaultISR</a> from startup_mimxrt1176_cm7.o(.text) referenced 21 times from startup_mimxrt1176_cm7.o(.isr_vector)
 <LI><a href="#[d6]">EMVSIM1_IRQHandler</a> from startup_mimxrt1176_cm7.o(.text) referenced from startup_mimxrt1176_cm7.o(.isr_vector)
 <LI><a href="#[d7]">EMVSIM2_IRQHandler</a> from startup_mimxrt1176_cm7.o(.text) referenced from startup_mimxrt1176_cm7.o(.isr_vector)
 <LI><a href="#[af]">ENC1_IRQHandler</a> from startup_mimxrt1176_cm7.o(.text) referenced from startup_mimxrt1176_cm7.o(.isr_vector)
 <LI><a href="#[b0]">ENC2_IRQHandler</a> from startup_mimxrt1176_cm7.o(.text) referenced from startup_mimxrt1176_cm7.o(.isr_vector)
 <LI><a href="#[b1]">ENC3_IRQHandler</a> from startup_mimxrt1176_cm7.o(.text) referenced from startup_mimxrt1176_cm7.o(.isr_vector)
 <LI><a href="#[b2]">ENC4_IRQHandler</a> from startup_mimxrt1176_cm7.o(.text) referenced from startup_mimxrt1176_cm7.o(.isr_vector)
 <LI><a href="#[129]">ENET_1588_Timer_DriverIRQHandler</a> from startup_mimxrt1176_cm7.o(.text) referenced from startup_mimxrt1176_cm7.o(.text)
 <LI><a href="#[94]">ENET_1588_Timer_IRQHandler</a> from startup_mimxrt1176_cm7.o(.text) referenced from startup_mimxrt1176_cm7.o(.isr_vector)
 <LI><a href="#[12d]">ENET_1G_1588_Timer_DriverIRQHandler</a> from startup_mimxrt1176_cm7.o(.text) referenced from startup_mimxrt1176_cm7.o(.text)
 <LI><a href="#[98]">ENET_1G_1588_Timer_IRQHandler</a> from startup_mimxrt1176_cm7.o(.text) referenced from startup_mimxrt1176_cm7.o(.isr_vector)
 <LI><a href="#[12c]">ENET_1G_DriverIRQHandler</a> from startup_mimxrt1176_cm7.o(.text) referenced from startup_mimxrt1176_cm7.o(.text)
 <LI><a href="#[97]">ENET_1G_IRQHandler</a> from startup_mimxrt1176_cm7.o(.text) referenced from startup_mimxrt1176_cm7.o(.isr_vector)
 <LI><a href="#[12a]">ENET_1G_MAC0_Tx_Rx_1_DriverIRQHandler</a> from startup_mimxrt1176_cm7.o(.text) referenced from startup_mimxrt1176_cm7.o(.text)
 <LI><a href="#[95]">ENET_1G_MAC0_Tx_Rx_1_IRQHandler</a> from startup_mimxrt1176_cm7.o(.text) referenced from startup_mimxrt1176_cm7.o(.isr_vector)
 <LI><a href="#[12b]">ENET_1G_MAC0_Tx_Rx_2_DriverIRQHandler</a> from startup_mimxrt1176_cm7.o(.text) referenced from startup_mimxrt1176_cm7.o(.text)
 <LI><a href="#[96]">ENET_1G_MAC0_Tx_Rx_2_IRQHandler</a> from startup_mimxrt1176_cm7.o(.text) referenced from startup_mimxrt1176_cm7.o(.isr_vector)
 <LI><a href="#[128]">ENET_DriverIRQHandler</a> from startup_mimxrt1176_cm7.o(.text) referenced from startup_mimxrt1176_cm7.o(.text)
 <LI><a href="#[93]">ENET_IRQHandler</a> from startup_mimxrt1176_cm7.o(.text) referenced from startup_mimxrt1176_cm7.o(.isr_vector)
 <LI><a href="#[136]">ENET_QOS_DriverIRQHandler</a> from startup_mimxrt1176_cm7.o(.text) referenced from startup_mimxrt1176_cm7.o(.text)
 <LI><a href="#[e2]">ENET_QOS_IRQHandler</a> from startup_mimxrt1176_cm7.o(.text) referenced from startup_mimxrt1176_cm7.o(.isr_vector)
 <LI><a href="#[137]">ENET_QOS_PMT_DriverIRQHandler</a> from startup_mimxrt1176_cm7.o(.text) referenced from startup_mimxrt1176_cm7.o(.text)
 <LI><a href="#[e3]">ENET_QOS_PMT_IRQHandler</a> from startup_mimxrt1176_cm7.o(.text) referenced from startup_mimxrt1176_cm7.o(.isr_vector)
 <LI><a href="#[7c]">EWM_IRQHandler</a> from startup_mimxrt1176_cm7.o(.text) referenced from startup_mimxrt1176_cm7.o(.isr_vector)
 <LI><a href="#[13a]">FLEXCAN_TransferHandleIRQ</a> from fsl_flexcan.o(.text.FLEXCAN_TransferHandleIRQ) referenced 2 times from fsl_flexcan.o(.text.FLEXCAN_TransferCreateHandle)
 <LI><a href="#[122]">FLEXIO1_DriverIRQHandler</a> from startup_mimxrt1176_cm7.o(.text) referenced from startup_mimxrt1176_cm7.o(.text)
 <LI><a href="#[78]">FLEXIO1_IRQHandler</a> from startup_mimxrt1176_cm7.o(.text) referenced from startup_mimxrt1176_cm7.o(.isr_vector)
 <LI><a href="#[123]">FLEXIO2_DriverIRQHandler</a> from startup_mimxrt1176_cm7.o(.text) referenced from startup_mimxrt1176_cm7.o(.text)
 <LI><a href="#[79]">FLEXIO2_IRQHandler</a> from startup_mimxrt1176_cm7.o(.text) referenced from startup_mimxrt1176_cm7.o(.isr_vector)
 <LI><a href="#[6c]">FLEXRAM_ECC_IRQHandler</a> from startup_mimxrt1176_cm7.o(.text) referenced from startup_mimxrt1176_cm7.o(.isr_vector)
 <LI><a href="#[3c]">FLEXRAM_IRQHandler</a> from startup_mimxrt1176_cm7.o(.text) referenced from startup_mimxrt1176_cm7.o(.isr_vector)
 <LI><a href="#[124]">FLEXSPI1_DriverIRQHandler</a> from startup_mimxrt1176_cm7.o(.text) referenced from startup_mimxrt1176_cm7.o(.text)
 <LI><a href="#[8c]">FLEXSPI1_IRQHandler</a> from startup_mimxrt1176_cm7.o(.text) referenced from startup_mimxrt1176_cm7.o(.isr_vector)
 <LI><a href="#[125]">FLEXSPI2_DriverIRQHandler</a> from startup_mimxrt1176_cm7.o(.text) referenced from startup_mimxrt1176_cm7.o(.text)
 <LI><a href="#[8d]">FLEXSPI2_IRQHandler</a> from startup_mimxrt1176_cm7.o(.text) referenced from startup_mimxrt1176_cm7.o(.isr_vector)
 <LI><a href="#[7f]">GPC_IRQHandler</a> from startup_mimxrt1176_cm7.o(.text) referenced from startup_mimxrt1176_cm7.o(.isr_vector)
 <LI><a href="#[67]">GPIO13_Combined_0_31_IRQHandler</a> from startup_mimxrt1176_cm7.o(.text) referenced from startup_mimxrt1176_cm7.o(.isr_vector)
 <LI><a href="#[6e]">GPIO1_Combined_0_15_IRQHandler</a> from startup_mimxrt1176_cm7.o(.text) referenced from startup_mimxrt1176_cm7.o(.isr_vector)
 <LI><a href="#[6f]">GPIO1_Combined_16_31_IRQHandler</a> from startup_mimxrt1176_cm7.o(.text) referenced from startup_mimxrt1176_cm7.o(.isr_vector)
 <LI><a href="#[70]">GPIO2_Combined_0_15_IRQHandler</a> from startup_mimxrt1176_cm7.o(.text) referenced from startup_mimxrt1176_cm7.o(.isr_vector)
 <LI><a href="#[71]">GPIO2_Combined_16_31_IRQHandler</a> from startup_mimxrt1176_cm7.o(.text) referenced from startup_mimxrt1176_cm7.o(.isr_vector)
 <LI><a href="#[72]">GPIO3_Combined_0_15_IRQHandler</a> from startup_mimxrt1176_cm7.o(.text) referenced from startup_mimxrt1176_cm7.o(.isr_vector)
 <LI><a href="#[73]">GPIO3_Combined_16_31_IRQHandler</a> from startup_mimxrt1176_cm7.o(.text) referenced from startup_mimxrt1176_cm7.o(.isr_vector)
 <LI><a href="#[74]">GPIO4_Combined_0_15_IRQHandler</a> from startup_mimxrt1176_cm7.o(.text) referenced from startup_mimxrt1176_cm7.o(.isr_vector)
 <LI><a href="#[75]">GPIO4_Combined_16_31_IRQHandler</a> from startup_mimxrt1176_cm7.o(.text) referenced from startup_mimxrt1176_cm7.o(.isr_vector)
 <LI><a href="#[76]">GPIO5_Combined_0_15_IRQHandler</a> from startup_mimxrt1176_cm7.o(.text) referenced from startup_mimxrt1176_cm7.o(.isr_vector)
 <LI><a href="#[77]">GPIO5_Combined_16_31_IRQHandler</a> from startup_mimxrt1176_cm7.o(.text) referenced from startup_mimxrt1176_cm7.o(.isr_vector)
 <LI><a href="#[47]">GPIO6_Combined_0_15_IRQHandler</a> from startup_mimxrt1176_cm7.o(.text) referenced from startup_mimxrt1176_cm7.o(.isr_vector)
 <LI><a href="#[48]">GPIO6_Combined_16_31_IRQHandler</a> from startup_mimxrt1176_cm7.o(.text) referenced from startup_mimxrt1176_cm7.o(.isr_vector)
 <LI><a href="#[3f]">GPR_IRQ_IRQHandler</a> from startup_mimxrt1176_cm7.o(.text) referenced from startup_mimxrt1176_cm7.o(.isr_vector)
 <LI><a href="#[81]">GPT1_IRQHandler</a> from startup_mimxrt1176_cm7.o(.text) referenced from startup_mimxrt1176_cm7.o(.isr_vector)
 <LI><a href="#[82]">GPT2_IRQHandler</a> from startup_mimxrt1176_cm7.o(.text) referenced from startup_mimxrt1176_cm7.o(.isr_vector)
 <LI><a href="#[83]">GPT3_IRQHandler</a> from startup_mimxrt1176_cm7.o(.text) referenced from startup_mimxrt1176_cm7.o(.isr_vector)
 <LI><a href="#[84]">GPT4_IRQHandler</a> from startup_mimxrt1176_cm7.o(.text) referenced from startup_mimxrt1176_cm7.o(.isr_vector)
 <LI><a href="#[85]">GPT5_IRQHandler</a> from startup_mimxrt1176_cm7.o(.text) referenced from startup_mimxrt1176_cm7.o(.isr_vector)
 <LI><a href="#[86]">GPT6_IRQHandler</a> from startup_mimxrt1176_cm7.o(.text) referenced from startup_mimxrt1176_cm7.o(.isr_vector)
 <LI><a href="#[46]">GPU2D_IRQHandler</a> from startup_mimxrt1176_cm7.o(.text) referenced from startup_mimxrt1176_cm7.o(.isr_vector)
 <LI><a href="#[139]">HAL_UartReceiveBlocking</a> from fsl_adapter_lpuart.o(.text.HAL_UartReceiveBlocking) referenced 2 times from fsl_debug_console.o(.text.DbgConsole_Init)
 <LI><a href="#[138]">HAL_UartSendBlocking</a> from fsl_adapter_lpuart.o(.text.HAL_UartSendBlocking) referenced 2 times from fsl_debug_console.o(.text.DbgConsole_Init)
 <LI><a href="#[2]">HardFault_Handler</a> from startup_mimxrt1176_cm7.o(.text) referenced from startup_mimxrt1176_cm7.o(.isr_vector)
 <LI><a href="#[2]">HardFault_Handler</a> from startup_mimxrt1176_cm7.o(.text) referenced from startup_mimxrt1176_cm7.o(.text)
 <LI><a href="#[4a]">KEY_MANAGER_IRQHandler</a> from startup_mimxrt1176_cm7.o(.text) referenced from startup_mimxrt1176_cm7.o(.isr_vector)
 <LI><a href="#[3d]">KPP_IRQHandler</a> from startup_mimxrt1176_cm7.o(.text) referenced from startup_mimxrt1176_cm7.o(.isr_vector)
 <LI><a href="#[41]">LCDIFv2_IRQHandler</a> from startup_mimxrt1176_cm7.o(.text) referenced from startup_mimxrt1176_cm7.o(.isr_vector)
 <LI><a href="#[105]">LPI2C1_DriverIRQHandler</a> from startup_mimxrt1176_cm7.o(.text) referenced from startup_mimxrt1176_cm7.o(.text)
 <LI><a href="#[2a]">LPI2C1_IRQHandler</a> from startup_mimxrt1176_cm7.o(.text) referenced from startup_mimxrt1176_cm7.o(.isr_vector)
 <LI><a href="#[106]">LPI2C2_DriverIRQHandler</a> from startup_mimxrt1176_cm7.o(.text) referenced from startup_mimxrt1176_cm7.o(.text)
 <LI><a href="#[2b]">LPI2C2_IRQHandler</a> from startup_mimxrt1176_cm7.o(.text) referenced from startup_mimxrt1176_cm7.o(.isr_vector)
 <LI><a href="#[107]">LPI2C3_DriverIRQHandler</a> from startup_mimxrt1176_cm7.o(.text) referenced from startup_mimxrt1176_cm7.o(.text)
 <LI><a href="#[2c]">LPI2C3_IRQHandler</a> from startup_mimxrt1176_cm7.o(.text) referenced from startup_mimxrt1176_cm7.o(.isr_vector)
 <LI><a href="#[108]">LPI2C4_DriverIRQHandler</a> from startup_mimxrt1176_cm7.o(.text) referenced from startup_mimxrt1176_cm7.o(.text)
 <LI><a href="#[2d]">LPI2C4_IRQHandler</a> from startup_mimxrt1176_cm7.o(.text) referenced from startup_mimxrt1176_cm7.o(.isr_vector)
 <LI><a href="#[109]">LPI2C5_DriverIRQHandler</a> from startup_mimxrt1176_cm7.o(.text) referenced from startup_mimxrt1176_cm7.o(.text)
 <LI><a href="#[2e]">LPI2C5_IRQHandler</a> from startup_mimxrt1176_cm7.o(.text) referenced from startup_mimxrt1176_cm7.o(.isr_vector)
 <LI><a href="#[10a]">LPI2C6_DriverIRQHandler</a> from startup_mimxrt1176_cm7.o(.text) referenced from startup_mimxrt1176_cm7.o(.text)
 <LI><a href="#[2f]">LPI2C6_IRQHandler</a> from startup_mimxrt1176_cm7.o(.text) referenced from startup_mimxrt1176_cm7.o(.isr_vector)
 <LI><a href="#[10b]">LPSPI1_DriverIRQHandler</a> from startup_mimxrt1176_cm7.o(.text) referenced from startup_mimxrt1176_cm7.o(.text)
 <LI><a href="#[30]">LPSPI1_IRQHandler</a> from startup_mimxrt1176_cm7.o(.text) referenced from startup_mimxrt1176_cm7.o(.isr_vector)
 <LI><a href="#[10c]">LPSPI2_DriverIRQHandler</a> from startup_mimxrt1176_cm7.o(.text) referenced from startup_mimxrt1176_cm7.o(.text)
 <LI><a href="#[31]">LPSPI2_IRQHandler</a> from startup_mimxrt1176_cm7.o(.text) referenced from startup_mimxrt1176_cm7.o(.isr_vector)
 <LI><a href="#[10d]">LPSPI3_DriverIRQHandler</a> from startup_mimxrt1176_cm7.o(.text) referenced from startup_mimxrt1176_cm7.o(.text)
 <LI><a href="#[32]">LPSPI3_IRQHandler</a> from startup_mimxrt1176_cm7.o(.text) referenced from startup_mimxrt1176_cm7.o(.isr_vector)
 <LI><a href="#[10e]">LPSPI4_DriverIRQHandler</a> from startup_mimxrt1176_cm7.o(.text) referenced from startup_mimxrt1176_cm7.o(.text)
 <LI><a href="#[33]">LPSPI4_IRQHandler</a> from startup_mimxrt1176_cm7.o(.text) referenced from startup_mimxrt1176_cm7.o(.isr_vector)
 <LI><a href="#[10f]">LPSPI5_DriverIRQHandler</a> from startup_mimxrt1176_cm7.o(.text) referenced from startup_mimxrt1176_cm7.o(.text)
 <LI><a href="#[34]">LPSPI5_IRQHandler</a> from startup_mimxrt1176_cm7.o(.text) referenced from startup_mimxrt1176_cm7.o(.isr_vector)
 <LI><a href="#[110]">LPSPI6_DriverIRQHandler</a> from startup_mimxrt1176_cm7.o(.text) referenced from startup_mimxrt1176_cm7.o(.text)
 <LI><a href="#[35]">LPSPI6_IRQHandler</a> from startup_mimxrt1176_cm7.o(.text) referenced from startup_mimxrt1176_cm7.o(.isr_vector)
 <LI><a href="#[61]">LPSR_LP0_BROWNOUT_IRQHandler</a> from startup_mimxrt1176_cm7.o(.text) referenced from startup_mimxrt1176_cm7.o(.isr_vector)
 <LI><a href="#[60]">LPSR_LP8_BROWNOUT_IRQHandler</a> from startup_mimxrt1176_cm7.o(.text) referenced from startup_mimxrt1176_cm7.o(.isr_vector)
 <LI><a href="#[102]">LPUART10_DriverIRQHandler</a> from fsl_lpuart.o(.text.LPUART10_DriverIRQHandler) referenced from startup_mimxrt1176_cm7.o(.text)
 <LI><a href="#[27]">LPUART10_IRQHandler</a> from startup_mimxrt1176_cm7.o(.text) referenced from startup_mimxrt1176_cm7.o(.isr_vector)
 <LI><a href="#[103]">LPUART11_DriverIRQHandler</a> from fsl_lpuart.o(.text.LPUART11_DriverIRQHandler) referenced from startup_mimxrt1176_cm7.o(.text)
 <LI><a href="#[28]">LPUART11_IRQHandler</a> from startup_mimxrt1176_cm7.o(.text) referenced from startup_mimxrt1176_cm7.o(.isr_vector)
 <LI><a href="#[104]">LPUART12_DriverIRQHandler</a> from fsl_lpuart.o(.text.LPUART12_DriverIRQHandler) referenced from startup_mimxrt1176_cm7.o(.text)
 <LI><a href="#[29]">LPUART12_IRQHandler</a> from startup_mimxrt1176_cm7.o(.text) referenced from startup_mimxrt1176_cm7.o(.isr_vector)
 <LI><a href="#[f9]">LPUART1_DriverIRQHandler</a> from fsl_lpuart.o(.text.LPUART1_DriverIRQHandler) referenced from startup_mimxrt1176_cm7.o(.text)
 <LI><a href="#[1e]">LPUART1_IRQHandler</a> from startup_mimxrt1176_cm7.o(.text) referenced from startup_mimxrt1176_cm7.o(.isr_vector)
 <LI><a href="#[fa]">LPUART2_DriverIRQHandler</a> from fsl_lpuart.o(.text.LPUART2_DriverIRQHandler) referenced from startup_mimxrt1176_cm7.o(.text)
 <LI><a href="#[1f]">LPUART2_IRQHandler</a> from startup_mimxrt1176_cm7.o(.text) referenced from startup_mimxrt1176_cm7.o(.isr_vector)
 <LI><a href="#[fb]">LPUART3_DriverIRQHandler</a> from fsl_lpuart.o(.text.LPUART3_DriverIRQHandler) referenced from startup_mimxrt1176_cm7.o(.text)
 <LI><a href="#[20]">LPUART3_IRQHandler</a> from startup_mimxrt1176_cm7.o(.text) referenced from startup_mimxrt1176_cm7.o(.isr_vector)
 <LI><a href="#[fc]">LPUART4_DriverIRQHandler</a> from fsl_lpuart.o(.text.LPUART4_DriverIRQHandler) referenced from startup_mimxrt1176_cm7.o(.text)
 <LI><a href="#[21]">LPUART4_IRQHandler</a> from startup_mimxrt1176_cm7.o(.text) referenced from startup_mimxrt1176_cm7.o(.isr_vector)
 <LI><a href="#[fd]">LPUART5_DriverIRQHandler</a> from fsl_lpuart.o(.text.LPUART5_DriverIRQHandler) referenced from startup_mimxrt1176_cm7.o(.text)
 <LI><a href="#[22]">LPUART5_IRQHandler</a> from startup_mimxrt1176_cm7.o(.text) referenced from startup_mimxrt1176_cm7.o(.isr_vector)
 <LI><a href="#[fe]">LPUART6_DriverIRQHandler</a> from fsl_lpuart.o(.text.LPUART6_DriverIRQHandler) referenced from startup_mimxrt1176_cm7.o(.text)
 <LI><a href="#[23]">LPUART6_IRQHandler</a> from startup_mimxrt1176_cm7.o(.text) referenced from startup_mimxrt1176_cm7.o(.isr_vector)
 <LI><a href="#[ff]">LPUART7_DriverIRQHandler</a> from fsl_lpuart.o(.text.LPUART7_DriverIRQHandler) referenced from startup_mimxrt1176_cm7.o(.text)
 <LI><a href="#[24]">LPUART7_IRQHandler</a> from startup_mimxrt1176_cm7.o(.text) referenced from startup_mimxrt1176_cm7.o(.isr_vector)
 <LI><a href="#[100]">LPUART8_DriverIRQHandler</a> from fsl_lpuart.o(.text.LPUART8_DriverIRQHandler) referenced from startup_mimxrt1176_cm7.o(.text)
 <LI><a href="#[25]">LPUART8_IRQHandler</a> from startup_mimxrt1176_cm7.o(.text) referenced from startup_mimxrt1176_cm7.o(.isr_vector)
 <LI><a href="#[101]">LPUART9_DriverIRQHandler</a> from fsl_lpuart.o(.text.LPUART9_DriverIRQHandler) referenced from startup_mimxrt1176_cm7.o(.text)
 <LI><a href="#[26]">LPUART9_IRQHandler</a> from startup_mimxrt1176_cm7.o(.text) referenced from startup_mimxrt1176_cm7.o(.isr_vector)
 <LI><a href="#[d9]">MECC1_FATAL_INT_IRQHandler</a> from startup_mimxrt1176_cm7.o(.text) referenced from startup_mimxrt1176_cm7.o(.isr_vector)
 <LI><a href="#[d8]">MECC1_INT_IRQHandler</a> from startup_mimxrt1176_cm7.o(.text) referenced from startup_mimxrt1176_cm7.o(.isr_vector)
 <LI><a href="#[db]">MECC2_FATAL_INT_IRQHandler</a> from startup_mimxrt1176_cm7.o(.text) referenced from startup_mimxrt1176_cm7.o(.isr_vector)
 <LI><a href="#[da]">MECC2_INT_IRQHandler</a> from startup_mimxrt1176_cm7.o(.text) referenced from startup_mimxrt1176_cm7.o(.isr_vector)
 <LI><a href="#[117]">MIPI_CSI_DriverIRQHandler</a> from startup_mimxrt1176_cm7.o(.text) referenced from startup_mimxrt1176_cm7.o(.text)
 <LI><a href="#[44]">MIPI_CSI_IRQHandler</a> from startup_mimxrt1176_cm7.o(.text) referenced from startup_mimxrt1176_cm7.o(.isr_vector)
 <LI><a href="#[118]">MIPI_DSI_DriverIRQHandler</a> from startup_mimxrt1176_cm7.o(.text) referenced from startup_mimxrt1176_cm7.o(.text)
 <LI><a href="#[45]">MIPI_DSI_IRQHandler</a> from startup_mimxrt1176_cm7.o(.text) referenced from startup_mimxrt1176_cm7.o(.isr_vector)
 <LI><a href="#[80]">MUA_IRQHandler</a> from startup_mimxrt1176_cm7.o(.text) referenced from startup_mimxrt1176_cm7.o(.isr_vector)
 <LI><a href="#[3]">MemManage_Handler</a> from startup_mimxrt1176_cm7.o(.text) referenced from startup_mimxrt1176_cm7.o(.isr_vector)
 <LI><a href="#[1]">NMI_Handler</a> from startup_mimxrt1176_cm7.o(.text) referenced from startup_mimxrt1176_cm7.o(.isr_vector)
 <LI><a href="#[1]">NMI_Handler</a> from startup_mimxrt1176_cm7.o(.text) referenced from startup_mimxrt1176_cm7.o(.text)
 <LI><a href="#[7e]">OCOTP_READ_DONE_ERROR_IRQHandler</a> from startup_mimxrt1176_cm7.o(.text) referenced from startup_mimxrt1176_cm7.o(.isr_vector)
 <LI><a href="#[7d]">OCOTP_READ_FUSE_ERROR_IRQHandler</a> from startup_mimxrt1176_cm7.o(.text) referenced from startup_mimxrt1176_cm7.o(.isr_vector)
 <LI><a href="#[131]">PDM_ERROR_DriverIRQHandler</a> from startup_mimxrt1176_cm7.o(.text) referenced from startup_mimxrt1176_cm7.o(.text)
 <LI><a href="#[d5]">PDM_ERROR_IRQHandler</a> from startup_mimxrt1176_cm7.o(.text) referenced from startup_mimxrt1176_cm7.o(.isr_vector)
 <LI><a href="#[130]">PDM_EVENT_DriverIRQHandler</a> from startup_mimxrt1176_cm7.o(.text) referenced from startup_mimxrt1176_cm7.o(.text)
 <LI><a href="#[d4]">PDM_EVENT_IRQHandler</a> from startup_mimxrt1176_cm7.o(.text) referenced from startup_mimxrt1176_cm7.o(.isr_vector)
 <LI><a href="#[12f]">PDM_HWVAD_ERROR_DriverIRQHandler</a> from startup_mimxrt1176_cm7.o(.text) referenced from startup_mimxrt1176_cm7.o(.text)
 <LI><a href="#[d3]">PDM_HWVAD_ERROR_IRQHandler</a> from startup_mimxrt1176_cm7.o(.text) referenced from startup_mimxrt1176_cm7.o(.isr_vector)
 <LI><a href="#[12e]">PDM_HWVAD_EVENT_DriverIRQHandler</a> from startup_mimxrt1176_cm7.o(.text) referenced from startup_mimxrt1176_cm7.o(.text)
 <LI><a href="#[d2]">PDM_HWVAD_EVENT_IRQHandler</a> from startup_mimxrt1176_cm7.o(.text) referenced from startup_mimxrt1176_cm7.o(.isr_vector)
 <LI><a href="#[a5]">PIT1_IRQHandler</a> from startup_mimxrt1176_cm7.o(.text) referenced from startup_mimxrt1176_cm7.o(.isr_vector)
 <LI><a href="#[a6]">PIT2_IRQHandler</a> from startup_mimxrt1176_cm7.o(.text) referenced from startup_mimxrt1176_cm7.o(.isr_vector)
 <LI><a href="#[87]">PWM1_0_IRQHandler</a> from startup_mimxrt1176_cm7.o(.text) referenced from startup_mimxrt1176_cm7.o(.isr_vector)
 <LI><a href="#[88]">PWM1_1_IRQHandler</a> from startup_mimxrt1176_cm7.o(.text) referenced from startup_mimxrt1176_cm7.o(.isr_vector)
 <LI><a href="#[89]">PWM1_2_IRQHandler</a> from startup_mimxrt1176_cm7.o(.text) referenced from startup_mimxrt1176_cm7.o(.isr_vector)
 <LI><a href="#[8a]">PWM1_3_IRQHandler</a> from startup_mimxrt1176_cm7.o(.text) referenced from startup_mimxrt1176_cm7.o(.isr_vector)
 <LI><a href="#[8b]">PWM1_FAULT_IRQHandler</a> from startup_mimxrt1176_cm7.o(.text) referenced from startup_mimxrt1176_cm7.o(.isr_vector)
 <LI><a href="#[bb]">PWM2_0_IRQHandler</a> from startup_mimxrt1176_cm7.o(.text) referenced from startup_mimxrt1176_cm7.o(.isr_vector)
 <LI><a href="#[bc]">PWM2_1_IRQHandler</a> from startup_mimxrt1176_cm7.o(.text) referenced from startup_mimxrt1176_cm7.o(.isr_vector)
 <LI><a href="#[bd]">PWM2_2_IRQHandler</a> from startup_mimxrt1176_cm7.o(.text) referenced from startup_mimxrt1176_cm7.o(.isr_vector)
 <LI><a href="#[be]">PWM2_3_IRQHandler</a> from startup_mimxrt1176_cm7.o(.text) referenced from startup_mimxrt1176_cm7.o(.isr_vector)
 <LI><a href="#[bf]">PWM2_FAULT_IRQHandler</a> from startup_mimxrt1176_cm7.o(.text) referenced from startup_mimxrt1176_cm7.o(.isr_vector)
 <LI><a href="#[c0]">PWM3_0_IRQHandler</a> from startup_mimxrt1176_cm7.o(.text) referenced from startup_mimxrt1176_cm7.o(.isr_vector)
 <LI><a href="#[c1]">PWM3_1_IRQHandler</a> from startup_mimxrt1176_cm7.o(.text) referenced from startup_mimxrt1176_cm7.o(.isr_vector)
 <LI><a href="#[c2]">PWM3_2_IRQHandler</a> from startup_mimxrt1176_cm7.o(.text) referenced from startup_mimxrt1176_cm7.o(.isr_vector)
 <LI><a href="#[c3]">PWM3_3_IRQHandler</a> from startup_mimxrt1176_cm7.o(.text) referenced from startup_mimxrt1176_cm7.o(.isr_vector)
 <LI><a href="#[c4]">PWM3_FAULT_IRQHandler</a> from startup_mimxrt1176_cm7.o(.text) referenced from startup_mimxrt1176_cm7.o(.isr_vector)
 <LI><a href="#[c5]">PWM4_0_IRQHandler</a> from startup_mimxrt1176_cm7.o(.text) referenced from startup_mimxrt1176_cm7.o(.isr_vector)
 <LI><a href="#[c6]">PWM4_1_IRQHandler</a> from startup_mimxrt1176_cm7.o(.text) referenced from startup_mimxrt1176_cm7.o(.isr_vector)
 <LI><a href="#[c7]">PWM4_2_IRQHandler</a> from startup_mimxrt1176_cm7.o(.text) referenced from startup_mimxrt1176_cm7.o(.isr_vector)
 <LI><a href="#[c8]">PWM4_3_IRQHandler</a> from startup_mimxrt1176_cm7.o(.text) referenced from startup_mimxrt1176_cm7.o(.isr_vector)
 <LI><a href="#[c9]">PWM4_FAULT_IRQHandler</a> from startup_mimxrt1176_cm7.o(.text) referenced from startup_mimxrt1176_cm7.o(.isr_vector)
 <LI><a href="#[43]">PXP_IRQHandler</a> from startup_mimxrt1176_cm7.o(.text) referenced from startup_mimxrt1176_cm7.o(.isr_vector)
 <LI><a href="#[8]">PendSV_Handler</a> from startup_mimxrt1176_cm7.o(.text) referenced from startup_mimxrt1176_cm7.o(.isr_vector)
 <LI><a href="#[8]">PendSV_Handler</a> from startup_mimxrt1176_cm7.o(.text) referenced from startup_mimxrt1176_cm7.o(.text)
 <LI><a href="#[66]">RDC_IRQHandler</a> from startup_mimxrt1176_cm7.o(.text) referenced from startup_mimxrt1176_cm7.o(.isr_vector)
 <LI><a href="#[7b]">RTWDOG3_IRQHandler</a> from startup_mimxrt1176_cm7.o(.text) referenced from startup_mimxrt1176_cm7.o(.isr_vector)
 <LI><a href="#[68]">Reserved110_IRQHandler</a> from startup_mimxrt1176_cm7.o(.text) referenced from startup_mimxrt1176_cm7.o(.isr_vector)
 <LI><a href="#[a0]">Reserved166_IRQHandler</a> from startup_mimxrt1176_cm7.o(.text) referenced from startup_mimxrt1176_cm7.o(.isr_vector)
 <LI><a href="#[a1]">Reserved167_IRQHandler</a> from startup_mimxrt1176_cm7.o(.text) referenced from startup_mimxrt1176_cm7.o(.isr_vector)
 <LI><a href="#[a2]">Reserved168_IRQHandler</a> from startup_mimxrt1176_cm7.o(.text) referenced from startup_mimxrt1176_cm7.o(.isr_vector)
 <LI><a href="#[a3]">Reserved169_IRQHandler</a> from startup_mimxrt1176_cm7.o(.text) referenced from startup_mimxrt1176_cm7.o(.isr_vector)
 <LI><a href="#[a4]">Reserved170_IRQHandler</a> from startup_mimxrt1176_cm7.o(.text) referenced from startup_mimxrt1176_cm7.o(.isr_vector)
 <LI><a href="#[ab]">Reserved177_IRQHandler</a> from startup_mimxrt1176_cm7.o(.text) referenced from startup_mimxrt1176_cm7.o(.isr_vector)
 <LI><a href="#[ac]">Reserved178_IRQHandler</a> from startup_mimxrt1176_cm7.o(.text) referenced from startup_mimxrt1176_cm7.o(.isr_vector)
 <LI><a href="#[ad]">Reserved179_IRQHandler</a> from startup_mimxrt1176_cm7.o(.text) referenced from startup_mimxrt1176_cm7.o(.isr_vector)
 <LI><a href="#[ae]">Reserved180_IRQHandler</a> from startup_mimxrt1176_cm7.o(.text) referenced from startup_mimxrt1176_cm7.o(.isr_vector)
 <LI><a href="#[b3]">Reserved185_IRQHandler</a> from startup_mimxrt1176_cm7.o(.text) referenced from startup_mimxrt1176_cm7.o(.isr_vector)
 <LI><a href="#[b4]">Reserved186_IRQHandler</a> from startup_mimxrt1176_cm7.o(.text) referenced from startup_mimxrt1176_cm7.o(.isr_vector)
 <LI><a href="#[ca]">Reserved208_IRQHandler</a> from startup_mimxrt1176_cm7.o(.text) referenced from startup_mimxrt1176_cm7.o(.isr_vector)
 <LI><a href="#[cb]">Reserved209_IRQHandler</a> from startup_mimxrt1176_cm7.o(.text) referenced from startup_mimxrt1176_cm7.o(.isr_vector)
 <LI><a href="#[cc]">Reserved210_IRQHandler</a> from startup_mimxrt1176_cm7.o(.text) referenced from startup_mimxrt1176_cm7.o(.isr_vector)
 <LI><a href="#[cd]">Reserved211_IRQHandler</a> from startup_mimxrt1176_cm7.o(.text) referenced from startup_mimxrt1176_cm7.o(.isr_vector)
 <LI><a href="#[ce]">Reserved212_IRQHandler</a> from startup_mimxrt1176_cm7.o(.text) referenced from startup_mimxrt1176_cm7.o(.isr_vector)
 <LI><a href="#[cf]">Reserved213_IRQHandler</a> from startup_mimxrt1176_cm7.o(.text) referenced from startup_mimxrt1176_cm7.o(.isr_vector)
 <LI><a href="#[d0]">Reserved214_IRQHandler</a> from startup_mimxrt1176_cm7.o(.text) referenced from startup_mimxrt1176_cm7.o(.isr_vector)
 <LI><a href="#[d1]">Reserved215_IRQHandler</a> from startup_mimxrt1176_cm7.o(.text) referenced from startup_mimxrt1176_cm7.o(.isr_vector)
 <LI><a href="#[3e]">Reserved68_IRQHandler</a> from startup_mimxrt1176_cm7.o(.text) referenced from startup_mimxrt1176_cm7.o(.isr_vector)
 <LI><a href="#[0]">Reset_Handler</a> from startup_mimxrt1176_cm7.o(.text) referenced from fsl_flexspi_nor_boot.o(.boot_hdr.ivt)
 <LI><a href="#[0]">Reset_Handler</a> from startup_mimxrt1176_cm7.o(.text) referenced from startup_mimxrt1176_cm7.o(.isr_vector)
 <LI><a href="#[11a]">SAI1_DriverIRQHandler</a> from startup_mimxrt1176_cm7.o(.text) referenced from startup_mimxrt1176_cm7.o(.text)
 <LI><a href="#[56]">SAI1_IRQHandler</a> from startup_mimxrt1176_cm7.o(.text) referenced from startup_mimxrt1176_cm7.o(.isr_vector)
 <LI><a href="#[11b]">SAI2_DriverIRQHandler</a> from startup_mimxrt1176_cm7.o(.text) referenced from startup_mimxrt1176_cm7.o(.text)
 <LI><a href="#[57]">SAI2_IRQHandler</a> from startup_mimxrt1176_cm7.o(.text) referenced from startup_mimxrt1176_cm7.o(.isr_vector)
 <LI><a href="#[11c]">SAI3_RX_DriverIRQHandler</a> from startup_mimxrt1176_cm7.o(.text) referenced from startup_mimxrt1176_cm7.o(.text)
 <LI><a href="#[58]">SAI3_RX_IRQHandler</a> from startup_mimxrt1176_cm7.o(.text) referenced from startup_mimxrt1176_cm7.o(.isr_vector)
 <LI><a href="#[11d]">SAI3_TX_DriverIRQHandler</a> from startup_mimxrt1176_cm7.o(.text) referenced from startup_mimxrt1176_cm7.o(.text)
 <LI><a href="#[59]">SAI3_TX_IRQHandler</a> from startup_mimxrt1176_cm7.o(.text) referenced from startup_mimxrt1176_cm7.o(.isr_vector)
 <LI><a href="#[11e]">SAI4_RX_DriverIRQHandler</a> from startup_mimxrt1176_cm7.o(.text) referenced from startup_mimxrt1176_cm7.o(.text)
 <LI><a href="#[5a]">SAI4_RX_IRQHandler</a> from startup_mimxrt1176_cm7.o(.text) referenced from startup_mimxrt1176_cm7.o(.isr_vector)
 <LI><a href="#[11f]">SAI4_TX_DriverIRQHandler</a> from startup_mimxrt1176_cm7.o(.text) referenced from startup_mimxrt1176_cm7.o(.text)
 <LI><a href="#[5b]">SAI4_TX_IRQHandler</a> from startup_mimxrt1176_cm7.o(.text) referenced from startup_mimxrt1176_cm7.o(.isr_vector)
 <LI><a href="#[b9]">SEMA4_CP0_IRQHandler</a> from startup_mimxrt1176_cm7.o(.text) referenced from startup_mimxrt1176_cm7.o(.isr_vector)
 <LI><a href="#[ba]">SEMA4_CP1_IRQHandler</a> from startup_mimxrt1176_cm7.o(.text) referenced from startup_mimxrt1176_cm7.o(.isr_vector)
 <LI><a href="#[8e]">SEMC_IRQHandler</a> from startup_mimxrt1176_cm7.o(.text) referenced from startup_mimxrt1176_cm7.o(.isr_vector)
 <LI><a href="#[4c]">SNVS_HP_NON_TZ_IRQHandler</a> from startup_mimxrt1176_cm7.o(.text) referenced from startup_mimxrt1176_cm7.o(.isr_vector)
 <LI><a href="#[4d]">SNVS_HP_TZ_IRQHandler</a> from startup_mimxrt1176_cm7.o(.text) referenced from startup_mimxrt1176_cm7.o(.isr_vector)
 <LI><a href="#[4e]">SNVS_PULSE_EVENT_IRQHandler</a> from startup_mimxrt1176_cm7.o(.text) referenced from startup_mimxrt1176_cm7.o(.isr_vector)
 <LI><a href="#[120]">SPDIF_DriverIRQHandler</a> from startup_mimxrt1176_cm7.o(.text) referenced from startup_mimxrt1176_cm7.o(.text)
 <LI><a href="#[5c]">SPDIF_IRQHandler</a> from startup_mimxrt1176_cm7.o(.text) referenced from startup_mimxrt1176_cm7.o(.isr_vector)
 <LI><a href="#[6]">SVC_Handler</a> from startup_mimxrt1176_cm7.o(.text) referenced from startup_mimxrt1176_cm7.o(.isr_vector)
 <LI><a href="#[6]">SVC_Handler</a> from startup_mimxrt1176_cm7.o(.text) referenced from startup_mimxrt1176_cm7.o(.text)
 <LI><a href="#[9]">SysTick_Handler</a> from startup_mimxrt1176_cm7.o(.text) referenced from startup_mimxrt1176_cm7.o(.isr_vector)
 <LI><a href="#[9]">SysTick_Handler</a> from startup_mimxrt1176_cm7.o(.text) referenced from startup_mimxrt1176_cm7.o(.text)
 <LI><a href="#[e6]">SystemInit</a> from system_mimxrt1176_cm7.o(.text.SystemInit) referenced from startup_mimxrt1176_cm7.o(.text)
 <LI><a href="#[5d]">TMPSNS_INT_IRQHandler</a> from startup_mimxrt1176_cm7.o(.text) referenced from startup_mimxrt1176_cm7.o(.isr_vector)
 <LI><a href="#[5e]">TMPSNS_LOW_HIGH_IRQHandler</a> from startup_mimxrt1176_cm7.o(.text) referenced from startup_mimxrt1176_cm7.o(.isr_vector)
 <LI><a href="#[5f]">TMPSNS_PANIC_IRQHandler</a> from startup_mimxrt1176_cm7.o(.text) referenced from startup_mimxrt1176_cm7.o(.isr_vector)
 <LI><a href="#[b5]">TMR1_IRQHandler</a> from startup_mimxrt1176_cm7.o(.text) referenced from startup_mimxrt1176_cm7.o(.isr_vector)
 <LI><a href="#[b6]">TMR2_IRQHandler</a> from startup_mimxrt1176_cm7.o(.text) referenced from startup_mimxrt1176_cm7.o(.isr_vector)
 <LI><a href="#[b7]">TMR3_IRQHandler</a> from startup_mimxrt1176_cm7.o(.text) referenced from startup_mimxrt1176_cm7.o(.isr_vector)
 <LI><a href="#[b8]">TMR4_IRQHandler</a> from startup_mimxrt1176_cm7.o(.text) referenced from startup_mimxrt1176_cm7.o(.isr_vector)
 <LI><a href="#[64]">USBPHY1_IRQHandler</a> from startup_mimxrt1176_cm7.o(.text) referenced from startup_mimxrt1176_cm7.o(.isr_vector)
 <LI><a href="#[65]">USBPHY2_IRQHandler</a> from startup_mimxrt1176_cm7.o(.text) referenced from startup_mimxrt1176_cm7.o(.isr_vector)
 <LI><a href="#[92]">USB_OTG1_IRQHandler</a> from startup_mimxrt1176_cm7.o(.text) referenced from startup_mimxrt1176_cm7.o(.isr_vector)
 <LI><a href="#[91]">USB_OTG2_IRQHandler</a> from startup_mimxrt1176_cm7.o(.text) referenced from startup_mimxrt1176_cm7.o(.isr_vector)
 <LI><a href="#[126]">USDHC1_DriverIRQHandler</a> from startup_mimxrt1176_cm7.o(.text) referenced from startup_mimxrt1176_cm7.o(.text)
 <LI><a href="#[8f]">USDHC1_IRQHandler</a> from startup_mimxrt1176_cm7.o(.text) referenced from startup_mimxrt1176_cm7.o(.isr_vector)
 <LI><a href="#[127]">USDHC2_DriverIRQHandler</a> from startup_mimxrt1176_cm7.o(.text) referenced from startup_mimxrt1176_cm7.o(.text)
 <LI><a href="#[90]">USDHC2_IRQHandler</a> from startup_mimxrt1176_cm7.o(.text) referenced from startup_mimxrt1176_cm7.o(.isr_vector)
 <LI><a href="#[5]">UsageFault_Handler</a> from startup_mimxrt1176_cm7.o(.text) referenced from startup_mimxrt1176_cm7.o(.isr_vector)
 <LI><a href="#[7a]">WDOG1_IRQHandler</a> from startup_mimxrt1176_cm7.o(.text) referenced from startup_mimxrt1176_cm7.o(.isr_vector)
 <LI><a href="#[4b]">WDOG2_IRQHandler</a> from startup_mimxrt1176_cm7.o(.text) referenced from startup_mimxrt1176_cm7.o(.isr_vector)
 <LI><a href="#[99]">XBAR1_IRQ_0_1_IRQHandler</a> from startup_mimxrt1176_cm7.o(.text) referenced from startup_mimxrt1176_cm7.o(.isr_vector)
 <LI><a href="#[9a]">XBAR1_IRQ_2_3_IRQHandler</a> from startup_mimxrt1176_cm7.o(.text) referenced from startup_mimxrt1176_cm7.o(.isr_vector)
 <LI><a href="#[133]">XECC_FLEXSPI1_FATAL_INT_DriverIRQHandler</a> from startup_mimxrt1176_cm7.o(.text) referenced from startup_mimxrt1176_cm7.o(.text)
 <LI><a href="#[dd]">XECC_FLEXSPI1_FATAL_INT_IRQHandler</a> from startup_mimxrt1176_cm7.o(.text) referenced from startup_mimxrt1176_cm7.o(.isr_vector)
 <LI><a href="#[132]">XECC_FLEXSPI1_INT_DriverIRQHandler</a> from startup_mimxrt1176_cm7.o(.text) referenced from startup_mimxrt1176_cm7.o(.text)
 <LI><a href="#[dc]">XECC_FLEXSPI1_INT_IRQHandler</a> from startup_mimxrt1176_cm7.o(.text) referenced from startup_mimxrt1176_cm7.o(.isr_vector)
 <LI><a href="#[135]">XECC_FLEXSPI2_FATAL_INT_DriverIRQHandler</a> from startup_mimxrt1176_cm7.o(.text) referenced from startup_mimxrt1176_cm7.o(.text)
 <LI><a href="#[df]">XECC_FLEXSPI2_FATAL_INT_IRQHandler</a> from startup_mimxrt1176_cm7.o(.text) referenced from startup_mimxrt1176_cm7.o(.isr_vector)
 <LI><a href="#[134]">XECC_FLEXSPI2_INT_DriverIRQHandler</a> from startup_mimxrt1176_cm7.o(.text) referenced from startup_mimxrt1176_cm7.o(.text)
 <LI><a href="#[de]">XECC_FLEXSPI2_INT_IRQHandler</a> from startup_mimxrt1176_cm7.o(.text) referenced from startup_mimxrt1176_cm7.o(.isr_vector)
 <LI><a href="#[e1]">XECC_SEMC_FATAL_INT_IRQHandler</a> from startup_mimxrt1176_cm7.o(.text) referenced from startup_mimxrt1176_cm7.o(.isr_vector)
 <LI><a href="#[e0]">XECC_SEMC_INT_IRQHandler</a> from startup_mimxrt1176_cm7.o(.text) referenced from startup_mimxrt1176_cm7.o(.isr_vector)
 <LI><a href="#[e7]">__main</a> from entry.o(.ARM.Collect$$$$00000000) referenced from startup_mimxrt1176_cm7.o(.text)
 <LI><a href="#[40]">eLCDIF_IRQHandler</a> from startup_mimxrt1176_cm7.o(.text) referenced from startup_mimxrt1176_cm7.o(.isr_vector)
 <LI><a href="#[13b]">flexcan_callback</a> from flexcan_interrupt_transfer.o(.text.flexcan_callback) referenced 2 times from flexcan_interrupt_transfer.o(.text.main)
 <LI><a href="#[e5]">main</a> from flexcan_interrupt_transfer.o(.text.main) referenced from entry9a.o(.ARM.Collect$$$$0000000B)
</UL>
<P>
<H3>
Global Symbols
</H3>
<P><STRONG><a name="[e7]"></a>__main</STRONG> (Thumb, 0 bytes, Stack size unknown bytes, entry.o(.ARM.Collect$$$$00000000))
<BR>[Address Reference Count : 1]<UL><LI> startup_mimxrt1176_cm7.o(.text)
</UL>
<P><STRONG><a name="[17d]"></a>_main_stk</STRONG> (Thumb, 0 bytes, Stack size unknown bytes, entry4.o(.ARM.Collect$$$$00000003))

<P><STRONG><a name="[13c]"></a>_main_scatterload</STRONG> (Thumb, 0 bytes, Stack size unknown bytes, entry5.o(.ARM.Collect$$$$00000004))
<BR><BR>[Calls]<UL><LI><a href="#[13d]">&gt;&gt;</a>&nbsp;&nbsp;&nbsp;__scatterload
</UL>

<P><STRONG><a name="[141]"></a>__main_after_scatterload</STRONG> (Thumb, 0 bytes, Stack size unknown bytes, entry5.o(.ARM.Collect$$$$00000004))
<BR><BR>[Called By]<UL><LI><a href="#[13d]">&gt;&gt;</a>&nbsp;&nbsp;&nbsp;__scatterload
</UL>

<P><STRONG><a name="[17e]"></a>_main_clock</STRONG> (Thumb, 0 bytes, Stack size unknown bytes, entry7b.o(.ARM.Collect$$$$00000008))

<P><STRONG><a name="[17f]"></a>_main_cpp_init</STRONG> (Thumb, 0 bytes, Stack size unknown bytes, entry8b.o(.ARM.Collect$$$$0000000A))

<P><STRONG><a name="[180]"></a>_main_init</STRONG> (Thumb, 0 bytes, Stack size unknown bytes, entry9a.o(.ARM.Collect$$$$0000000B))

<P><STRONG><a name="[181]"></a>__rt_final_cpp</STRONG> (Thumb, 0 bytes, Stack size unknown bytes, entry10a.o(.ARM.Collect$$$$0000000D))

<P><STRONG><a name="[182]"></a>__rt_final_exit</STRONG> (Thumb, 0 bytes, Stack size unknown bytes, entry11a.o(.ARM.Collect$$$$0000000F))

<P><STRONG><a name="[0]"></a>Reset_Handler</STRONG> (Thumb, 40 bytes, Stack size unknown bytes, startup_mimxrt1176_cm7.o(.text))
<BR>[Address Reference Count : 2]<UL><LI> fsl_flexspi_nor_boot.o(.boot_hdr.ivt)
<LI> startup_mimxrt1176_cm7.o(.isr_vector)
</UL>
<P><STRONG><a name="[a7]"></a>ACMP1_IRQHandler</STRONG> (Thumb, 4 bytes, Stack size unknown bytes, startup_mimxrt1176_cm7.o(.text))
<BR><BR>[Calls]<UL><LI><a href="#[e4]">&gt;&gt;</a>&nbsp;&nbsp;&nbsp;DefaultISR
</UL>
<BR>[Address Reference Count : 1]<UL><LI> startup_mimxrt1176_cm7.o(.isr_vector)
</UL>
<P><STRONG><a name="[a8]"></a>ACMP2_IRQHandler</STRONG> (Thumb, 4 bytes, Stack size unknown bytes, startup_mimxrt1176_cm7.o(.text))
<BR>[Address Reference Count : 1]<UL><LI> startup_mimxrt1176_cm7.o(.isr_vector)
</UL>
<P><STRONG><a name="[a9]"></a>ACMP3_IRQHandler</STRONG> (Thumb, 4 bytes, Stack size unknown bytes, startup_mimxrt1176_cm7.o(.text))
<BR>[Address Reference Count : 1]<UL><LI> startup_mimxrt1176_cm7.o(.isr_vector)
</UL>
<P><STRONG><a name="[aa]"></a>ACMP4_IRQHandler</STRONG> (Thumb, 4 bytes, Stack size unknown bytes, startup_mimxrt1176_cm7.o(.text))
<BR>[Address Reference Count : 1]<UL><LI> startup_mimxrt1176_cm7.o(.isr_vector)
</UL>
<P><STRONG><a name="[62]"></a>ADC1_IRQHandler</STRONG> (Thumb, 4 bytes, Stack size unknown bytes, startup_mimxrt1176_cm7.o(.text))
<BR>[Address Reference Count : 1]<UL><LI> startup_mimxrt1176_cm7.o(.isr_vector)
</UL>
<P><STRONG><a name="[63]"></a>ADC2_IRQHandler</STRONG> (Thumb, 4 bytes, Stack size unknown bytes, startup_mimxrt1176_cm7.o(.text))
<BR>[Address Reference Count : 1]<UL><LI> startup_mimxrt1176_cm7.o(.isr_vector)
</UL>
<P><STRONG><a name="[9f]"></a>ADC_ETC_ERROR_IRQ_IRQHandler</STRONG> (Thumb, 4 bytes, Stack size unknown bytes, startup_mimxrt1176_cm7.o(.text))
<BR>[Address Reference Count : 1]<UL><LI> startup_mimxrt1176_cm7.o(.isr_vector)
</UL>
<P><STRONG><a name="[9b]"></a>ADC_ETC_IRQ0_IRQHandler</STRONG> (Thumb, 4 bytes, Stack size unknown bytes, startup_mimxrt1176_cm7.o(.text))
<BR>[Address Reference Count : 1]<UL><LI> startup_mimxrt1176_cm7.o(.isr_vector)
</UL>
<P><STRONG><a name="[9c]"></a>ADC_ETC_IRQ1_IRQHandler</STRONG> (Thumb, 4 bytes, Stack size unknown bytes, startup_mimxrt1176_cm7.o(.text))
<BR>[Address Reference Count : 1]<UL><LI> startup_mimxrt1176_cm7.o(.isr_vector)
</UL>
<P><STRONG><a name="[9d]"></a>ADC_ETC_IRQ2_IRQHandler</STRONG> (Thumb, 4 bytes, Stack size unknown bytes, startup_mimxrt1176_cm7.o(.text))
<BR>[Address Reference Count : 1]<UL><LI> startup_mimxrt1176_cm7.o(.isr_vector)
</UL>
<P><STRONG><a name="[9e]"></a>ADC_ETC_IRQ3_IRQHandler</STRONG> (Thumb, 4 bytes, Stack size unknown bytes, startup_mimxrt1176_cm7.o(.text))
<BR>[Address Reference Count : 1]<UL><LI> startup_mimxrt1176_cm7.o(.isr_vector)
</UL>
<P><STRONG><a name="[121]"></a>ASRC_DriverIRQHandler</STRONG> (Thumb, 4 bytes, Stack size unknown bytes, startup_mimxrt1176_cm7.o(.text))
<BR>[Address Reference Count : 1]<UL><LI> startup_mimxrt1176_cm7.o(.text)
</UL>
<P><STRONG><a name="[4]"></a>BusFault_Handler</STRONG> (Thumb, 4 bytes, Stack size unknown bytes, startup_mimxrt1176_cm7.o(.text))
<BR>[Address Reference Count : 1]<UL><LI> startup_mimxrt1176_cm7.o(.isr_vector)
</UL>
<P><STRONG><a name="[4f]"></a>CAAM_IRQ0_IRQHandler</STRONG> (Thumb, 4 bytes, Stack size unknown bytes, startup_mimxrt1176_cm7.o(.text))
<BR>[Address Reference Count : 1]<UL><LI> startup_mimxrt1176_cm7.o(.isr_vector)
</UL>
<P><STRONG><a name="[50]"></a>CAAM_IRQ1_IRQHandler</STRONG> (Thumb, 4 bytes, Stack size unknown bytes, startup_mimxrt1176_cm7.o(.text))
<BR>[Address Reference Count : 1]<UL><LI> startup_mimxrt1176_cm7.o(.isr_vector)
</UL>
<P><STRONG><a name="[51]"></a>CAAM_IRQ2_IRQHandler</STRONG> (Thumb, 4 bytes, Stack size unknown bytes, startup_mimxrt1176_cm7.o(.text))
<BR>[Address Reference Count : 1]<UL><LI> startup_mimxrt1176_cm7.o(.isr_vector)
</UL>
<P><STRONG><a name="[52]"></a>CAAM_IRQ3_IRQHandler</STRONG> (Thumb, 4 bytes, Stack size unknown bytes, startup_mimxrt1176_cm7.o(.text))
<BR>[Address Reference Count : 1]<UL><LI> startup_mimxrt1176_cm7.o(.isr_vector)
</UL>
<P><STRONG><a name="[53]"></a>CAAM_RECORVE_ERRPR_IRQHandler</STRONG> (Thumb, 4 bytes, Stack size unknown bytes, startup_mimxrt1176_cm7.o(.text))
<BR>[Address Reference Count : 1]<UL><LI> startup_mimxrt1176_cm7.o(.isr_vector)
</UL>
<P><STRONG><a name="[54]"></a>CAAM_RTIC_IRQHandler</STRONG> (Thumb, 4 bytes, Stack size unknown bytes, startup_mimxrt1176_cm7.o(.text))
<BR>[Address Reference Count : 1]<UL><LI> startup_mimxrt1176_cm7.o(.isr_vector)
</UL>
<P><STRONG><a name="[112]"></a>CAN1_ERROR_DriverIRQHandler</STRONG> (Thumb, 4 bytes, Stack size unknown bytes, startup_mimxrt1176_cm7.o(.text))
<BR>[Address Reference Count : 1]<UL><LI> startup_mimxrt1176_cm7.o(.text)
</UL>
<P><STRONG><a name="[114]"></a>CAN2_ERROR_DriverIRQHandler</STRONG> (Thumb, 4 bytes, Stack size unknown bytes, startup_mimxrt1176_cm7.o(.text))
<BR>[Address Reference Count : 1]<UL><LI> startup_mimxrt1176_cm7.o(.text)
</UL>
<P><STRONG><a name="[116]"></a>CAN3_ERROR_DriverIRQHandler</STRONG> (Thumb, 4 bytes, Stack size unknown bytes, startup_mimxrt1176_cm7.o(.text))
<BR>[Address Reference Count : 1]<UL><LI> startup_mimxrt1176_cm7.o(.text)
</UL>
<P><STRONG><a name="[119]"></a>CDOG_DriverIRQHandler</STRONG> (Thumb, 4 bytes, Stack size unknown bytes, startup_mimxrt1176_cm7.o(.text))
<BR>[Address Reference Count : 1]<UL><LI> startup_mimxrt1176_cm7.o(.text)
</UL>
<P><STRONG><a name="[6d]"></a>CM7_GPIO2_3_IRQHandler</STRONG> (Thumb, 4 bytes, Stack size unknown bytes, startup_mimxrt1176_cm7.o(.text))
<BR>[Address Reference Count : 1]<UL><LI> startup_mimxrt1176_cm7.o(.isr_vector)
</UL>
<P><STRONG><a name="[1d]"></a>CORE_IRQHandler</STRONG> (Thumb, 4 bytes, Stack size unknown bytes, startup_mimxrt1176_cm7.o(.text))
<BR>[Address Reference Count : 1]<UL><LI> startup_mimxrt1176_cm7.o(.isr_vector)
</UL>
<P><STRONG><a name="[42]"></a>CSI_IRQHandler</STRONG> (Thumb, 4 bytes, Stack size unknown bytes, startup_mimxrt1176_cm7.o(.text))
<BR>[Address Reference Count : 1]<UL><LI> startup_mimxrt1176_cm7.o(.isr_vector)
</UL>
<P><STRONG><a name="[1b]"></a>CTI_TRIGGER_OUT0_IRQHandler</STRONG> (Thumb, 4 bytes, Stack size unknown bytes, startup_mimxrt1176_cm7.o(.text))
<BR>[Address Reference Count : 1]<UL><LI> startup_mimxrt1176_cm7.o(.isr_vector)
</UL>
<P><STRONG><a name="[1c]"></a>CTI_TRIGGER_OUT1_IRQHandler</STRONG> (Thumb, 4 bytes, Stack size unknown bytes, startup_mimxrt1176_cm7.o(.text))
<BR>[Address Reference Count : 1]<UL><LI> startup_mimxrt1176_cm7.o(.isr_vector)
</UL>
<P><STRONG><a name="[49]"></a>DAC_IRQHandler</STRONG> (Thumb, 4 bytes, Stack size unknown bytes, startup_mimxrt1176_cm7.o(.text))
<BR>[Address Reference Count : 1]<UL><LI> startup_mimxrt1176_cm7.o(.isr_vector)
</UL>
<P><STRONG><a name="[69]"></a>DCIC1_IRQHandler</STRONG> (Thumb, 4 bytes, Stack size unknown bytes, startup_mimxrt1176_cm7.o(.text))
<BR>[Address Reference Count : 1]<UL><LI> startup_mimxrt1176_cm7.o(.isr_vector)
</UL>
<P><STRONG><a name="[6a]"></a>DCIC2_IRQHandler</STRONG> (Thumb, 4 bytes, Stack size unknown bytes, startup_mimxrt1176_cm7.o(.text))
<BR>[Address Reference Count : 1]<UL><LI> startup_mimxrt1176_cm7.o(.isr_vector)
</UL>
<P><STRONG><a name="[e8]"></a>DMA0_DMA16_DriverIRQHandler</STRONG> (Thumb, 4 bytes, Stack size unknown bytes, startup_mimxrt1176_cm7.o(.text))
<BR>[Address Reference Count : 1]<UL><LI> startup_mimxrt1176_cm7.o(.text)
</UL>
<P><STRONG><a name="[f2]"></a>DMA10_DMA26_DriverIRQHandler</STRONG> (Thumb, 4 bytes, Stack size unknown bytes, startup_mimxrt1176_cm7.o(.text))
<BR>[Address Reference Count : 1]<UL><LI> startup_mimxrt1176_cm7.o(.text)
</UL>
<P><STRONG><a name="[f3]"></a>DMA11_DMA27_DriverIRQHandler</STRONG> (Thumb, 4 bytes, Stack size unknown bytes, startup_mimxrt1176_cm7.o(.text))
<BR>[Address Reference Count : 1]<UL><LI> startup_mimxrt1176_cm7.o(.text)
</UL>
<P><STRONG><a name="[f4]"></a>DMA12_DMA28_DriverIRQHandler</STRONG> (Thumb, 4 bytes, Stack size unknown bytes, startup_mimxrt1176_cm7.o(.text))
<BR>[Address Reference Count : 1]<UL><LI> startup_mimxrt1176_cm7.o(.text)
</UL>
<P><STRONG><a name="[f5]"></a>DMA13_DMA29_DriverIRQHandler</STRONG> (Thumb, 4 bytes, Stack size unknown bytes, startup_mimxrt1176_cm7.o(.text))
<BR>[Address Reference Count : 1]<UL><LI> startup_mimxrt1176_cm7.o(.text)
</UL>
<P><STRONG><a name="[f6]"></a>DMA14_DMA30_DriverIRQHandler</STRONG> (Thumb, 4 bytes, Stack size unknown bytes, startup_mimxrt1176_cm7.o(.text))
<BR>[Address Reference Count : 1]<UL><LI> startup_mimxrt1176_cm7.o(.text)
</UL>
<P><STRONG><a name="[f7]"></a>DMA15_DMA31_DriverIRQHandler</STRONG> (Thumb, 4 bytes, Stack size unknown bytes, startup_mimxrt1176_cm7.o(.text))
<BR>[Address Reference Count : 1]<UL><LI> startup_mimxrt1176_cm7.o(.text)
</UL>
<P><STRONG><a name="[e9]"></a>DMA1_DMA17_DriverIRQHandler</STRONG> (Thumb, 4 bytes, Stack size unknown bytes, startup_mimxrt1176_cm7.o(.text))
<BR>[Address Reference Count : 1]<UL><LI> startup_mimxrt1176_cm7.o(.text)
</UL>
<P><STRONG><a name="[ea]"></a>DMA2_DMA18_DriverIRQHandler</STRONG> (Thumb, 4 bytes, Stack size unknown bytes, startup_mimxrt1176_cm7.o(.text))
<BR>[Address Reference Count : 1]<UL><LI> startup_mimxrt1176_cm7.o(.text)
</UL>
<P><STRONG><a name="[eb]"></a>DMA3_DMA19_DriverIRQHandler</STRONG> (Thumb, 4 bytes, Stack size unknown bytes, startup_mimxrt1176_cm7.o(.text))
<BR>[Address Reference Count : 1]<UL><LI> startup_mimxrt1176_cm7.o(.text)
</UL>
<P><STRONG><a name="[ec]"></a>DMA4_DMA20_DriverIRQHandler</STRONG> (Thumb, 4 bytes, Stack size unknown bytes, startup_mimxrt1176_cm7.o(.text))
<BR>[Address Reference Count : 1]<UL><LI> startup_mimxrt1176_cm7.o(.text)
</UL>
<P><STRONG><a name="[ed]"></a>DMA5_DMA21_DriverIRQHandler</STRONG> (Thumb, 4 bytes, Stack size unknown bytes, startup_mimxrt1176_cm7.o(.text))
<BR>[Address Reference Count : 1]<UL><LI> startup_mimxrt1176_cm7.o(.text)
</UL>
<P><STRONG><a name="[ee]"></a>DMA6_DMA22_DriverIRQHandler</STRONG> (Thumb, 4 bytes, Stack size unknown bytes, startup_mimxrt1176_cm7.o(.text))
<BR>[Address Reference Count : 1]<UL><LI> startup_mimxrt1176_cm7.o(.text)
</UL>
<P><STRONG><a name="[ef]"></a>DMA7_DMA23_DriverIRQHandler</STRONG> (Thumb, 4 bytes, Stack size unknown bytes, startup_mimxrt1176_cm7.o(.text))
<BR>[Address Reference Count : 1]<UL><LI> startup_mimxrt1176_cm7.o(.text)
</UL>
<P><STRONG><a name="[f0]"></a>DMA8_DMA24_DriverIRQHandler</STRONG> (Thumb, 4 bytes, Stack size unknown bytes, startup_mimxrt1176_cm7.o(.text))
<BR>[Address Reference Count : 1]<UL><LI> startup_mimxrt1176_cm7.o(.text)
</UL>
<P><STRONG><a name="[f1]"></a>DMA9_DMA25_DriverIRQHandler</STRONG> (Thumb, 4 bytes, Stack size unknown bytes, startup_mimxrt1176_cm7.o(.text))
<BR>[Address Reference Count : 1]<UL><LI> startup_mimxrt1176_cm7.o(.text)
</UL>
<P><STRONG><a name="[f8]"></a>DMA_ERROR_DriverIRQHandler</STRONG> (Thumb, 4 bytes, Stack size unknown bytes, startup_mimxrt1176_cm7.o(.text))
<BR>[Address Reference Count : 1]<UL><LI> startup_mimxrt1176_cm7.o(.text)
</UL>
<P><STRONG><a name="[7]"></a>DebugMon_Handler</STRONG> (Thumb, 4 bytes, Stack size unknown bytes, startup_mimxrt1176_cm7.o(.text))
<BR>[Address Reference Count : 1]<UL><LI> startup_mimxrt1176_cm7.o(.isr_vector)
</UL>
<P><STRONG><a name="[e4]"></a>DefaultISR</STRONG> (Thumb, 4 bytes, Stack size unknown bytes, startup_mimxrt1176_cm7.o(.text))
<BR><BR>[Called By]<UL><LI><a href="#[a7]">&gt;&gt;</a>&nbsp;&nbsp;&nbsp;ACMP1_IRQHandler
</UL>
<BR>[Address Reference Count : 3]<UL><LI> fsl_lpuart.o(.data.s_lpuartIsr)
<LI> fsl_flexcan.o(.data.s_flexcanIsr)
<LI> startup_mimxrt1176_cm7.o(.isr_vector)
</UL>
<P><STRONG><a name="[d6]"></a>EMVSIM1_IRQHandler</STRONG> (Thumb, 4 bytes, Stack size unknown bytes, startup_mimxrt1176_cm7.o(.text))
<BR>[Address Reference Count : 1]<UL><LI> startup_mimxrt1176_cm7.o(.isr_vector)
</UL>
<P><STRONG><a name="[d7]"></a>EMVSIM2_IRQHandler</STRONG> (Thumb, 4 bytes, Stack size unknown bytes, startup_mimxrt1176_cm7.o(.text))
<BR>[Address Reference Count : 1]<UL><LI> startup_mimxrt1176_cm7.o(.isr_vector)
</UL>
<P><STRONG><a name="[af]"></a>ENC1_IRQHandler</STRONG> (Thumb, 4 bytes, Stack size unknown bytes, startup_mimxrt1176_cm7.o(.text))
<BR>[Address Reference Count : 1]<UL><LI> startup_mimxrt1176_cm7.o(.isr_vector)
</UL>
<P><STRONG><a name="[b0]"></a>ENC2_IRQHandler</STRONG> (Thumb, 4 bytes, Stack size unknown bytes, startup_mimxrt1176_cm7.o(.text))
<BR>[Address Reference Count : 1]<UL><LI> startup_mimxrt1176_cm7.o(.isr_vector)
</UL>
<P><STRONG><a name="[b1]"></a>ENC3_IRQHandler</STRONG> (Thumb, 4 bytes, Stack size unknown bytes, startup_mimxrt1176_cm7.o(.text))
<BR>[Address Reference Count : 1]<UL><LI> startup_mimxrt1176_cm7.o(.isr_vector)
</UL>
<P><STRONG><a name="[b2]"></a>ENC4_IRQHandler</STRONG> (Thumb, 4 bytes, Stack size unknown bytes, startup_mimxrt1176_cm7.o(.text))
<BR>[Address Reference Count : 1]<UL><LI> startup_mimxrt1176_cm7.o(.isr_vector)
</UL>
<P><STRONG><a name="[129]"></a>ENET_1588_Timer_DriverIRQHandler</STRONG> (Thumb, 4 bytes, Stack size unknown bytes, startup_mimxrt1176_cm7.o(.text))
<BR>[Address Reference Count : 1]<UL><LI> startup_mimxrt1176_cm7.o(.text)
</UL>
<P><STRONG><a name="[12d]"></a>ENET_1G_1588_Timer_DriverIRQHandler</STRONG> (Thumb, 4 bytes, Stack size unknown bytes, startup_mimxrt1176_cm7.o(.text))
<BR>[Address Reference Count : 1]<UL><LI> startup_mimxrt1176_cm7.o(.text)
</UL>
<P><STRONG><a name="[12c]"></a>ENET_1G_DriverIRQHandler</STRONG> (Thumb, 4 bytes, Stack size unknown bytes, startup_mimxrt1176_cm7.o(.text))
<BR>[Address Reference Count : 1]<UL><LI> startup_mimxrt1176_cm7.o(.text)
</UL>
<P><STRONG><a name="[12a]"></a>ENET_1G_MAC0_Tx_Rx_1_DriverIRQHandler</STRONG> (Thumb, 4 bytes, Stack size unknown bytes, startup_mimxrt1176_cm7.o(.text))
<BR>[Address Reference Count : 1]<UL><LI> startup_mimxrt1176_cm7.o(.text)
</UL>
<P><STRONG><a name="[12b]"></a>ENET_1G_MAC0_Tx_Rx_2_DriverIRQHandler</STRONG> (Thumb, 4 bytes, Stack size unknown bytes, startup_mimxrt1176_cm7.o(.text))
<BR>[Address Reference Count : 1]<UL><LI> startup_mimxrt1176_cm7.o(.text)
</UL>
<P><STRONG><a name="[128]"></a>ENET_DriverIRQHandler</STRONG> (Thumb, 4 bytes, Stack size unknown bytes, startup_mimxrt1176_cm7.o(.text))
<BR>[Address Reference Count : 1]<UL><LI> startup_mimxrt1176_cm7.o(.text)
</UL>
<P><STRONG><a name="[136]"></a>ENET_QOS_DriverIRQHandler</STRONG> (Thumb, 4 bytes, Stack size unknown bytes, startup_mimxrt1176_cm7.o(.text))
<BR>[Address Reference Count : 1]<UL><LI> startup_mimxrt1176_cm7.o(.text)
</UL>
<P><STRONG><a name="[137]"></a>ENET_QOS_PMT_DriverIRQHandler</STRONG> (Thumb, 4 bytes, Stack size unknown bytes, startup_mimxrt1176_cm7.o(.text))
<BR>[Address Reference Count : 1]<UL><LI> startup_mimxrt1176_cm7.o(.text)
</UL>
<P><STRONG><a name="[7c]"></a>EWM_IRQHandler</STRONG> (Thumb, 4 bytes, Stack size unknown bytes, startup_mimxrt1176_cm7.o(.text))
<BR>[Address Reference Count : 1]<UL><LI> startup_mimxrt1176_cm7.o(.isr_vector)
</UL>
<P><STRONG><a name="[122]"></a>FLEXIO1_DriverIRQHandler</STRONG> (Thumb, 4 bytes, Stack size unknown bytes, startup_mimxrt1176_cm7.o(.text))
<BR>[Address Reference Count : 1]<UL><LI> startup_mimxrt1176_cm7.o(.text)
</UL>
<P><STRONG><a name="[123]"></a>FLEXIO2_DriverIRQHandler</STRONG> (Thumb, 4 bytes, Stack size unknown bytes, startup_mimxrt1176_cm7.o(.text))
<BR>[Address Reference Count : 1]<UL><LI> startup_mimxrt1176_cm7.o(.text)
</UL>
<P><STRONG><a name="[6c]"></a>FLEXRAM_ECC_IRQHandler</STRONG> (Thumb, 4 bytes, Stack size unknown bytes, startup_mimxrt1176_cm7.o(.text))
<BR>[Address Reference Count : 1]<UL><LI> startup_mimxrt1176_cm7.o(.isr_vector)
</UL>
<P><STRONG><a name="[3c]"></a>FLEXRAM_IRQHandler</STRONG> (Thumb, 4 bytes, Stack size unknown bytes, startup_mimxrt1176_cm7.o(.text))
<BR>[Address Reference Count : 1]<UL><LI> startup_mimxrt1176_cm7.o(.isr_vector)
</UL>
<P><STRONG><a name="[124]"></a>FLEXSPI1_DriverIRQHandler</STRONG> (Thumb, 4 bytes, Stack size unknown bytes, startup_mimxrt1176_cm7.o(.text))
<BR>[Address Reference Count : 1]<UL><LI> startup_mimxrt1176_cm7.o(.text)
</UL>
<P><STRONG><a name="[125]"></a>FLEXSPI2_DriverIRQHandler</STRONG> (Thumb, 4 bytes, Stack size unknown bytes, startup_mimxrt1176_cm7.o(.text))
<BR>[Address Reference Count : 1]<UL><LI> startup_mimxrt1176_cm7.o(.text)
</UL>
<P><STRONG><a name="[7f]"></a>GPC_IRQHandler</STRONG> (Thumb, 4 bytes, Stack size unknown bytes, startup_mimxrt1176_cm7.o(.text))
<BR>[Address Reference Count : 1]<UL><LI> startup_mimxrt1176_cm7.o(.isr_vector)
</UL>
<P><STRONG><a name="[67]"></a>GPIO13_Combined_0_31_IRQHandler</STRONG> (Thumb, 4 bytes, Stack size unknown bytes, startup_mimxrt1176_cm7.o(.text))
<BR>[Address Reference Count : 1]<UL><LI> startup_mimxrt1176_cm7.o(.isr_vector)
</UL>
<P><STRONG><a name="[6e]"></a>GPIO1_Combined_0_15_IRQHandler</STRONG> (Thumb, 4 bytes, Stack size unknown bytes, startup_mimxrt1176_cm7.o(.text))
<BR>[Address Reference Count : 1]<UL><LI> startup_mimxrt1176_cm7.o(.isr_vector)
</UL>
<P><STRONG><a name="[6f]"></a>GPIO1_Combined_16_31_IRQHandler</STRONG> (Thumb, 4 bytes, Stack size unknown bytes, startup_mimxrt1176_cm7.o(.text))
<BR>[Address Reference Count : 1]<UL><LI> startup_mimxrt1176_cm7.o(.isr_vector)
</UL>
<P><STRONG><a name="[70]"></a>GPIO2_Combined_0_15_IRQHandler</STRONG> (Thumb, 4 bytes, Stack size unknown bytes, startup_mimxrt1176_cm7.o(.text))
<BR>[Address Reference Count : 1]<UL><LI> startup_mimxrt1176_cm7.o(.isr_vector)
</UL>
<P><STRONG><a name="[71]"></a>GPIO2_Combined_16_31_IRQHandler</STRONG> (Thumb, 4 bytes, Stack size unknown bytes, startup_mimxrt1176_cm7.o(.text))
<BR>[Address Reference Count : 1]<UL><LI> startup_mimxrt1176_cm7.o(.isr_vector)
</UL>
<P><STRONG><a name="[72]"></a>GPIO3_Combined_0_15_IRQHandler</STRONG> (Thumb, 4 bytes, Stack size unknown bytes, startup_mimxrt1176_cm7.o(.text))
<BR>[Address Reference Count : 1]<UL><LI> startup_mimxrt1176_cm7.o(.isr_vector)
</UL>
<P><STRONG><a name="[73]"></a>GPIO3_Combined_16_31_IRQHandler</STRONG> (Thumb, 4 bytes, Stack size unknown bytes, startup_mimxrt1176_cm7.o(.text))
<BR>[Address Reference Count : 1]<UL><LI> startup_mimxrt1176_cm7.o(.isr_vector)
</UL>
<P><STRONG><a name="[74]"></a>GPIO4_Combined_0_15_IRQHandler</STRONG> (Thumb, 4 bytes, Stack size unknown bytes, startup_mimxrt1176_cm7.o(.text))
<BR>[Address Reference Count : 1]<UL><LI> startup_mimxrt1176_cm7.o(.isr_vector)
</UL>
<P><STRONG><a name="[75]"></a>GPIO4_Combined_16_31_IRQHandler</STRONG> (Thumb, 4 bytes, Stack size unknown bytes, startup_mimxrt1176_cm7.o(.text))
<BR>[Address Reference Count : 1]<UL><LI> startup_mimxrt1176_cm7.o(.isr_vector)
</UL>
<P><STRONG><a name="[76]"></a>GPIO5_Combined_0_15_IRQHandler</STRONG> (Thumb, 4 bytes, Stack size unknown bytes, startup_mimxrt1176_cm7.o(.text))
<BR>[Address Reference Count : 1]<UL><LI> startup_mimxrt1176_cm7.o(.isr_vector)
</UL>
[...]
<LI><a href="#[16e]">&gt;&gt;</a>&nbsp;&nbsp;&nbsp;FLEXCAN_TransferAbortSend
<LI><a href="#[169]">&gt;&gt;</a>&nbsp;&nbsp;&nbsp;FLEXCAN_ReadFDRxMb
<LI><a href="#[16a]">&gt;&gt;</a>&nbsp;&nbsp;&nbsp;FLEXCAN_ReadRxMb
<LI><a href="#[158]">&gt;&gt;</a>&nbsp;&nbsp;&nbsp;__aeabi_assert
</UL>
<BR>[Address Reference Count : 1]<UL><LI> fsl_flexcan.o(.text.FLEXCAN_TransferCreateHandle)
</UL>
<P><STRONG><a name="[174]"></a>FLEXCAN_WriteFDTxMb</STRONG> (Thumb, 378 bytes, Stack size 24 bytes, fsl_flexcan.o(.text.FLEXCAN_WriteFDTxMb))
<BR><BR>[Stack]<UL><LI>Max Depth = 160<LI>Call Chain = FLEXCAN_WriteFDTxMb &rArr; __aeabi_assert &rArr; DbgConsole_Printf &rArr; DbgConsole_Vprintf &rArr; memcpy
</UL>
<BR>[Calls]<UL><LI><a href="#[158]">&gt;&gt;</a>&nbsp;&nbsp;&nbsp;__aeabi_assert
</UL>
<BR>[Called By]<UL><LI><a href="#[173]">&gt;&gt;</a>&nbsp;&nbsp;&nbsp;FLEXCAN_TransferFDSendNonBlocking
</UL>

<P><STRONG><a name="[15d]"></a>HAL_UartInit</STRONG> (Thumb, 264 bytes, Stack size 40 bytes, fsl_adapter_lpuart.o(.text.HAL_UartInit))
<BR><BR>[Stack]<UL><LI>Max Depth = 216<LI>Call Chain = HAL_UartInit &rArr; LPUART_Init &rArr; __aeabi_assert &rArr; DbgConsole_Printf &rArr; DbgConsole_Vprintf &rArr; memcpy
</UL>
<BR>[Calls]<UL><LI><a href="#[175]">&gt;&gt;</a>&nbsp;&nbsp;&nbsp;LPUART_GetDefaultConfig
<LI><a href="#[176]">&gt;&gt;</a>&nbsp;&nbsp;&nbsp;LPUART_Init
<LI><a href="#[158]">&gt;&gt;</a>&nbsp;&nbsp;&nbsp;__aeabi_assert
</UL>
<BR>[Called By]<UL><LI><a href="#[15b]">&gt;&gt;</a>&nbsp;&nbsp;&nbsp;DbgConsole_Init
</UL>

<P><STRONG><a name="[139]"></a>HAL_UartReceiveBlocking</STRONG> (Thumb, 108 bytes, Stack size 8 bytes, fsl_adapter_lpuart.o(.text.HAL_UartReceiveBlocking))
<BR><BR>[Stack]<UL><LI>Max Depth = 152<LI>Call Chain = HAL_UartReceiveBlocking &rArr; LPUART_ReadBlocking &rArr; __aeabi_assert &rArr; DbgConsole_Printf &rArr; DbgConsole_Vprintf &rArr; memcpy
</UL>
<BR>[Calls]<UL><LI><a href="#[177]">&gt;&gt;</a>&nbsp;&nbsp;&nbsp;LPUART_ReadBlocking
<LI><a href="#[158]">&gt;&gt;</a>&nbsp;&nbsp;&nbsp;__aeabi_assert
</UL>
<BR>[Address Reference Count : 1]<UL><LI> fsl_debug_console.o(.text.DbgConsole_Init)
</UL>
<P><STRONG><a name="[138]"></a>HAL_UartSendBlocking</STRONG> (Thumb, 102 bytes, Stack size 8 bytes, fsl_adapter_lpuart.o(.text.HAL_UartSendBlocking))
<BR><BR>[Stack]<UL><LI>Max Depth = 144<LI>Call Chain = HAL_UartSendBlocking &rArr; LPUART_WriteBlocking &rArr; __aeabi_assert &rArr; DbgConsole_Printf &rArr; DbgConsole_Vprintf &rArr; memcpy
</UL>
<BR>[Calls]<UL><LI><a href="#[178]">&gt;&gt;</a>&nbsp;&nbsp;&nbsp;LPUART_WriteBlocking
<LI><a href="#[158]">&gt;&gt;</a>&nbsp;&nbsp;&nbsp;__aeabi_assert
</UL>
<BR>[Address Reference Count : 1]<UL><LI> fsl_debug_console.o(.text.DbgConsole_Init)
</UL>
<P><STRONG><a name="[102]"></a>LPUART10_DriverIRQHandler</STRONG> (Thumb, 36 bytes, Stack size 8 bytes, fsl_lpuart.o(.text.LPUART10_DriverIRQHandler))
<BR><BR>[Stack]<UL><LI>Max Depth = 8<LI>Call Chain = LPUART10_DriverIRQHandler
</UL>
<BR>[Address Reference Count : 1]<UL><LI> startup_mimxrt1176_cm7.o(.text)
</UL>
<P><STRONG><a name="[103]"></a>LPUART11_DriverIRQHandler</STRONG> (Thumb, 38 bytes, Stack size 8 bytes, fsl_lpuart.o(.text.LPUART11_DriverIRQHandler))
<BR><BR>[Stack]<UL><LI>Max Depth = 8<LI>Call Chain = LPUART11_DriverIRQHandler
</UL>
<BR>[Address Reference Count : 1]<UL><LI> startup_mimxrt1176_cm7.o(.text)
</UL>
<P><STRONG><a name="[104]"></a>LPUART12_DriverIRQHandler</STRONG> (Thumb, 38 bytes, Stack size 8 bytes, fsl_lpuart.o(.text.LPUART12_DriverIRQHandler))
<BR><BR>[Stack]<UL><LI>Max Depth = 8<LI>Call Chain = LPUART12_DriverIRQHandler
</UL>
<BR>[Address Reference Count : 1]<UL><LI> startup_mimxrt1176_cm7.o(.text)
</UL>
<P><STRONG><a name="[f9]"></a>LPUART1_DriverIRQHandler</STRONG> (Thumb, 38 bytes, Stack size 8 bytes, fsl_lpuart.o(.text.LPUART1_DriverIRQHandler))
<BR><BR>[Stack]<UL><LI>Max Depth = 8<LI>Call Chain = LPUART1_DriverIRQHandler
</UL>
<BR>[Address Reference Count : 1]<UL><LI> startup_mimxrt1176_cm7.o(.text)
</UL>
<P><STRONG><a name="[fa]"></a>LPUART2_DriverIRQHandler</STRONG> (Thumb, 36 bytes, Stack size 8 bytes, fsl_lpuart.o(.text.LPUART2_DriverIRQHandler))
<BR><BR>[Stack]<UL><LI>Max Depth = 8<LI>Call Chain = LPUART2_DriverIRQHandler
</UL>
<BR>[Address Reference Count : 1]<UL><LI> startup_mimxrt1176_cm7.o(.text)
</UL>
<P><STRONG><a name="[fb]"></a>LPUART3_DriverIRQHandler</STRONG> (Thumb, 38 bytes, Stack size 8 bytes, fsl_lpuart.o(.text.LPUART3_DriverIRQHandler))
<BR><BR>[Stack]<UL><LI>Max Depth = 8<LI>Call Chain = LPUART3_DriverIRQHandler
</UL>
<BR>[Address Reference Count : 1]<UL><LI> startup_mimxrt1176_cm7.o(.text)
</UL>
<P><STRONG><a name="[fc]"></a>LPUART4_DriverIRQHandler</STRONG> (Thumb, 38 bytes, Stack size 8 bytes, fsl_lpuart.o(.text.LPUART4_DriverIRQHandler))
<BR><BR>[Stack]<UL><LI>Max Depth = 8<LI>Call Chain = LPUART4_DriverIRQHandler
</UL>
<BR>[Address Reference Count : 1]<UL><LI> startup_mimxrt1176_cm7.o(.text)
</UL>
<P><STRONG><a name="[fd]"></a>LPUART5_DriverIRQHandler</STRONG> (Thumb, 38 bytes, Stack size 8 bytes, fsl_lpuart.o(.text.LPUART5_DriverIRQHandler))
<BR><BR>[Stack]<UL><LI>Max Depth = 8<LI>Call Chain = LPUART5_DriverIRQHandler
</UL>
<BR>[Address Reference Count : 1]<UL><LI> startup_mimxrt1176_cm7.o(.text)
</UL>
<P><STRONG><a name="[fe]"></a>LPUART6_DriverIRQHandler</STRONG> (Thumb, 36 bytes, Stack size 8 bytes, fsl_lpuart.o(.text.LPUART6_DriverIRQHandler))
<BR><BR>[Stack]<UL><LI>Max Depth = 8<LI>Call Chain = LPUART6_DriverIRQHandler
</UL>
<BR>[Address Reference Count : 1]<UL><LI> startup_mimxrt1176_cm7.o(.text)
</UL>
<P><STRONG><a name="[ff]"></a>LPUART7_DriverIRQHandler</STRONG> (Thumb, 38 bytes, Stack size 8 bytes, fsl_lpuart.o(.text.LPUART7_DriverIRQHandler))
<BR><BR>[Stack]<UL><LI>Max Depth = 8<LI>Call Chain = LPUART7_DriverIRQHandler
</UL>
<BR>[Address Reference Count : 1]<UL><LI> startup_mimxrt1176_cm7.o(.text)
</UL>
<P><STRONG><a name="[100]"></a>LPUART8_DriverIRQHandler</STRONG> (Thumb, 38 bytes, Stack size 8 bytes, fsl_lpuart.o(.text.LPUART8_DriverIRQHandler))
<BR><BR>[Stack]<UL><LI>Max Depth = 8<LI>Call Chain = LPUART8_DriverIRQHandler
</UL>
<BR>[Address Reference Count : 1]<UL><LI> startup_mimxrt1176_cm7.o(.text)
</UL>
<P><STRONG><a name="[101]"></a>LPUART9_DriverIRQHandler</STRONG> (Thumb, 38 bytes, Stack size 8 bytes, fsl_lpuart.o(.text.LPUART9_DriverIRQHandler))
<BR><BR>[Stack]<UL><LI>Max Depth = 8<LI>Call Chain = LPUART9_DriverIRQHandler
</UL>
<BR>[Address Reference Count : 1]<UL><LI> startup_mimxrt1176_cm7.o(.text)
</UL>
<P><STRONG><a name="[175]"></a>LPUART_GetDefaultConfig</STRONG> (Thumb, 58 bytes, Stack size 16 bytes, fsl_lpuart.o(.text.LPUART_GetDefaultConfig))
<BR><BR>[Stack]<UL><LI>Max Depth = 152<LI>Call Chain = LPUART_GetDefaultConfig &rArr; __aeabi_assert &rArr; DbgConsole_Printf &rArr; DbgConsole_Vprintf &rArr; memcpy
</UL>
<BR>[Calls]<UL><LI><a href="#[158]">&gt;&gt;</a>&nbsp;&nbsp;&nbsp;__aeabi_assert
<LI><a href="#[167]">&gt;&gt;</a>&nbsp;&nbsp;&nbsp;memset
</UL>
<BR>[Called By]<UL><LI><a href="#[15d]">&gt;&gt;</a>&nbsp;&nbsp;&nbsp;HAL_UartInit
</UL>

<P><STRONG><a name="[176]"></a>LPUART_Init</STRONG> (Thumb, 628 bytes, Stack size 40 bytes, fsl_lpuart.o(.text.LPUART_Init))
<BR><BR>[Stack]<UL><LI>Max Depth = 176<LI>Call Chain = LPUART_Init &rArr; __aeabi_assert &rArr; DbgConsole_Printf &rArr; DbgConsole_Vprintf &rArr; memcpy
</UL>
<BR>[Calls]<UL><LI><a href="#[158]">&gt;&gt;</a>&nbsp;&nbsp;&nbsp;__aeabi_assert
</UL>
<BR>[Called By]<UL><LI><a href="#[15d]">&gt;&gt;</a>&nbsp;&nbsp;&nbsp;HAL_UartInit
</UL>

<P><STRONG><a name="[177]"></a>LPUART_ReadBlocking</STRONG> (Thumb, 276 bytes, Stack size 8 bytes, fsl_lpuart.o(.text.LPUART_ReadBlocking))
<BR><BR>[Stack]<UL><LI>Max Depth = 144<LI>Call Chain = LPUART_ReadBlocking &rArr; __aeabi_assert &rArr; DbgConsole_Printf &rArr; DbgConsole_Vprintf &rArr; memcpy
</UL>
<BR>[Calls]<UL><LI><a href="#[158]">&gt;&gt;</a>&nbsp;&nbsp;&nbsp;__aeabi_assert
</UL>
<BR>[Called By]<UL><LI><a href="#[139]">&gt;&gt;</a>&nbsp;&nbsp;&nbsp;HAL_UartReceiveBlocking
</UL>

<P><STRONG><a name="[178]"></a>LPUART_WriteBlocking</STRONG> (Thumb, 54 bytes, Stack size 0 bytes, fsl_lpuart.o(.text.LPUART_WriteBlocking))
<BR><BR>[Stack]<UL><LI>Max Depth = 136<LI>Call Chain = LPUART_WriteBlocking &rArr; __aeabi_assert &rArr; DbgConsole_Printf &rArr; DbgConsole_Vprintf &rArr; memcpy
</UL>
<BR>[Calls]<UL><LI><a href="#[158]">&gt;&gt;</a>&nbsp;&nbsp;&nbsp;__aeabi_assert
</UL>
<BR>[Called By]<UL><LI><a href="#[138]">&gt;&gt;</a>&nbsp;&nbsp;&nbsp;HAL_UartSendBlocking
</UL>

<P><STRONG><a name="[14a]"></a>PMU_EnableBodyBias</STRONG> (Thumb, 202 bytes, Stack size 0 bytes, fsl_pmu.o(.text.PMU_EnableBodyBias))
<BR><BR>[Called By]<UL><LI><a href="#[148]">&gt;&gt;</a>&nbsp;&nbsp;&nbsp;BOARD_BootClockRUN
</UL>

<P><STRONG><a name="[14b]"></a>PMU_StaticEnableLpsrAnaLdoBypassMode</STRONG> (Thumb, 148 bytes, Stack size 16 bytes, fsl_pmu.o(.text.PMU_StaticEnableLpsrAnaLdoBypassMode))
<BR><BR>[Stack]<UL><LI>Max Depth = 160<LI>Call Chain = PMU_StaticEnableLpsrAnaLdoBypassMode &rArr; SDK_DelayAtLeastUs &rArr; __aeabi_assert &rArr; DbgConsole_Printf &rArr; DbgConsole_Vprintf &rArr; memcpy
</UL>
<BR>[Calls]<UL><LI><a href="#[147]">&gt;&gt;</a>&nbsp;&nbsp;&nbsp;SDK_DelayAtLeastUs
</UL>
<BR>[Called By]<UL><LI><a href="#[148]">&gt;&gt;</a>&nbsp;&nbsp;&nbsp;BOARD_BootClockRUN
</UL>

<P><STRONG><a name="[14c]"></a>PMU_StaticEnableLpsrDigLdoBypassMode</STRONG> (Thumb, 106 bytes, Stack size 16 bytes, fsl_pmu.o(.text.PMU_StaticEnableLpsrDigLdoBypassMode))
<BR><BR>[Stack]<UL><LI>Max Depth = 160<LI>Call Chain = PMU_StaticEnableLpsrDigLdoBypassMode &rArr; SDK_DelayAtLeastUs &rArr; __aeabi_assert &rArr; DbgConsole_Printf &rArr; DbgConsole_Vprintf &rArr; memcpy
</UL>
<BR>[Calls]<UL><LI><a href="#[147]">&gt;&gt;</a>&nbsp;&nbsp;&nbsp;SDK_DelayAtLeastUs
</UL>
<BR>[Called By]<UL><LI><a href="#[148]">&gt;&gt;</a>&nbsp;&nbsp;&nbsp;BOARD_BootClockRUN
</UL>

<P><STRONG><a name="[15c]"></a>PMU_StaticEnablePllLdo</STRONG> (Thumb, 62 bytes, Stack size 8 bytes, fsl_pmu.o(.text.PMU_StaticEnablePllLdo))
<BR><BR>[Stack]<UL><LI>Max Depth = 152<LI>Call Chain = PMU_StaticEnablePllLdo &rArr; SDK_DelayAtLeastUs &rArr; __aeabi_assert &rArr; DbgConsole_Printf &rArr; DbgConsole_Vprintf &rArr; memcpy
</UL>
<BR>[Calls]<UL><LI><a href="#[142]">&gt;&gt;</a>&nbsp;&nbsp;&nbsp;ANATOP_AI_Read
<LI><a href="#[144]">&gt;&gt;</a>&nbsp;&nbsp;&nbsp;ANATOP_AI_Write
<LI><a href="#[147]">&gt;&gt;</a>&nbsp;&nbsp;&nbsp;SDK_DelayAtLeastUs
</UL>
<BR>[Called By]<UL><LI><a href="#[156]">&gt;&gt;</a>&nbsp;&nbsp;&nbsp;CLOCK_InitVideoPll
<LI><a href="#[154]">&gt;&gt;</a>&nbsp;&nbsp;&nbsp;CLOCK_InitSysPll3
<LI><a href="#[152]">&gt;&gt;</a>&nbsp;&nbsp;&nbsp;CLOCK_InitSysPll2
<LI><a href="#[14f]">&gt;&gt;</a>&nbsp;&nbsp;&nbsp;CLOCK_InitArmPll
</UL>

<P><STRONG><a name="[147]"></a>SDK_DelayAtLeastUs</STRONG> (Thumb, 68 bytes, Stack size 8 bytes, fsl_common_arm.o(.text.SDK_DelayAtLeastUs))
<BR><BR>[Stack]<UL><LI>Max Depth = 144<LI>Call Chain = SDK_DelayAtLeastUs &rArr; __aeabi_assert &rArr; DbgConsole_Printf &rArr; DbgConsole_Vprintf &rArr; memcpy
</UL>
<BR>[Calls]<UL><LI><a href="#[158]">&gt;&gt;</a>&nbsp;&nbsp;&nbsp;__aeabi_assert
<LI><a href="#[13e]">&gt;&gt;</a>&nbsp;&nbsp;&nbsp;__aeabi_uldivmod
</UL>
<BR>[Called By]<UL><LI><a href="#[15c]">&gt;&gt;</a>&nbsp;&nbsp;&nbsp;PMU_StaticEnablePllLdo
<LI><a href="#[146]">&gt;&gt;</a>&nbsp;&nbsp;&nbsp;ANATOP_PllConfigure
<LI><a href="#[156]">&gt;&gt;</a>&nbsp;&nbsp;&nbsp;CLOCK_InitVideoPll
<LI><a href="#[154]">&gt;&gt;</a>&nbsp;&nbsp;&nbsp;CLOCK_InitSysPll3
<LI><a href="#[152]">&gt;&gt;</a>&nbsp;&nbsp;&nbsp;CLOCK_InitSysPll2
<LI><a href="#[14f]">&gt;&gt;</a>&nbsp;&nbsp;&nbsp;CLOCK_InitArmPll
<LI><a href="#[14c]">&gt;&gt;</a>&nbsp;&nbsp;&nbsp;PMU_StaticEnableLpsrDigLdoBypassMode
<LI><a href="#[14b]">&gt;&gt;</a>&nbsp;&nbsp;&nbsp;PMU_StaticEnableLpsrAnaLdoBypassMode
</UL>

<P><STRONG><a name="[e6]"></a>SystemInit</STRONG> (Thumb, 288 bytes, Stack size 8 bytes, system_mimxrt1176_cm7.o(.text.SystemInit))
<BR><BR>[Stack]<UL><LI>Max Depth = 8<LI>Call Chain = SystemInit
</UL>
<BR>[Calls]<UL><LI><a href="#[179]">&gt;&gt;</a>&nbsp;&nbsp;&nbsp;SystemInitHook
</UL>
<BR>[Address Reference Count : 1]<UL><LI> startup_mimxrt1176_cm7.o(.text)
</UL>
<P><STRONG><a name="[179]"></a>SystemInitHook</STRONG> (Thumb, 2 bytes, Stack size 0 bytes, system_mimxrt1176_cm7.o(.text.SystemInitHook))
<BR><BR>[Called By]<UL><LI><a href="#[e6]">&gt;&gt;</a>&nbsp;&nbsp;&nbsp;SystemInit
</UL>

<P><STRONG><a name="[158]"></a>__aeabi_assert</STRONG> (Thumb, 16 bytes, Stack size 0 bytes, fsl_assert.o(.text.__aeabi_assert))
<BR><BR>[Stack]<UL><LI>Max Depth = 136<LI>Call Chain = __aeabi_assert &rArr; DbgConsole_Printf &rArr; DbgConsole_Vprintf &rArr; memcpy
</UL>
<BR>[Calls]<UL><LI><a href="#[15e]">&gt;&gt;</a>&nbsp;&nbsp;&nbsp;DbgConsole_Printf
</UL>
<BR>[Called By]<UL><LI><a href="#[177]">&gt;&gt;</a>&nbsp;&nbsp;&nbsp;LPUART_ReadBlocking
<LI><a href="#[178]">&gt;&gt;</a>&nbsp;&nbsp;&nbsp;LPUART_WriteBlocking
<LI><a href="#[175]">&gt;&gt;</a>&nbsp;&nbsp;&nbsp;LPUART_GetDefaultConfig
<LI><a href="#[176]">&gt;&gt;</a>&nbsp;&nbsp;&nbsp;LPUART_Init
<LI><a href="#[147]">&gt;&gt;</a>&nbsp;&nbsp;&nbsp;SDK_DelayAtLeastUs
<LI><a href="#[115]">&gt;&gt;</a>&nbsp;&nbsp;&nbsp;CAN3_DriverIRQHandler
<LI><a href="#[113]">&gt;&gt;</a>&nbsp;&nbsp;&nbsp;CAN2_DriverIRQHandler
<LI><a href="#[111]">&gt;&gt;</a>&nbsp;&nbsp;&nbsp;CAN1_DriverIRQHandler
<LI><a href="#[170]">&gt;&gt;</a>&nbsp;&nbsp;&nbsp;FLEXCAN_TransferFDAbortReceive
<LI><a href="#[171]">&gt;&gt;</a>&nbsp;&nbsp;&nbsp;FLEXCAN_TransferFDAbortSend
<LI><a href="#[16d]">&gt;&gt;</a>&nbsp;&nbsp;&nbsp;FLEXCAN_TransferAbortReceive
<LI><a href="#[16e]">&gt;&gt;</a>&nbsp;&nbsp;&nbsp;FLEXCAN_TransferAbortSend
<LI><a href="#[13a]">&gt;&gt;</a>&nbsp;&nbsp;&nbsp;FLEXCAN_TransferHandleIRQ
<LI><a href="#[169]">&gt;&gt;</a>&nbsp;&nbsp;&nbsp;FLEXCAN_ReadFDRxMb
<LI><a href="#[16a]">&gt;&gt;</a>&nbsp;&nbsp;&nbsp;FLEXCAN_ReadRxMb
<LI><a href="#[174]">&gt;&gt;</a>&nbsp;&nbsp;&nbsp;FLEXCAN_WriteFDTxMb
<LI><a href="#[165]">&gt;&gt;</a>&nbsp;&nbsp;&nbsp;FLEXCAN_Init
<LI><a href="#[168]">&gt;&gt;</a>&nbsp;&nbsp;&nbsp;FLEXCAN_Reset
<LI><a href="#[162]">&gt;&gt;</a>&nbsp;&nbsp;&nbsp;FLEXCAN_CalculateImprovedNominalTimingValues
<LI><a href="#[139]">&gt;&gt;</a>&nbsp;&nbsp;&nbsp;HAL_UartReceiveBlocking
<LI><a href="#[138]">&gt;&gt;</a>&nbsp;&nbsp;&nbsp;HAL_UartSendBlocking
<LI><a href="#[15d]">&gt;&gt;</a>&nbsp;&nbsp;&nbsp;HAL_UartInit
<LI><a href="#[153]">&gt;&gt;</a>&nbsp;&nbsp;&nbsp;CLOCK_InitPfd
<LI><a href="#[150]">&gt;&gt;</a>&nbsp;&nbsp;&nbsp;CLOCK_SetPllBypass
<LI><a href="#[14f]">&gt;&gt;</a>&nbsp;&nbsp;&nbsp;CLOCK_InitArmPll
<LI><a href="#[172]">&gt;&gt;</a>&nbsp;&nbsp;&nbsp;FLEXCAN_TransferFDReceiveNonBlocking
<LI><a href="#[173]">&gt;&gt;</a>&nbsp;&nbsp;&nbsp;FLEXCAN_TransferFDSendNonBlocking
<LI><a href="#[16c]">&gt;&gt;</a>&nbsp;&nbsp;&nbsp;FLEXCAN_SetFDTxMbConfig
<LI><a href="#[16b]">&gt;&gt;</a>&nbsp;&nbsp;&nbsp;FLEXCAN_SetFDRxMbConfig
<LI><a href="#[16f]">&gt;&gt;</a>&nbsp;&nbsp;&nbsp;FLEXCAN_TransferCreateHandle
<LI><a href="#[164]">&gt;&gt;</a>&nbsp;&nbsp;&nbsp;FLEXCAN_FDInit
<LI><a href="#[163]">&gt;&gt;</a>&nbsp;&nbsp;&nbsp;FLEXCAN_FDCalculateImprovedTimingValues
<LI><a href="#[157]">&gt;&gt;</a>&nbsp;&nbsp;&nbsp;CLOCK_GetFreq
<LI><a href="#[166]">&gt;&gt;</a>&nbsp;&nbsp;&nbsp;FLEXCAN_GetDefaultConfig
<LI><a href="#[15a]">&gt;&gt;</a>&nbsp;&nbsp;&nbsp;BOARD_InitDebugConsole
<LI><a href="#[148]">&gt;&gt;</a>&nbsp;&nbsp;&nbsp;BOARD_BootClockRUN
<LI><a href="#[159]">&gt;&gt;</a>&nbsp;&nbsp;&nbsp;BOARD_ConfigMPU
<LI><a href="#[e5]">&gt;&gt;</a>&nbsp;&nbsp;&nbsp;main
</UL>

<P><STRONG><a name="[e5]"></a>main</STRONG> (Thumb, 996 bytes, Stack size 64 bytes, flexcan_interrupt_transfer.o(.text.main))
<BR><BR>[Stack]<UL><LI>Max Depth = 328<LI>Call Chain = main &rArr; BOARD_InitDebugConsole &rArr; DbgConsole_Init &rArr; HAL_UartInit &rArr; LPUART_Init &rArr; __aeabi_assert &rArr; DbgConsole_Printf &rArr; DbgConsole_Vprintf &rArr; memcpy
</UL>
<BR>[Calls]<UL><LI><a href="#[158]">&gt;&gt;</a>&nbsp;&nbsp;&nbsp;__aeabi_assert
<LI><a href="#[172]">&gt;&gt;</a>&nbsp;&nbsp;&nbsp;FLEXCAN_TransferFDReceiveNonBlocking
<LI><a href="#[173]">&gt;&gt;</a>&nbsp;&nbsp;&nbsp;FLEXCAN_TransferFDSendNonBlocking
<LI><a href="#[16c]">&gt;&gt;</a>&nbsp;&nbsp;&nbsp;FLEXCAN_SetFDTxMbConfig
<LI><a href="#[16b]">&gt;&gt;</a>&nbsp;&nbsp;&nbsp;FLEXCAN_SetFDRxMbConfig
<LI><a href="#[17c]">&gt;&gt;</a>&nbsp;&nbsp;&nbsp;FLEXCAN_SetRxMbGlobalMask
<LI><a href="#[16f]">&gt;&gt;</a>&nbsp;&nbsp;&nbsp;FLEXCAN_TransferCreateHandle
<LI><a href="#[164]">&gt;&gt;</a>&nbsp;&nbsp;&nbsp;FLEXCAN_FDInit
<LI><a href="#[163]">&gt;&gt;</a>&nbsp;&nbsp;&nbsp;FLEXCAN_FDCalculateImprovedTimingValues
<LI><a href="#[157]">&gt;&gt;</a>&nbsp;&nbsp;&nbsp;CLOCK_GetFreq
<LI><a href="#[166]">&gt;&gt;</a>&nbsp;&nbsp;&nbsp;FLEXCAN_GetDefaultConfig
<LI><a href="#[17b]">&gt;&gt;</a>&nbsp;&nbsp;&nbsp;DbgConsole_Getchar
<LI><a href="#[15e]">&gt;&gt;</a>&nbsp;&nbsp;&nbsp;DbgConsole_Printf
<LI><a href="#[15a]">&gt;&gt;</a>&nbsp;&nbsp;&nbsp;BOARD_InitDebugConsole
<LI><a href="#[148]">&gt;&gt;</a>&nbsp;&nbsp;&nbsp;BOARD_BootClockRUN
<LI><a href="#[17a]">&gt;&gt;</a>&nbsp;&nbsp;&nbsp;BOARD_InitPins
<LI><a href="#[159]">&gt;&gt;</a>&nbsp;&nbsp;&nbsp;BOARD_ConfigMPU
<LI><a href="#[167]">&gt;&gt;</a>&nbsp;&nbsp;&nbsp;memset
<LI><a href="#[160]">&gt;&gt;</a>&nbsp;&nbsp;&nbsp;memcpy
</UL>
<BR>[Address Reference Count : 1]<UL><LI> entry9a.o(.ARM.Collect$$$$0000000B)
</UL>
<P><STRONG><a name="[189]"></a>__scatterload_copy</STRONG> (Thumb, 14 bytes, Stack size unknown bytes, handlers.o(i.__scatterload_copy), UNUSED)

<P><STRONG><a name="[18a]"></a>__scatterload_null</STRONG> (Thumb, 2 bytes, Stack size unknown bytes, handlers.o(i.__scatterload_null), UNUSED)

<P><STRONG><a name="[18b]"></a>__scatterload_zeroinit</STRONG> (Thumb, 14 bytes, Stack size unknown bytes, handlers.o(i.__scatterload_zeroinit), UNUSED)
<P>
<H3>
Local Symbols
</H3>
<P><STRONG><a name="[13b]"></a>flexcan_callback</STRONG> (Thumb, 82 bytes, Stack size 0 bytes, flexcan_interrupt_transfer.o(.text.flexcan_callback))
<BR>[Address Reference Count : 1]<UL><LI> flexcan_interrupt_transfer.o(.text.main)
</UL>
<P><STRONG><a name="[162]"></a>FLEXCAN_CalculateImprovedNominalTimingValues</STRONG> (Thumb, 312 bytes, Stack size 48 bytes, fsl_flexcan.o(.text.FLEXCAN_CalculateImprovedNominalTimingValues))
<BR><BR>[Stack]<UL><LI>Max Depth = 184<LI>Call Chain = FLEXCAN_CalculateImprovedNominalTimingValues &rArr; __aeabi_assert &rArr; DbgConsole_Printf &rArr; DbgConsole_Vprintf &rArr; memcpy
</UL>
<BR>[Calls]<UL><LI><a href="#[158]">&gt;&gt;</a>&nbsp;&nbsp;&nbsp;__aeabi_assert
</UL>
<BR>[Called By]<UL><LI><a href="#[163]">&gt;&gt;</a>&nbsp;&nbsp;&nbsp;FLEXCAN_FDCalculateImprovedTimingValues
</UL>

<P><STRONG><a name="[168]"></a>FLEXCAN_Reset</STRONG> (Thumb, 196 bytes, Stack size 8 bytes, fsl_flexcan.o(.text.FLEXCAN_Reset))
<BR><BR>[Stack]<UL><LI>Max Depth = 144<LI>Call Chain = FLEXCAN_Reset &rArr; __aeabi_assert &rArr; DbgConsole_Printf &rArr; DbgConsole_Vprintf &rArr; memcpy
</UL>
<BR>[Calls]<UL><LI><a href="#[158]">&gt;&gt;</a>&nbsp;&nbsp;&nbsp;__aeabi_assert
</UL>
<BR>[Called By]<UL><LI><a href="#[165]">&gt;&gt;</a>&nbsp;&nbsp;&nbsp;FLEXCAN_Init
</UL>

<P><STRONG><a name="[146]"></a>ANATOP_PllConfigure</STRONG> (Thumb, 158 bytes, Stack size 32 bytes, fsl_clock.o(.text.ANATOP_PllConfigure))
<BR><BR>[Stack]<UL><LI>Max Depth = 176<LI>Call Chain = ANATOP_PllConfigure &rArr; SDK_DelayAtLeastUs &rArr; __aeabi_assert &rArr; DbgConsole_Printf &rArr; DbgConsole_Vprintf &rArr; memcpy
</UL>
<BR>[Calls]<UL><LI><a href="#[145]">&gt;&gt;</a>&nbsp;&nbsp;&nbsp;ANATOP_AI_WriteWithMaskShift
<LI><a href="#[144]">&gt;&gt;</a>&nbsp;&nbsp;&nbsp;ANATOP_AI_Write
<LI><a href="#[147]">&gt;&gt;</a>&nbsp;&nbsp;&nbsp;SDK_DelayAtLeastUs
</UL>
<BR>[Called By]<UL><LI><a href="#[156]">&gt;&gt;</a>&nbsp;&nbsp;&nbsp;CLOCK_InitVideoPll
</UL>
<P>
<H3>
Undefined Global Symbols
</H3><HR></body></html>
