<html>
<body>
<pre>
<h1>µVision Build Log</h1>
<h2>Tool Versions:</h2>
IDE-Version: ¦ÌVision V5.41.0.0
Copyright (C) 2024 ARM Ltd and ARM Germany GmbH. All rights reserved.
License Information: g iwinGMKM7, g, LIC=RC93N-Y4R3G-MMK9I-TQGF0-DWAZS-V82YL
 
Tool Versions:
Toolchain:       MDK-ARM Plus  Version: 5.41.0.0
Toolchain Path:  C:\Users\iwinGMKM7\AppData\Local\Keil_v5\ARM\ARMCLANG\Bin
C Compiler:      ArmClang.exe V6.22
Assembler:       Armasm.exe V6.22
Linker/Locator:  ArmLink.exe V6.22
Library Manager: ArmAr.exe V6.22
Hex Converter:   FromElf.exe V6.22
CPU DLL:         SARMCM3.DLL V5.41.0.0
Dialog DLL:      DCM.DLL V1.17.5.0
Target DLL:      Segger\JL2CM3.dll V2.99.45.0
Dialog DLL:      TCM.DLL V1.56.4.0
 
<h2>Project:</h2>
C:\Users\iwinGMKM7\Desktop\SDK_2_13_1_MIMXRT1170-EVKB\boards\evkbmimxrt1170\driver_examples\lpuart\interrupt_transfer_lpuart5\cm7\mdk\lpuart_interrupt_transfer_cm7.uvprojx
Project File Date:  04/03/2025

<h2>Output:</h2>
*** Using Compiler 'V6.22', folder: 'C:\Users\iwinGMKM7\AppData\Local\Keil_v5\ARM\ARMCLANG\Bin'
Rebuild target 'lpuart_interrupt_transfer_cm7 flexspi_nor_debug'
compiling dcd.c...
compiling fsl_assert.c...
compiling pin_mux.c...
compiling lpuart_interrupt_transfer.c...
compiling fsl_common_arm.c...
compiling fsl_common.c...
compiling fsl_str.c...
compiling fsl_lpuart.c...
compiling fsl_gpio.c...
compiling board.c...
compiling clock_config.c...
compiling fsl_dcdc.c...
compiling fsl_debug_console.c...
compiling fsl_pmu.c...
compiling fsl_cache.c...
compiling system_MIMXRT1176_cm7.c...
compiling fsl_anatop_ai.c...
compiling fsl_adapter_lpuart.c...
compiling fsl_clock.c...
assembling startup_MIMXRT1176_cm7.S...
compiling fsl_component_generic_list.c...
compiling fsl_flexspi_nor_boot.c...
compiling evkbmimxrt1170_flexspi_nor_config.c...
linking...
Program Size: Code=12416 RO-data=4492 RW-data=156 ZI-data=526480  
"flexspi_nor_debug\lpuart_interrupt_transfer_cm7.out" - 0 Error(s), 0 Warning(s).

<h2>Software Packages used:</h2>

Package Vendor: NXP
                https://mcuxpresso.nxp.com/cmsis_pack/repo/NXP.MIMXRT1176_DFP.19.0.0.pack
                NXP::MIMXRT1176_DFP@19.0.0
                Device Family Pack for MIMXRT1176

<h2>Collection of Component include folders:</h2>
  C:/Users/iwinGMKM7/AppData/Local/Arm/Packs/NXP/MIMXRT1176_DFP/19.0.0/devices/MIMXRT1176

<h2>Collection of Component Files used:</h2>
Build Time Elapsed:  00:00:01
</pre>
</body>
</html>
