Component: Arm Compiler for Embedded 6.22 Tool: armlink [5ee90200]

==============================================================================

Section Cross References

    flexcan_interrupt_transfer.o(.text.main) refers to board.o(.text.BOARD_ConfigMPU) for BOARD_ConfigMPU
    flexcan_interrupt_transfer.o(.text.main) refers to pin_mux.o(.text.BOARD_InitPins) for BOARD_InitPins
    flexcan_interrupt_transfer.o(.text.main) refers to clock_config.o(.text.BOARD_BootClockRUN) for BOARD_BootClockRUN
    flexcan_interrupt_transfer.o(.text.main) refers to board.o(.text.BOARD_InitDebugConsole) for BOARD_InitDebugConsole
    flexcan_interrupt_transfer.o(.text.main) refers to flexcan_interrupt_transfer.o(.rodata.str1.1) for .L.str
    flexcan_interrupt_transfer.o(.text.main) refers to fsl_debug_console.o(.text.DbgConsole_Printf) for DbgConsole_Printf
    flexcan_interrupt_transfer.o(.text.main) refers to fsl_debug_console.o(.text.DbgConsole_Getchar) for DbgConsole_Getchar
    flexcan_interrupt_transfer.o(.text.main) refers to flexcan_interrupt_transfer.o(.bss.txIdentifier) for txIdentifier
    flexcan_interrupt_transfer.o(.text.main) refers to flexcan_interrupt_transfer.o(.bss.rxIdentifier) for rxIdentifier
    flexcan_interrupt_transfer.o(.text.main) refers to fsl_flexcan.o(.text.FLEXCAN_GetDefaultConfig) for FLEXCAN_GetDefaultConfig
    flexcan_interrupt_transfer.o(.text.main) refers to memset.o(.text) for memset
    flexcan_interrupt_transfer.o(.text.main) refers to flexcan_interrupt_transfer.o(.rodata.s_clockSourceName) for s_clockSourceName
    flexcan_interrupt_transfer.o(.text.main) refers to fsl_clock.o(.text.CLOCK_GetFreq) for CLOCK_GetFreq
    flexcan_interrupt_transfer.o(.text.main) refers to fsl_flexcan.o(.text.FLEXCAN_FDCalculateImprovedTimingValues) for FLEXCAN_FDCalculateImprovedTimingValues
    flexcan_interrupt_transfer.o(.text.main) refers to memcpy.o(.text) for memcpy
    flexcan_interrupt_transfer.o(.text.main) refers to fsl_flexcan.o(.text.FLEXCAN_FDInit) for FLEXCAN_FDInit
    flexcan_interrupt_transfer.o(.text.main) refers to flexcan_interrupt_transfer.o(.bss.flexcanHandle) for flexcanHandle
    flexcan_interrupt_transfer.o(.text.main) refers to flexcan_interrupt_transfer.o(.text.flexcan_callback) for flexcan_callback
    flexcan_interrupt_transfer.o(.text.main) refers to fsl_flexcan.o(.text.FLEXCAN_TransferCreateHandle) for FLEXCAN_TransferCreateHandle
    flexcan_interrupt_transfer.o(.text.main) refers to fsl_flexcan.o(.text.FLEXCAN_SetRxMbGlobalMask) for FLEXCAN_SetRxMbGlobalMask
    flexcan_interrupt_transfer.o(.text.main) refers to fsl_flexcan.o(.text.FLEXCAN_SetFDRxMbConfig) for FLEXCAN_SetFDRxMbConfig
    flexcan_interrupt_transfer.o(.text.main) refers to fsl_flexcan.o(.text.FLEXCAN_SetFDTxMbConfig) for FLEXCAN_SetFDTxMbConfig
    flexcan_interrupt_transfer.o(.text.main) refers to flexcan_interrupt_transfer.o(.bss.frame) for frame
    flexcan_interrupt_transfer.o(.text.main) refers to flexcan_interrupt_transfer.o(.bss.txXfer) for txXfer
    flexcan_interrupt_transfer.o(.text.main) refers to flexcan_interrupt_transfer.o(.bss.txComplete) for txComplete
    flexcan_interrupt_transfer.o(.text.main) refers to flexcan_interrupt_transfer.o(.bss.rxXfer) for rxXfer
    flexcan_interrupt_transfer.o(.text.main) refers to flexcan_interrupt_transfer.o(.bss.rxComplete) for rxComplete
    flexcan_interrupt_transfer.o(.text.main) refers to fsl_flexcan.o(.text.FLEXCAN_TransferFDSendNonBlocking) for FLEXCAN_TransferFDSendNonBlocking
    flexcan_interrupt_transfer.o(.text.main) refers to fsl_flexcan.o(.text.FLEXCAN_TransferFDReceiveNonBlocking) for FLEXCAN_TransferFDReceiveNonBlocking
    flexcan_interrupt_transfer.o(.text.main) refers to flexcan_interrupt_transfer.o(.bss.wakenUp) for wakenUp
    flexcan_interrupt_transfer.o(.text.main) refers to fsl_assert.o(.text.__aeabi_assert) for __aeabi_assert
    flexcan_interrupt_transfer.o(.ARM.exidx.text.main) refers to flexcan_interrupt_transfer.o(.text.main) for [Anonymous Symbol]
    flexcan_interrupt_transfer.o(.text.flexcan_callback) refers to flexcan_interrupt_transfer.o(.bss.wakenUp) for wakenUp
    flexcan_interrupt_transfer.o(.text.flexcan_callback) refers to flexcan_interrupt_transfer.o(.bss.txComplete) for txComplete
    flexcan_interrupt_transfer.o(.text.flexcan_callback) refers to flexcan_interrupt_transfer.o(.bss.rxComplete) for rxComplete
    flexcan_interrupt_transfer.o(.ARM.exidx.text.flexcan_callback) refers to flexcan_interrupt_transfer.o(.text.flexcan_callback) for [Anonymous Symbol]
    pin_mux.o(.ARM.exidx.text.BOARD_InitBootPins) refers to pin_mux.o(.text.BOARD_InitBootPins) for [Anonymous Symbol]
    pin_mux.o(.ARM.exidx.text.BOARD_InitPins) refers to pin_mux.o(.text.BOARD_InitPins) for [Anonymous Symbol]
    board.o(.text.BOARD_DebugConsoleSrcFreq) refers to board.o(.rodata.s_clockSourceName) for s_clockSourceName
    board.o(.text.BOARD_DebugConsoleSrcFreq) refers to fsl_clock.o(.text.CLOCK_GetFreq) for CLOCK_GetFreq
[...]
    [Anonymous Symbol]                       0x08003778   Section        0  board.o(.text.BOARD_ConfigMPU)
    [Anonymous Symbol]                       0x0800399c   Section        0  board.o(.text.BOARD_InitDebugConsole)
    [Anonymous Symbol]                       0x080039f4   Section        0  pin_mux.o(.text.BOARD_InitPins)
    [Anonymous Symbol]                       0x08003a70   Section        0  fsl_flexcan.o(.text.CAN1_DriverIRQHandler)
    [Anonymous Symbol]                       0x08003ac8   Section        0  fsl_flexcan.o(.text.CAN2_DriverIRQHandler)
    [Anonymous Symbol]                       0x08003b20   Section        0  fsl_flexcan.o(.text.CAN3_DriverIRQHandler)
    [Anonymous Symbol]                       0x08003b78   Section        0  fsl_clock.o(.text.CLOCK_DeinitAudioPll)
    [Anonymous Symbol]                       0x08003bc8   Section        0  fsl_clock.o(.text.CLOCK_DeinitSysPll1)
    CLOCK_GetAvPllFreq                       0x08003c29   Thumb Code   168  fsl_clock.o(.text.CLOCK_GetAvPllFreq)
    [Anonymous Symbol]                       0x08003c28   Section        0  fsl_clock.o(.text.CLOCK_GetAvPllFreq)
    [Anonymous Symbol]                       0x08003d10   Section        0  fsl_clock.o(.text.CLOCK_GetFreq)
    [Anonymous Symbol]                       0x08003f58   Section        0  fsl_clock.o(.text.CLOCK_InitArmPll)
    [Anonymous Symbol]                       0x08004028   Section        0  fsl_clock.o(.text.CLOCK_InitPfd)
    [Anonymous Symbol]                       0x08004140   Section        0  fsl_clock.o(.text.CLOCK_InitSysPll2)
    [Anonymous Symbol]                       0x08004240   Section        0  fsl_clock.o(.text.CLOCK_InitSysPll3)
    [Anonymous Symbol]                       0x080042cc   Section        0  fsl_clock.o(.text.CLOCK_InitVideoPll)
    [Anonymous Symbol]                       0x080043a8   Section        0  fsl_clock.o(.text.CLOCK_OSC_EnableOscRc400M)
    [Anonymous Symbol]                       0x080043c4   Section        0  fsl_clock.o(.text.CLOCK_OSC_Set1MHzOutputBehavior)
    [Anonymous Symbol]                       0x080043f4   Section        0  fsl_clock.o(.text.CLOCK_SetPllBypass)
    [Anonymous Symbol]                       0x08004488   Section        0  fsl_dcdc.o(.text.DCDC_BootIntoDCM)
    [Anonymous Symbol]                       0x080044c4   Section        0  fsl_debug_console.o(.text.DbgConsole_Getchar)
    [Anonymous Symbol]                       0x080044f8   Section        0  fsl_debug_console.o(.text.DbgConsole_Init)
    [Anonymous Symbol]                       0x0800454c   Section        0  fsl_debug_console.o(.text.DbgConsole_Printf)
    [Anonymous Symbol]                       0x0800456c   Section        0  fsl_debug_console.o(.text.DbgConsole_Vprintf)
    FLEXCAN_CalculateImprovedNominalTimingValues 0x080049a9   Thumb Code   298  fsl_flexcan.o(.text.FLEXCAN_CalculateImprovedNominalTimingValues)
    [Anonymous Symbol]                       0x080049a8   Section        0  fsl_flexcan.o(.text.FLEXCAN_CalculateImprovedNominalTimingValues)
    [Anonymous Symbol]                       0x08004ad4   Section        0  fsl_flexcan.o(.text.FLEXCAN_FDCalculateImprovedTimingValues)
    [Anonymous Symbol]                       0x08004d08   Section        0  fsl_flexcan.o(.text.FLEXCAN_FDInit)
    [Anonymous Symbol]                       0x08004fa0   Section        0  fsl_flexcan.o(.text.FLEXCAN_GetDefaultConfig)
    [Anonymous Symbol]                       0x08005018   Section        0  fsl_flexcan.o(.text.FLEXCAN_Init)
    [Anonymous Symbol]                       0x080052f8   Section        0  fsl_flexcan.o(.text.FLEXCAN_ReadFDRxMb)
    [Anonymous Symbol]                       0x08005458   Section        0  fsl_flexcan.o(.text.FLEXCAN_ReadRxMb)
    FLEXCAN_Reset                            0x08005511   Thumb Code   196  fsl_flexcan.o(.text.FLEXCAN_Reset)
    [Anonymous Symbol]                       0x08005510   Section        0  fsl_flexcan.o(.text.FLEXCAN_Reset)
    [Anonymous Symbol]                       0x080055fc   Section        0  fsl_flexcan.o(.text.FLEXCAN_SetFDRxMbConfig)
    [Anonymous Symbol]                       0x08005740   Section        0  fsl_flexcan.o(.text.FLEXCAN_SetFDTxMbConfig)
    [Anonymous Symbol]                       0x08005854   Section        0  fsl_flexcan.o(.text.FLEXCAN_SetRxMbGlobalMask)
    [Anonymous Symbol]                       0x08005894   Section        0  fsl_flexcan.o(.text.FLEXCAN_TransferAbortReceive)
    [Anonymous Symbol]                       0x0800593c   Section        0  fsl_flexcan.o(.text.FLEXCAN_TransferAbortSend)
    [Anonymous Symbol]                       0x08005a50   Section        0  fsl_flexcan.o(.text.FLEXCAN_TransferCreateHandle)
    [Anonymous Symbol]                       0x08005b5c   Section        0  fsl_flexcan.o(.text.FLEXCAN_TransferFDAbortReceive)
    [Anonymous Symbol]                       0x08005c08   Section        0  fsl_flexcan.o(.text.FLEXCAN_TransferFDAbortSend)
    [Anonymous Symbol]                       0x08005d3c   Section        0  fsl_flexcan.o(.text.FLEXCAN_TransferFDReceiveNonBlocking)
    [Anonymous Symbol]                       0x08005e18   Section        0  fsl_flexcan.o(.text.FLEXCAN_TransferFDSendNonBlocking)
    [Anonymous Symbol]                       0x08005f10   Section        0  fsl_flexcan.o(.text.FLEXCAN_TransferHandleIRQ)
    [Anonymous Symbol]                       0x08006354   Section        0  fsl_flexcan.o(.text.FLEXCAN_WriteFDTxMb)
    [Anonymous Symbol]                       0x080064d4   Section        0  fsl_adapter_lpuart.o(.text.HAL_UartInit)
    [Anonymous Symbol]                       0x0800661c   Section        0  fsl_adapter_lpuart.o(.text.HAL_UartReceiveBlocking)
    [Anonymous Symbol]                       0x08006688   Section        0  fsl_adapter_lpuart.o(.text.HAL_UartSendBlocking)
    [Anonymous Symbol]                       0x080066f0   Section        0  fsl_lpuart.o(.text.LPUART10_DriverIRQHandler)
    [Anonymous Symbol]                       0x08006714   Section        0  fsl_lpuart.o(.text.LPUART11_DriverIRQHandler)
    [Anonymous Symbol]                       0x0800673c   Section        0  fsl_lpuart.o(.text.LPUART12_DriverIRQHandler)
    [Anonymous Symbol]                       0x08006764   Section        0  fsl_lpuart.o(.text.LPUART1_DriverIRQHandler)
    [Anonymous Symbol]                       0x0800678c   Section        0  fsl_lpuart.o(.text.LPUART2_DriverIRQHandler)
    [Anonymous Symbol]                       0x080067b0   Section        0  fsl_lpuart.o(.text.LPUART3_DriverIRQHandler)
    [Anonymous Symbol]                       0x080067d8   Section        0  fsl_lpuart.o(.text.LPUART4_DriverIRQHandler)
    [Anonymous Symbol]                       0x08006800   Section        0  fsl_lpuart.o(.text.LPUART5_DriverIRQHandler)
    [Anonymous Symbol]                       0x08006828   Section        0  fsl_lpuart.o(.text.LPUART6_DriverIRQHandler)
    [Anonymous Symbol]                       0x0800684c   Section        0  fsl_lpuart.o(.text.LPUART7_DriverIRQHandler)
    [Anonymous Symbol]                       0x08006874   Section        0  fsl_lpuart.o(.text.LPUART8_DriverIRQHandler)
    [Anonymous Symbol]                       0x0800689c   Section        0  fsl_lpuart.o(.text.LPUART9_DriverIRQHandler)
    [Anonymous Symbol]                       0x080068c4   Section        0  fsl_lpuart.o(.text.LPUART_GetDefaultConfig)
    [Anonymous Symbol]                       0x08006900   Section        0  fsl_lpuart.o(.text.LPUART_Init)
    [Anonymous Symbol]                       0x08006b90   Section        0  fsl_lpuart.o(.text.LPUART_ReadBlocking)
    [Anonymous Symbol]                       0x08006cac   Section        0  fsl_lpuart.o(.text.LPUART_WriteBlocking)
    [Anonymous Symbol]                       0x08006ce4   Section        0  fsl_pmu.o(.text.PMU_StaticEnablePllLdo)
    [Anonymous Symbol]                       0x08006d24   Section        0  fsl_pmu.o(.text.PMU_StaticGetLpsrAnaLdoDefaultConfig)
    [Anonymous Symbol]                       0x08006d5c   Section        0  fsl_pmu.o(.text.PMU_StaticGetLpsrDigLdoDefaultConfig)
    [Anonymous Symbol]                       0x08006d8c   Section        0  fsl_pmu.o(.text.PMU_StaticLpsrAnaLdoInit)
    [Anonymous Symbol]                       0x08006df4   Section        0  fsl_pmu.o(.text.PMU_StaticLpsrDigLdoInit)
    [Anonymous Symbol]                       0x08006e58   Section        0  fsl_common_arm.o(.text.SDK_DelayAtLeastUs)
    loop                                     0x08006e80   Number         0  fsl_common_arm.o(.text.SDK_DelayAtLeastUs)
    [Anonymous Symbol]                       0x08006eac   Section        0  system_mimxrt1176_cm4.o(.text.SystemInit)
    [Anonymous Symbol]                       0x08006fdc   Section        0  system_mimxrt1176_cm4.o(.text.SystemInitHook)
    [Anonymous Symbol]                       0x08006fe0   Section        0  fsl_assert.o(.text.__aeabi_assert)
    flexcan_callback                         0x0800701d   Thumb Code    82  flexcan_interrupt_transfer.o(.text.flexcan_callback)
    [Anonymous Symbol]                       0x0800701c   Section        0  flexcan_interrupt_transfer.o(.text.flexcan_callback)
    [Anonymous Symbol]                       0x08007070   Section        0  flexcan_interrupt_transfer.o(.text.main)
    i.__scatterload_copy                     0x080074e0   Section       14  handlers.o(i.__scatterload_copy)
    i.__scatterload_null                     0x080074ee   Section        2  handlers.o(i.__scatterload_null)
    i.__scatterload_zeroinit                 0x080074f0   Section       14  handlers.o(i.__scatterload_zeroinit)
    s_flexcanBases                           0x08007508   Data          16  fsl_flexcan.o(.rodata.cst16)
    [Anonymous Symbol]                       0x08007508   Section        0  fsl_flexcan.o(.rodata.cst16)
    s_flexcanClock                           0x08007518   Data           4  fsl_flexcan.o(.rodata.cst4)
    [Anonymous Symbol]                       0x08007518   Section        0  fsl_flexcan.o(.rodata.cst4)
    s_flexcanMbIRQ                           0x0800751c   Data           8  fsl_flexcan.o(.rodata.cst8)
    [Anonymous Symbol]                       0x0800751c   Section        0  fsl_flexcan.o(.rodata.cst8)
    s_LpuartAdapterBase                      0x08007524   Data          52  fsl_adapter_lpuart.o(.rodata.s_LpuartAdapterBase)
    [Anonymous Symbol]                       0x08007524   Section        0  fsl_adapter_lpuart.o(.rodata.s_LpuartAdapterBase)
    s_clockSourceName                        0x08007558   Data         632  flexcan_interrupt_transfer.o(.rodata.s_clockSourceName)
    [Anonymous Symbol]                       0x08007558   Section        0  flexcan_interrupt_transfer.o(.rodata.s_clockSourceName)
    s_clockSourceName                        0x080077d0   Data         632  board.o(.rodata.s_clockSourceName)
    [Anonymous Symbol]                       0x080077d0   Section        0  board.o(.rodata.s_clockSourceName)
    s_clockSourceName                        0x08007a48   Data         632  clock_config.o(.rodata.s_clockSourceName)
    [Anonymous Symbol]                       0x08007a48   Section        0  clock_config.o(.rodata.s_clockSourceName)
    s_clockSourceName                        0x08007cc0   Data         632  fsl_clock.o(.rodata.s_clockSourceName)
    [Anonymous Symbol]                       0x08007cc0   Section        0  fsl_clock.o(.rodata.s_clockSourceName)
    s_lpuartBases                            0x08007f38   Data          52  fsl_lpuart.o(.rodata.s_lpuartBases)
    [Anonymous Symbol]                       0x08007f38   Section        0  fsl_lpuart.o(.rodata.s_lpuartBases)
    s_lpuartClock                            0x08007f6c   Data          13  fsl_lpuart.o(.rodata.s_lpuartClock)
    [Anonymous Symbol]                       0x08007f6c   Section        0  fsl_lpuart.o(.rodata.s_lpuartClock)
    .L.str.18                                0x08007f79   Data          50  flexcan_interrupt_transfer.o(.rodata.str1.1)
    [Anonymous Symbol]                       0x08007f79   Section        0  flexcan_interrupt_transfer.o(.rodata.str1.1)
    .L.str.16                                0x08007fab   Data          52  flexcan_interrupt_transfer.o(.rodata.str1.1)
    .L.str.17                                0x08007fdf   Data          25  flexcan_interrupt_transfer.o(.rodata.str1.1)
    .L.str.14                                0x08007ff8   Data          35  flexcan_interrupt_transfer.o(.rodata.str1.1)
    .L.str.13                                0x0800801b   Data          51  flexcan_interrupt_transfer.o(.rodata.str1.1)
    .L.str.12                                0x0800804e   Data          76  flexcan_interrupt_transfer.o(.rodata.str1.1)
    .L.str.1                                 0x0800809a   Data          43  flexcan_interrupt_transfer.o(.rodata.str1.1)
    .L.str                                   0x080080c5   Data          48  flexcan_interrupt_transfer.o(.rodata.str1.1)
    .L.str.8                                 0x080080f5   Data          35  flexcan_interrupt_transfer.o(.rodata.str1.1)
    .L.str.2                                 0x08008118   Data          37  flexcan_interrupt_transfer.o(.rodata.str1.1)
    .L.str.3                                 0x0800813d   Data          37  flexcan_interrupt_transfer.o(.rodata.str1.1)
    .L.str.7                                 0x08008162   Data          38  flexcan_interrupt_transfer.o(.rodata.str1.1)
    .L.str.15                                0x08008188   Data          52  flexcan_interrupt_transfer.o(.rodata.str1.1)
    .L.str.1                                 0x080081bc   Data          60  flexcan_interrupt_transfer.o(.rodata.str1.1)
    .L.str.16                                0x080081bc   Data          60  flexcan_interrupt_transfer.o(.rodata.str1.1)
    .L.str.20                                0x080081bc   Data          60  flexcan_interrupt_transfer.o(.rodata.str1.1)
    .L.str.6                                 0x080081bc   Data          60  flexcan_interrupt_transfer.o(.rodata.str1.1)
    .L.str.2                                 0x080081f8   Data           5  flexcan_interrupt_transfer.o(.rodata.str1.1)
    .L.str.21                                0x080081f8   Data           5  flexcan_interrupt_transfer.o(.rodata.str1.1)
    .L.str.5                                 0x080081f8   Data           5  flexcan_interrupt_transfer.o(.rodata.str1.1)
    .L.str.1                                 0x080081fd   Data          11  board.o(.rodata.str1.1)
    [Anonymous Symbol]                       0x080081fd   Section        0  board.o(.rodata.str1.1)
    .L.str.17                                0x08008208   Data          45  fsl_flexcan.o(.rodata.str1.1)
    [Anonymous Symbol]                       0x08008208   Section        0  fsl_flexcan.o(.rodata.str1.1)
    .L.str.3                                 0x08008235   Data         117  fsl_flexcan.o(.rodata.str1.1)
    .L.str.7                                 0x080082aa   Data         105  fsl_flexcan.o(.rodata.str1.1)
    .L.str.27                                0x08008313   Data          51  fsl_flexcan.o(.rodata.str1.1)
    .L.str.11                                0x0800831c   Data          42  fsl_flexcan.o(.rodata.str1.1)
    .L.str                                   0x08008346   Data          38  fsl_flexcan.o(.rodata.str1.1)
    .L.str.12                                0x0800836c   Data          35  fsl_flexcan.o(.rodata.str1.1)
    .L.str.28                                0x0800838f   Data          44  fsl_flexcan.o(.rodata.str1.1)
    .L.str.4                                 0x080083bb   Data          88  fsl_flexcan.o(.rodata.str1.1)
    .L.str.13                                0x08008413   Data          27  fsl_flexcan.o(.rodata.str1.1)
    .L.str.1                                 0x0800842e   Data          62  fsl_flexcan.o(.rodata.str1.1)
    .L.str.21                                0x08008447   Data           6  fsl_flexcan.o(.rodata.str1.1)
    .L.str                                   0x0800846c   Data          15  fsl_flexcan.o(.rodata.str1.1)
    .L.str.25                                0x0800846c   Data          15  fsl_flexcan.o(.rodata.str1.1)
    .L.str.24                                0x0800847b   Data          17  fsl_flexcan.o(.rodata.str1.1)
    .L.str.22                                0x0800848c   Data          17  fsl_flexcan.o(.rodata.str1.1)
    .L.str.5                                 0x0800849d   Data           6  fsl_flexcan.o(.rodata.str1.1)
    .L.str.2                                 0x080084a3   Data          16  fsl_flexcan.o(.rodata.str1.1)
    .L.str.26                                0x080084b3   Data          16  fsl_flexcan.o(.rodata.str1.1)
    [Anonymous Symbol]                       0x080084c3   Section        0  fsl_clock.o(.rodata.str1.1)
    .L.str                                   0x0800851f   Data         113  fsl_clock.o(.rodata.str1.1)
    .L.str                                   0x08008590   Data          15  fsl_clock.o(.rodata.str1.1)
    .L.str.12                                0x0800859f   Data          12  fsl_clock.o(.rodata.str1.1)
    .L.str.7                                 0x080085ab   Data          31  fsl_clock.o(.rodata.str1.1)
    .L.str.9                                 0x080085b4   Data          15  fsl_clock.o(.rodata.str1.1)
    .L.str.10                                0x080085c3   Data          47  fsl_clock.o(.rodata.str1.1)
    .L.str.8                                 0x080085ca   Data          31  fsl_clock.o(.rodata.str1.1)
    .L.str.1                                 0x080085e9   Data          60  fsl_clock.o(.rodata.str1.1)
    .L.str.11                                0x080085f2   Data          45  fsl_clock.o(.rodata.str1.1)
    .L.str.1                                 0x08008625   Data          65  fsl_common_arm.o(.rodata.str1.1)
    [Anonymous Symbol]                       0x08008625   Section        0  fsl_common_arm.o(.rodata.str1.1)
    .L.str                                   0x08008666   Data          37  fsl_lpuart.o(.rodata.str1.1)
    [Anonymous Symbol]                       0x08008666   Section        0  fsl_lpuart.o(.rodata.str1.1)
    .L.str.5                                 0x08008698   Data          13  fsl_lpuart.o(.rodata.str1.1)
    .L.str.9                                 0x08008698   Data          13  fsl_lpuart.o(.rodata.str1.1)
    .L.str.1                                 0x080086a5   Data          61  fsl_lpuart.o(.rodata.str1.1)
    .L.str.2                                 0x080086c8   Data          15  fsl_lpuart.o(.rodata.str1.1)
    .L.str.3                                 0x080086f7   Data          15  fsl_lpuart.o(.rodata.str1.1)
    .L.str.6                                 0x08008706   Data          71  fsl_lpuart.o(.rodata.str1.1)
    .L.str.5                                 0x0800874d   Data          71  fsl_lpuart.o(.rodata.str1.1)
    .L.str.8                                 0x08008774   Data          13  fsl_lpuart.o(.rodata.str1.1)
    .L.str.11                                0x0800878e   Data          13  fsl_lpuart.o(.rodata.str1.1)
    .L.str.13                                0x0800879b   Data          21  fsl_lpuart.o(.rodata.str1.1)
    .L.str.1                                 0x080087af   Data          58  fsl_pmu.o(.rodata.str1.1)
    [Anonymous Symbol]                       0x080087af   Section        0  fsl_pmu.o(.rodata.str1.1)
    .L.str.14                                0x080087b0   Data          14  fsl_lpuart.o(.rodata.str1.1)
    .L.str.2                                 0x080087f8   Data          24  fsl_pmu.o(.rodata.str1.1)
    .L.str.3                                 0x08008810   Data          19  fsl_pmu.o(.rodata.str1.1)
    .L.str.4                                 0x08008823   Data          23  fsl_pmu.o(.rodata.str1.1)
    .L.str.3                                 0x0800882b   Data          73  fsl_adapter_lpuart.o(.rodata.str1.1)
    [Anonymous Symbol]                       0x0800882b   Section        0  fsl_adapter_lpuart.o(.rodata.str1.1)
    .L.str.6                                 0x08008874   Data          12  fsl_adapter_lpuart.o(.rodata.str1.1)
    .L.str.1                                 0x08008880   Data          58  fsl_adapter_lpuart.o(.rodata.str1.1)
    s_flexcanIsr                             0x20000004   Data           4  fsl_flexcan.o(.data.s_flexcanIsr)
    [Anonymous Symbol]                       0x20000004   Section        0  fsl_flexcan.o(.data.s_flexcanIsr)
    s_debugConsole                           0x200003f0   Data          20  fsl_debug_console.o(.bss.s_debugConsole)
    [Anonymous Symbol]                       0x200003f0   Section        0  fsl_debug_console.o(.bss.s_debugConsole)
    s_flexcanHandle                          0x20000404   Data          16  fsl_flexcan.o(.bss.s_flexcanHandle)
    [Anonymous Symbol]                       0x20000404   Section        0  fsl_flexcan.o(.bss.s_flexcanHandle)
    VTOR                                     0xe000ed08   Number         0  startup_mimxrt1176_cm4.o ABSOLUTE

    Global Symbols

    Symbol Name                              Value     Ov Type        Size  Object(Section)

    BuildAttributes$$THM_ISAv4$E$P$D$K$B$S$7EM$VFPi3$EXTD16$VFPS$VFMA$PE$A:L22UL41UL21$X:L11$S22US41US21$IEEE1$IW$USESV6$~STKCKD$USESV7$~SHL$OTIME$ROPI$EBA8$MICROLIB$REQ8$PRES8$EABIv2 0x00000000   Number         0  anon$$obj.o ABSOLUTE
    __cpp_initialize__aeabi_                  - Undefined Weak Reference
    __cxa_finalize                            - Undefined Weak Reference
    __decompress                              - Undefined Weak Reference
    _clock_init                               - Undefined Weak Reference
    _microlib_exit                            - Undefined Weak Reference
    __Vectors                                0x08002000   Number      1024  startup_mimxrt1176_cm4.o(.isr_vector)
    __main                                   0x08002401   Thumb Code     0  entry.o(.ARM.Collect$$$$00000000)
    _main_stk                                0x08002401   Thumb Code     0  entry4.o(.ARM.Collect$$$$00000003)
    _main_scatterload                        0x08002405   Thumb Code     0  entry5.o(.ARM.Collect$$$$00000004)
    __main_after_scatterload                 0x08002409   Thumb Code     0  entry5.o(.ARM.Collect$$$$00000004)
    _main_clock                              0x08002409   Thumb Code     0  entry7b.o(.ARM.Collect$$$$00000008)
    _main_cpp_init                           0x08002409   Thumb Code     0  entry8b.o(.ARM.Collect$$$$0000000A)
    _main_init                               0x08002409   Thumb Code     0  entry9a.o(.ARM.Collect$$$$0000000B)
    __rt_final_cpp                           0x08002411   Thumb Code     0  entry10a.o(.ARM.Collect$$$$0000000D)
    __rt_final_exit                          0x08002411   Thumb Code     0  entry11a.o(.ARM.Collect$$$$0000000F)
    Reset_Handler                            0x08002415   Thumb Code    40  startup_mimxrt1176_cm4.o(.text)
    ACMP1_IRQHandler                         0x0800243d   Thumb Code     4  startup_mimxrt1176_cm4.o(.text)
    ACMP2_IRQHandler                         0x0800243d   Thumb Code     4  startup_mimxrt1176_cm4.o(.text)
    ACMP3_IRQHandler                         0x0800243d   Thumb Code     4  startup_mimxrt1176_cm4.o(.text)
    ACMP4_IRQHandler                         0x0800243d   Thumb Code     4  startup_mimxrt1176_cm4.o(.text)
    ADC1_IRQHandler                          0x0800243d   Thumb Code     4  startup_mimxrt1176_cm4.o(.text)
    ADC2_IRQHandler                          0x0800243d   Thumb Code     4  startup_mimxrt1176_cm4.o(.text)
    ADC_ETC_ERROR_IRQ_IRQHandler             0x0800243d   Thumb Code     4  startup_mimxrt1176_cm4.o(.text)
    ADC_ETC_IRQ0_IRQHandler                  0x0800243d   Thumb Code     4  startup_mimxrt1176_cm4.o(.text)
    ADC_ETC_IRQ1_IRQHandler                  0x0800243d   Thumb Code     4  startup_mimxrt1176_cm4.o(.text)
    ADC_ETC_IRQ2_IRQHandler                  0x0800243d   Thumb Code     4  startup_mimxrt1176_cm4.o(.text)
    ADC_ETC_IRQ3_IRQHandler                  0x0800243d   Thumb Code     4  startup_mimxrt1176_cm4.o(.text)
    ASRC_DriverIRQHandler                    0x0800243d   Thumb Code     4  startup_mimxrt1176_cm4.o(.text)
    BusFault_Handler                         0x0800243d   Thumb Code     4  startup_mimxrt1176_cm4.o(.text)
    CAAM_IRQ0_IRQHandler                     0x0800243d   Thumb Code     4  startup_mimxrt1176_cm4.o(.text)
    CAAM_IRQ1_IRQHandler                     0x0800243d   Thumb Code     4  startup_mimxrt1176_cm4.o(.text)
    CAAM_IRQ2_IRQHandler                     0x0800243d   Thumb Code     4  startup_mimxrt1176_cm4.o(.text)
    CAAM_IRQ3_IRQHandler                     0x0800243d   Thumb Code     4  startup_mimxrt1176_cm4.o(.text)
    CAAM_RECORVE_ERRPR_IRQHandler            0x0800243d   Thumb Code     4  startup_mimxrt1176_cm4.o(.text)
    CAAM_RTIC_IRQHandler                     0x0800243d   Thumb Code     4  startup_mimxrt1176_cm4.o(.text)
    CAN1_ERROR_DriverIRQHandler              0x0800243d   Thumb Code     4  startup_mimxrt1176_cm4.o(.text)
    CAN2_ERROR_DriverIRQHandler              0x0800243d   Thumb Code     4  startup_mimxrt1176_cm4.o(.text)
    CAN3_ERROR_DriverIRQHandler              0x0800243d   Thumb Code     4  startup_mimxrt1176_cm4.o(.text)
    CDOG_DriverIRQHandler                    0x0800243d   Thumb Code     4  startup_mimxrt1176_cm4.o(.text)
    CORE_IRQHandler                          0x0800243d   Thumb Code     4  startup_mimxrt1176_cm4.o(.text)
    CSI_IRQHandler                           0x0800243d   Thumb Code     4  startup_mimxrt1176_cm4.o(.text)
    DAC_IRQHandler                           0x0800243d   Thumb Code     4  startup_mimxrt1176_cm4.o(.text)
    DCIC1_IRQHandler                         0x0800243d   Thumb Code     4  startup_mimxrt1176_cm4.o(.text)
    DCIC2_IRQHandler                         0x0800243d   Thumb Code     4  startup_mimxrt1176_cm4.o(.text)
    DMA0_DMA16_DriverIRQHandler              0x0800243d   Thumb Code     4  startup_mimxrt1176_cm4.o(.text)
    DMA10_DMA26_DriverIRQHandler             0x0800243d   Thumb Code     4  startup_mimxrt1176_cm4.o(.text)
    DMA11_DMA27_DriverIRQHandler             0x0800243d   Thumb Code     4  startup_mimxrt1176_cm4.o(.text)
    DMA12_DMA28_DriverIRQHandler             0x0800243d   Thumb Code     4  startup_mimxrt1176_cm4.o(.text)
    DMA13_DMA29_DriverIRQHandler             0x0800243d   Thumb Code     4  startup_mimxrt1176_cm4.o(.text)
    DMA14_DMA30_DriverIRQHandler             0x0800243d   Thumb Code     4  startup_mimxrt1176_cm4.o(.text)
    DMA15_DMA31_DriverIRQHandler             0x0800243d   Thumb Code     4  startup_mimxrt1176_cm4.o(.text)
    DMA1_DMA17_DriverIRQHandler              0x0800243d   Thumb Code     4  startup_mimxrt1176_cm4.o(.text)
    DMA2_DMA18_DriverIRQHandler              0x0800243d   Thumb Code     4  startup_mimxrt1176_cm4.o(.text)
    DMA3_DMA19_DriverIRQHandler              0x0800243d   Thumb Code     4  startup_mimxrt1176_cm4.o(.text)
    DMA4_DMA20_DriverIRQHandler              0x0800243d   Thumb Code     4  startup_mimxrt1176_cm4.o(.text)
    DMA5_DMA21_DriverIRQHandler              0x0800243d   Thumb Code     4  startup_mimxrt1176_cm4.o(.text)
    DMA6_DMA22_DriverIRQHandler              0x0800243d   Thumb Code     4  startup_mimxrt1176_cm4.o(.text)
    DMA7_DMA23_DriverIRQHandler              0x0800243d   Thumb Code     4  startup_mimxrt1176_cm4.o(.text)
    DMA8_DMA24_DriverIRQHandler              0x0800243d   Thumb Code     4  startup_mimxrt1176_cm4.o(.text)
    DMA9_DMA25_DriverIRQHandler              0x0800243d   Thumb Code     4  startup_mimxrt1176_cm4.o(.text)
    DMA_ERROR_DriverIRQHandler               0x0800243d   Thumb Code     4  startup_mimxrt1176_cm4.o(.text)
    DebugMon_Handler                         0x0800243d   Thumb Code     4  startup_mimxrt1176_cm4.o(.text)
    DefaultISR                               0x0800243d   Thumb Code     4  startup_mimxrt1176_cm4.o(.text)
    EMVSIM1_IRQHandler                       0x0800243d   Thumb Code     4  startup_mimxrt1176_cm4.o(.text)
    EMVSIM2_IRQHandler                       0x0800243d   Thumb Code     4  startup_mimxrt1176_cm4.o(.text)
    ENC1_IRQHandler                          0x0800243d   Thumb Code     4  startup_mimxrt1176_cm4.o(.text)
    ENC2_IRQHandler                          0x0800243d   Thumb Code     4  startup_mimxrt1176_cm4.o(.text)
    ENC3_IRQHandler                          0x0800243d   Thumb Code     4  startup_mimxrt1176_cm4.o(.text)
    ENC4_IRQHandler                          0x0800243d   Thumb Code     4  startup_mimxrt1176_cm4.o(.text)
    ENET_1588_Timer_DriverIRQHandler         0x0800243d   Thumb Code     4  startup_mimxrt1176_cm4.o(.text)
    ENET_1G_1588_Timer_DriverIRQHandler      0x0800243d   Thumb Code     4  startup_mimxrt1176_cm4.o(.text)
    ENET_1G_DriverIRQHandler                 0x0800243d   Thumb Code     4  startup_mimxrt1176_cm4.o(.text)
    ENET_1G_MAC0_Tx_Rx_1_DriverIRQHandler    0x0800243d   Thumb Code     4  startup_mimxrt1176_cm4.o(.text)
    ENET_1G_MAC0_Tx_Rx_2_DriverIRQHandler    0x0800243d   Thumb Code     4  startup_mimxrt1176_cm4.o(.text)
    ENET_DriverIRQHandler                    0x0800243d   Thumb Code     4  startup_mimxrt1176_cm4.o(.text)
    ENET_QOS_DriverIRQHandler                0x0800243d   Thumb Code     4  startup_mimxrt1176_cm4.o(.text)
    ENET_QOS_PMT_DriverIRQHandler            0x0800243d   Thumb Code     4  startup_mimxrt1176_cm4.o(.text)
    EWM_IRQHandler                           0x0800243d   Thumb Code     4  startup_mimxrt1176_cm4.o(.text)
    FLEXIO1_DriverIRQHandler                 0x0800243d   Thumb Code     4  startup_mimxrt1176_cm4.o(.text)
    FLEXIO2_DriverIRQHandler                 0x0800243d   Thumb Code     4  startup_mimxrt1176_cm4.o(.text)
    FLEXRAM_ECC_IRQHandler                   0x0800243d   Thumb Code     4  startup_mimxrt1176_cm4.o(.text)
    FLEXSPI1_DriverIRQHandler                0x0800243d   Thumb Code     4  startup_mimxrt1176_cm4.o(.text)
    FLEXSPI2_DriverIRQHandler                0x0800243d   Thumb Code     4  startup_mimxrt1176_cm4.o(.text)
    GPC_IRQHandler                           0x0800243d   Thumb Code     4  startup_mimxrt1176_cm4.o(.text)
    GPIO12_Combined_0_15_IRQHandler          0x0800243d   Thumb Code     4  startup_mimxrt1176_cm4.o(.text)
    GPIO12_Combined_16_31_IRQHandler         0x0800243d   Thumb Code     4  startup_mimxrt1176_cm4.o(.text)
    GPIO13_Combined_0_31_IRQHandler          0x0800243d   Thumb Code     4  startup_mimxrt1176_cm4.o(.text)
    GPIO1_Combined_0_15_IRQHandler           0x0800243d   Thumb Code     4  startup_mimxrt1176_cm4.o(.text)
    GPIO1_Combined_16_31_IRQHandler          0x0800243d   Thumb Code     4  startup_mimxrt1176_cm4.o(.text)
    GPIO2_Combined_0_15_IRQHandler           0x0800243d   Thumb Code     4  startup_mimxrt1176_cm4.o(.text)
    GPIO2_Combined_16_31_IRQHandler          0x0800243d   Thumb Code     4  startup_mimxrt1176_cm4.o(.text)
    GPIO3_Combined_0_15_IRQHandler           0x0800243d   Thumb Code     4  startup_mimxrt1176_cm4.o(.text)
    GPIO3_Combined_16_31_IRQHandler          0x0800243d   Thumb Code     4  startup_mimxrt1176_cm4.o(.text)
    GPIO4_Combined_0_15_IRQHandler           0x0800243d   Thumb Code     4  startup_mimxrt1176_cm4.o(.text)
    GPIO4_Combined_16_31_IRQHandler          0x0800243d   Thumb Code     4  startup_mimxrt1176_cm4.o(.text)
    GPIO5_Combined_0_15_IRQHandler           0x0800243d   Thumb Code     4  startup_mimxrt1176_cm4.o(.text)
    GPIO5_Combined_16_31_IRQHandler          0x0800243d   Thumb Code     4  startup_mimxrt1176_cm4.o(.text)
    GPIO7_8_9_10_11_IRQHandler               0x0800243d   Thumb Code     4  startup_mimxrt1176_cm4.o(.text)
    GPR_IRQ_IRQHandler                       0x0800243d   Thumb Code     4  startup_mimxrt1176_cm4.o(.text)
    GPT1_IRQHandler                          0x0800243d   Thumb Code     4  startup_mimxrt1176_cm4.o(.text)
    GPT2_IRQHandler                          0x0800243d   Thumb Code     4  startup_mimxrt1176_cm4.o(.text)
    GPT3_IRQHandler                          0x0800243d   Thumb Code     4  startup_mimxrt1176_cm4.o(.text)
    GPT4_IRQHandler                          0x0800243d   Thumb Code     4  startup_mimxrt1176_cm4.o(.text)
    GPT5_IRQHandler                          0x0800243d   Thumb Code     4  startup_mimxrt1176_cm4.o(.text)
    GPT6_IRQHandler                          0x0800243d   Thumb Code     4  startup_mimxrt1176_cm4.o(.text)
    GPU2D_IRQHandler                         0x0800243d   Thumb Code     4  startup_mimxrt1176_cm4.o(.text)
    KEY_MANAGER_IRQHandler                   0x0800243d   Thumb Code     4  startup_mimxrt1176_cm4.o(.text)
    KPP_IRQHandler                           0x0800243d   Thumb Code     4  startup_mimxrt1176_cm4.o(.text)
    LCDIFv2_IRQHandler                       0x0800243d   Thumb Code     4  startup_mimxrt1176_cm4.o(.text)
    LPI2C1_DriverIRQHandler                  0x0800243d   Thumb Code     4  startup_mimxrt1176_cm4.o(.text)
    LPI2C2_DriverIRQHandler                  0x0800243d   Thumb Code     4  startup_mimxrt1176_cm4.o(.text)
    LPI2C3_DriverIRQHandler                  0x0800243d   Thumb Code     4  startup_mimxrt1176_cm4.o(.text)
    LPI2C4_DriverIRQHandler                  0x0800243d   Thumb Code     4  startup_mimxrt1176_cm4.o(.text)
    LPI2C5_DriverIRQHandler                  0x0800243d   Thumb Code     4  startup_mimxrt1176_cm4.o(.text)
    LPI2C6_DriverIRQHandler                  0x0800243d   Thumb Code     4  startup_mimxrt1176_cm4.o(.text)
    LPSPI1_DriverIRQHandler                  0x0800243d   Thumb Code     4  startup_mimxrt1176_cm4.o(.text)
    LPSPI2_DriverIRQHandler                  0x0800243d   Thumb Code     4  startup_mimxrt1176_cm4.o(.text)
    LPSPI3_DriverIRQHandler                  0x0800243d   Thumb Code     4  startup_mimxrt1176_cm4.o(.text)
    LPSPI4_DriverIRQHandler                  0x0800243d   Thumb Code     4  startup_mimxrt1176_cm4.o(.text)
    LPSPI5_DriverIRQHandler                  0x0800243d   Thumb Code     4  startup_mimxrt1176_cm4.o(.text)
    LPSPI6_DriverIRQHandler                  0x0800243d   Thumb Code     4  startup_mimxrt1176_cm4.o(.text)
    LPSR_LP0_BROWNOUT_IRQHandler             0x0800243d   Thumb Code     4  startup_mimxrt1176_cm4.o(.text)
    LPSR_LP8_BROWNOUT_IRQHandler             0x0800243d   Thumb Code     4  startup_mimxrt1176_cm4.o(.text)
    MECC1_FATAL_INT_IRQHandler               0x0800243d   Thumb Code     4  startup_mimxrt1176_cm4.o(.text)
    MECC1_INT_IRQHandler                     0x0800243d   Thumb Code     4  startup_mimxrt1176_cm4.o(.text)
    MECC2_FATAL_INT_IRQHandler               0x0800243d   Thumb Code     4  startup_mimxrt1176_cm4.o(.text)
    MECC2_INT_IRQHandler                     0x0800243d   Thumb Code     4  startup_mimxrt1176_cm4.o(.text)
    MIPI_CSI_DriverIRQHandler                0x0800243d   Thumb Code     4  startup_mimxrt1176_cm4.o(.text)
    MIPI_DSI_DriverIRQHandler                0x0800243d   Thumb Code     4  startup_mimxrt1176_cm4.o(.text)
    MUB_IRQHandler                           0x0800243d   Thumb Code     4  startup_mimxrt1176_cm4.o(.text)
    MemManage_Handler                        0x0800243d   Thumb Code     4  startup_mimxrt1176_cm4.o(.text)
    OCOTP_READ_DONE_ERROR_IRQHandler         0x0800243d   Thumb Code     4  startup_mimxrt1176_cm4.o(.text)
    OCOTP_READ_FUSE_ERROR_IRQHandler         0x0800243d   Thumb Code     4  startup_mimxrt1176_cm4.o(.text)
    PDM_ERROR_DriverIRQHandler               0x0800243d   Thumb Code     4  startup_mimxrt1176_cm4.o(.text)
    PDM_EVENT_DriverIRQHandler               0x0800243d   Thumb Code     4  startup_mimxrt1176_cm4.o(.text)
    PDM_HWVAD_ERROR_DriverIRQHandler         0x0800243d   Thumb Code     4  startup_mimxrt1176_cm4.o(.text)
    PDM_HWVAD_EVENT_DriverIRQHandler         0x0800243d   Thumb Code     4  startup_mimxrt1176_cm4.o(.text)
    PIT1_IRQHandler                          0x0800243d   Thumb Code     4  startup_mimxrt1176_cm4.o(.text)
    PIT2_IRQHandler                          0x0800243d   Thumb Code     4  startup_mimxrt1176_cm4.o(.text)
    PWM1_0_IRQHandler                        0x0800243d   Thumb Code     4  startup_mimxrt1176_cm4.o(.text)
    PWM1_1_IRQHandler                        0x0800243d   Thumb Code     4  startup_mimxrt1176_cm4.o(.text)
    PWM1_2_IRQHandler                        0x0800243d   Thumb Code     4  startup_mimxrt1176_cm4.o(.text)
    PWM1_3_IRQHandler                        0x0800243d   Thumb Code     4  startup_mimxrt1176_cm4.o(.text)
    PWM1_FAULT_IRQHandler                    0x0800243d   Thumb Code     4  startup_mimxrt1176_cm4.o(.text)
    PWM2_0_IRQHandler                        0x0800243d   Thumb Code     4  startup_mimxrt1176_cm4.o(.text)
    PWM2_1_IRQHandler                        0x0800243d   Thumb Code     4  startup_mimxrt1176_cm4.o(.text)
    PWM2_2_IRQHandler                        0x0800243d   Thumb Code     4  startup_mimxrt1176_cm4.o(.text)
    PWM2_3_IRQHandler                        0x0800243d   Thumb Code     4  startup_mimxrt1176_cm4.o(.text)
    PWM2_FAULT_IRQHandler                    0x0800243d   Thumb Code     4  startup_mimxrt1176_cm4.o(.text)
    PWM3_0_IRQHandler                        0x0800243d   Thumb Code     4  startup_mimxrt1176_cm4.o(.text)
    PWM3_1_IRQHandler                        0x0800243d   Thumb Code     4  startup_mimxrt1176_cm4.o(.text)
    PWM3_2_IRQHandler                        0x0800243d   Thumb Code     4  startup_mimxrt1176_cm4.o(.text)
    PWM3_3_IRQHandler                        0x0800243d   Thumb Code     4  startup_mimxrt1176_cm4.o(.text)
    PWM3_FAULT_IRQHandler                    0x0800243d   Thumb Code     4  startup_mimxrt1176_cm4.o(.text)
    PWM4_0_IRQHandler                        0x0800243d   Thumb Code     4  startup_mimxrt1176_cm4.o(.text)
    PWM4_1_IRQHandler                        0x0800243d   Thumb Code     4  startup_mimxrt1176_cm4.o(.text)
    PWM4_2_IRQHandler                        0x0800243d   Thumb Code     4  startup_mimxrt1176_cm4.o(.text)
    PWM4_3_IRQHandler                        0x0800243d   Thumb Code     4  startup_mimxrt1176_cm4.o(.text)
    PWM4_FAULT_IRQHandler                    0x0800243d   Thumb Code     4  startup_mimxrt1176_cm4.o(.text)
    PXP_IRQHandler                           0x0800243d   Thumb Code     4  startup_mimxrt1176_cm4.o(.text)
    RDC_IRQHandler                           0x0800243d   Thumb Code     4  startup_mimxrt1176_cm4.o(.text)
    RTWDOG4_IRQHandler                       0x0800243d   Thumb Code     4  startup_mimxrt1176_cm4.o(.text)
    Reserved110_IRQHandler                   0x0800243d   Thumb Code     4  startup_mimxrt1176_cm4.o(.text)
    Reserved166_IRQHandler                   0x0800243d   Thumb Code     4  startup_mimxrt1176_cm4.o(.text)
    Reserved167_IRQHandler                   0x0800243d   Thumb Code     4  startup_mimxrt1176_cm4.o(.text)
    Reserved168_IRQHandler                   0x0800243d   Thumb Code     4  startup_mimxrt1176_cm4.o(.text)
    Reserved169_IRQHandler                   0x0800243d   Thumb Code     4  startup_mimxrt1176_cm4.o(.text)
    Reserved170_IRQHandler                   0x0800243d   Thumb Code     4  startup_mimxrt1176_cm4.o(.text)
    Reserved177_IRQHandler                   0x0800243d   Thumb Code     4  startup_mimxrt1176_cm4.o(.text)
    Reserved178_IRQHandler                   0x0800243d   Thumb Code     4  startup_mimxrt1176_cm4.o(.text)
    Reserved179_IRQHandler                   0x0800243d   Thumb Code     4  startup_mimxrt1176_cm4.o(.text)
    Reserved180_IRQHandler                   0x0800243d   Thumb Code     4  startup_mimxrt1176_cm4.o(.text)
    Reserved185_IRQHandler                   0x0800243d   Thumb Code     4  startup_mimxrt1176_cm4.o(.text)
    Reserved186_IRQHandler                   0x0800243d   Thumb Code     4  startup_mimxrt1176_cm4.o(.text)
    Reserved208_IRQHandler                   0x0800243d   Thumb Code     4  startup_mimxrt1176_cm4.o(.text)
    Reserved209_IRQHandler                   0x0800243d   Thumb Code     4  startup_mimxrt1176_cm4.o(.text)
    Reserved210_IRQHandler                   0x0800243d   Thumb Code     4  startup_mimxrt1176_cm4.o(.text)
    Reserved211_IRQHandler                   0x0800243d   Thumb Code     4  startup_mimxrt1176_cm4.o(.text)
    Reserved212_IRQHandler                   0x0800243d   Thumb Code     4  startup_mimxrt1176_cm4.o(.text)
    Reserved213_IRQHandler                   0x0800243d   Thumb Code     4  startup_mimxrt1176_cm4.o(.text)
    Reserved214_IRQHandler                   0x0800243d   Thumb Code     4  startup_mimxrt1176_cm4.o(.text)
    Reserved215_IRQHandler                   0x0800243d   Thumb Code     4  startup_mimxrt1176_cm4.o(.text)
    Reserved33_IRQHandler                    0x0800243d   Thumb Code     4  startup_mimxrt1176_cm4.o(.text)
    Reserved34_IRQHandler                    0x0800243d   Thumb Code     4  startup_mimxrt1176_cm4.o(.text)
    Reserved66_IRQHandler                    0x0800243d   Thumb Code     4  startup_mimxrt1176_cm4.o(.text)
    Reserved68_IRQHandler                    0x0800243d   Thumb Code     4  startup_mimxrt1176_cm4.o(.text)
    SAI1_DriverIRQHandler                    0x0800243d   Thumb Code     4  startup_mimxrt1176_cm4.o(.text)
    SAI2_DriverIRQHandler                    0x0800243d   Thumb Code     4  startup_mimxrt1176_cm4.o(.text)
    SAI3_RX_DriverIRQHandler                 0x0800243d   Thumb Code     4  startup_mimxrt1176_cm4.o(.text)
    SAI3_TX_DriverIRQHandler                 0x0800243d   Thumb Code     4  startup_mimxrt1176_cm4.o(.text)
    SAI4_RX_DriverIRQHandler                 0x0800243d   Thumb Code     4  startup_mimxrt1176_cm4.o(.text)
    SAI4_TX_DriverIRQHandler                 0x0800243d   Thumb Code     4  startup_mimxrt1176_cm4.o(.text)
    SEMA4_CP0_IRQHandler                     0x0800243d   Thumb Code     4  startup_mimxrt1176_cm4.o(.text)
    SEMA4_CP1_IRQHandler                     0x0800243d   Thumb Code     4  startup_mimxrt1176_cm4.o(.text)
    SEMC_IRQHandler                          0x0800243d   Thumb Code     4  startup_mimxrt1176_cm4.o(.text)
    SNVS_HP_NON_TZ_IRQHandler                0x0800243d   Thumb Code     4  startup_mimxrt1176_cm4.o(.text)
    SNVS_HP_TZ_IRQHandler                    0x0800243d   Thumb Code     4  startup_mimxrt1176_cm4.o(.text)
    SNVS_PULSE_EVENT_IRQHandler              0x0800243d   Thumb Code     4  startup_mimxrt1176_cm4.o(.text)
    SPDIF_DriverIRQHandler                   0x0800243d   Thumb Code     4  startup_mimxrt1176_cm4.o(.text)
    TMPSNS_INT_IRQHandler                    0x0800243d   Thumb Code     4  startup_mimxrt1176_cm4.o(.text)
    TMPSNS_LOW_HIGH_IRQHandler               0x0800243d   Thumb Code     4  startup_mimxrt1176_cm4.o(.text)
    TMPSNS_PANIC_IRQHandler                  0x0800243d   Thumb Code     4  startup_mimxrt1176_cm4.o(.text)
    TMR1_IRQHandler                          0x0800243d   Thumb Code     4  startup_mimxrt1176_cm4.o(.text)
    TMR2_IRQHandler                          0x0800243d   Thumb Code     4  startup_mimxrt1176_cm4.o(.text)
    TMR3_IRQHandler                          0x0800243d   Thumb Code     4  startup_mimxrt1176_cm4.o(.text)
    TMR4_IRQHandler                          0x0800243d   Thumb Code     4  startup_mimxrt1176_cm4.o(.text)
    USBPHY1_IRQHandler                       0x0800243d   Thumb Code     4  startup_mimxrt1176_cm4.o(.text)
    USBPHY2_IRQHandler                       0x0800243d   Thumb Code     4  startup_mimxrt1176_cm4.o(.text)
    USB_OTG1_IRQHandler                      0x0800243d   Thumb Code     4  startup_mimxrt1176_cm4.o(.text)
    USB_OTG2_IRQHandler                      0x0800243d   Thumb Code     4  startup_mimxrt1176_cm4.o(.text)
    USDHC1_DriverIRQHandler                  0x0800243d   Thumb Code     4  startup_mimxrt1176_cm4.o(.text)
    USDHC2_DriverIRQHandler                  0x0800243d   Thumb Code     4  startup_mimxrt1176_cm4.o(.text)
    UsageFault_Handler                       0x0800243d   Thumb Code     4  startup_mimxrt1176_cm4.o(.text)
    WDOG1_IRQHandler                         0x0800243d   Thumb Code     4  startup_mimxrt1176_cm4.o(.text)
    WDOG2_IRQHandler                         0x0800243d   Thumb Code     4  startup_mimxrt1176_cm4.o(.text)
    XBAR1_IRQ_0_1_IRQHandler                 0x0800243d   Thumb Code     4  startup_mimxrt1176_cm4.o(.text)
    XBAR1_IRQ_2_3_IRQHandler                 0x0800243d   Thumb Code     4  startup_mimxrt1176_cm4.o(.text)
    XECC_FLEXSPI1_FATAL_INT_DriverIRQHandler 0x0800243d   Thumb Code     4  startup_mimxrt1176_cm4.o(.text)
    XECC_FLEXSPI1_INT_DriverIRQHandler       0x0800243d   Thumb Code     4  startup_mimxrt1176_cm4.o(.text)
    XECC_FLEXSPI2_FATAL_INT_DriverIRQHandler 0x0800243d   Thumb Code     4  startup_mimxrt1176_cm4.o(.text)
    XECC_FLEXSPI2_INT_DriverIRQHandler       0x0800243d   Thumb Code     4  startup_mimxrt1176_cm4.o(.text)
    XECC_SEMC_FATAL_INT_IRQHandler           0x0800243d   Thumb Code     4  startup_mimxrt1176_cm4.o(.text)
    XECC_SEMC_INT_IRQHandler                 0x0800243d   Thumb Code     4  startup_mimxrt1176_cm4.o(.text)
    eLCDIF_IRQHandler                        0x0800243d   Thumb Code     4  startup_mimxrt1176_cm4.o(.text)
    NMI_Handler                              0x08002441   Thumb Code     4  startup_mimxrt1176_cm4.o(.text)
    HardFault_Handler                        0x08002445   Thumb Code     4  startup_mimxrt1176_cm4.o(.text)
    SVC_Handler                              0x08002449   Thumb Code     4  startup_mimxrt1176_cm4.o(.text)
    PendSV_Handler                           0x0800244d   Thumb Code     4  startup_mimxrt1176_cm4.o(.text)
    SysTick_Handler                          0x08002451   Thumb Code     4  startup_mimxrt1176_cm4.o(.text)
    DMA0_DMA16_IRQHandler                    0x08002455   Thumb Code     4  startup_mimxrt1176_cm4.o(.text)
    DMA1_DMA17_IRQHandler                    0x08002459   Thumb Code     4  startup_mimxrt1176_cm4.o(.text)
    DMA2_DMA18_IRQHandler                    0x0800245d   Thumb Code     4  startup_mimxrt1176_cm4.o(.text)
    DMA3_DMA19_IRQHandler                    0x08002461   Thumb Code     4  startup_mimxrt1176_cm4.o(.text)
    DMA4_DMA20_IRQHandler                    0x08002465   Thumb Code     4  startup_mimxrt1176_cm4.o(.text)
    DMA5_DMA21_IRQHandler                    0x08002469   Thumb Code     4  startup_mimxrt1176_cm4.o(.text)
    DMA6_DMA22_IRQHandler                    0x0800246d   Thumb Code     4  startup_mimxrt1176_cm4.o(.text)
    DMA7_DMA23_IRQHandler                    0x08002471   Thumb Code     4  startup_mimxrt1176_cm4.o(.text)
    DMA8_DMA24_IRQHandler                    0x08002475   Thumb Code     4  startup_mimxrt1176_cm4.o(.text)
    DMA9_DMA25_IRQHandler                    0x08002479   Thumb Code     4  startup_mimxrt1176_cm4.o(.text)
    DMA10_DMA26_IRQHandler                   0x0800247d   Thumb Code     4  startup_mimxrt1176_cm4.o(.text)
    DMA11_DMA27_IRQHandler                   0x08002481   Thumb Code     4  startup_mimxrt1176_cm4.o(.text)
    DMA12_DMA28_IRQHandler                   0x08002485   Thumb Code     4  startup_mimxrt1176_cm4.o(.text)
    DMA13_DMA29_IRQHandler                   0x08002489   Thumb Code     4  startup_mimxrt1176_cm4.o(.text)
    DMA14_DMA30_IRQHandler                   0x0800248d   Thumb Code     4  startup_mimxrt1176_cm4.o(.text)
    DMA15_DMA31_IRQHandler                   0x08002491   Thumb Code     4  startup_mimxrt1176_cm4.o(.text)
    DMA_ERROR_IRQHandler                     0x08002495   Thumb Code     4  startup_mimxrt1176_cm4.o(.text)
    LPUART1_IRQHandler                       0x08002499   Thumb Code     4  startup_mimxrt1176_cm4.o(.text)
    LPUART2_IRQHandler                       0x0800249d   Thumb Code     4  startup_mimxrt1176_cm4.o(.text)
    LPUART3_IRQHandler                       0x080024a1   Thumb Code     4  startup_mimxrt1176_cm4.o(.text)
    LPUART4_IRQHandler                       0x080024a5   Thumb Code     4  startup_mimxrt1176_cm4.o(.text)
    LPUART5_IRQHandler                       0x080024a9   Thumb Code     4  startup_mimxrt1176_cm4.o(.text)
    LPUART6_IRQHandler                       0x080024ad   Thumb Code     4  startup_mimxrt1176_cm4.o(.text)
    LPUART7_IRQHandler                       0x080024b1   Thumb Code     4  startup_mimxrt1176_cm4.o(.text)
    LPUART8_IRQHandler                       0x080024b5   Thumb Code     4  startup_mimxrt1176_cm4.o(.text)
    LPUART9_IRQHandler                       0x080024b9   Thumb Code     4  startup_mimxrt1176_cm4.o(.text)
    LPUART10_IRQHandler                      0x080024bd   Thumb Code     4  startup_mimxrt1176_cm4.o(.text)
    LPUART11_IRQHandler                      0x080024c1   Thumb Code     4  startup_mimxrt1176_cm4.o(.text)
    LPUART12_IRQHandler                      0x080024c5   Thumb Code     4  startup_mimxrt1176_cm4.o(.text)
    LPI2C1_IRQHandler                        0x080024c9   Thumb Code     4  startup_mimxrt1176_cm4.o(.text)
    LPI2C2_IRQHandler                        0x080024cd   Thumb Code     4  startup_mimxrt1176_cm4.o(.text)
    LPI2C3_IRQHandler                        0x080024d1   Thumb Code     4  startup_mimxrt1176_cm4.o(.text)
    LPI2C4_IRQHandler                        0x080024d5   Thumb Code     4  startup_mimxrt1176_cm4.o(.text)
    LPI2C5_IRQHandler                        0x080024d9   Thumb Code     4  startup_mimxrt1176_cm4.o(.text)
    LPI2C6_IRQHandler                        0x080024dd   Thumb Code     4  startup_mimxrt1176_cm4.o(.text)
    LPSPI1_IRQHandler                        0x080024e1   Thumb Code     4  startup_mimxrt1176_cm4.o(.text)
    LPSPI2_IRQHandler                        0x080024e5   Thumb Code     4  startup_mimxrt1176_cm4.o(.text)
    LPSPI3_IRQHandler                        0x080024e9   Thumb Code     4  startup_mimxrt1176_cm4.o(.text)
    LPSPI4_IRQHandler                        0x080024ed   Thumb Code     4  startup_mimxrt1176_cm4.o(.text)
    LPSPI5_IRQHandler                        0x080024f1   Thumb Code     4  startup_mimxrt1176_cm4.o(.text)
    LPSPI6_IRQHandler                        0x080024f5   Thumb Code     4  startup_mimxrt1176_cm4.o(.text)
    CAN1_IRQHandler                          0x080024f9   Thumb Code     4  startup_mimxrt1176_cm4.o(.text)
    CAN1_ERROR_IRQHandler                    0x080024fd   Thumb Code     4  startup_mimxrt1176_cm4.o(.text)
    CAN2_IRQHandler                          0x08002501   Thumb Code     4  startup_mimxrt1176_cm4.o(.text)
    CAN2_ERROR_IRQHandler                    0x08002505   Thumb Code     4  startup_mimxrt1176_cm4.o(.text)
    CAN3_IRQHandler                          0x08002509   Thumb Code     4  startup_mimxrt1176_cm4.o(.text)
    CAN3_ERROR_IRQHandler                    0x0800250d   Thumb Code     4  startup_mimxrt1176_cm4.o(.text)
    MIPI_CSI_IRQHandler                      0x08002511   Thumb Code     4  startup_mimxrt1176_cm4.o(.text)
    MIPI_DSI_IRQHandler                      0x08002515   Thumb Code     4  startup_mimxrt1176_cm4.o(.text)
    CDOG_IRQHandler                          0x08002519   Thumb Code     4  startup_mimxrt1176_cm4.o(.text)
    SAI1_IRQHandler                          0x0800251d   Thumb Code     4  startup_mimxrt1176_cm4.o(.text)
    SAI2_IRQHandler                          0x08002521   Thumb Code     4  startup_mimxrt1176_cm4.o(.text)
    SAI3_RX_IRQHandler                       0x08002525   Thumb Code     4  startup_mimxrt1176_cm4.o(.text)
    SAI3_TX_IRQHandler                       0x08002529   Thumb Code     4  startup_mimxrt1176_cm4.o(.text)
    SAI4_RX_IRQHandler                       0x0800252d   Thumb Code     4  startup_mimxrt1176_cm4.o(.text)
    SAI4_TX_IRQHandler                       0x08002531   Thumb Code     4  startup_mimxrt1176_cm4.o(.text)
    SPDIF_IRQHandler                         0x08002535   Thumb Code     4  startup_mimxrt1176_cm4.o(.text)
    ASRC_IRQHandler                          0x08002539   Thumb Code     4  startup_mimxrt1176_cm4.o(.text)
    FLEXIO1_IRQHandler                       0x0800253d   Thumb Code     4  startup_mimxrt1176_cm4.o(.text)
    FLEXIO2_IRQHandler                       0x08002541   Thumb Code     4  startup_mimxrt1176_cm4.o(.text)
    FLEXSPI1_IRQHandler                      0x08002545   Thumb Code     4  startup_mimxrt1176_cm4.o(.text)
    FLEXSPI2_IRQHandler                      0x08002549   Thumb Code     4  startup_mimxrt1176_cm4.o(.text)
    USDHC1_IRQHandler                        0x0800254d   Thumb Code     4  startup_mimxrt1176_cm4.o(.text)
    USDHC2_IRQHandler                        0x08002551   Thumb Code     4  startup_mimxrt1176_cm4.o(.text)
    ENET_IRQHandler                          0x08002555   Thumb Code     4  startup_mimxrt1176_cm4.o(.text)
    ENET_1588_Timer_IRQHandler               0x08002559   Thumb Code     4  startup_mimxrt1176_cm4.o(.text)
    ENET_1G_MAC0_Tx_Rx_1_IRQHandler          0x0800255d   Thumb Code     4  startup_mimxrt1176_cm4.o(.text)
    ENET_1G_MAC0_Tx_Rx_2_IRQHandler          0x08002561   Thumb Code     4  startup_mimxrt1176_cm4.o(.text)
    ENET_1G_IRQHandler                       0x08002565   Thumb Code     4  startup_mimxrt1176_cm4.o(.text)
    ENET_1G_1588_Timer_IRQHandler            0x08002569   Thumb Code     4  startup_mimxrt1176_cm4.o(.text)
    PDM_HWVAD_EVENT_IRQHandler               0x0800256d   Thumb Code     4  startup_mimxrt1176_cm4.o(.text)
    PDM_HWVAD_ERROR_IRQHandler               0x08002571   Thumb Code     4  startup_mimxrt1176_cm4.o(.text)
    PDM_EVENT_IRQHandler                     0x08002575   Thumb Code     4  startup_mimxrt1176_cm4.o(.text)
    PDM_ERROR_IRQHandler                     0x08002579   Thumb Code     4  startup_mimxrt1176_cm4.o(.text)
    XECC_FLEXSPI1_INT_IRQHandler             0x0800257d   Thumb Code     4  startup_mimxrt1176_cm4.o(.text)
    XECC_FLEXSPI1_FATAL_INT_IRQHandler       0x08002581   Thumb Code     4  startup_mimxrt1176_cm4.o(.text)
    XECC_FLEXSPI2_INT_IRQHandler             0x08002585   Thumb Code     4  startup_mimxrt1176_cm4.o(.text)
    XECC_FLEXSPI2_FATAL_INT_IRQHandler       0x08002589   Thumb Code     4  startup_mimxrt1176_cm4.o(.text)
    ENET_QOS_IRQHandler                      0x0800258d   Thumb Code     4  startup_mimxrt1176_cm4.o(.text)
    ENET_QOS_PMT_IRQHandler                  0x08002591   Thumb Code     4  startup_mimxrt1176_cm4.o(.text)
    __aeabi_uldivmod                         0x080026e9   Thumb Code    98  uldiv.o(.text)
    ___aeabi_memcpy4$ret                     0x0800274b   Thumb Code     0  memcpy.o(.text)
    ___aeabi_memcpy8$ret                     0x0800274b   Thumb Code     0  memcpy.o(.text)
    __aeabi_memcpy                           0x0800274b   Thumb Code    40  memcpy.o(.text)
    memcpy                                   0x0800274b   Thumb Code     0  memcpy.o(.text)
    memset                                   0x08002773   Thumb Code    18  memset.o(.text)
    strlen                                   0x08002785   Thumb Code    14  strlen.o(.text)
    __aeabi_dadd                             0x08002793   Thumb Code   322  dadd.o(.text)
    __aeabi_dsub                             0x080028d5   Thumb Code     6  dadd.o(.text)
    __aeabi_drsub                            0x080028db   Thumb Code     6  dadd.o(.text)
    __aeabi_dmul                             0x080028e1   Thumb Code   228  dmul.o(.text)
    __aeabi_ddiv                             0x080029c5   Thumb Code   222  ddiv.o(.text)
    __aeabi_ui2d                             0x08002aa3   Thumb Code    26  dfltui.o(.text)
    __aeabi_d2uiz                            0x08002abd   Thumb Code    50  dfixui.o(.text)
    __aeabi_llsl                             0x08002aef   Thumb Code    30  llshl.o(.text)
    _ll_shift_l                              0x08002aef   Thumb Code     0  llshl.o(.text)
    __aeabi_llsr                             0x08002b0d   Thumb Code    32  llushr.o(.text)
    _ll_ushift_r                             0x08002b0d   Thumb Code     0  llushr.o(.text)
    __aeabi_lasr                             0x08002b2d   Thumb Code    36  llsshr.o(.text)
    _ll_sshift_r                             0x08002b2d   Thumb Code     0  llsshr.o(.text)
    __I$use$fp                               0x08002b51   Thumb Code     0  iusefp.o(.text)
    _double_round                            0x08002b51   Thumb Code    30  depilogue.o(.text)
    _double_epilogue                         0x08002b6f   Thumb Code   156  depilogue.o(.text)
    __scatterload                            0x08002c0d   Thumb Code    38  init.o(.text)
    __scatterload_rt2                        0x08002c0d   Thumb Code     0  init.o(.text)
    ANATOP_AI_Access                         0x08002c3d   Thumb Code   844  fsl_anatop_ai.o(.text.ANATOP_AI_Access)
    ANATOP_AI_Read                           0x08002f89   Thumb Code    10  fsl_anatop_ai.o(.text.ANATOP_AI_Read)
    ANATOP_AI_Write                          0x08002f95   Thumb Code    10  fsl_anatop_ai.o(.text.ANATOP_AI_Write)
    ANATOP_AI_WriteWithMaskShift             0x08002fa1   Thumb Code    48  fsl_anatop_ai.o(.text.ANATOP_AI_WriteWithMaskShift)
    BOARD_BootClockRUN                       0x08003071   Thumb Code  1800  clock_config.o(.text.BOARD_BootClockRUN)
    BOARD_ConfigMPU                          0x08003779   Thumb Code   444  board.o(.text.BOARD_ConfigMPU)
    BOARD_InitDebugConsole                   0x0800399d   Thumb Code    88  board.o(.text.BOARD_InitDebugConsole)
    BOARD_InitPins                           0x080039f5   Thumb Code   122  pin_mux.o(.text.BOARD_InitPins)
    CAN1_DriverIRQHandler                    0x08003a71   Thumb Code    60  fsl_flexcan.o(.text.CAN1_DriverIRQHandler)
    CAN2_DriverIRQHandler                    0x08003ac9   Thumb Code    60  fsl_flexcan.o(.text.CAN2_DriverIRQHandler)
    CAN3_DriverIRQHandler                    0x08003b21   Thumb Code    60  fsl_flexcan.o(.text.CAN3_DriverIRQHandler)
    CLOCK_DeinitAudioPll                     0x08003b79   Thumb Code    78  fsl_clock.o(.text.CLOCK_DeinitAudioPll)
    CLOCK_DeinitSysPll1                      0x08003bc9   Thumb Code    94  fsl_clock.o(.text.CLOCK_DeinitSysPll1)
    CLOCK_GetFreq                            0x08003d11   Thumb Code   576  fsl_clock.o(.text.CLOCK_GetFreq)
    CLOCK_InitArmPll                         0x08003f59   Thumb Code   208  fsl_clock.o(.text.CLOCK_InitArmPll)
    CLOCK_InitPfd                            0x08004029   Thumb Code   216  fsl_clock.o(.text.CLOCK_InitPfd)
    CLOCK_InitSysPll2                        0x08004141   Thumb Code   254  fsl_clock.o(.text.CLOCK_InitSysPll2)
    CLOCK_InitSysPll3                        0x08004241   Thumb Code   140  fsl_clock.o(.text.CLOCK_InitSysPll3)
    CLOCK_InitVideoPll                       0x080042cd   Thumb Code   220  fsl_clock.o(.text.CLOCK_InitVideoPll)
    CLOCK_OSC_EnableOscRc400M                0x080043a9   Thumb Code    26  fsl_clock.o(.text.CLOCK_OSC_EnableOscRc400M)
    CLOCK_OSC_Set1MHzOutputBehavior          0x080043c5   Thumb Code    46  fsl_clock.o(.text.CLOCK_OSC_Set1MHzOutputBehavior)
    CLOCK_SetPllBypass                       0x080043f5   Thumb Code   148  fsl_clock.o(.text.CLOCK_SetPllBypass)
    DCDC_BootIntoDCM                         0x08004489   Thumb Code    58  fsl_dcdc.o(.text.DCDC_BootIntoDCM)
    DbgConsole_Getchar                       0x080044c5   Thumb Code    50  fsl_debug_console.o(.text.DbgConsole_Getchar)
    DbgConsole_Init                          0x080044f9   Thumb Code    82  fsl_debug_console.o(.text.DbgConsole_Init)
    DbgConsole_Printf                        0x0800454d   Thumb Code    32  fsl_debug_console.o(.text.DbgConsole_Printf)
    DbgConsole_Vprintf                       0x0800456d   Thumb Code  1084  fsl_debug_console.o(.text.DbgConsole_Vprintf)
    FLEXCAN_FDCalculateImprovedTimingValues  0x08004ad5   Thumb Code   476  fsl_flexcan.o(.text.FLEXCAN_FDCalculateImprovedTimingValues)
    FLEXCAN_FDInit                           0x08004d09   Thumb Code   528  fsl_flexcan.o(.text.FLEXCAN_FDInit)
    FLEXCAN_GetDefaultConfig                 0x08004fa1   Thumb Code   120  fsl_flexcan.o(.text.FLEXCAN_GetDefaultConfig)
    FLEXCAN_Init                             0x08005019   Thumb Code   692  fsl_flexcan.o(.text.FLEXCAN_Init)
    FLEXCAN_ReadFDRxMb                       0x080052f9   Thumb Code   352  fsl_flexcan.o(.text.FLEXCAN_ReadFDRxMb)
    FLEXCAN_ReadRxMb                         0x08005459   Thumb Code   182  fsl_flexcan.o(.text.FLEXCAN_ReadRxMb)
    FLEXCAN_SetFDRxMbConfig                  0x080055fd   Thumb Code   324  fsl_flexcan.o(.text.FLEXCAN_SetFDRxMbConfig)
    FLEXCAN_SetFDTxMbConfig                  0x08005741   Thumb Code   274  fsl_flexcan.o(.text.FLEXCAN_SetFDTxMbConfig)
    FLEXCAN_SetRxMbGlobalMask                0x08005855   Thumb Code    64  fsl_flexcan.o(.text.FLEXCAN_SetRxMbGlobalMask)
    FLEXCAN_TransferAbortReceive             0x08005895   Thumb Code   168  fsl_flexcan.o(.text.FLEXCAN_TransferAbortReceive)
    FLEXCAN_TransferAbortSend                0x0800593d   Thumb Code   276  fsl_flexcan.o(.text.FLEXCAN_TransferAbortSend)
    FLEXCAN_TransferCreateHandle             0x08005a51   Thumb Code   268  fsl_flexcan.o(.text.FLEXCAN_TransferCreateHandle)
    FLEXCAN_TransferFDAbortReceive           0x08005b5d   Thumb Code   170  fsl_flexcan.o(.text.FLEXCAN_TransferFDAbortReceive)
    FLEXCAN_TransferFDAbortSend              0x08005c09   Thumb Code   308  fsl_flexcan.o(.text.FLEXCAN_TransferFDAbortSend)
    FLEXCAN_TransferFDReceiveNonBlocking     0x08005d3d   Thumb Code   220  fsl_flexcan.o(.text.FLEXCAN_TransferFDReceiveNonBlocking)
    FLEXCAN_TransferFDSendNonBlocking        0x08005e19   Thumb Code   246  fsl_flexcan.o(.text.FLEXCAN_TransferFDSendNonBlocking)
    FLEXCAN_TransferHandleIRQ                0x08005f11   Thumb Code  1090  fsl_flexcan.o(.text.FLEXCAN_TransferHandleIRQ)
    FLEXCAN_WriteFDTxMb                      0x08006355   Thumb Code   382  fsl_flexcan.o(.text.FLEXCAN_WriteFDTxMb)
    HAL_UartInit                             0x080064d5   Thumb Code   264  fsl_adapter_lpuart.o(.text.HAL_UartInit)
    HAL_UartReceiveBlocking                  0x0800661d   Thumb Code   108  fsl_adapter_lpuart.o(.text.HAL_UartReceiveBlocking)
    HAL_UartSendBlocking                     0x08006689   Thumb Code   102  fsl_adapter_lpuart.o(.text.HAL_UartSendBlocking)
    LPUART10_DriverIRQHandler                0x080066f1   Thumb Code    36  fsl_lpuart.o(.text.LPUART10_DriverIRQHandler)
    LPUART11_DriverIRQHandler                0x08006715   Thumb Code    38  fsl_lpuart.o(.text.LPUART11_DriverIRQHandler)
    LPUART12_DriverIRQHandler                0x0800673d   Thumb Code    38  fsl_lpuart.o(.text.LPUART12_DriverIRQHandler)
    LPUART1_DriverIRQHandler                 0x08006765   Thumb Code    38  fsl_lpuart.o(.text.LPUART1_DriverIRQHandler)
    LPUART2_DriverIRQHandler                 0x0800678d   Thumb Code    36  fsl_lpuart.o(.text.LPUART2_DriverIRQHandler)
    LPUART3_DriverIRQHandler                 0x080067b1   Thumb Code    38  fsl_lpuart.o(.text.LPUART3_DriverIRQHandler)
    LPUART4_DriverIRQHandler                 0x080067d9   Thumb Code    38  fsl_lpuart.o(.text.LPUART4_DriverIRQHandler)
    LPUART5_DriverIRQHandler                 0x08006801   Thumb Code    38  fsl_lpuart.o(.text.LPUART5_DriverIRQHandler)
    LPUART6_DriverIRQHandler                 0x08006829   Thumb Code    36  fsl_lpuart.o(.text.LPUART6_DriverIRQHandler)
    LPUART7_DriverIRQHandler                 0x0800684d   Thumb Code    38  fsl_lpuart.o(.text.LPUART7_DriverIRQHandler)
    LPUART8_DriverIRQHandler                 0x08006875   Thumb Code    38  fsl_lpuart.o(.text.LPUART8_DriverIRQHandler)
    LPUART9_DriverIRQHandler                 0x0800689d   Thumb Code    38  fsl_lpuart.o(.text.LPUART9_DriverIRQHandler)
    LPUART_GetDefaultConfig                  0x080068c5   Thumb Code    58  fsl_lpuart.o(.text.LPUART_GetDefaultConfig)
    LPUART_Init                              0x08006901   Thumb Code   628  fsl_lpuart.o(.text.LPUART_Init)
    LPUART_ReadBlocking                      0x08006b91   Thumb Code   284  fsl_lpuart.o(.text.LPUART_ReadBlocking)
    LPUART_WriteBlocking                     0x08006cad   Thumb Code    54  fsl_lpuart.o(.text.LPUART_WriteBlocking)
    PMU_StaticEnablePllLdo                   0x08006ce5   Thumb Code    62  fsl_pmu.o(.text.PMU_StaticEnablePllLdo)
    PMU_StaticGetLpsrAnaLdoDefaultConfig     0x08006d25   Thumb Code    54  fsl_pmu.o(.text.PMU_StaticGetLpsrAnaLdoDefaultConfig)
    PMU_StaticGetLpsrDigLdoDefaultConfig     0x08006d5d   Thumb Code    48  fsl_pmu.o(.text.PMU_StaticGetLpsrDigLdoDefaultConfig)
    PMU_StaticLpsrAnaLdoInit                 0x08006d8d   Thumb Code   104  fsl_pmu.o(.text.PMU_StaticLpsrAnaLdoInit)
    PMU_StaticLpsrDigLdoInit                 0x08006df5   Thumb Code   100  fsl_pmu.o(.text.PMU_StaticLpsrDigLdoInit)
    SDK_DelayAtLeastUs                       0x08006e59   Thumb Code    64  fsl_common_arm.o(.text.SDK_DelayAtLeastUs)
    SystemInit                               0x08006ead   Thumb Code   304  system_mimxrt1176_cm4.o(.text.SystemInit)
    SystemInitHook                           0x08006fdd   Thumb Code     2  system_mimxrt1176_cm4.o(.text.SystemInitHook)
    __aeabi_assert                           0x08006fe1   Thumb Code    16  fsl_assert.o(.text.__aeabi_assert)
    main                                     0x08007071   Thumb Code   992  flexcan_interrupt_transfer.o(.text.main)
    __scatterload_copy                       0x080074e1   Thumb Code    14  handlers.o(i.__scatterload_copy)
    __scatterload_null                       0x080074ef   Thumb Code     2  handlers.o(i.__scatterload_null)
    __scatterload_zeroinit                   0x080074f1   Thumb Code    14  handlers.o(i.__scatterload_zeroinit)
    armPllConfig_BOARD_BootClockRUN          0x08007500   Data           8  clock_config.o(.rodata.armPllConfig_BOARD_BootClockRUN)
    sysPll2Config_BOARD_BootClockRUN         0x080088bc   Data          12  clock_config.o(.rodata.sysPll2Config_BOARD_BootClockRUN)
    videoPllConfig_BOARD_BootClockRUN        0x080088c8   Data          20  clock_config.o(.rodata.videoPllConfig_BOARD_BootClockRUN)
    Region$$Table$$Base                      0x080088dc   Number         0  anon$$obj.o(Region$$Table)
    Region$$Table$$Limit                     0x080088fc   Number         0  anon$$obj.o(Region$$Table)
    SystemCoreClock                          0x20000000   Data           4  system_mimxrt1176_cm4.o(.data.SystemCoreClock)
    s_lpuartIsr                              0x20000008   Data          52  fsl_lpuart.o(.data.s_lpuartIsr)
    flexcanHandle                            0x2000003c   Data         856  flexcan_interrupt_transfer.o(.bss.flexcanHandle)
    frame                                    0x20000394   Data          72  flexcan_interrupt_transfer.o(.bss.frame)
    rxComplete                               0x200003dc   Data           1  flexcan_interrupt_transfer.o(.bss.rxComplete)
    rxIdentifier                             0x200003e0   Data           4  flexcan_interrupt_transfer.o(.bss.rxIdentifier)
    rxXfer                                   0x200003e4   Data          12  flexcan_interrupt_transfer.o(.bss.rxXfer)
    s_lpuartHandle                           0x20000414   Data          52  fsl_lpuart.o(.bss.s_lpuartHandle)
    txComplete                               0x20000448   Data           1  flexcan_interrupt_transfer.o(.bss.txComplete)
    txIdentifier                             0x2000044c   Data           4  flexcan_interrupt_transfer.o(.bss.txIdentifier)
    txXfer                                   0x20000450   Data          12  flexcan_interrupt_transfer.o(.bss.txXfer)
    wakenUp                                  0x2000045c   Data           1  flexcan_interrupt_transfer.o(.bss.wakenUp)
    Image$$ARM_LIB_HEAP$$ZI$$Base            0x20000460   Number         0  anon$$obj.o ABSOLUTE
    Image$$ARM_LIB_HEAP$$ZI$$Limit           0x20000860   Number         0  anon$$obj.o ABSOLUTE
    Image$$ARM_LIB_STACK$$ZI$$Limit          0x20020000   Number         0  anon$$obj.o ABSOLUTE
    Image$$RW_m_ncache$$Base                 0x20280000   Number         0  anon$$obj.o ABSOLUTE
    Image$$RW_m_ncache_unused$$Base          0x20280000   Number         0  anon$$obj.o ABSOLUTE
    Image$$RW_m_ncache_unused$$ZI$$Limit     0x202c0000   Number         0  anon$$obj.o ABSOLUTE



==============================================================================

Memory Map of the image

  Image Entry point : 0x08002415

  Load Region LR_m_text (Base: 0x08002000, Size: 0x00006938, Max: 0x00ffe000, ABSOLUTE)

    Execution Region VECTOR_ROM (Exec base: 0x08002000, Load base: 0x08002000, Size: 0x00000400, Max: 0x00000400, ABSOLUTE, FIXED)

    Exec Addr    Load Addr    Size         Type   Attr      Idx    E Section Name        Object

    0x08002000   0x08002000   0x00000400   Data   RO          761    .isr_vector         startup_mimxrt1176_cm4.o


    Execution Region VECTOR_RAM (Exec base: 0x08002000, Load base: 0x080088fc, Size: 0x00000000, Max: 0x00000000, ABSOLUTE)

    Exec Addr    Load Addr    Size         Type   Attr      Idx    E Section Name        Object

    0x08002000        -       0x00000000   Zero   RW            1    VECTOR_RAM.bss      anon$$obj.o


    Execution Region ER_m_text (Exec base: 0x08002400, Load base: 0x08002400, Size: 0x000064fc, Max: 0x00ffdc00, ABSOLUTE, FIXED)

    Exec Addr    Load Addr    Size         Type   Attr      Idx    E Section Name        Object

    0x08002400   0x08002400   0x00000000   Code   RO          768  * .ARM.Collect$$$$00000000  mc_w.l(entry.o)
    0x08002400   0x08002400   0x00000004   Code   RO          830    .ARM.Collect$$$$00000003  mc_w.l(entry4.o)
    0x08002404   0x08002404   0x00000004   Code   RO          833    .ARM.Collect$$$$00000004  mc_w.l(entry5.o)
    0x08002408   0x08002408   0x00000000   Code   RO          835    .ARM.Collect$$$$00000008  mc_w.l(entry7b.o)
    0x08002408   0x08002408   0x00000000   Code   RO          837    .ARM.Collect$$$$0000000A  mc_w.l(entry8b.o)
    0x08002408   0x08002408   0x00000008   Code   RO          838    .ARM.Collect$$$$0000000B  mc_w.l(entry9a.o)
    0x08002410   0x08002410   0x00000000   Code   RO          840    .ARM.Collect$$$$0000000D  mc_w.l(entry10a.o)
    0x08002410   0x08002410   0x00000000   Code   RO          842    .ARM.Collect$$$$0000000F  mc_w.l(entry11a.o)
    0x08002410   0x08002410   0x00000004   Code   RO          831    .ARM.Collect$$$$00002714  mc_w.l(entry4.o)
    0x08002414   0x08002414   0x000002d4   Code   RO          760  * .text               startup_mimxrt1176_cm4.o
    0x080026e8   0x080026e8   0x00000062   Code   RO          771    .text               mc_w.l(uldiv.o)
    0x0800274a   0x0800274a   0x00000028   Code   RO          773    .text               mc_w.l(memcpy.o)
    0x08002772   0x08002772   0x00000012   Code   RO          775    .text               mc_w.l(memset.o)
    0x08002784   0x08002784   0x0000000e   Code   RO          779    .text               mc_w.l(strlen.o)
    0x08002792   0x08002792   0x0000014e   Code   RO          820    .text               mf_w.l(dadd.o)
    0x080028e0   0x080028e0   0x000000e4   Code   RO          822    .text               mf_w.l(dmul.o)
    0x080029c4   0x080029c4   0x000000de   Code   RO          824    .text               mf_w.l(ddiv.o)
    0x08002aa2   0x08002aa2   0x0000001a   Code   RO          826    .text               mf_w.l(dfltui.o)
    0x08002abc   0x08002abc   0x00000032   Code   RO          828    .text               mf_w.l(dfixui.o)
    0x08002aee   0x08002aee   0x0000001e   Code   RO          844    .text               mc_w.l(llshl.o)
    0x08002b0c   0x08002b0c   0x00000020   Code   RO          846    .text               mc_w.l(llushr.o)
    0x08002b2c   0x08002b2c   0x00000024   Code   RO          848    .text               mc_w.l(llsshr.o)
    0x08002b50   0x08002b50   0x00000000   Code   RO          886    .text               mc_w.l(iusefp.o)
    0x08002b50   0x08002b50   0x000000ba   Code   RO          887    .text               mf_w.l(depilogue.o)
    0x08002c0a   0x08002c0a   0x00000002   PAD
    0x08002c0c   0x08002c0c   0x00000030   Code   RO          889    .text               mc_w.l(init.o)
    0x08002c3c   0x08002c3c   0x0000034c   Code   RO          677    .text.ANATOP_AI_Access  fsl_anatop_ai.o
    0x08002f88   0x08002f88   0x0000000a   Code   RO          681    .text.ANATOP_AI_Read  fsl_anatop_ai.o
    0x08002f92   0x08002f92   0x00000002   PAD
    0x08002f94   0x08002f94   0x0000000a   Code   RO          679    .text.ANATOP_AI_Write  fsl_anatop_ai.o
    0x08002f9e   0x08002f9e   0x00000002   PAD
    0x08002fa0   0x08002fa0   0x00000030   Code   RO          683    .text.ANATOP_AI_WriteWithMaskShift  fsl_anatop_ai.o
    0x08002fd0   0x08002fd0   0x0000009e   Code   RO          278    .text.ANATOP_PllConfigure  fsl_clock.o
    0x0800306e   0x0800306e   0x00000002   PAD
    0x08003070   0x08003070   0x00000708   Code   RO           63    .text.BOARD_BootClockRUN  clock_config.o
    0x08003778   0x08003778   0x00000224   Code   RO           45    .text.BOARD_ConfigMPU  board.o
    0x0800399c   0x0800399c   0x00000058   Code   RO           43    .text.BOARD_InitDebugConsole  board.o
    0x080039f4   0x080039f4   0x0000007a   Code   RO           32    .text.BOARD_InitPins  pin_mux.o
    0x08003a6e   0x08003a6e   0x00000002   PAD
    0x08003a70   0x08003a70   0x00000058   Code   RO          226    .text.CAN1_DriverIRQHandler  fsl_flexcan.o
    0x08003ac8   0x08003ac8   0x00000058   Code   RO          228    .text.CAN2_DriverIRQHandler  fsl_flexcan.o
    0x08003b20   0x08003b20   0x00000058   Code   RO          230    .text.CAN3_DriverIRQHandler  fsl_flexcan.o
    0x08003b78   0x08003b78   0x0000004e   Code   RO          280    .text.CLOCK_DeinitAudioPll  fsl_clock.o
    0x08003bc6   0x08003bc6   0x00000002   PAD
    0x08003bc8   0x08003bc8   0x0000005e   Code   RO          298    .text.CLOCK_DeinitSysPll1  fsl_clock.o
    0x08003c26   0x08003c26   0x00000002   PAD
    0x08003c28   0x08003c28   0x000000e8   Code   RO          336    .text.CLOCK_GetAvPllFreq  fsl_clock.o
    0x08003d10   0x08003d10   0x00000248   Code   RO          338    .text.CLOCK_GetFreq  fsl_clock.o
    0x08003f58   0x08003f58   0x000000d0   Code   RO          246    .text.CLOCK_InitArmPll  fsl_clock.o
    0x08004028   0x08004028   0x00000118   Code   RO          258    .text.CLOCK_InitPfd  fsl_clock.o
    0x08004140   0x08004140   0x000000fe   Code   RO          252    .text.CLOCK_InitSysPll2  fsl_clock.o
    0x0800423e   0x0800423e   0x00000002   PAD
    0x08004240   0x08004240   0x0000008c   Code   RO          264    .text.CLOCK_InitSysPll3  fsl_clock.o
    0x080042cc   0x080042cc   0x000000dc   Code   RO          290    .text.CLOCK_InitVideoPll  fsl_clock.o
    0x080043a8   0x080043a8   0x0000001a   Code   RO          344    .text.CLOCK_OSC_EnableOscRc400M  fsl_clock.o
    0x080043c2   0x080043c2   0x00000002   PAD
    0x080043c4   0x080043c4   0x0000002e   Code   RO          322    .text.CLOCK_OSC_Set1MHzOutputBehavior  fsl_clock.o
    0x080043f2   0x080043f2   0x00000002   PAD
    0x080043f4   0x080043f4   0x00000094   Code   RO          270    .text.CLOCK_SetPllBypass  fsl_clock.o
    0x08004488   0x08004488   0x0000003a   Code   RO          618    .text.DCDC_BootIntoDCM  fsl_dcdc.o
    0x080044c2   0x080044c2   0x00000002   PAD
    0x080044c4   0x080044c4   0x00000032   Code   RO          108    .text.DbgConsole_Getchar  fsl_debug_console.o
    0x080044f6   0x080044f6   0x00000002   PAD
    0x080044f8   0x080044f8   0x00000052   Code   RO           96    .text.DbgConsole_Init  fsl_debug_console.o
    0x0800454a   0x0800454a   0x00000002   PAD
    0x0800454c   0x0800454c   0x00000020   Code   RO          100    .text.DbgConsole_Printf  fsl_debug_console.o
    0x0800456c   0x0800456c   0x0000043c   Code   RO          102    .text.DbgConsole_Vprintf  fsl_debug_console.o
    0x080049a8   0x080049a8   0x0000012a   Code   RO          164    .text.FLEXCAN_CalculateImprovedNominalTimingValues  fsl_flexcan.o
    0x08004ad2   0x08004ad2   0x00000002   PAD
    0x08004ad4   0x08004ad4   0x00000234   Code   RO          142    .text.FLEXCAN_FDCalculateImprovedTimingValues  fsl_flexcan.o
    0x08004d08   0x08004d08   0x00000298   Code   RO          150    .text.FLEXCAN_FDInit  fsl_flexcan.o
    0x08004fa0   0x08004fa0   0x00000078   Code   RO          154    .text.FLEXCAN_GetDefaultConfig  fsl_flexcan.o
    0x08005018   0x08005018   0x000002e0   Code   RO          146    .text.FLEXCAN_Init  fsl_flexcan.o
    0x080052f8   0x080052f8   0x00000160   Code   RO          184    .text.FLEXCAN_ReadFDRxMb  fsl_flexcan.o
    0x08005458   0x08005458   0x000000b6   Code   RO          182    .text.FLEXCAN_ReadRxMb  fsl_flexcan.o
    0x0800550e   0x0800550e   0x00000002   PAD
    0x08005510   0x08005510   0x000000ec   Code   RO          148    .text.FLEXCAN_Reset  fsl_flexcan.o
    0x080055fc   0x080055fc   0x00000144   Code   RO          170    .text.FLEXCAN_SetFDRxMbConfig  fsl_flexcan.o
    0x08005740   0x08005740   0x00000112   Code   RO          166    .text.FLEXCAN_SetFDTxMbConfig  fsl_flexcan.o
    0x08005852   0x08005852   0x00000002   PAD
    0x08005854   0x08005854   0x00000040   Code   RO          156    .text.FLEXCAN_SetRxMbGlobalMask  fsl_flexcan.o
    0x08005894   0x08005894   0x000000a8   Code   RO          220    .text.FLEXCAN_TransferAbortReceive  fsl_flexcan.o
    0x0800593c   0x0800593c   0x00000114   Code   RO          214    .text.FLEXCAN_TransferAbortSend  fsl_flexcan.o
    0x08005a50   0x08005a50   0x0000010c   Code   RO          198    .text.FLEXCAN_TransferCreateHandle  fsl_flexcan.o
    0x08005b5c   0x08005b5c   0x000000aa   Code   RO          218    .text.FLEXCAN_TransferFDAbortReceive  fsl_flexcan.o
    0x08005c06   0x08005c06   0x00000002   PAD
    0x08005c08   0x08005c08   0x00000134   Code   RO          216    .text.FLEXCAN_TransferFDAbortSend  fsl_flexcan.o
    0x08005d3c   0x08005d3c   0x000000dc   Code   RO          208    .text.FLEXCAN_TransferFDReceiveNonBlocking  fsl_flexcan.o
    0x08005e18   0x08005e18   0x000000f6   Code   RO          206    .text.FLEXCAN_TransferFDSendNonBlocking  fsl_flexcan.o
    0x08005f0e   0x08005f0e   0x00000002   PAD
    0x08005f10   0x08005f10   0x00000442   Code   RO          200    .text.FLEXCAN_TransferHandleIRQ  fsl_flexcan.o
    0x08006352   0x08006352   0x00000002   PAD
    0x08006354   0x08006354   0x0000017e   Code   RO          180    .text.FLEXCAN_WriteFDTxMb  fsl_flexcan.o
    0x080064d2   0x080064d2   0x00000002   PAD
    0x080064d4   0x080064d4   0x00000148   Code   RO          707    .text.HAL_UartInit  fsl_adapter_lpuart.o
    0x0800661c   0x0800661c   0x0000006c   Code   RO          711    .text.HAL_UartReceiveBlocking  fsl_adapter_lpuart.o
    0x08006688   0x08006688   0x00000066   Code   RO          713    .text.HAL_UartSendBlocking  fsl_adapter_lpuart.o
    0x080066ee   0x080066ee   0x00000002   PAD
    0x080066f0   0x080066f0   0x00000024   Code   RO          477    .text.LPUART10_DriverIRQHandler  fsl_lpuart.o
    0x08006714   0x08006714   0x00000026   Code   RO          479    .text.LPUART11_DriverIRQHandler  fsl_lpuart.o
    0x0800673a   0x0800673a   0x00000002   PAD
    0x0800673c   0x0800673c   0x00000026   Code   RO          481    .text.LPUART12_DriverIRQHandler  fsl_lpuart.o
    0x08006762   0x08006762   0x00000002   PAD
    0x08006764   0x08006764   0x00000026   Code   RO          459    .text.LPUART1_DriverIRQHandler  fsl_lpuart.o
    0x0800678a   0x0800678a   0x00000002   PAD
    0x0800678c   0x0800678c   0x00000024   Code   RO          461    .text.LPUART2_DriverIRQHandler  fsl_lpuart.o
    0x080067b0   0x080067b0   0x00000026   Code   RO          463    .text.LPUART3_DriverIRQHandler  fsl_lpuart.o
    0x080067d6   0x080067d6   0x00000002   PAD
    0x080067d8   0x080067d8   0x00000026   Code   RO          465    .text.LPUART4_DriverIRQHandler  fsl_lpuart.o
    0x080067fe   0x080067fe   0x00000002   PAD
    0x08006800   0x08006800   0x00000026   Code   RO          467    .text.LPUART5_DriverIRQHandler  fsl_lpuart.o
    0x08006826   0x08006826   0x00000002   PAD
    0x08006828   0x08006828   0x00000024   Code   RO          469    .text.LPUART6_DriverIRQHandler  fsl_lpuart.o
    0x0800684c   0x0800684c   0x00000026   Code   RO          471    .text.LPUART7_DriverIRQHandler  fsl_lpuart.o
    0x08006872   0x08006872   0x00000002   PAD
    0x08006874   0x08006874   0x00000026   Code   RO          473    .text.LPUART8_DriverIRQHandler  fsl_lpuart.o
    0x0800689a   0x0800689a   0x00000002   PAD
    0x0800689c   0x0800689c   0x00000026   Code   RO          475    .text.LPUART9_DriverIRQHandler  fsl_lpuart.o
    0x080068c2   0x080068c2   0x00000002   PAD
    0x080068c4   0x080068c4   0x0000003a   Code   RO          415    .text.LPUART_GetDefaultConfig  fsl_lpuart.o
    0x080068fe   0x080068fe   0x00000002   PAD
    0x08006900   0x08006900   0x00000290   Code   RO          411    .text.LPUART_Init   fsl_lpuart.o
    0x08006b90   0x08006b90   0x0000011c   Code   RO          435    .text.LPUART_ReadBlocking  fsl_lpuart.o
    0x08006cac   0x08006cac   0x00000036   Code   RO          433    .text.LPUART_WriteBlocking  fsl_lpuart.o
    0x08006ce2   0x08006ce2   0x00000002   PAD
    0x08006ce4   0x08006ce4   0x0000003e   Code   RO          516    .text.PMU_StaticEnablePllLdo  fsl_pmu.o
    0x08006d22   0x08006d22   0x00000002   PAD
    0x08006d24   0x08006d24   0x00000036   Code   RO          524    .text.PMU_StaticGetLpsrAnaLdoDefaultConfig  fsl_pmu.o
    0x08006d5a   0x08006d5a   0x00000002   PAD
    0x08006d5c   0x08006d5c   0x00000030   Code   RO          534    .text.PMU_StaticGetLpsrDigLdoDefaultConfig  fsl_pmu.o
    0x08006d8c   0x08006d8c   0x00000068   Code   RO          526    .text.PMU_StaticLpsrAnaLdoInit  fsl_pmu.o
    0x08006df4   0x08006df4   0x00000064   Code   RO          536    .text.PMU_StaticLpsrDigLdoInit  fsl_pmu.o
    0x08006e58   0x08006e58   0x00000054   Code   RO          396    .text.SDK_DelayAtLeastUs  fsl_common_arm.o
    0x08006eac   0x08006eac   0x00000130   Code   RO          693    .text.SystemInit    system_mimxrt1176_cm4.o
    0x08006fdc   0x08006fdc   0x00000002   Code   RO          695    .text.SystemInitHook  system_mimxrt1176_cm4.o
    0x08006fde   0x08006fde   0x00000002   PAD
    0x08006fe0   0x08006fe0   0x0000003c   Code   RO          119    .text.__aeabi_assert  fsl_assert.o
    0x0800701c   0x0800701c   0x00000052   Code   RO            8    .text.flexcan_callback  flexcan_interrupt_transfer.o
    0x0800706e   0x0800706e   0x00000002   PAD
    0x08007070   0x08007070   0x00000470   Code   RO            6    .text.main          flexcan_interrupt_transfer.o
    0x080074e0   0x080074e0   0x0000000e   Code   RO          895    i.__scatterload_copy  mc_w.l(handlers.o)
    0x080074ee   0x080074ee   0x00000002   Code   RO          896    i.__scatterload_null  mc_w.l(handlers.o)
    0x080074f0   0x080074f0   0x0000000e   Code   RO          897    i.__scatterload_zeroinit  mc_w.l(handlers.o)
    0x080074fe   0x080074fe   0x00000002   PAD
    0x08007500   0x08007500   0x00000008   Data   RO           67    .rodata.armPllConfig_BOARD_BootClockRUN  clock_config.o
    0x08007508   0x08007508   0x00000010   Data   RO          232    .rodata.cst16       fsl_flexcan.o
    0x08007518   0x08007518   0x00000004   Data   RO          234    .rodata.cst4        fsl_flexcan.o
    0x0800751c   0x0800751c   0x00000008   Data   RO          237    .rodata.cst8        fsl_flexcan.o
    0x08007524   0x08007524   0x00000034   Data   RO          720    .rodata.s_LpuartAdapterBase  fsl_adapter_lpuart.o
    0x08007558   0x08007558   0x00000278   Data   RO           20    .rodata.s_clockSourceName  flexcan_interrupt_transfer.o
    0x080077d0   0x080077d0   0x00000278   Data   RO           52    .rodata.s_clockSourceName  board.o
    0x08007a48   0x08007a48   0x00000278   Data   RO           74    .rodata.s_clockSourceName  clock_config.o
    0x08007cc0   0x08007cc0   0x00000278   Data   RO          371    .rodata.s_clockSourceName  fsl_clock.o
    0x08007f38   0x08007f38   0x00000034   Data   RO          485    .rodata.s_lpuartBases  fsl_lpuart.o
    0x08007f6c   0x08007f6c   0x0000000d   Data   RO          487    .rodata.s_lpuartClock  fsl_lpuart.o
    0x08007f79   0x08007f79   0x00000284   Data   RO           13    .rodata.str1.1      flexcan_interrupt_transfer.o
    0x080081fd   0x080081fd   0x0000000b   Data   RO           51    .rodata.str1.1      board.o
    0x08008208   0x08008208   0x000002bb   Data   RO          233    .rodata.str1.1      fsl_flexcan.o
    0x080084c3   0x080084c3   0x00000162   Data   RO          370    .rodata.str1.1      fsl_clock.o
    0x08008625   0x08008625   0x00000041   Data   RO          398    .rodata.str1.1      fsl_common_arm.o
    0x08008666   0x08008666   0x00000149   Data   RO          486    .rodata.str1.1      fsl_lpuart.o
    0x080087af   0x080087af   0x0000007c   Data   RO          582    .rodata.str1.1      fsl_pmu.o
    0x0800882b   0x0800882b   0x0000008f   Data   RO          719    .rodata.str1.1      fsl_adapter_lpuart.o
    0x080088ba   0x080088ba   0x00000002   PAD
    0x080088bc   0x080088bc   0x0000000c   Data   RO           68    .rodata.sysPll2Config_BOARD_BootClockRUN  clock_config.o
    0x080088c8   0x080088c8   0x00000014   Data   RO           69    .rodata.videoPllConfig_BOARD_BootClockRUN  clock_config.o
    0x080088dc   0x080088dc   0x00000020   Data   RO          894    Region$$Table       anon$$obj.o


    Execution Region RW_m_ram_text (Exec base: 0x1ffe0000, Load base: 0x08008938, Size: 0x00000000, Max: 0x00020000, ABSOLUTE)

    **** No section assigned to this execution region ****


    Execution Region RW_m_data (Exec base: 0x20000000, Load base: 0x080088fc, Size: 0x00000460, Max: 0x0001f800, ABSOLUTE)

    Exec Addr    Load Addr    Size         Type   Attr      Idx    E Section Name        Object

    0x20000000   0x080088fc   0x00000004   Data   RW          699    .data.SystemCoreClock  system_mimxrt1176_cm4.o
    0x20000004   0x08008900   0x00000004   Data   RW          236    .data.s_flexcanIsr  fsl_flexcan.o
    0x20000008   0x08008904   0x00000034   Data   RW          484    .data.s_lpuartIsr   fsl_lpuart.o
    0x2000003c        -       0x00000358   Zero   RW           16    .bss.flexcanHandle  flexcan_interrupt_transfer.o
    0x20000394        -       0x00000048   Zero   RW           17    .bss.frame          flexcan_interrupt_transfer.o
    0x200003dc        -       0x00000001   Zero   RW           11    .bss.rxComplete     flexcan_interrupt_transfer.o
    0x200003dd   0x08008938   0x00000003   PAD
    0x200003e0        -       0x00000004   Zero   RW           15    .bss.rxIdentifier   flexcan_interrupt_transfer.o
    0x200003e4        -       0x0000000c   Zero   RW           19    .bss.rxXfer         flexcan_interrupt_transfer.o
    0x200003f0        -       0x00000014   Zero   RW          110    .bss.s_debugConsole  fsl_debug_console.o
    0x20000404        -       0x00000010   Zero   RW          235    .bss.s_flexcanHandle  fsl_flexcan.o
    0x20000414        -       0x00000034   Zero   RW          488    .bss.s_lpuartHandle  fsl_lpuart.o
    0x20000448        -       0x00000001   Zero   RW           10    .bss.txComplete     flexcan_interrupt_transfer.o
    0x20000449   0x08008938   0x00000003   PAD
    0x2000044c        -       0x00000004   Zero   RW           14    .bss.txIdentifier   flexcan_interrupt_transfer.o
    0x20000450        -       0x0000000c   Zero   RW           18    .bss.txXfer         flexcan_interrupt_transfer.o
    0x2000045c        -       0x00000001   Zero   RW           12    .bss.wakenUp        flexcan_interrupt_transfer.o


    Execution Region ARM_LIB_HEAP (Exec base: 0x20000460, Load base: 0x08008938, Size: 0x00000400, Max: 0x00000400, ABSOLUTE)

    Exec Addr    Load Addr    Size         Type   Attr      Idx    E Section Name        Object

    0x20000460        -       0x00000400   Zero   RW            2    ARM_LIB_HEAP.bss    anon$$obj.o


    Execution Region ARM_LIB_STACK (Exec base: 0x2001fc00, Load base: 0x08008938, Size: 0x00000400, Max: 0x00000400, ABSOLUTE)

    Exec Addr    Load Addr    Size         Type   Attr      Idx    E Section Name        Object

    0x2001fc00        -       0x00000400   Zero   RW            3    ARM_LIB_STACK.bss   anon$$obj.o


    Execution Region RW_m_ncache (Exec base: 0x20280000, Load base: 0x08008938, Size: 0x00000000, Max: 0x00040000, ABSOLUTE)

    **** No section assigned to this execution region ****


    Execution Region RW_m_ncache_unused (Exec base: 0x20280000, Load base: 0x08008938, Size: 0x00040000, Max: 0x00040000, ABSOLUTE)

    Exec Addr    Load Addr    Size         Type   Attr      Idx    E Section Name        Object

    0x20280000        -       0x00040000   Zero   RW            4    RW_m_ncache_unused.bss  anon$$obj.o


==============================================================================

Image component sizes


      Code (inc. data)   RO Data    RW Data    ZI Data      Debug   Object Name

       636        104        643          0          0      11040   board.o
      1800          0        672          0          0      51291   clock_config.o
      1218        144       1276          0        963      15502   flexcan_interrupt_transfer.o
       538         64        195          0          0       7288   fsl_adapter_lpuart.o
       912          8          0          0          0       9886   fsl_anatop_ai.o
        60         44          0          0          0        917   fsl_assert.o
      2468        174        986          0          0      51770   fsl_clock.o
        84         20         65          0          0       2342   fsl_common_arm.o
        58          0          0          0          0      21746   fsl_dcdc.o
      1248        142          0          0         20      12016   fsl_debug_console.o
      7206        396        727          4         16      68476   fsl_flexcan.o
      1502         28        394         52         52      41892   fsl_lpuart.o
       368          0        124          0          0      20683   fsl_pmu.o
       122          0          0          0          0       9112   pin_mux.o
       724        356       1024          0          0       3585   startup_mimxrt1176_cm4.o
       306          0          0          4          0       4154   system_mimxrt1176_cm4.o

    ----------------------------------------------------------------------
     19320       1480       6140         60     265252     331700   Object Totals
         0          0         32          0     264192          0   (incl. Generated)
        70          0          2          0          9          0   (incl. Padding)

    ----------------------------------------------------------------------

      Code (inc. data)   RO Data    RW Data    ZI Data      Debug   Library Member Name

         0          0          0          0          0          0   entry.o
         0          0          0          0          0          0   entry10a.o
         0          0          0          0          0          0   entry11a.o
         8          4          0          0          0          0   entry4.o
         4          0          0          0          0          0   entry5.o
         0          0          0          0          0          0   entry7b.o
         0          0          0          0          0          0   entry8b.o
         8          4          0          0          0          0   entry9a.o
        30          0          0          0          0          0   handlers.o
        48         10          0          0          0         68   init.o
         0          0          0          0          0          0   iusefp.o
        30          0          0          0          0         68   llshl.o
        36          0          0          0          0         68   llsshr.o
        32          0          0          0          0         68   llushr.o
        40          0          0          0          0         76   memcpy.o
        18          0          0          0          0         76   memset.o
        14          0          0          0          0         68   strlen.o
        98          0          0          0          0         92   uldiv.o
       334          0          0          0          0        148   dadd.o
       222          0          0          0          0        100   ddiv.o
       186          0          0          0          0        176   depilogue.o
        50          0          0          0          0         76   dfixui.o
        26          0          0          0          0         76   dfltui.o
       228          0          0          0          0         96   dmul.o

    ----------------------------------------------------------------------
      1416         18          0          0          0       1256   Library Totals
         4          0          0          0          0          0   (incl. Padding)

    ----------------------------------------------------------------------

      Code (inc. data)   RO Data    RW Data    ZI Data      Debug   Library Name

       366         18          0          0          0        584   mc_w.l
      1046          0          0          0          0        672   mf_w.l

    ----------------------------------------------------------------------
      1416         18          0          0          0       1256   Library Totals

    ----------------------------------------------------------------------

==============================================================================


      Code (inc. data)   RO Data    RW Data    ZI Data      Debug   

     20736       1498       6140         60     265252     332308   Grand Totals
     20736       1498       6140         60     265252     332308   ELF Image Totals
     20736       1498       6140         60          0          0   ROM Totals

==============================================================================

    Total RO  Size (Code + RO Data)                26876 (  26.25kB)
    Total RW  Size (RW Data + ZI Data)            265312 ( 259.09kB)
    Total ROM Size (Code + RO Data + RW Data)      26936 (  26.30kB)

==============================================================================

