<html>
<body>
<pre>
<h1>µVision Build Log</h1>
<h2>Tool Versions:</h2>
IDE-Version: ¦ÌVision V5.41.0.0
Copyright (C) 2024 ARM Ltd and ARM Germany GmbH. All rights reserved.
License Information: . Karudo, ., LIC=8VRJ7-E3M5E-DY5V3-AAPGH-ISF4X-GWYU4
 
Tool Versions:
Toolchain:       MDK-ARM Plus  Version: 5.41.0.0
Toolchain Path:  C:\Users\Karudo\AppData\Local\Keil_v5\ARM\ARMCLANG\Bin
C Compiler:      ArmClang.exe V6.22
Assembler:       Armasm.exe V6.22
Linker/Locator:  ArmLink.exe V6.22
Library Manager: ArmAr.exe V6.22
Hex Converter:   FromElf.exe V6.22
CPU DLL:         SARMCM3.DLL V5.41.0.0
Dialog DLL:      DCM.DLL V1.17.5.0
Target DLL:      CMSIS_AGDI.dll V1.33.21.0
Dialog DLL:      TCM.DLL V1.56.4.0
 
<h2>Project:</h2>
C:\Users\Karudo\Desktop\on hand\CANopentestdemo\SDK_2_13_1_MIMXRT1170-EVKB\boards\evkbmimxrt1170\driver_examples\can\can1_interrupt_transfer\cm4\mdk\canfd_interrupt_transfer_cm4.uvprojx
Project File Date:  05/20/2025

<h2>Output:</h2>
*** Using Compiler 'V6.22', folder: 'C:\Users\Karudo\AppData\Local\Keil_v5\ARM\ARMCLANG\Bin'
Rebuild target 'canfd_interrupt_transfer_cm4 sdram_debug'
compiling dcd.c...
compiling fsl_common.c...
compiling fsl_assert.c...
compiling pin_mux.c...
compiling fsl_common_arm.c...
compiling flexcan_interrupt_transfer.c...
compiling board.c...
compiling fsl_gpio.c...
compiling fsl_str.c...
compiling fsl_debug_console.c...
compiling clock_config.c...
compiling fsl_pmu.c...
compiling fsl_lpuart.c...
compiling fsl_dcdc.c...
compiling fsl_anatop_ai.c...
compiling fsl_clock.c...
compiling system_MIMXRT1176_cm4.c...
assembling startup_MIMXRT1176_cm4.S...
compiling fsl_cache.c...
compiling evkmimxrt1170_flexspi_nor_config.c...
compiling fsl_flexspi_nor_boot.c...
compiling fsl_adapter_lpuart.c...
compiling fsl_component_generic_list.c...
compiling fsl_flexcan.c...
linking...
Program Size: Code=20752 RO-data=6140 RW-data=60 ZI-data=16780324  
"sdram_debug\canfd_interrupt_transfer_cm4.out" - 0 Error(s), 0 Warning(s).

<h2>Software Packages used:</h2>

Package Vendor: NXP
                http://mcuxpresso.nxp.com/cmsis_pack/repo/NXP.MIMXRT1176_DFP.12.0.0.pack
                NXP::MIMXRT1176_DFP@12.0.0
                Device Family Pack for MIMXRT1176

<h2>Collection of Component include folders:</h2>
  C:/Users/Karudo/AppData/Local/Arm/Packs/NXP/MIMXRT1176_DFP/12.0.0

<h2>Collection of Component Files used:</h2>
Build Time Elapsed:  00:00:02
</pre>
</body>
</html>
