Component: Arm Compiler for Embedded 6.22 Tool: armlink [5ee90200]

==============================================================================

Section Cross References

    flexcan_interrupt_transfer.o(.ARM.exidx.text.canChangeBaudRate_driver) refers to flexcan_interrupt_transfer.o(.text.canChangeBaudRate_driver) for [Anonymous Symbol]
    flexcan_interrupt_transfer.o(.ARM.exidx.text.setTimer) refers to flexcan_interrupt_transfer.o(.text.setTimer) for [Anonymous Symbol]
    flexcan_interrupt_transfer.o(.ARM.exidx.text.getElapsedTime) refers to flexcan_interrupt_transfer.o(.text.getElapsedTime) for [Anonymous Symbol]
    flexcan_interrupt_transfer.o(.text.canSend) refers to memcpy.o(.text) for memcpy
    flexcan_interrupt_transfer.o(.text.canSend) refers to flexcan_interrupt_transfer.o(.bss.txXfer) for txXfer
    flexcan_interrupt_transfer.o(.text.canSend) refers to flexcan_interrupt_transfer.o(.bss.flexcanHandle) for flexcanHandle
    flexcan_interrupt_transfer.o(.text.canSend) refers to fsl_flexcan.o(.text.FLEXCAN_TransferSendNonBlocking) for FLEXCAN_TransferSendNonBlocking
    flexcan_interrupt_transfer.o(.text.canSend) refers to flexcan_interrupt_transfer.o(.bss.txComplete) for txComplete
    flexcan_interrupt_transfer.o(.ARM.exidx.text.canSend) refers to flexcan_interrupt_transfer.o(.text.canSend) for [Anonymous Symbol]
    flexcan_interrupt_transfer.o(.text.GPT2_IRQHandler) refers to timer.o(.text.TimeDispatch) for TimeDispatch
    flexcan_interrupt_transfer.o(.ARM.exidx.text.GPT2_IRQHandler) refers to flexcan_interrupt_transfer.o(.text.GPT2_IRQHandler) for [Anonymous Symbol]
    flexcan_interrupt_transfer.o(.text.main) refers to board.o(.text.BOARD_ConfigMPU) for BOARD_ConfigMPU
    flexcan_interrupt_transfer.o(.text.main) refers to pin_mux.o(.text.BOARD_InitPins) for BOARD_InitPins
    flexcan_interrupt_transfer.o(.text.main) refers to clock_config.o(.text.BOARD_BootClockRUN) for BOARD_BootClockRUN
    flexcan_interrupt_transfer.o(.text.main) refers to board.o(.text.BOARD_InitDebugConsole) for BOARD_InitDebugConsole
    flexcan_interrupt_transfer.o(.text.main) refers to flexcan_interrupt_transfer.o(.bss.gptConfig) for gptConfig
    flexcan_interrupt_transfer.o(.text.main) refers to fsl_gpt.o(.text.GPT_GetDefaultConfig) for GPT_GetDefaultConfig
    flexcan_interrupt_transfer.o(.text.main) refers to fsl_gpt.o(.text.GPT_Init) for GPT_Init
    flexcan_interrupt_transfer.o(.text.main) refers to fsl_clock.o(.text.CLOCK_GetFreq) for CLOCK_GetFreq
    flexcan_interrupt_transfer.o(.text.main) refers to flexcan_interrupt_transfer.o(.bss.gptFreq) for gptFreq
    flexcan_interrupt_transfer.o(.text.main) refers to flexcan_interrupt_transfer.o(.rodata.str1.1) for .L.str.1
    flexcan_interrupt_transfer.o(.text.main) refers to fsl_debug_console.o(.text.DbgConsole_Printf) for DbgConsole_Printf
    flexcan_interrupt_transfer.o(.text.main) refers to flexcan_interrupt_transfer.o(.bss.flexcanConfig) for flexcanConfig
    flexcan_interrupt_transfer.o(.text.main) refers to fsl_flexcan.o(.text.FLEXCAN_GetDefaultConfig) for FLEXCAN_GetDefaultConfig
    flexcan_interrupt_transfer.o(.text.main) refers to memset.o(.text) for memset
    flexcan_interrupt_transfer.o(.text.main) refers to flexcan_interrupt_transfer.o(.rodata.s_clockSourceName) for s_clockSourceName
    flexcan_interrupt_transfer.o(.text.main) refers to fsl_flexcan.o(.text.FLEXCAN_CalculateImprovedTimingValues) for FLEXCAN_CalculateImprovedTimingValues
    flexcan_interrupt_transfer.o(.text.main) refers to memcpy.o(.text) for memcpy
    flexcan_interrupt_transfer.o(.text.main) refers to fsl_flexcan.o(.text.FLEXCAN_Init) for FLEXCAN_Init
    flexcan_interrupt_transfer.o(.text.main) refers to slave.o(.data.Slave_Data) for Slave_Data
    flexcan_interrupt_transfer.o(.text.main) refers to states.o(.text.setState) for setState
    flexcan_interrupt_transfer.o(.text.main) refers to flexcan_interrupt_transfer.o(.bss.flexcanHandle) for flexcanHandle
    flexcan_interrupt_transfer.o(.text.main) refers to flexcan_interrupt_transfer.o(.text.flexcan_callback) for flexcan_callback
    flexcan_interrupt_transfer.o(.text.main) refers to fsl_flexcan.o(.text.FLEXCAN_TransferCreateHandle) for FLEXCAN_TransferCreateHandle
    flexcan_interrupt_transfer.o(.text.main) refers to fsl_flexcan.o(.text.FLEXCAN_SetRxMbGlobalMask) for FLEXCAN_SetRxMbGlobalMask
    flexcan_interrupt_transfer.o(.text.main) refers to flexcan_interrupt_transfer.o(.bss.mbConfig) for mbConfig
    flexcan_interrupt_transfer.o(.text.main) refers to fsl_flexcan.o(.text.FLEXCAN_SetRxMbConfig) for FLEXCAN_SetRxMbConfig
    flexcan_interrupt_transfer.o(.text.main) refers to fsl_flexcan.o(.text.FLEXCAN_SetTxMbConfig) for FLEXCAN_SetTxMbConfig
    flexcan_interrupt_transfer.o(.text.main) refers to flexcan_interrupt_transfer.o(.text.AppTaskCreate) for AppTaskCreate
    flexcan_interrupt_transfer.o(.text.main) refers to flexcan_interrupt_transfer.o(.bss.AppTaskCreate_Handle) for AppTaskCreate_Handle
[...]
    LPI2C1_IRQHandler                        0x300024c9   Thumb Code     4  startup_mimxrt1176_cm7.o(.text)
    LPI2C2_IRQHandler                        0x300024cd   Thumb Code     4  startup_mimxrt1176_cm7.o(.text)
    LPI2C3_IRQHandler                        0x300024d1   Thumb Code     4  startup_mimxrt1176_cm7.o(.text)
    LPI2C4_IRQHandler                        0x300024d5   Thumb Code     4  startup_mimxrt1176_cm7.o(.text)
    LPI2C5_IRQHandler                        0x300024d9   Thumb Code     4  startup_mimxrt1176_cm7.o(.text)
    LPI2C6_IRQHandler                        0x300024dd   Thumb Code     4  startup_mimxrt1176_cm7.o(.text)
    LPSPI1_IRQHandler                        0x300024e1   Thumb Code     4  startup_mimxrt1176_cm7.o(.text)
    LPSPI2_IRQHandler                        0x300024e5   Thumb Code     4  startup_mimxrt1176_cm7.o(.text)
    LPSPI3_IRQHandler                        0x300024e9   Thumb Code     4  startup_mimxrt1176_cm7.o(.text)
    LPSPI4_IRQHandler                        0x300024ed   Thumb Code     4  startup_mimxrt1176_cm7.o(.text)
    LPSPI5_IRQHandler                        0x300024f1   Thumb Code     4  startup_mimxrt1176_cm7.o(.text)
    LPSPI6_IRQHandler                        0x300024f5   Thumb Code     4  startup_mimxrt1176_cm7.o(.text)
    CAN1_IRQHandler                          0x300024f9   Thumb Code     4  startup_mimxrt1176_cm7.o(.text)
    CAN1_ERROR_IRQHandler                    0x300024fd   Thumb Code     4  startup_mimxrt1176_cm7.o(.text)
    CAN2_IRQHandler                          0x30002501   Thumb Code     4  startup_mimxrt1176_cm7.o(.text)
    CAN2_ERROR_IRQHandler                    0x30002505   Thumb Code     4  startup_mimxrt1176_cm7.o(.text)
    CAN3_IRQHandler                          0x30002509   Thumb Code     4  startup_mimxrt1176_cm7.o(.text)
    CAN3_ERROR_IRQHandler                    0x3000250d   Thumb Code     4  startup_mimxrt1176_cm7.o(.text)
    MIPI_CSI_IRQHandler                      0x30002511   Thumb Code     4  startup_mimxrt1176_cm7.o(.text)
    MIPI_DSI_IRQHandler                      0x30002515   Thumb Code     4  startup_mimxrt1176_cm7.o(.text)
    CDOG_IRQHandler                          0x30002519   Thumb Code     4  startup_mimxrt1176_cm7.o(.text)
    SAI1_IRQHandler                          0x3000251d   Thumb Code     4  startup_mimxrt1176_cm7.o(.text)
    SAI2_IRQHandler                          0x30002521   Thumb Code     4  startup_mimxrt1176_cm7.o(.text)
    SAI3_RX_IRQHandler                       0x30002525   Thumb Code     4  startup_mimxrt1176_cm7.o(.text)
    SAI3_TX_IRQHandler                       0x30002529   Thumb Code     4  startup_mimxrt1176_cm7.o(.text)
    SAI4_RX_IRQHandler                       0x3000252d   Thumb Code     4  startup_mimxrt1176_cm7.o(.text)
    SAI4_TX_IRQHandler                       0x30002531   Thumb Code     4  startup_mimxrt1176_cm7.o(.text)
    SPDIF_IRQHandler                         0x30002535   Thumb Code     4  startup_mimxrt1176_cm7.o(.text)
    ASRC_IRQHandler                          0x30002539   Thumb Code     4  startup_mimxrt1176_cm7.o(.text)
    FLEXIO1_IRQHandler                       0x3000253d   Thumb Code     4  startup_mimxrt1176_cm7.o(.text)
    FLEXIO2_IRQHandler                       0x30002541   Thumb Code     4  startup_mimxrt1176_cm7.o(.text)
    FLEXSPI1_IRQHandler                      0x30002545   Thumb Code     4  startup_mimxrt1176_cm7.o(.text)
    FLEXSPI2_IRQHandler                      0x30002549   Thumb Code     4  startup_mimxrt1176_cm7.o(.text)
    USDHC1_IRQHandler                        0x3000254d   Thumb Code     4  startup_mimxrt1176_cm7.o(.text)
    USDHC2_IRQHandler                        0x30002551   Thumb Code     4  startup_mimxrt1176_cm7.o(.text)
    ENET_IRQHandler                          0x30002555   Thumb Code     4  startup_mimxrt1176_cm7.o(.text)
    ENET_1588_Timer_IRQHandler               0x30002559   Thumb Code     4  startup_mimxrt1176_cm7.o(.text)
    ENET_1G_MAC0_Tx_Rx_1_IRQHandler          0x3000255d   Thumb Code     4  startup_mimxrt1176_cm7.o(.text)
    ENET_1G_MAC0_Tx_Rx_2_IRQHandler          0x30002561   Thumb Code     4  startup_mimxrt1176_cm7.o(.text)
    ENET_1G_IRQHandler                       0x30002565   Thumb Code     4  startup_mimxrt1176_cm7.o(.text)
    ENET_1G_1588_Timer_IRQHandler            0x30002569   Thumb Code     4  startup_mimxrt1176_cm7.o(.text)
    PDM_HWVAD_EVENT_IRQHandler               0x3000256d   Thumb Code     4  startup_mimxrt1176_cm7.o(.text)
    PDM_HWVAD_ERROR_IRQHandler               0x30002571   Thumb Code     4  startup_mimxrt1176_cm7.o(.text)
    PDM_EVENT_IRQHandler                     0x30002575   Thumb Code     4  startup_mimxrt1176_cm7.o(.text)
    PDM_ERROR_IRQHandler                     0x30002579   Thumb Code     4  startup_mimxrt1176_cm7.o(.text)
    XECC_FLEXSPI1_INT_IRQHandler             0x3000257d   Thumb Code     4  startup_mimxrt1176_cm7.o(.text)
    XECC_FLEXSPI1_FATAL_INT_IRQHandler       0x30002581   Thumb Code     4  startup_mimxrt1176_cm7.o(.text)
    XECC_FLEXSPI2_INT_IRQHandler             0x30002585   Thumb Code     4  startup_mimxrt1176_cm7.o(.text)
    XECC_FLEXSPI2_FATAL_INT_IRQHandler       0x30002589   Thumb Code     4  startup_mimxrt1176_cm7.o(.text)
    ENET_QOS_IRQHandler                      0x3000258d   Thumb Code     4  startup_mimxrt1176_cm7.o(.text)
    ENET_QOS_PMT_IRQHandler                  0x30002591   Thumb Code     4  startup_mimxrt1176_cm7.o(.text)
    __aeabi_uldivmod                         0x300026e9   Thumb Code    98  uldiv.o(.text)
    ___aeabi_memcpy4$ret                     0x3000274b   Thumb Code     0  memcpy.o(.text)
    ___aeabi_memcpy8$ret                     0x3000274b   Thumb Code     0  memcpy.o(.text)
    __aeabi_memcpy                           0x3000274b   Thumb Code    40  memcpy.o(.text)
    memcpy                                   0x3000274b   Thumb Code     0  memcpy.o(.text)
    memset                                   0x30002773   Thumb Code    18  memset.o(.text)
    strlen                                   0x30002785   Thumb Code    14  strlen.o(.text)
    memcmp                                   0x30002793   Thumb Code    26  memcmp.o(.text)
    __aeabi_llsl                             0x300027ad   Thumb Code    30  llshl.o(.text)
    _ll_shift_l                              0x300027ad   Thumb Code     0  llshl.o(.text)
    __aeabi_llsr                             0x300027cb   Thumb Code    32  llushr.o(.text)
    _ll_ushift_r                             0x300027cb   Thumb Code     0  llushr.o(.text)
    __scatterload                            0x300027ed   Thumb Code    38  init.o(.text)
    __scatterload_rt2                        0x300027ed   Thumb Code     0  init.o(.text)
    __decompress                             0x3000281d   Thumb Code     0  __dczerorl2.o(.text)
    __decompress1                            0x3000281d   Thumb Code    86  __dczerorl2.o(.text)
    ANATOP_AI_Access                         0x30002879   Thumb Code   840  fsl_anatop_ai.o(.text.ANATOP_AI_Access)
    ANATOP_AI_Read                           0x30002bc1   Thumb Code    10  fsl_anatop_ai.o(.text.ANATOP_AI_Read)
    ANATOP_AI_Write                          0x30002bd1   Thumb Code    12  fsl_anatop_ai.o(.text.ANATOP_AI_Write)
    ANATOP_AI_WriteWithMaskShift             0x30002be1   Thumb Code    48  fsl_anatop_ai.o(.text.ANATOP_AI_WriteWithMaskShift)
    BOARD_BootClockRUN                       0x30002d29   Thumb Code  1570  clock_config.o(.text.BOARD_BootClockRUN)
    BOARD_ConfigMPU                          0x30003351   Thumb Code   760  board.o(.text.BOARD_ConfigMPU)
    BOARD_InitDebugConsole                   0x30003689   Thumb Code    90  board.o(.text.BOARD_InitDebugConsole)
    BOARD_InitPins                           0x300036e9   Thumb Code   102  pin_mux.o(.text.BOARD_InitPins)
    CAN1_DriverIRQHandler                    0x30003751   Thumb Code    60  fsl_flexcan.o(.text.CAN1_DriverIRQHandler)
    CAN2_DriverIRQHandler                    0x300037a9   Thumb Code    60  fsl_flexcan.o(.text.CAN2_DriverIRQHandler)
    CAN3_DriverIRQHandler                    0x30003801   Thumb Code    60  fsl_flexcan.o(.text.CAN3_DriverIRQHandler)
    CLOCK_DeinitAudioPll                     0x300039e9   Thumb Code    78  fsl_clock.o(.text.CLOCK_DeinitAudioPll)
    CLOCK_DeinitSysPll1                      0x30003a39   Thumb Code    94  fsl_clock.o(.text.CLOCK_DeinitSysPll1)
    CLOCK_GetFreq                            0x30003a99   Thumb Code   728  fsl_clock.o(.text.CLOCK_GetFreq)
    CLOCK_InitArmPll                         0x30003d81   Thumb Code   212  fsl_clock.o(.text.CLOCK_InitArmPll)
    CLOCK_InitPfd                            0x30003e59   Thumb Code   216  fsl_clock.o(.text.CLOCK_InitPfd)
    CLOCK_InitSysPll2                        0x30003f71   Thumb Code   254  fsl_clock.o(.text.CLOCK_InitSysPll2)
    CLOCK_InitSysPll3                        0x30004071   Thumb Code   140  fsl_clock.o(.text.CLOCK_InitSysPll3)
    CLOCK_InitVideoPll                       0x30004101   Thumb Code   216  fsl_clock.o(.text.CLOCK_InitVideoPll)
    CLOCK_OSC_EnableOscRc400M                0x300041d9   Thumb Code    26  fsl_clock.o(.text.CLOCK_OSC_EnableOscRc400M)
    CLOCK_OSC_Set1MHzOutputBehavior          0x300041f9   Thumb Code    44  fsl_clock.o(.text.CLOCK_OSC_Set1MHzOutputBehavior)
    CLOCK_SetPllBypass                       0x30004229   Thumb Code   148  fsl_clock.o(.text.CLOCK_SetPllBypass)
    ConsumerHeartbeatAlarm                   0x300042c1   Thumb Code    40  lifegrd.o(.text.ConsumerHeartbeatAlarm)
    DCDC_BootIntoDCM                         0x300042e9   Thumb Code    58  fsl_dcdc.o(.text.DCDC_BootIntoDCM)
    DbgConsole_Init                          0x30004329   Thumb Code    82  fsl_debug_console.o(.text.DbgConsole_Init)
    DbgConsole_Printf                        0x30004381   Thumb Code    32  fsl_debug_console.o(.text.DbgConsole_Printf)
    DbgConsole_Vprintf                       0x300043a1   Thumb Code  1064  fsl_debug_console.o(.text.DbgConsole_Vprintf)
    DelAlarm                                 0x300047c9   Thumb Code    52  timer.o(.text.DelAlarm)
    FLEXCAN_CalculateImprovedTimingValues    0x30004801   Thumb Code   326  fsl_flexcan.o(.text.FLEXCAN_CalculateImprovedTimingValues)
    FLEXCAN_GetDefaultConfig                 0x30004949   Thumb Code   120  fsl_flexcan.o(.text.FLEXCAN_GetDefaultConfig)
    FLEXCAN_Init                             0x300049c1   Thumb Code   692  fsl_flexcan.o(.text.FLEXCAN_Init)
    FLEXCAN_ReadFDRxMb                       0x30004ca1   Thumb Code   346  fsl_flexcan.o(.text.FLEXCAN_ReadFDRxMb)
    FLEXCAN_ReadRxMb                         0x30004e01   Thumb Code   184  fsl_flexcan.o(.text.FLEXCAN_ReadRxMb)
    FLEXCAN_SetFDTxMbConfig                  0x30004fa9   Thumb Code   266  fsl_flexcan.o(.text.FLEXCAN_SetFDTxMbConfig)
    FLEXCAN_SetRxMbConfig                    0x300050b9   Thumb Code   180  fsl_flexcan.o(.text.FLEXCAN_SetRxMbConfig)
    FLEXCAN_SetRxMbGlobalMask                0x30005171   Thumb Code    64  fsl_flexcan.o(.text.FLEXCAN_SetRxMbGlobalMask)
    FLEXCAN_SetTxMbConfig                    0x300051b1   Thumb Code   112  fsl_flexcan.o(.text.FLEXCAN_SetTxMbConfig)
    FLEXCAN_TransferAbortReceive             0x30005221   Thumb Code   164  fsl_flexcan.o(.text.FLEXCAN_TransferAbortReceive)
    FLEXCAN_TransferAbortSend                0x300052c9   Thumb Code   272  fsl_flexcan.o(.text.FLEXCAN_TransferAbortSend)
    FLEXCAN_TransferCreateHandle             0x300053d9   Thumb Code   268  fsl_flexcan.o(.text.FLEXCAN_TransferCreateHandle)
    FLEXCAN_TransferFDAbortReceive           0x300054e9   Thumb Code   166  fsl_flexcan.o(.text.FLEXCAN_TransferFDAbortReceive)
    FLEXCAN_TransferFDAbortSend              0x30005591   Thumb Code   296  fsl_flexcan.o(.text.FLEXCAN_TransferFDAbortSend)
    FLEXCAN_TransferHandleIRQ                0x300056b9   Thumb Code  1018  fsl_flexcan.o(.text.FLEXCAN_TransferHandleIRQ)
    FLEXCAN_TransferReceiveNonBlocking       0x30005ab9   Thumb Code   214  fsl_flexcan.o(.text.FLEXCAN_TransferReceiveNonBlocking)
    FLEXCAN_TransferSendNonBlocking          0x30005b91   Thumb Code   240  fsl_flexcan.o(.text.FLEXCAN_TransferSendNonBlocking)
    FLEXCAN_WriteTxMb                        0x30005c81   Thumb Code   212  fsl_flexcan.o(.text.FLEXCAN_WriteTxMb)
    GPT2_IRQHandler                          0x30005d71   Thumb Code    22  flexcan_interrupt_transfer.o(.text.GPT2_IRQHandler)
    GPT_GetDefaultConfig                     0x30005d89   Thumb Code    56  fsl_gpt.o(.text.GPT_GetDefaultConfig)
    GPT_Init                                 0x30005dd1   Thumb Code   280  fsl_gpt.o(.text.GPT_Init)
    GuardTimeAlarm                           0x30005f61   Thumb Code   106  lifegrd.o(.text.GuardTimeAlarm)
    HAL_UartInit                             0x30005fd1   Thumb Code   264  fsl_adapter_lpuart.o(.text.HAL_UartInit)
    HAL_UartReceiveBlocking                  0x30006119   Thumb Code   108  fsl_adapter_lpuart.o(.text.HAL_UartReceiveBlocking)
    HAL_UartSendBlocking                     0x30006189   Thumb Code   102  fsl_adapter_lpuart.o(.text.HAL_UartSendBlocking)
    LPUART10_DriverIRQHandler                0x300061f1   Thumb Code    36  fsl_lpuart.o(.text.LPUART10_DriverIRQHandler)
    LPUART11_DriverIRQHandler                0x30006219   Thumb Code    38  fsl_lpuart.o(.text.LPUART11_DriverIRQHandler)
    LPUART12_DriverIRQHandler                0x30006241   Thumb Code    38  fsl_lpuart.o(.text.LPUART12_DriverIRQHandler)
    LPUART1_DriverIRQHandler                 0x30006269   Thumb Code    38  fsl_lpuart.o(.text.LPUART1_DriverIRQHandler)
    LPUART2_DriverIRQHandler                 0x30006291   Thumb Code    36  fsl_lpuart.o(.text.LPUART2_DriverIRQHandler)
    LPUART3_DriverIRQHandler                 0x300062b9   Thumb Code    38  fsl_lpuart.o(.text.LPUART3_DriverIRQHandler)
    LPUART4_DriverIRQHandler                 0x300062e1   Thumb Code    38  fsl_lpuart.o(.text.LPUART4_DriverIRQHandler)
    LPUART5_DriverIRQHandler                 0x30006309   Thumb Code    38  fsl_lpuart.o(.text.LPUART5_DriverIRQHandler)
    LPUART6_DriverIRQHandler                 0x30006331   Thumb Code    36  fsl_lpuart.o(.text.LPUART6_DriverIRQHandler)
    LPUART7_DriverIRQHandler                 0x30006359   Thumb Code    38  fsl_lpuart.o(.text.LPUART7_DriverIRQHandler)
    LPUART8_DriverIRQHandler                 0x30006381   Thumb Code    38  fsl_lpuart.o(.text.LPUART8_DriverIRQHandler)
    LPUART9_DriverIRQHandler                 0x300063a9   Thumb Code    38  fsl_lpuart.o(.text.LPUART9_DriverIRQHandler)
    LPUART_GetDefaultConfig                  0x300063d1   Thumb Code    58  fsl_lpuart.o(.text.LPUART_GetDefaultConfig)
    LPUART_Init                              0x30006411   Thumb Code   628  fsl_lpuart.o(.text.LPUART_Init)
    LPUART_ReadBlocking                      0x300066a1   Thumb Code   276  fsl_lpuart.o(.text.LPUART_ReadBlocking)
    LPUART_WriteBlocking                     0x300067b9   Thumb Code    54  fsl_lpuart.o(.text.LPUART_WriteBlocking)
    OnCOB_ID_SyncUpdate                      0x300067f1   Thumb Code    10  sync.o(.text.OnCOB_ID_SyncUpdate)
    OnHeartbeatProducerUpdate                0x30006801   Thumb Code    62  lifegrd.o(.text.OnHeartbeatProducerUpdate)
    OnNodeGuardUpdate                        0x30006841   Thumb Code    26  lifegrd.o(.text.OnNodeGuardUpdate)
    OnNumberOfErrorsUpdate                   0x30006861   Thumb Code    36  emcy.o(.text.OnNumberOfErrorsUpdate)
    PDOEventTimerAlarm                       0x30006889   Thumb Code    26  pdo.o(.text.PDOEventTimerAlarm)
    PDOInhibitTimerAlarm                     0x300068a9   Thumb Code    44  pdo.o(.text.PDOInhibitTimerAlarm)
    PDOInit                                  0x300068d9   Thumb Code   102  pdo.o(.text.PDOInit)
    PDOStop                                  0x30006941   Thumb Code   108  pdo.o(.text.PDOStop)
    PMU_EnableBodyBias                       0x300069b1   Thumb Code   202  fsl_pmu.o(.text.PMU_EnableBodyBias)
    PMU_StaticEnableLpsrAnaLdoBypassMode     0x30006a81   Thumb Code   148  fsl_pmu.o(.text.PMU_StaticEnableLpsrAnaLdoBypassMode)
    PMU_StaticEnableLpsrDigLdoBypassMode     0x30006b19   Thumb Code   106  fsl_pmu.o(.text.PMU_StaticEnableLpsrDigLdoBypassMode)
    PMU_StaticEnablePllLdo                   0x30006b89   Thumb Code    62  fsl_pmu.o(.text.PMU_StaticEnablePllLdo)
    PendSV_Handler                           0x30006bd1   Thumb Code   100  port.o(.text.PendSV_Handler)
    ProducerHeartbeatAlarm                   0x30006c39   Thumb Code    74  lifegrd.o(.text.ProducerHeartbeatAlarm)
    RegisterSetODentryCallBack               0x30006c89   Thumb Code    40  objacces.o(.text.RegisterSetODentryCallBack)
    SDK_DelayAtLeastUs                       0x30006cb1   Thumb Code    68  fsl_common_arm.o(.text.SDK_DelayAtLeastUs)
    SDOTimeoutAlarm                          0x30006d09   Thumb Code   204  sdo.o(.text.SDOTimeoutAlarm)
    SDOlineToObjdict                         0x30006dd9   Thumb Code    60  sdo.o(.text.SDOlineToObjdict)
    SVC_Handler                              0x30006e21   Thumb Code    36  port.o(.text.SVC_Handler)
    SetAlarm                                 0x30006e49   Thumb Code   166  timer.o(.text.SetAlarm)
    Slave_scanIndexOD                        0x30006ef1   Thumb Code   298  slave.o(.text.Slave_scanIndexOD)
    Slave_valueRangeTest                     0x30007021   Thumb Code    20  slave.o(.text.Slave_valueRangeTest)
    SyncAlarm                                0x30007039   Thumb Code    66  sync.o(.text.SyncAlarm)
    SysTick_Handler                          0x30007081   Thumb Code    50  port.o(.text.SysTick_Handler)
    SystemInit                               0x300070b9   Thumb Code   288  system_mimxrt1176_cm7.o(.text.SystemInit)
    SystemInitHook                           0x300071d9   Thumb Code     2  system_mimxrt1176_cm7.o(.text.SystemInitHook)
    TPDO_Communication_Parameter_Callback    0x300071e1   Thumb Code   122  pdo.o(.text.TPDO_Communication_Parameter_Callback)
    TimeDispatch                             0x30007261   Thumb Code   214  timer.o(.text.TimeDispatch)
    _RxPDO_EventTimers_Handler               0x30007339   Thumb Code     2  pdo.o(.text._RxPDO_EventTimers_Handler)
    __aeabi_assert                           0x30007341   Thumb Code    16  fsl_assert.o(.text.__aeabi_assert)
    _getODentry                              0x30007381   Thumb Code   170  objacces.o(.text._getODentry)
    _heartbeatError                          0x30007431   Thumb Code     2  lifegrd.o(.text._heartbeatError)
    _initialisation                          0x30007439   Thumb Code     2  states.o(.text._initialisation)
    _nodeguardError                          0x30007441   Thumb Code     2  lifegrd.o(.text._nodeguardError)
    _operational                             0x30007449   Thumb Code     2  states.o(.text._operational)
    _post_SlaveBootup                        0x30007451   Thumb Code     2  lifegrd.o(.text._post_SlaveBootup)
    _post_SlaveStateChange                   0x30007459   Thumb Code     2  lifegrd.o(.text._post_SlaveStateChange)
    _post_TPDO                               0x30007461   Thumb Code     2  sync.o(.text._post_TPDO)
    _post_emcy                               0x30007469   Thumb Code     2  emcy.o(.text._post_emcy)
    _post_sync                               0x30007471   Thumb Code     2  sync.o(.text._post_sync)
    _preOperational                          0x30007479   Thumb Code    18  states.o(.text._preOperational)
    _sendPDOevent                            0x30007491   Thumb Code   342  pdo.o(.text._sendPDOevent)
    _setODentry                              0x300075e9   Thumb Code   236  objacces.o(.text._setODentry)
    _stopped                                 0x300076d9   Thumb Code     2  states.o(.text._stopped)
    _storeODSubIndex                         0x300076e1   Thumb Code     4  objacces.o(.text._storeODSubIndex)
    buildPDO                                 0x300076e9   Thumb Code   386  pdo.o(.text.buildPDO)
    canDispatch                              0x30007871   Thumb Code   104  states.o(.text.canDispatch)
    canSend                                  0x300078d9   Thumb Code   146  flexcan_interrupt_transfer.o(.text.canSend)
    emergencyInit                            0x30007971   Thumb Code    32  emcy.o(.text.emergencyInit)
    emergencyStop                            0x30007991   Thumb Code     2  emcy.o(.text.emergencyStop)
    failedSDO                                0x30007999   Thumb Code   200  sdo.o(.text.failedSDO)
    getElapsedTime                           0x30007ac9   Thumb Code    10  flexcan_interrupt_transfer.o(.text.getElapsedTime)
    getNodeId                                0x30007ad9   Thumb Code     6  states.o(.text.getNodeId)
    heartbeatInit                            0x30007ae1   Thumb Code   156  lifegrd.o(.text.heartbeatInit)
    initSDOline                              0x30007b81   Thumb Code   154  sdo.o(.text.initSDOline)
    lifeGuardInit                            0x30007c21   Thumb Code    18  lifegrd.o(.text.lifeGuardInit)
    lifeGuardStop                            0x30007c39   Thumb Code    76  lifegrd.o(.text.lifeGuardStop)
    lineToSDO                                0x30007c89   Thumb Code    78  sdo.o(.text.lineToSDO)
    main                                     0x30007cd9   Thumb Code   596  flexcan_interrupt_transfer.o(.text.main)
    masterSendNMTnodeguard                   0x30007fb1   Thumb Code    32  nmtmaster.o(.text.masterSendNMTnodeguard)
    masterSendNMTstateChange                 0x30007fd1   Thumb Code    32  nmtmaster.o(.text.masterSendNMTstateChange)
    nodeguardInit                            0x30007ff1   Thumb Code   132  lifegrd.o(.text.nodeguardInit)
    objdictToSDOline                         0x30008079   Thumb Code    66  sdo.o(.text.objdictToSDOline)
    proceedEMCY                              0x300080c1   Thumb Code    42  emcy.o(.text.proceedEMCY)
    proceedNMTstateChange                    0x300080f1   Thumb Code   180  nmtslave.o(.text.proceedNMTstateChange)
    proceedNODE_GUARD                        0x300081a9   Thumb Code   262  lifegrd.o(.text.proceedNODE_GUARD)
    proceedPDO                               0x300082b1   Thumb Code   784  pdo.o(.text.proceedPDO)
    proceedSDO                               0x300085c1   Thumb Code  4780  sdo.o(.text.proceedSDO)
    proceedSYNC                              0x30009871   Thumb Code    42  sync.o(.text.proceedSYNC)
    pvPortMalloc                             0x30009de9   Thumb Code   394  heap_4.o(.text.pvPortMalloc)
    pxPortInitialiseStack                    0x30009f79   Thumb Code    44  port.o(.text.pxPortInitialiseStack)
    resetSDO                                 0x30009fa9   Thumb Code    86  sdo.o(.text.resetSDO)
    resetSDOline                             0x3000a001   Thumb Code    84  sdo.o(.text.resetSDOline)
    sendOnePDOevent                          0x3000a059   Thumb Code   314  pdo.o(.text.sendOnePDOevent)
    sendSDO                                  0x3000a199   Thumb Code   160  sdo.o(.text.sendSDO)
    sendSDOabort                             0x3000a239   Thumb Code   176  sdo.o(.text.sendSDOabort)
    setNodeId                                0x3000a2e9   Thumb Code   296  states.o(.text.setNodeId)
    setState                                 0x3000a431   Thumb Code   146  states.o(.text.setState)
    setTimer                                 0x3000a4c9   Thumb Code    14  flexcan_interrupt_transfer.o(.text.setTimer)
    slaveSendBootUp                          0x3000a4d9   Thumb Code    44  nmtslave.o(.text.slaveSendBootUp)
    startSYNC                                0x3000a509   Thumb Code   138  sync.o(.text.startSYNC)
    stopSYNC                                 0x3000a599   Thumb Code    44  sync.o(.text.stopSYNC)
    switchCommunicationState                 0x3000a5c9   Thumb Code   278  states.o(.text.switchCommunicationState)
    uxListRemove                             0x3000a6e1   Thumb Code    42  list.o(.text.uxListRemove)
    vListInitialise                          0x3000a711   Thumb Code    22  list.o(.text.vListInitialise)
    vListInitialiseItem                      0x3000a729   Thumb Code     6  list.o(.text.vListInitialiseItem)
    vListInsert                              0x3000a731   Thumb Code    58  list.o(.text.vListInsert)
    vListInsertEnd                           0x3000a771   Thumb Code    28  list.o(.text.vListInsertEnd)
    vPortEnterCritical                       0x3000a7a9   Thumb Code    82  port.o(.text.vPortEnterCritical)
    vPortExitCritical                        0x3000a801   Thumb Code    50  port.o(.text.vPortExitCritical)
    vPortFree                                0x3000a839   Thumb Code   202  heap_4.o(.text.vPortFree)
    vPortSetupTimerInterrupt                 0x3000a909   Thumb Code    52  port.o(.text.vPortSetupTimerInterrupt)
    vQueueAddToRegistry                      0x3000a941   Thumb Code    94  queue.o(.text.vQueueAddToRegistry)
    vQueueWaitForMessageRestricted           0x3000a9a1   Thumb Code    70  queue.o(.text.vQueueWaitForMessageRestricted)
    vTaskDelete                              0x3000a9e9   Thumb Code   294  tasks.o(.text.vTaskDelete)
    vTaskInternalSetTimeOutState             0x3000ab11   Thumb Code    26  tasks.o(.text.vTaskInternalSetTimeOutState)
    vTaskMissedYield                         0x3000ab31   Thumb Code    14  tasks.o(.text.vTaskMissedYield)
    vTaskPlaceOnEventList                    0x3000ab41   Thumb Code    58  tasks.o(.text.vTaskPlaceOnEventList)
    vTaskPlaceOnEventListRestricted          0x3000ab81   Thumb Code   114  tasks.o(.text.vTaskPlaceOnEventListRestricted)
    vTaskStartScheduler                      0x3000abf9   Thumb Code   156  tasks.o(.text.vTaskStartScheduler)
    vTaskSuspendAll                          0x3000aca1   Thumb Code    16  tasks.o(.text.vTaskSuspendAll)
    vTaskSwitchContext                       0x3000acb1   Thumb Code   138  tasks.o(.text.vTaskSwitchContext)
    xPortStartScheduler                      0x3000ad41   Thumb Code   242  port.o(.text.xPortStartScheduler)
    xQueueGenericCreate                      0x3000ae39   Thumb Code   150  queue.o(.text.xQueueGenericCreate)
    xQueueReceive                            0x3000aed1   Thumb Code   436  queue.o(.text.xQueueReceive)
    xTaskCheckForTimeOut                     0x3000b089   Thumb Code   144  tasks.o(.text.xTaskCheckForTimeOut)
    xTaskCreate                              0x3000b119   Thumb Code   510  tasks.o(.text.xTaskCreate)
    xTaskGetSchedulerState                   0x3000b319   Thumb Code    36  tasks.o(.text.xTaskGetSchedulerState)
    xTaskGetTickCount                        0x3000b341   Thumb Code    12  tasks.o(.text.xTaskGetTickCount)
    xTaskIncrementTick                       0x3000b351   Thumb Code   420  tasks.o(.text.xTaskIncrementTick)
    xTaskRemoveFromEventList                 0x3000b4f9   Thumb Code   250  tasks.o(.text.xTaskRemoveFromEventList)
    xTaskResumeAll                           0x3000b5f9   Thumb Code   388  tasks.o(.text.xTaskResumeAll)
    xTimerCreateTimerTask                    0x3000b781   Thumb Code    92  timers.o(.text.xTimerCreateTimerTask)
    __scatterload_copy                       0x3000b7e5   Thumb Code    14  handlers.o(i.__scatterload_copy)
    __scatterload_null                       0x3000b7f3   Thumb Code     2  handlers.o(i.__scatterload_null)
    __scatterload_zeroinit                   0x3000b7f5   Thumb Code    14  handlers.o(i.__scatterload_zeroinit)
    Slave_ObjdictSize                        0x3000b81e   Data           2  slave.o(.rodata.Slave_ObjdictSize)
    Slave_firstIndex                         0x3000b820   Data          12  slave.o(.rodata.Slave_firstIndex)
    Slave_iam_a_slave                        0x3000b82c   Data           1  slave.o(.rodata.Slave_iam_a_slave)
    Slave_lastIndex                          0x3000b82e   Data          12  slave.o(.rodata.Slave_lastIndex)
    Slave_objdict                            0x3000b83c   Data         192  slave.o(.rodata.Slave_objdict)
    armPllConfig_BOARD_BootClockRUN          0x3000b8fc   Data           8  clock_config.o(.rodata.armPllConfig_BOARD_BootClockRUN)
    sysPll2Config_BOARD_BootClockRUN         0x3000cb94   Data          12  clock_config.o(.rodata.sysPll2Config_BOARD_BootClockRUN)
    uxTopUsedPriority                        0x3000cba0   Data           4  tasks.o(.rodata.uxTopUsedPriority)
    videoPllConfig_BOARD_BootClockRUN        0x3000cba4   Data          20  clock_config.o(.rodata.videoPllConfig_BOARD_BootClockRUN)
    Region$$Table$$Base                      0x3000cbb8   Number         0  anon$$obj.o(Region$$Table)
    Region$$Table$$Limit                     0x3000cbd8   Number         0  anon$$obj.o(Region$$Table)



==============================================================================

Memory Map of the image

  Image Entry point : 0x30002415

  Load Region LR_m_text (Base: 0x30000400, Size: 0x0000d3f8, Max: 0x00fbfc00, ABSOLUTE, COMPRESSED[0x0000ca9c])

    Execution Region RW_m_ram_text (Exec base: 0x00000000, Load base: 0x3000ce9c, Size: 0x00000000, Max: 0x00040000, ABSOLUTE)

    **** No section assigned to this execution region ****


    Execution Region RW_m_data (Exec base: 0x20000000, Load base: 0x3000cbd8, Size: 0x00003c0c, Max: 0x0003f800, ABSOLUTE, COMPRESSED[0x000002c4])

    Exec Addr    Load Addr    Size         Type   Attr      Idx    E Section Name        Object

    0x20000000   COMPRESSED   0x00000240   Data   RW         1250    .data.Slave_Data    slave.o
    0x20000240   COMPRESSED   0x00000010   Data   RW         1128    .data.Slave_Index1000  slave.o
    0x20000250   COMPRESSED   0x00000010   Data   RW         1130    .data.Slave_Index1001  slave.o
    0x20000260   COMPRESSED   0x00000010   Data   RW         1142    .data.Slave_Index1017  slave.o
    0x20000270   COMPRESSED   0x00000050   Data   RW         1148    .data.Slave_Index1018  slave.o
    0x200002c0   COMPRESSED   0x00000030   Data   RW         1152    .data.Slave_Index1200  slave.o
    0x200002f0   COMPRESSED   0x00000070   Data   RW         1160    .data.Slave_Index1400  slave.o
    0x20000360   COMPRESSED   0x00000070   Data   RW         1168    .data.Slave_Index1401  slave.o
    0x200003d0   COMPRESSED   0x00000070   Data   RW         1176    .data.Slave_Index1402  slave.o
    0x20000440   COMPRESSED   0x00000070   Data   RW         1184    .data.Slave_Index1403  slave.o
    0x200004b0   COMPRESSED   0x00000090   Data   RW         1187    .data.Slave_Index1600  slave.o
    0x20000540   COMPRESSED   0x00000090   Data   RW         1190    .data.Slave_Index1601  slave.o
    0x200005d0   COMPRESSED   0x00000090   Data   RW         1193    .data.Slave_Index1602  slave.o
    0x20000660   COMPRESSED   0x00000090   Data   RW         1196    .data.Slave_Index1603  slave.o
    0x200006f0   COMPRESSED   0x00000070   Data   RW         1204    .data.Slave_Index1800  slave.o
    0x20000760   COMPRESSED   0x00000070   Data   RW         1212    .data.Slave_Index1801  slave.o
    0x200007d0   COMPRESSED   0x00000070   Data   RW         1220    .data.Slave_Index1802  slave.o
    0x20000840   COMPRESSED   0x00000070   Data   RW         1228    .data.Slave_Index1803  slave.o
    0x200008b0   COMPRESSED   0x00000090   Data   RW         1231    .data.Slave_Index1A00  slave.o
    0x20000940   COMPRESSED   0x00000090   Data   RW         1234    .data.Slave_Index1A01  slave.o
    0x200009d0   COMPRESSED   0x00000090   Data   RW         1237    .data.Slave_Index1A02  slave.o
    0x20000a60   COMPRESSED   0x00000090   Data   RW         1240    .data.Slave_Index1A03  slave.o
    0x20000af0   COMPRESSED   0x00000010   Data   RW         1241    .data.Slave_Index2000  slave.o
    0x20000b00   COMPRESSED   0x00000010   Data   RW         1242    .data.Slave_Index2001  slave.o
    0x20000b10   COMPRESSED   0x00000010   Data   RW         1243    .data.Slave_Index2002  slave.o
    0x20000b20   COMPRESSED   0x00000048   Data   RW         1245    .data.Slave_PDO_status  slave.o
    0x20000b68   COMPRESSED   0x00000001   Data   RW         1143    .data.Slave_highestSubIndex_obj1018  slave.o
    0x20000b69   COMPRESSED   0x00000001   Data   RW         1149    .data.Slave_highestSubIndex_obj1200  slave.o
    0x20000b6a   COMPRESSED   0x00000001   Data   RW         1153    .data.Slave_highestSubIndex_obj1400  slave.o
    0x20000b6b   COMPRESSED   0x00000001   Data   RW         1161    .data.Slave_highestSubIndex_obj1401  slave.o
    0x20000b6c   COMPRESSED   0x00000001   Data   RW         1169    .data.Slave_highestSubIndex_obj1402  slave.o
    0x20000b6d   COMPRESSED   0x00000001   Data   RW         1177    .data.Slave_highestSubIndex_obj1403  slave.o
    0x20000b6e   COMPRESSED   0x00000001   Data   RW         1185    .data.Slave_highestSubIndex_obj1600  slave.o
    0x20000b6f   COMPRESSED   0x00000001   Data   RW         1188    .data.Slave_highestSubIndex_obj1601  slave.o
    0x20000b70   COMPRESSED   0x00000001   Data   RW         1191    .data.Slave_highestSubIndex_obj1602  slave.o
    0x20000b71   COMPRESSED   0x00000001   Data   RW         1194    .data.Slave_highestSubIndex_obj1603  slave.o
    0x20000b72   COMPRESSED   0x00000001   Data   RW         1197    .data.Slave_highestSubIndex_obj1800  slave.o
    0x20000b73   COMPRESSED   0x00000001   Data   RW         1205    .data.Slave_highestSubIndex_obj1801  slave.o
    0x20000b74   COMPRESSED   0x00000001   Data   RW         1213    .data.Slave_highestSubIndex_obj1802  slave.o
    0x20000b75   COMPRESSED   0x00000001   Data   RW         1221    .data.Slave_highestSubIndex_obj1803  slave.o
    0x20000b76   COMPRESSED   0x00000001   Data   RW         1229    .data.Slave_highestSubIndex_obj1A00  slave.o
    0x20000b77   COMPRESSED   0x00000001   Data   RW         1232    .data.Slave_highestSubIndex_obj1A01  slave.o
    0x20000b78   COMPRESSED   0x00000001   Data   RW         1235    .data.Slave_highestSubIndex_obj1A02  slave.o
    0x20000b79   COMPRESSED   0x00000001   Data   RW         1238    .data.Slave_highestSubIndex_obj1A03  slave.o
    0x20000b7a   COMPRESSED   0x00000002   PAD
    0x20000b7c   COMPRESSED   0x00000004   Data   RW         1138    .data.Slave_obj1014  slave.o
    0x20000b80   COMPRESSED   0x00000002   Data   RW         1141    .data.Slave_obj1017  slave.o
    0x20000b82   COMPRESSED   0x00000002   PAD
    0x20000b84   COMPRESSED   0x00000004   Data   RW         1150    .data.Slave_obj1200_COB_ID_Client_to_Server_Receive_SDO  slave.o
    0x20000b88   COMPRESSED   0x00000004   Data   RW         1151    .data.Slave_obj1200_COB_ID_Server_to_Client_Transmit_SDO  slave.o
    0x20000b8c   COMPRESSED   0x00000004   Data   RW         1154    .data.Slave_obj1400_COB_ID_used_by_PDO  slave.o
    0x20000b90   COMPRESSED   0x00000004   Data   RW         1162    .data.Slave_obj1401_COB_ID_used_by_PDO  slave.o
    0x20000b94   COMPRESSED   0x00000004   Data   RW         1170    .data.Slave_obj1402_COB_ID_used_by_PDO  slave.o
    0x20000b98   COMPRESSED   0x00000004   Data   RW         1178    .data.Slave_obj1403_COB_ID_used_by_PDO  slave.o
    0x20000b9c   COMPRESSED   0x00000004   Data   RW         1198    .data.Slave_obj1800_COB_ID_used_by_PDO  slave.o
    0x20000ba0   COMPRESSED   0x00000002   Data   RW         1202    .data.Slave_obj1800_Event_Timer  slave.o
    0x20000ba2   COMPRESSED   0x00000002   Data   RW         1200    .data.Slave_obj1800_Inhibit_Time  slave.o
    0x20000ba4   COMPRESSED   0x00000001   Data   RW         1199    .data.Slave_obj1800_Transmission_Type  slave.o
    0x20000ba5   COMPRESSED   0x00000003   PAD
    0x20000ba8   COMPRESSED   0x00000004   Data   RW         1206    .data.Slave_obj1801_COB_ID_used_by_PDO  slave.o
    0x20000bac   COMPRESSED   0x00000004   Data   RW         1214    .data.Slave_obj1802_COB_ID_used_by_PDO  slave.o
    0x20000bb0   COMPRESSED   0x00000004   Data   RW         1222    .data.Slave_obj1803_COB_ID_used_by_PDO  slave.o
    0x20000bb4   COMPRESSED   0x00000020   Data   RW         1230    .data.Slave_obj1A00  slave.o
    0x20000bd4   COMPRESSED   0x00000004   Data   RW          718    .data.SystemCoreClock  system_mimxrt1176_cm7.o
    0x20000bd8   COMPRESSED   0x00000001   Data   RW         1122    .data.ZONE_ONE      slave.o
    0x20000bd9   COMPRESSED   0x00000001   Data   RW         1124    .data.ZONE_THREE    slave.o
    0x20000bda   COMPRESSED   0x00000001   Data   RW         1123    .data.ZONE_TWO      slave.o
    0x20000bdb   COMPRESSED   0x00000001   PAD
    0x20000bdc   COMPRESSED   0x00000002   Data   RW         1108    .data.last_timer_raw  timer.o
    0x20000bde   COMPRESSED   0x00000002   PAD
    0x20000be0   COMPRESSED   0x00000004   Data   RW          268    .data.s_flexcanIsr  fsl_flexcan.o
    0x20000be4   COMPRESSED   0x00000034   Data   RW          514    .data.s_lpuartIsr   fsl_lpuart.o
    0x20000c18   COMPRESSED   0x00000004   Data   RW         1107    .data.total_sleep_time  timer.o
    0x20000c1c   COMPRESSED   0x00000004   Data   RW         1646    .data.uxCriticalNesting  port.o
    0x20000c20        -       0x00000004   Zero   RW           36    .bss.AppTaskCreate_Handle  flexcan_interrupt_transfer.o
    0x20000c24        -       0x00000004   Zero   RW           47    .bss.CANopenRx_Task_Handle  flexcan_interrupt_transfer.o
    0x20000c28        -       0x00000001   Zero   RW         1125    .bss.Slave_bDeviceNodeId  slave.o
    0x20000c29   COMPRESSED   0x00000001   PAD
    0x20000c2a        -       0x00000002   Zero   RW         1249    .bss.Slave_heartBeatTimers  slave.o
    0x20000c2c        -       0x00000001   Zero   RW         1131    .bss.Slave_highestSubIndex_obj1003  slave.o
    0x20000c2d        -       0x00000001   Zero   RW         1139    .bss.Slave_highestSubIndex_obj1016  slave.o
    0x20000c2e   COMPRESSED   0x00000002   PAD
    0x20000c30        -       0x00000004   Zero   RW         1127    .bss.Slave_obj1000  slave.o
    0x20000c34        -       0x00000001   Zero   RW         1129    .bss.Slave_obj1001  slave.o
    0x20000c35   COMPRESSED   0x00000003   PAD
    0x20000c38        -       0x00000004   Zero   RW         1132    .bss.Slave_obj1003  slave.o
    0x20000c3c        -       0x00000004   Zero   RW         1134    .bss.Slave_obj1005  slave.o
    0x20000c40        -       0x00000004   Zero   RW         1135    .bss.Slave_obj1006  slave.o
    0x20000c44        -       0x00000002   Zero   RW         1136    .bss.Slave_obj100C  slave.o
    0x20000c46        -       0x00000001   Zero   RW         1137    .bss.Slave_obj100D  slave.o
    0x20000c47   COMPRESSED   0x00000001   PAD
    0x20000c48        -       0x00000004   Zero   RW         1140    .bss.Slave_obj1016  slave.o
    0x20000c4c        -       0x00000004   Zero   RW         1145    .bss.Slave_obj1018_Product_Code  slave.o
    0x20000c50        -       0x00000004   Zero   RW         1146    .bss.Slave_obj1018_Revision_Number  slave.o
    0x20000c54        -       0x00000004   Zero   RW         1147    .bss.Slave_obj1018_Serial_Number  slave.o
    0x20000c58        -       0x00000004   Zero   RW         1144    .bss.Slave_obj1018_Vendor_ID  slave.o
    0x20000c5c        -       0x00000001   Zero   RW         1157    .bss.Slave_obj1400_Compatibility_Entry  slave.o
    0x20000c5d   COMPRESSED   0x00000001   PAD
    0x20000c5e        -       0x00000002   Zero   RW         1158    .bss.Slave_obj1400_Event_Timer  slave.o
    0x20000c60        -       0x00000002   Zero   RW         1156    .bss.Slave_obj1400_Inhibit_Time  slave.o
    0x20000c62        -       0x00000001   Zero   RW         1159    .bss.Slave_obj1400_SYNC_start_value  slave.o
    0x20000c63        -       0x00000001   Zero   RW         1155    .bss.Slave_obj1400_Transmission_Type  slave.o
    0x20000c64        -       0x00000001   Zero   RW         1165    .bss.Slave_obj1401_Compatibility_Entry  slave.o
    0x20000c65   COMPRESSED   0x00000001   PAD
    0x20000c66        -       0x00000002   Zero   RW         1166    .bss.Slave_obj1401_Event_Timer  slave.o
    0x20000c68        -       0x00000002   Zero   RW         1164    .bss.Slave_obj1401_Inhibit_Time  slave.o
    0x20000c6a        -       0x00000001   Zero   RW         1167    .bss.Slave_obj1401_SYNC_start_value  slave.o
    0x20000c6b        -       0x00000001   Zero   RW         1163    .bss.Slave_obj1401_Transmission_Type  slave.o
    0x20000c6c        -       0x00000001   Zero   RW         1173    .bss.Slave_obj1402_Compatibility_Entry  slave.o
    0x20000c6d   COMPRESSED   0x00000001   PAD
    0x20000c6e        -       0x00000002   Zero   RW         1174    .bss.Slave_obj1402_Event_Timer  slave.o
    0x20000c70        -       0x00000002   Zero   RW         1172    .bss.Slave_obj1402_Inhibit_Time  slave.o
    0x20000c72        -       0x00000001   Zero   RW         1175    .bss.Slave_obj1402_SYNC_start_value  slave.o
    0x20000c73        -       0x00000001   Zero   RW         1171    .bss.Slave_obj1402_Transmission_Type  slave.o
    0x20000c74        -       0x00000001   Zero   RW         1181    .bss.Slave_obj1403_Compatibility_Entry  slave.o
    0x20000c75   COMPRESSED   0x00000001   PAD
    0x20000c76        -       0x00000002   Zero   RW         1182    .bss.Slave_obj1403_Event_Timer  slave.o
    0x20000c78        -       0x00000002   Zero   RW         1180    .bss.Slave_obj1403_Inhibit_Time  slave.o
    0x20000c7a        -       0x00000001   Zero   RW         1183    .bss.Slave_obj1403_SYNC_start_value  slave.o
    0x20000c7b        -       0x00000001   Zero   RW         1179    .bss.Slave_obj1403_Transmission_Type  slave.o
    0x20000c7c        -       0x00000020   Zero   RW         1186    .bss.Slave_obj1600  slave.o
    0x20000c9c        -       0x00000020   Zero   RW         1189    .bss.Slave_obj1601  slave.o
    0x20000cbc        -       0x00000020   Zero   RW         1192    .bss.Slave_obj1602  slave.o
    0x20000cdc        -       0x00000020   Zero   RW         1195    .bss.Slave_obj1603  slave.o
    0x20000cfc        -       0x00000001   Zero   RW         1201    .bss.Slave_obj1800_Compatibility_Entry  slave.o
    0x20000cfd        -       0x00000001   Zero   RW         1203    .bss.Slave_obj1800_SYNC_start_value  slave.o
    0x20000cfe        -       0x00000001   Zero   RW         1209    .bss.Slave_obj1801_Compatibility_Entry  slave.o
    0x20000cff   COMPRESSED   0x00000001   PAD
    0x20000d00        -       0x00000002   Zero   RW         1210    .bss.Slave_obj1801_Event_Timer  slave.o
    0x20000d02        -       0x00000002   Zero   RW         1208    .bss.Slave_obj1801_Inhibit_Time  slave.o
    0x20000d04        -       0x00000001   Zero   RW         1211    .bss.Slave_obj1801_SYNC_start_value  slave.o
    0x20000d05        -       0x00000001   Zero   RW         1207    .bss.Slave_obj1801_Transmission_Type  slave.o
    0x20000d06        -       0x00000001   Zero   RW         1217    .bss.Slave_obj1802_Compatibility_Entry  slave.o
    0x20000d07   COMPRESSED   0x00000001   PAD
    0x20000d08        -       0x00000002   Zero   RW         1218    .bss.Slave_obj1802_Event_Timer  slave.o
    0x20000d0a        -       0x00000002   Zero   RW         1216    .bss.Slave_obj1802_Inhibit_Time  slave.o
    0x20000d0c        -       0x00000001   Zero   RW         1219    .bss.Slave_obj1802_SYNC_start_value  slave.o
    0x20000d0d        -       0x00000001   Zero   RW         1215    .bss.Slave_obj1802_Transmission_Type  slave.o
    0x20000d0e        -       0x00000001   Zero   RW         1225    .bss.Slave_obj1803_Compatibility_Entry  slave.o
    0x20000d0f   COMPRESSED   0x00000001   PAD
    0x20000d10        -       0x00000002   Zero   RW         1226    .bss.Slave_obj1803_Event_Timer  slave.o
    0x20000d12        -       0x00000002   Zero   RW         1224    .bss.Slave_obj1803_Inhibit_Time  slave.o
    0x20000d14        -       0x00000001   Zero   RW         1227    .bss.Slave_obj1803_SYNC_start_value  slave.o
    0x20000d15        -       0x00000001   Zero   RW         1223    .bss.Slave_obj1803_Transmission_Type  slave.o
    0x20000d16   COMPRESSED   0x00000002   PAD
    0x20000d18        -       0x00000020   Zero   RW         1233    .bss.Slave_obj1A01  slave.o
    0x20000d38        -       0x00000020   Zero   RW         1236    .bss.Slave_obj1A02  slave.o
    0x20000d58        -       0x00000020   Zero   RW         1239    .bss.Slave_obj1A03  slave.o
    0x20000d78        -       0x00000024   Zero   RW           38    .bss.flexcanConfig  flexcan_interrupt_transfer.o
    0x20000d9c        -       0x00000358   Zero   RW           34    .bss.flexcanHandle  flexcan_interrupt_transfer.o
    0x200010f4        -       0x00000010   Zero   RW           41    .bss.gptConfig      flexcan_interrupt_transfer.o
    0x20001104        -       0x00000004   Zero   RW           40    .bss.gptFreq        flexcan_interrupt_transfer.o
    0x20001108        -       0x00000008   Zero   RW           39    .bss.mbConfig       flexcan_interrupt_transfer.o
    0x20001110        -       0x00000004   Zero   RW         1607    .bss.prvSampleTimeNow.xLastTime  timers.o
    0x20001114        -       0x00000004   Zero   RW         1533    .bss.pxCurrentTCB   tasks.o
    0x20001118        -       0x00000004   Zero   RW         1605    .bss.pxCurrentTimerList  timers.o
    0x2000111c        -       0x00000004   Zero   RW         1544    .bss.pxDelayedTaskList  tasks.o
    0x20001120        -       0x00000004   Zero   RW         1669    .bss.pxEnd          heap_4.o
    0x20001124        -       0x00000004   Zero   RW         1545    .bss.pxOverflowDelayedTaskList  tasks.o
    0x20001128        -       0x00000004   Zero   RW         1606    .bss.pxOverflowTimerList  timers.o
    0x2000112c        -       0x00000064   Zero   RW         1535    .bss.pxReadyTasksLists  tasks.o
    0x20001190        -       0x00000001   Zero   RW           26    .bss.rxComplete     flexcan_interrupt_transfer.o
    0x20001191   COMPRESSED   0x00000003   PAD
    0x20001194        -       0x00000010   Zero   RW           43    .bss.rxFrame        flexcan_interrupt_transfer.o
    0x200011a4        -       0x0000000c   Zero   RW           44    .bss.rxMessage      flexcan_interrupt_transfer.o
    0x200011b0        -       0x0000000c   Zero   RW           37    .bss.rxXfer         flexcan_interrupt_transfer.o
    0x200011bc        -       0x00000014   Zero   RW          142    .bss.s_debugConsole  fsl_debug_console.o
    0x200011d0        -       0x00000010   Zero   RW          267    .bss.s_flexcanHandle  fsl_flexcan.o
    0x200011e0        -       0x00000034   Zero   RW          518    .bss.s_lpuartHandle  fsl_lpuart.o
    0x20001214        -       0x000000c0   Zero   RW         1106    .bss.timers         timer.o
    0x200012d4        -       0x00000001   Zero   RW           25    .bss.txComplete     flexcan_interrupt_transfer.o
    0x200012d5   COMPRESSED   0x00000003   PAD
    0x200012d8        -       0x0000000c   Zero   RW           33    .bss.txXfer         flexcan_interrupt_transfer.o
    0x200012e4        -       0x00002800   Zero   RW         1675    .bss.ucHeap         heap_4.o
    0x20003ae4        -       0x00000001   Zero   RW         1644    .bss.ucMaxSysCallPriority  port.o
    0x20003ae5   COMPRESSED   0x00000003   PAD
    0x20003ae8        -       0x00000004   Zero   RW         1645    .bss.ulMaxPRIGROUPValue  port.o
    0x20003aec        -       0x00000004   Zero   RW         1540    .bss.uxCurrentNumberOfTasks  tasks.o
    0x20003af0        -       0x00000004   Zero   RW         1539    .bss.uxDeletedTasksWaitingCleanUp  tasks.o
    0x20003af4        -       0x00000004   Zero   RW         1542    .bss.uxSchedulerSuspended  tasks.o
    0x20003af8        -       0x00000004   Zero   RW         1537    .bss.uxTaskNumber   tasks.o
    0x20003afc        -       0x00000004   Zero   RW         1536    .bss.uxTopReadyPriority  tasks.o
    0x20003b00        -       0x00000001   Zero   RW           27    .bss.wakenUp        flexcan_interrupt_transfer.o
    0x20003b01   COMPRESSED   0x00000003   PAD
    0x20003b04        -       0x00000014   Zero   RW         1608    .bss.xActiveTimerList1  timers.o
    0x20003b18        -       0x00000014   Zero   RW         1609    .bss.xActiveTimerList2  timers.o
    0x20003b2c        -       0x00000014   Zero   RW         1553    .bss.xDelayedTaskList1  tasks.o
    0x20003b40        -       0x00000014   Zero   RW         1554    .bss.xDelayedTaskList2  tasks.o
    0x20003b54        -       0x00000004   Zero   RW         1670    .bss.xFreeBytesRemaining  heap_4.o
    0x20003b58        -       0x00000004   Zero   RW         1549    .bss.xIdleTaskHandle  tasks.o
    0x20003b5c        -       0x00000004   Zero   RW         1672    .bss.xMinimumEverFreeBytesRemaining  heap_4.o
    0x20003b60        -       0x00000004   Zero   RW         1550    .bss.xNextTaskUnblockTime  tasks.o
    0x20003b64        -       0x00000004   Zero   RW         1552    .bss.xNumOfOverflows  tasks.o
    0x20003b68        -       0x00000004   Zero   RW         1673    .bss.xNumberOfSuccessfulAllocations  heap_4.o
    0x20003b6c        -       0x00000004   Zero   RW         1674    .bss.xNumberOfSuccessfulFrees  heap_4.o
    0x20003b70        -       0x00000004   Zero   RW         1551    .bss.xPendedTicks   tasks.o
    0x20003b74        -       0x00000014   Zero   RW         1548    .bss.xPendingReadyList  tasks.o
    0x20003b88        -       0x00000040   Zero   RW         1370    .bss.xQueueRegistry  queue.o
    0x20003bc8        -       0x00000004   Zero   RW         1541    .bss.xSchedulerRunning  tasks.o
    0x20003bcc        -       0x00000008   Zero   RW         1671    .bss.xStart         heap_4.o
    0x20003bd4        -       0x00000014   Zero   RW         1546    .bss.xSuspendedTaskList  tasks.o
    0x20003be8        -       0x00000014   Zero   RW         1538    .bss.xTasksWaitingTermination  tasks.o
    0x20003bfc        -       0x00000004   Zero   RW         1543    .bss.xTickCount     tasks.o
    0x20003c00        -       0x00000004   Zero   RW         1603    .bss.xTimerQueue    timers.o
    0x20003c04        -       0x00000004   Zero   RW         1604    .bss.xTimerTaskHandle  timers.o
    0x20003c08        -       0x00000004   Zero   RW         1547    .bss.xYieldPending  tasks.o


    Execution Region ARM_LIB_HEAP (Exec base: 0x20003c0c, Load base: 0x3000ce9c, Size: 0x00000400, Max: 0x00000400, ABSOLUTE)

    Exec Addr    Load Addr    Size         Type   Attr      Idx    E Section Name        Object

    0x20003c0c        -       0x00000400   Zero   RW            2    ARM_LIB_HEAP.bss    anon$$obj.o


    Execution Region ARM_LIB_STACK (Exec base: 0x2003fc00, Load base: 0x3000ce9c, Size: 0x00000400, Max: 0x00000400, ABSOLUTE)

    Exec Addr    Load Addr    Size         Type   Attr      Idx    E Section Name        Object

    0x2003fc00        -       0x00000400   Zero   RW            3    ARM_LIB_STACK.bss   anon$$obj.o


    Execution Region RW_m_ncache (Exec base: 0x202c0000, Load base: 0x3000ce9c, Size: 0x00000000, Max: 0x00000000, ABSOLUTE)

    Exec Addr    Load Addr    Size         Type   Attr      Idx    E Section Name        Object

    0x202c0000        -       0x00000000   Zero   RW            4    RW_m_ncache.bss     anon$$obj.o


    Execution Region RW_m_ncache_unused (Exec base: 0x202c0000, Load base: 0x3000ce9c, Size: 0x00080000, Max: 0x00080000, ABSOLUTE)

    Exec Addr    Load Addr    Size         Type   Attr      Idx    E Section Name        Object

    0x202c0000        -       0x00080000   Zero   RW            5    RW_m_ncache_unused.bss  anon$$obj.o


    Execution Region RW_m_config_text (Exec base: 0x30000400, Load base: 0x30000400, Size: 0x00000200, Max: 0x00000c00, ABSOLUTE, FIXED)

    Exec Addr    Load Addr    Size         Type   Attr      Idx    E Section Name        Object

    0x30000400   0x30000400   0x00000200   Data   RO          793    .boot_hdr.conf      evkmimxrt1170_flexspi_nor_config.o


    Execution Region RW_m_ivt_text (Exec base: 0x30001000, Load base: 0x30001000, Size: 0x00000030, Max: 0x00001000, ABSOLUTE, FIXED)

    Exec Addr    Load Addr    Size         Type   Attr      Idx    E Section Name        Object

    0x30001000   0x30001000   0x00000020   Data   RO          787    .boot_hdr.ivt       fsl_flexspi_nor_boot.o
    0x30001020   0x30001020   0x00000010   Data   RO          786    .boot_hdr.boot_data  fsl_flexspi_nor_boot.o


    Execution Region VECTOR_ROM (Exec base: 0x30002000, Load base: 0x30002000, Size: 0x00000400, Max: 0x00000400, ABSOLUTE, FIXED)

    Exec Addr    Load Addr    Size         Type   Attr      Idx    E Section Name        Object

    0x30002000   0x30002000   0x00000400   Data   RO          780    .isr_vector         startup_mimxrt1176_cm7.o


    Execution Region VECTOR_RAM (Exec base: 0x30002000, Load base: 0x3000cbd8, Size: 0x00000000, Max: 0x00000000, ABSOLUTE)

    Exec Addr    Load Addr    Size         Type   Attr      Idx    E Section Name        Object

    0x30002000        -       0x00000000   Zero   RW            1    VECTOR_RAM.bss      anon$$obj.o


    Execution Region ER_m_text (Exec base: 0x30002400, Load base: 0x30002400, Size: 0x0000a7d8, Max: 0x00fbdc00, ABSOLUTE, FIXED)

    Exec Addr    Load Addr    Size         Type   Attr      Idx    E Section Name        Object

    0x30002400   0x30002400   0x00000000   Code   RO         1683  * .ARM.Collect$$$$00000000  mc_w.l(entry.o)
    0x30002400   0x30002400   0x00000004   Code   RO         1737    .ARM.Collect$$$$00000003  mc_w.l(entry4.o)
    0x30002404   0x30002404   0x00000004   Code   RO         1740    .ARM.Collect$$$$00000004  mc_w.l(entry5.o)
    0x30002408   0x30002408   0x00000000   Code   RO         1742    .ARM.Collect$$$$00000008  mc_w.l(entry7b.o)
    0x30002408   0x30002408   0x00000000   Code   RO         1744    .ARM.Collect$$$$0000000A  mc_w.l(entry8b.o)
    0x30002408   0x30002408   0x00000008   Code   RO         1745    .ARM.Collect$$$$0000000B  mc_w.l(entry9a.o)
    0x30002410   0x30002410   0x00000000   Code   RO         1747    .ARM.Collect$$$$0000000D  mc_w.l(entry10a.o)
    0x30002410   0x30002410   0x00000000   Code   RO         1749    .ARM.Collect$$$$0000000F  mc_w.l(entry11a.o)
    0x30002410   0x30002410   0x00000004   Code   RO         1738    .ARM.Collect$$$$00002714  mc_w.l(entry4.o)
    0x30002414   0x30002414   0x000002d4   Code   RO          779  * .text               startup_mimxrt1176_cm7.o
    0x300026e8   0x300026e8   0x00000062   Code   RO         1686    .text               mc_w.l(uldiv.o)
    0x3000274a   0x3000274a   0x00000028   Code   RO         1688    .text               mc_w.l(memcpy.o)
    0x30002772   0x30002772   0x00000012   Code   RO         1690    .text               mc_w.l(memset.o)
    0x30002784   0x30002784   0x0000000e   Code   RO         1694    .text               mc_w.l(strlen.o)
    0x30002792   0x30002792   0x0000001a   Code   RO         1696    .text               mc_w.l(memcmp.o)
    0x300027ac   0x300027ac   0x0000001e   Code   RO         1751    .text               mc_w.l(llshl.o)
    0x300027ca   0x300027ca   0x00000020   Code   RO         1753    .text               mc_w.l(llushr.o)
    0x300027ea   0x300027ea   0x00000002   PAD
    0x300027ec   0x300027ec   0x00000030   Code   RO         1791    .text               mc_w.l(init.o)
    0x3000281c   0x3000281c   0x00000056   Code   RO         1803    .text               mc_w.l(__dczerorl2.o)
    0x30002872   0x30002872   0x00000006   PAD
    0x30002878   0x30002878   0x00000348   Code   RO          679    .text.ANATOP_AI_Access  fsl_anatop_ai.o
    0x30002bc0   0x30002bc0   0x0000000a   Code   RO          683    .text.ANATOP_AI_Read  fsl_anatop_ai.o
    0x30002bca   0x30002bca   0x00000006   PAD
    0x30002bd0   0x30002bd0   0x0000000c   Code   RO          681    .text.ANATOP_AI_Write  fsl_anatop_ai.o
    0x30002bdc   0x30002bdc   0x00000004   PAD
    0x30002be0   0x30002be0   0x00000030   Code   RO          685    .text.ANATOP_AI_WriteWithMaskShift  fsl_anatop_ai.o
    0x30002c10   0x30002c10   0x0000009e   Code   RO          310    .text.ANATOP_PllConfigure  fsl_clock.o
    0x30002cae   0x30002cae   0x00000002   PAD
    0x30002cb0   0x30002cb0   0x00000074   Code   RO           19    .text.AppTaskCreate  flexcan_interrupt_transfer.o
    0x30002d24   0x30002d24   0x00000004   PAD
    0x30002d28   0x30002d28   0x00000622   Code   RO           90    .text.BOARD_BootClockRUN  clock_config.o
    0x3000334a   0x3000334a   0x00000006   PAD
    0x30003350   0x30003350   0x00000334   Code   RO           72    .text.BOARD_ConfigMPU  board.o
    0x30003684   0x30003684   0x00000004   PAD
    0x30003688   0x30003688   0x0000005a   Code   RO           70    .text.BOARD_InitDebugConsole  board.o
    0x300036e2   0x300036e2   0x00000006   PAD
    0x300036e8   0x300036e8   0x00000066   Code   RO           59    .text.BOARD_InitPins  pin_mux.o
    0x3000374e   0x3000374e   0x00000002   PAD
    0x30003750   0x30003750   0x00000058   Code   RO          258    .text.CAN1_DriverIRQHandler  fsl_flexcan.o
    0x300037a8   0x300037a8   0x00000058   Code   RO          260    .text.CAN2_DriverIRQHandler  fsl_flexcan.o
    0x30003800   0x30003800   0x00000058   Code   RO          262    .text.CAN3_DriverIRQHandler  fsl_flexcan.o
    0x30003858   0x30003858   0x0000018c   Code   RO           23    .text.CANopenRx_Task  flexcan_interrupt_transfer.o
    0x300039e4   0x300039e4   0x00000004   PAD
    0x300039e8   0x300039e8   0x0000004e   Code   RO          312    .text.CLOCK_DeinitAudioPll  fsl_clock.o
    0x30003a36   0x30003a36   0x00000002   PAD
    0x30003a38   0x30003a38   0x0000005e   Code   RO          330    .text.CLOCK_DeinitSysPll1  fsl_clock.o
    0x30003a96   0x30003a96   0x00000002   PAD
    0x30003a98   0x30003a98   0x000002e8   Code   RO          368    .text.CLOCK_GetFreq  fsl_clock.o
    0x30003d80   0x30003d80   0x000000d4   Code   RO          278    .text.CLOCK_InitArmPll  fsl_clock.o
    0x30003e54   0x30003e54   0x00000004   PAD
    0x30003e58   0x30003e58   0x00000118   Code   RO          290    .text.CLOCK_InitPfd  fsl_clock.o
    0x30003f70   0x30003f70   0x000000fe   Code   RO          284    .text.CLOCK_InitSysPll2  fsl_clock.o
    0x3000406e   0x3000406e   0x00000002   PAD
    0x30004070   0x30004070   0x0000008c   Code   RO          296    .text.CLOCK_InitSysPll3  fsl_clock.o
    0x300040fc   0x300040fc   0x00000004   PAD
    0x30004100   0x30004100   0x000000d8   Code   RO          322    .text.CLOCK_InitVideoPll  fsl_clock.o
    0x300041d8   0x300041d8   0x0000001a   Code   RO          374    .text.CLOCK_OSC_EnableOscRc400M  fsl_clock.o
    0x300041f2   0x300041f2   0x00000006   PAD
    0x300041f8   0x300041f8   0x0000002c   Code   RO          354    .text.CLOCK_OSC_Set1MHzOutputBehavior  fsl_clock.o
    0x30004224   0x30004224   0x00000004   PAD
    0x30004228   0x30004228   0x00000094   Code   RO          302    .text.CLOCK_SetPllBypass  fsl_clock.o
    0x300042bc   0x300042bc   0x00000004   PAD
    0x300042c0   0x300042c0   0x00000028   Code   RO          851    .text.ConsumerHeartbeatAlarm  lifegrd.o
    0x300042e8   0x300042e8   0x0000003a   Code   RO          648    .text.DCDC_BootIntoDCM  fsl_dcdc.o
    0x30004322   0x30004322   0x00000006   PAD
    0x30004328   0x30004328   0x00000052   Code   RO          128    .text.DbgConsole_Init  fsl_debug_console.o
    0x3000437a   0x3000437a   0x00000006   PAD
    0x30004380   0x30004380   0x00000020   Code   RO          132    .text.DbgConsole_Printf  fsl_debug_console.o
    0x300043a0   0x300043a0   0x00000428   Code   RO          134    .text.DbgConsole_Vprintf  fsl_debug_console.o
    0x300047c8   0x300047c8   0x00000034   Code   RO         1102    .text.DelAlarm      timer.o
    0x300047fc   0x300047fc   0x00000004   PAD
    0x30004800   0x30004800   0x00000146   Code   RO          168    .text.FLEXCAN_CalculateImprovedTimingValues  fsl_flexcan.o
    0x30004946   0x30004946   0x00000002   PAD
    0x30004948   0x30004948   0x00000078   Code   RO          186    .text.FLEXCAN_GetDefaultConfig  fsl_flexcan.o
    0x300049c0   0x300049c0   0x000002e0   Code   RO          178    .text.FLEXCAN_Init  fsl_flexcan.o
    0x30004ca0   0x30004ca0   0x0000015a   Code   RO          216    .text.FLEXCAN_ReadFDRxMb  fsl_flexcan.o
    0x30004dfa   0x30004dfa   0x00000006   PAD
    0x30004e00   0x30004e00   0x000000b8   Code   RO          214    .text.FLEXCAN_ReadRxMb  fsl_flexcan.o
    0x30004eb8   0x30004eb8   0x000000ec   Code   RO          180    .text.FLEXCAN_Reset  fsl_flexcan.o
    0x30004fa4   0x30004fa4   0x00000004   PAD
    0x30004fa8   0x30004fa8   0x0000010a   Code   RO          198    .text.FLEXCAN_SetFDTxMbConfig  fsl_flexcan.o
    0x300050b2   0x300050b2   0x00000006   PAD
    0x300050b8   0x300050b8   0x000000b4   Code   RO          200    .text.FLEXCAN_SetRxMbConfig  fsl_flexcan.o
    0x3000516c   0x3000516c   0x00000004   PAD
    0x30005170   0x30005170   0x00000040   Code   RO          188    .text.FLEXCAN_SetRxMbGlobalMask  fsl_flexcan.o
    0x300051b0   0x300051b0   0x00000070   Code   RO          194    .text.FLEXCAN_SetTxMbConfig  fsl_flexcan.o
    0x30005220   0x30005220   0x000000a4   Code   RO          252    .text.FLEXCAN_TransferAbortReceive  fsl_flexcan.o
    0x300052c4   0x300052c4   0x00000004   PAD
    0x300052c8   0x300052c8   0x00000110   Code   RO          246    .text.FLEXCAN_TransferAbortSend  fsl_flexcan.o
    0x300053d8   0x300053d8   0x0000010c   Code   RO          230    .text.FLEXCAN_TransferCreateHandle  fsl_flexcan.o
    0x300054e4   0x300054e4   0x00000004   PAD
    0x300054e8   0x300054e8   0x000000a6   Code   RO          250    .text.FLEXCAN_TransferFDAbortReceive  fsl_flexcan.o
    0x3000558e   0x3000558e   0x00000002   PAD
    0x30005590   0x30005590   0x00000128   Code   RO          248    .text.FLEXCAN_TransferFDAbortSend  fsl_flexcan.o
    0x300056b8   0x300056b8   0x000003fa   Code   RO          232    .text.FLEXCAN_TransferHandleIRQ  fsl_flexcan.o
    0x30005ab2   0x30005ab2   0x00000006   PAD
    0x30005ab8   0x30005ab8   0x000000d6   Code   RO          236    .text.FLEXCAN_TransferReceiveNonBlocking  fsl_flexcan.o
    0x30005b8e   0x30005b8e   0x00000002   PAD
    0x30005b90   0x30005b90   0x000000f0   Code   RO          234    .text.FLEXCAN_TransferSendNonBlocking  fsl_flexcan.o
    0x30005c80   0x30005c80   0x000000ec   Code   RO          210    .text.FLEXCAN_WriteTxMb  fsl_flexcan.o
    0x30005d6c   0x30005d6c   0x00000004   PAD
    0x30005d70   0x30005d70   0x00000016   Code   RO           15    .text.GPT2_IRQHandler  flexcan_interrupt_transfer.o
    0x30005d86   0x30005d86   0x00000002   PAD
    0x30005d88   0x30005d88   0x00000048   Code   RO          699    .text.GPT_GetDefaultConfig  fsl_gpt.o
    0x30005dd0   0x30005dd0   0x00000190   Code   RO          695    .text.GPT_Init      fsl_gpt.o
    0x30005f60   0x30005f60   0x0000006a   Code   RO          857    .text.GuardTimeAlarm  lifegrd.o
    0x30005fca   0x30005fca   0x00000006   PAD
    0x30005fd0   0x30005fd0   0x00000148   Code   RO          726    .text.HAL_UartInit  fsl_adapter_lpuart.o
    0x30006118   0x30006118   0x0000006c   Code   RO          730    .text.HAL_UartReceiveBlocking  fsl_adapter_lpuart.o
    0x30006184   0x30006184   0x00000004   PAD
    0x30006188   0x30006188   0x00000066   Code   RO          732    .text.HAL_UartSendBlocking  fsl_adapter_lpuart.o
    0x300061ee   0x300061ee   0x00000002   PAD
    0x300061f0   0x300061f0   0x00000024   Code   RO          507    .text.LPUART10_DriverIRQHandler  fsl_lpuart.o
    0x30006214   0x30006214   0x00000004   PAD
    0x30006218   0x30006218   0x00000026   Code   RO          509    .text.LPUART11_DriverIRQHandler  fsl_lpuart.o
    0x3000623e   0x3000623e   0x00000002   PAD
    0x30006240   0x30006240   0x00000026   Code   RO          511    .text.LPUART12_DriverIRQHandler  fsl_lpuart.o
    0x30006266   0x30006266   0x00000002   PAD
    0x30006268   0x30006268   0x00000026   Code   RO          489    .text.LPUART1_DriverIRQHandler  fsl_lpuart.o
    0x3000628e   0x3000628e   0x00000002   PAD
    0x30006290   0x30006290   0x00000024   Code   RO          491    .text.LPUART2_DriverIRQHandler  fsl_lpuart.o
    0x300062b4   0x300062b4   0x00000004   PAD
    0x300062b8   0x300062b8   0x00000026   Code   RO          493    .text.LPUART3_DriverIRQHandler  fsl_lpuart.o
    0x300062de   0x300062de   0x00000002   PAD
    0x300062e0   0x300062e0   0x00000026   Code   RO          495    .text.LPUART4_DriverIRQHandler  fsl_lpuart.o
    0x30006306   0x30006306   0x00000002   PAD
    0x30006308   0x30006308   0x00000026   Code   RO          497    .text.LPUART5_DriverIRQHandler  fsl_lpuart.o
    0x3000632e   0x3000632e   0x00000002   PAD
    0x30006330   0x30006330   0x00000024   Code   RO          499    .text.LPUART6_DriverIRQHandler  fsl_lpuart.o
    0x30006354   0x30006354   0x00000004   PAD
    0x30006358   0x30006358   0x00000026   Code   RO          501    .text.LPUART7_DriverIRQHandler  fsl_lpuart.o
    0x3000637e   0x3000637e   0x00000002   PAD
    0x30006380   0x30006380   0x00000026   Code   RO          503    .text.LPUART8_DriverIRQHandler  fsl_lpuart.o
    0x300063a6   0x300063a6   0x00000002   PAD
    0x300063a8   0x300063a8   0x00000026   Code   RO          505    .text.LPUART9_DriverIRQHandler  fsl_lpuart.o
    0x300063ce   0x300063ce   0x00000002   PAD
    0x300063d0   0x300063d0   0x0000003a   Code   RO          445    .text.LPUART_GetDefaultConfig  fsl_lpuart.o
    0x3000640a   0x3000640a   0x00000006   PAD
    0x30006410   0x30006410   0x00000290   Code   RO          441    .text.LPUART_Init   fsl_lpuart.o
    0x300066a0   0x300066a0   0x00000114   Code   RO          465    .text.LPUART_ReadBlocking  fsl_lpuart.o
    0x300067b4   0x300067b4   0x00000004   PAD
    0x300067b8   0x300067b8   0x00000036   Code   RO          463    .text.LPUART_WriteBlocking  fsl_lpuart.o
    0x300067ee   0x300067ee   0x00000002   PAD
    0x300067f0   0x300067f0   0x0000000a   Code   RO         1078    .text.OnCOB_ID_SyncUpdate  sync.o
    0x300067fa   0x300067fa   0x00000006   PAD
    0x30006800   0x30006800   0x0000003e   Code   RO          865    .text.OnHeartbeatProducerUpdate  lifegrd.o
    0x3000683e   0x3000683e   0x00000002   PAD
    0x30006840   0x30006840   0x0000001a   Code   RO          859    .text.OnNodeGuardUpdate  lifegrd.o
    0x3000685a   0x3000685a   0x00000006   PAD
    0x30006860   0x30006860   0x00000024   Code   RO          825    .text.OnNumberOfErrorsUpdate  emcy.o
    0x30006884   0x30006884   0x00000004   PAD
    0x30006888   0x30006888   0x0000001a   Code   RO          944    .text.PDOEventTimerAlarm  pdo.o
    0x300068a2   0x300068a2   0x00000006   PAD
    0x300068a8   0x300068a8   0x0000002c   Code   RO          952    .text.PDOInhibitTimerAlarm  pdo.o
    0x300068d4   0x300068d4   0x00000004   PAD
    0x300068d8   0x300068d8   0x00000066   Code   RO          958    .text.PDOInit       pdo.o
    0x3000693e   0x3000693e   0x00000002   PAD
    0x30006940   0x30006940   0x0000006c   Code   RO          960    .text.PDOStop       pdo.o
    0x300069ac   0x300069ac   0x00000004   PAD
    0x300069b0   0x300069b0   0x000000ca   Code   RO          602    .text.PMU_EnableBodyBias  fsl_pmu.o
    0x30006a7a   0x30006a7a   0x00000006   PAD
    0x30006a80   0x30006a80   0x00000094   Code   RO          552    .text.PMU_StaticEnableLpsrAnaLdoBypassMode  fsl_pmu.o
    0x30006b14   0x30006b14   0x00000004   PAD
    0x30006b18   0x30006b18   0x0000006a   Code   RO          562    .text.PMU_StaticEnableLpsrDigLdoBypassMode  fsl_pmu.o
    0x30006b82   0x30006b82   0x00000006   PAD
    0x30006b88   0x30006b88   0x0000003e   Code   RO          546    .text.PMU_StaticEnablePllLdo  fsl_pmu.o
    0x30006bc6   0x30006bc6   0x0000000a   PAD
    0x30006bd0   0x30006bd0   0x00000064   Code   RO         1638    .text.PendSV_Handler  port.o
    0x30006c34   0x30006c34   0x00000004   PAD
    0x30006c38   0x30006c38   0x0000004a   Code   RO          855    .text.ProducerHeartbeatAlarm  lifegrd.o
    0x30006c82   0x30006c82   0x00000006   PAD
    0x30006c88   0x30006c88   0x00000028   Code   RO          924    .text.RegisterSetODentryCallBack  objacces.o
    0x30006cb0   0x30006cb0   0x00000058   Code   RO          426    .text.SDK_DelayAtLeastUs  fsl_common_arm.o
    0x30006d08   0x30006d08   0x000000cc   Code   RO          974    .text.SDOTimeoutAlarm  sdo.o
    0x30006dd4   0x30006dd4   0x00000004   PAD
    0x30006dd8   0x30006dd8   0x0000003c   Code   RO          982    .text.SDOlineToObjdict  sdo.o
    0x30006e14   0x30006e14   0x0000000c   PAD
    0x30006e20   0x30006e20   0x00000024   Code   RO         1622    .text.SVC_Handler   port.o
    0x30006e44   0x30006e44   0x00000004   PAD
    0x30006e48   0x30006e48   0x000000a6   Code   RO         1100    .text.SetAlarm      timer.o
    0x30006eee   0x30006eee   0x00000002   PAD
    0x30006ef0   0x30006ef0   0x0000012a   Code   RO         1120    .text.Slave_scanIndexOD  slave.o
    0x3000701a   0x3000701a   0x00000006   PAD
    0x30007020   0x30007020   0x00000014   Code   RO         1118    .text.Slave_valueRangeTest  slave.o
    0x30007034   0x30007034   0x00000004   PAD
    0x30007038   0x30007038   0x00000042   Code   RO         1074    .text.SyncAlarm     sync.o
    0x3000707a   0x3000707a   0x00000006   PAD
    0x30007080   0x30007080   0x00000032   Code   RO         1640    .text.SysTick_Handler  port.o
    0x300070b2   0x300070b2   0x00000006   PAD
    0x300070b8   0x300070b8   0x00000120   Code   RO          712    .text.SystemInit    system_mimxrt1176_cm7.o
    0x300071d8   0x300071d8   0x00000002   Code   RO          714    .text.SystemInitHook  system_mimxrt1176_cm7.o
    0x300071da   0x300071da   0x00000006   PAD
    0x300071e0   0x300071e0   0x0000007a   Code   RO          956    .text.TPDO_Communication_Parameter_Callback  pdo.o
    0x3000725a   0x3000725a   0x00000006   PAD
    0x30007260   0x30007260   0x000000d6   Code   RO         1104    .text.TimeDispatch  timer.o
    0x30007336   0x30007336   0x00000002   PAD
    0x30007338   0x30007338   0x00000002   Code   RO          954    .text._RxPDO_EventTimers_Handler  pdo.o
    0x3000733a   0x3000733a   0x00000006   PAD
    0x30007340   0x30007340   0x0000003c   Code   RO          151    .text.__aeabi_assert  fsl_assert.o
    0x3000737c   0x3000737c   0x00000004   PAD
    0x30007380   0x30007380   0x000000aa   Code   RO          920    .text._getODentry   objacces.o
    0x3000742a   0x3000742a   0x00000006   PAD
    0x30007430   0x30007430   0x00000002   Code   RO          875    .text._heartbeatError  lifegrd.o
    0x30007432   0x30007432   0x00000006   PAD
    0x30007438   0x30007438   0x00000002   Code   RO         1054    .text._initialisation  states.o
    0x3000743a   0x3000743a   0x00000006   PAD
    0x30007440   0x30007440   0x00000002   Code   RO          881    .text._nodeguardError  lifegrd.o
    0x30007442   0x30007442   0x00000006   PAD
    0x30007448   0x30007448   0x00000002   Code   RO         1058    .text._operational  states.o
    0x3000744a   0x3000744a   0x00000006   PAD
    0x30007450   0x30007450   0x00000002   Code   RO          877    .text._post_SlaveBootup  lifegrd.o
    0x30007452   0x30007452   0x00000006   PAD
    0x30007458   0x30007458   0x00000002   Code   RO          879    .text._post_SlaveStateChange  lifegrd.o
    0x3000745a   0x3000745a   0x00000006   PAD
    0x30007460   0x30007460   0x00000002   Code   RO         1090    .text._post_TPDO    sync.o
    0x30007462   0x30007462   0x00000006   PAD
    0x30007468   0x30007468   0x00000002   Code   RO          839    .text._post_emcy    emcy.o
    0x3000746a   0x3000746a   0x00000006   PAD
    0x30007470   0x30007470   0x00000002   Code   RO         1088    .text._post_sync    sync.o
    0x30007472   0x30007472   0x00000006   PAD
    0x30007478   0x30007478   0x00000012   Code   RO         1056    .text._preOperational  states.o
    0x3000748a   0x3000748a   0x00000006   PAD
    0x30007490   0x30007490   0x00000156   Code   RO          948    .text._sendPDOevent  pdo.o
    0x300075e6   0x300075e6   0x00000002   PAD
    0x300075e8   0x300075e8   0x000000ec   Code   RO          922    .text._setODentry   objacces.o
    0x300076d4   0x300076d4   0x00000004   PAD
    0x300076d8   0x300076d8   0x00000002   Code   RO         1060    .text._stopped      states.o
    0x300076da   0x300076da   0x00000006   PAD
    0x300076e0   0x300076e0   0x00000004   Code   RO          926    .text._storeODSubIndex  objacces.o
    0x300076e4   0x300076e4   0x00000004   PAD
    0x300076e8   0x300076e8   0x00000182   Code   RO          936    .text.buildPDO      pdo.o
    0x3000786a   0x3000786a   0x00000006   PAD
    0x30007870   0x30007870   0x00000068   Code   RO         1044    .text.canDispatch   states.o
    0x300078d8   0x300078d8   0x00000092   Code   RO           13    .text.canSend       flexcan_interrupt_transfer.o
    0x3000796a   0x3000796a   0x00000006   PAD
    0x30007970   0x30007970   0x00000020   Code   RO          827    .text.emergencyInit  emcy.o
    0x30007990   0x30007990   0x00000002   Code   RO          829    .text.emergencyStop  emcy.o
    0x30007992   0x30007992   0x00000006   PAD
    0x30007998   0x30007998   0x000000c8   Code   RO          990    .text.failedSDO     sdo.o
    0x30007a60   0x30007a60   0x00000064   Code   RO           21    .text.flexcan_callback  flexcan_interrupt_transfer.o
    0x30007ac4   0x30007ac4   0x00000004   PAD
    0x30007ac8   0x30007ac8   0x0000000a   Code   RO           11    .text.getElapsedTime  flexcan_interrupt_transfer.o
    0x30007ad2   0x30007ad2   0x00000006   PAD
    0x30007ad8   0x30007ad8   0x00000006   Code   RO         1050    .text.getNodeId     states.o
    0x30007ade   0x30007ade   0x00000002   PAD
    0x30007ae0   0x30007ae0   0x0000009c   Code   RO          867    .text.heartbeatInit  lifegrd.o
    0x30007b7c   0x30007b7c   0x00000004   PAD
    0x30007b80   0x30007b80   0x0000009a   Code   RO          994    .text.initSDOline   sdo.o
    0x30007c1a   0x30007c1a   0x00000006   PAD
    0x30007c20   0x30007c20   0x00000012   Code   RO          871    .text.lifeGuardInit  lifegrd.o
    0x30007c32   0x30007c32   0x00000006   PAD
    0x30007c38   0x30007c38   0x0000004c   Code   RO          873    .text.lifeGuardStop  lifegrd.o
    0x30007c84   0x30007c84   0x00000004   PAD
    0x30007c88   0x30007c88   0x0000004e   Code   RO          986    .text.lineToSDO     sdo.o
    0x30007cd6   0x30007cd6   0x00000002   PAD
    0x30007cd8   0x30007cd8   0x000002d4   Code   RO           17    .text.main          flexcan_interrupt_transfer.o
    0x30007fac   0x30007fac   0x00000004   PAD
    0x30007fb0   0x30007fb0   0x00000020   Code   RO          894    .text.masterSendNMTnodeguard  nmtmaster.o
    0x30007fd0   0x30007fd0   0x00000020   Code   RO          892    .text.masterSendNMTstateChange  nmtmaster.o
    0x30007ff0   0x30007ff0   0x00000084   Code   RO          863    .text.nodeguardInit  lifegrd.o
    0x30008074   0x30008074   0x00000004   PAD
    0x30008078   0x30008078   0x00000042   Code   RO          984    .text.objdictToSDOline  sdo.o
    0x300080ba   0x300080ba   0x00000006   PAD
    0x300080c0   0x300080c0   0x0000002a   Code   RO          837    .text.proceedEMCY   emcy.o
    0x300080ea   0x300080ea   0x00000006   PAD
    0x300080f0   0x300080f0   0x000000b4   Code   RO          906    .text.proceedNMTstateChange  nmtslave.o
    0x300081a4   0x300081a4   0x00000004   PAD
    0x300081a8   0x300081a8   0x00000106   Code   RO          853    .text.proceedNODE_GUARD  lifegrd.o
    0x300082ae   0x300082ae   0x00000002   PAD
    0x300082b0   0x300082b0   0x00000310   Code   RO          942    .text.proceedPDO    pdo.o
    0x300085c0   0x300085c0   0x000012ac   Code   RO         1010    .text.proceedSDO    sdo.o
    0x3000986c   0x3000986c   0x00000004   PAD
    0x30009870   0x30009870   0x0000002a   Code   RO         1086    .text.proceedSYNC   sync.o
    0x3000989a   0x3000989a   0x00000006   PAD
    0x300098a0   0x300098a0   0x000000c0   Code   RO         1435    .text.prvAddCurrentTaskToDelayedList  tasks.o
    0x30009960   0x30009960   0x00000070   Code   RO         1565    .text.prvCheckForValidListAndQueue  timers.o
    0x300099d0   0x300099d0   0x00000076   Code   RO         1459    .text.prvIdleTask   tasks.o
    0x30009a46   0x30009a46   0x00000002   PAD
    0x30009a48   0x30009a48   0x00000028   Code   RO         1630    .text.prvPortStartFirstTask  port.o
    0x30009a70   0x30009a70   0x0000007c   Code   RO         1601    .text.prvProcessExpiredTimer  timers.o
    0x30009aec   0x30009aec   0x00000004   PAD
    0x30009af0   0x30009af0   0x00000036   Code   RO         1620    .text.prvTaskExitError  port.o
    0x30009b26   0x30009b26   0x00000002   PAD
    0x30009b28   0x30009b28   0x0000023e   Code   RO         1567    .text.prvTimerTask  timers.o
    0x30009d66   0x30009d66   0x00000002   PAD
    0x30009d68   0x30009d68   0x0000007a   Code   RO         1330    .text.prvUnlockQueue  queue.o
    0x30009de2   0x30009de2   0x00000006   PAD
    0x30009de8   0x30009de8   0x0000018a   Code   RO         1655    .text.pvPortMalloc  heap_4.o
    0x30009f72   0x30009f72   0x00000006   PAD
    0x30009f78   0x30009f78   0x0000002c   Code   RO         1618    .text.pxPortInitialiseStack  port.o
    0x30009fa4   0x30009fa4   0x00000004   PAD
    0x30009fa8   0x30009fa8   0x00000056   Code   RO          980    .text.resetSDO      sdo.o
    0x30009ffe   0x30009ffe   0x00000002   PAD
    0x3000a000   0x3000a000   0x00000054   Code   RO          978    .text.resetSDOline  sdo.o
    0x3000a054   0x3000a054   0x00000004   PAD
    0x3000a058   0x3000a058   0x0000013a   Code   RO          950    .text.sendOnePDOevent  pdo.o
    0x3000a192   0x3000a192   0x00000006   PAD
    0x3000a198   0x3000a198   0x000000a0   Code   RO         1008    .text.sendSDO       sdo.o
    0x3000a238   0x3000a238   0x000000b0   Code   RO          976    .text.sendSDOabort  sdo.o
    0x3000a2e8   0x3000a2e8   0x00000148   Code   RO         1052    .text.setNodeId     states.o
    0x3000a430   0x3000a430   0x00000092   Code   RO         1048    .text.setState      states.o
    0x3000a4c2   0x3000a4c2   0x00000006   PAD
    0x3000a4c8   0x3000a4c8   0x0000000e   Code   RO            9    .text.setTimer      flexcan_interrupt_transfer.o
    0x3000a4d6   0x3000a4d6   0x00000002   PAD
    0x3000a4d8   0x3000a4d8   0x0000002c   Code   RO          908    .text.slaveSendBootUp  nmtslave.o
    0x3000a504   0x3000a504   0x00000004   PAD
    0x3000a508   0x3000a508   0x0000008a   Code   RO         1080    .text.startSYNC     sync.o
    0x3000a592   0x3000a592   0x00000006   PAD
    0x3000a598   0x3000a598   0x0000002c   Code   RO         1082    .text.stopSYNC      sync.o
    0x3000a5c4   0x3000a5c4   0x00000004   PAD
    0x3000a5c8   0x3000a5c8   0x00000116   Code   RO         1046    .text.switchCommunicationState  states.o
    0x3000a6de   0x3000a6de   0x00000002   PAD
    0x3000a6e0   0x3000a6e0   0x0000002a   Code   RO         1302    .text.uxListRemove  list.o
    0x3000a70a   0x3000a70a   0x00000006   PAD
    0x3000a710   0x3000a710   0x00000016   Code   RO         1294    .text.vListInitialise  list.o
    0x3000a726   0x3000a726   0x00000002   PAD
    0x3000a728   0x3000a728   0x00000006   Code   RO         1296    .text.vListInitialiseItem  list.o
    0x3000a72e   0x3000a72e   0x00000002   PAD
    0x3000a730   0x3000a730   0x0000003a   Code   RO         1300    .text.vListInsert   list.o
    0x3000a76a   0x3000a76a   0x00000006   PAD
    0x3000a770   0x3000a770   0x0000001c   Code   RO         1298    .text.vListInsertEnd  list.o
    0x3000a78c   0x3000a78c   0x00000004   PAD
    0x3000a790   0x3000a790   0x00000014   Code   RO         1628    .text.vPortEnableVFP  port.o
    0x3000a7a4   0x3000a7a4   0x00000004   PAD
    0x3000a7a8   0x3000a7a8   0x00000052   Code   RO         1634    .text.vPortEnterCritical  port.o
    0x3000a7fa   0x3000a7fa   0x00000006   PAD
    0x3000a800   0x3000a800   0x00000032   Code   RO         1636    .text.vPortExitCritical  port.o
    0x3000a832   0x3000a832   0x00000006   PAD
    0x3000a838   0x3000a838   0x000000ca   Code   RO         1657    .text.vPortFree     heap_4.o
    0x3000a902   0x3000a902   0x00000006   PAD
    0x3000a908   0x3000a908   0x00000034   Code   RO         1626    .text.vPortSetupTimerInterrupt  port.o
    0x3000a93c   0x3000a93c   0x00000004   PAD
    0x3000a940   0x3000a940   0x0000005e   Code   RO         1364    .text.vQueueAddToRegistry  queue.o
    0x3000a99e   0x3000a99e   0x00000002   PAD
    0x3000a9a0   0x3000a9a0   0x00000046   Code   RO         1368    .text.vQueueWaitForMessageRestricted  queue.o
    0x3000a9e6   0x3000a9e6   0x00000002   PAD
    0x3000a9e8   0x3000a9e8   0x00000126   Code   RO         1429    .text.vTaskDelete   tasks.o
    0x3000ab0e   0x3000ab0e   0x00000002   PAD
    0x3000ab10   0x3000ab10   0x0000001a   Code   RO         1489    .text.vTaskInternalSetTimeOutState  tasks.o
    0x3000ab2a   0x3000ab2a   0x00000006   PAD
    0x3000ab30   0x3000ab30   0x0000000e   Code   RO         1493    .text.vTaskMissedYield  tasks.o
    0x3000ab3e   0x3000ab3e   0x00000002   PAD
    0x3000ab40   0x3000ab40   0x0000003a   Code   RO         1477    .text.vTaskPlaceOnEventList  tasks.o
    0x3000ab7a   0x3000ab7a   0x00000006   PAD
    0x3000ab80   0x3000ab80   0x00000072   Code   RO         1481    .text.vTaskPlaceOnEventListRestricted  tasks.o
    0x3000abf2   0x3000abf2   0x00000006   PAD
    0x3000abf8   0x3000abf8   0x000000a4   Code   RO         1457    .text.vTaskStartScheduler  tasks.o
    0x3000ac9c   0x3000ac9c   0x00000004   PAD
    0x3000aca0   0x3000aca0   0x00000010   Code   RO         1433    .text.vTaskSuspendAll  tasks.o
    0x3000acb0   0x3000acb0   0x0000008a   Code   RO         1451    .text.vTaskSwitchContext  tasks.o
    0x3000ad3a   0x3000ad3a   0x00000006   PAD
    0x3000ad40   0x3000ad40   0x000000f2   Code   RO         1624    .text.xPortStartScheduler  port.o
    0x3000ae32   0x3000ae32   0x00000006   PAD
    0x3000ae38   0x3000ae38   0x00000096   Code   RO         1314    .text.xQueueGenericCreate  queue.o
    0x3000aece   0x3000aece   0x00000002   PAD
    0x3000aed0   0x3000aed0   0x000001b4   Code   RO         1336    .text.xQueueReceive  queue.o
    0x3000b084   0x3000b084   0x00000004   PAD
    0x3000b088   0x3000b088   0x00000090   Code   RO         1491    .text.xTaskCheckForTimeOut  tasks.o
    0x3000b118   0x3000b118   0x000001fe   Code   RO         1427    .text.xTaskCreate   tasks.o
    0x3000b316   0x3000b316   0x00000002   PAD
    0x3000b318   0x3000b318   0x00000024   Code   RO         1507    .text.xTaskGetSchedulerState  tasks.o
    0x3000b33c   0x3000b33c   0x00000004   PAD
    0x3000b340   0x3000b340   0x0000000c   Code   RO         1465    .text.xTaskGetTickCount  tasks.o
    0x3000b34c   0x3000b34c   0x00000004   PAD
    0x3000b350   0x3000b350   0x000001a4   Code   RO         1463    .text.xTaskIncrementTick  tasks.o
    0x3000b4f4   0x3000b4f4   0x00000004   PAD
    0x3000b4f8   0x3000b4f8   0x000000fa   Code   RO         1483    .text.xTaskRemoveFromEventList  tasks.o
    0x3000b5f2   0x3000b5f2   0x00000006   PAD
    0x3000b5f8   0x3000b5f8   0x00000184   Code   RO         1437    .text.xTaskResumeAll  tasks.o
    0x3000b77c   0x3000b77c   0x00000004   PAD
    0x3000b780   0x3000b780   0x00000064   Code   RO         1563    .text.xTimerCreateTimerTask  timers.o
    0x3000b7e4   0x3000b7e4   0x0000000e   Code   RO         1797    i.__scatterload_copy  mc_w.l(handlers.o)
    0x3000b7f2   0x3000b7f2   0x00000002   Code   RO         1798    i.__scatterload_null  mc_w.l(handlers.o)
    0x3000b7f4   0x3000b7f4   0x0000000e   Code   RO         1799    i.__scatterload_zeroinit  mc_w.l(handlers.o)
    0x3000b802   0x3000b802   0x00000007   Data   RO         1062    .rodata..L__const.setState.newCommunicationState  states.o
    0x3000b809   0x3000b809   0x00000007   Data   RO         1063    .rodata..L__const.setState.newCommunicationState.1  states.o
    0x3000b810   0x3000b810   0x00000007   Data   RO         1064    .rodata..L__const.setState.newCommunicationState.2  states.o
    0x3000b817   0x3000b817   0x00000007   Data   RO         1065    .rodata..L__const.setState.newCommunicationState.3  states.o
    0x3000b81e   0x3000b81e   0x00000002   Data   RO         1248    .rodata.Slave_ObjdictSize  slave.o
    0x3000b820   0x3000b820   0x0000000c   Data   RO         1246    .rodata.Slave_firstIndex  slave.o
    0x3000b82c   0x3000b82c   0x00000001   Data   RO         1126    .rodata.Slave_iam_a_slave  slave.o
    0x3000b82d   0x3000b82d   0x00000001   PAD
    0x3000b82e   0x3000b82e   0x0000000c   Data   RO         1247    .rodata.Slave_lastIndex  slave.o
    0x3000b83a   0x3000b83a   0x00000002   PAD
    0x3000b83c   0x3000b83c   0x000000c0   Data   RO         1244    .rodata.Slave_objdict  slave.o
    0x3000b8fc   0x3000b8fc   0x00000008   Data   RO           94    .rodata.armPllConfig_BOARD_BootClockRUN  clock_config.o
    0x3000b904   0x3000b904   0x00000010   Data   RO          264    .rodata.cst16       fsl_flexcan.o
    0x3000b914   0x3000b914   0x00000004   Data   RO          266    .rodata.cst4        fsl_flexcan.o
    0x3000b918   0x3000b918   0x00000008   Data   RO          269    .rodata.cst8        fsl_flexcan.o
    0x3000b920   0x3000b920   0x00000034   Data   RO          739    .rodata.s_LpuartAdapterBase  fsl_adapter_lpuart.o
    0x3000b954   0x3000b954   0x00000278   Data   RO           46    .rodata.s_clockSourceName  flexcan_interrupt_transfer.o
    0x3000bbcc   0x3000bbcc   0x00000278   Data   RO           79    .rodata.s_clockSourceName  board.o
    0x3000be44   0x3000be44   0x00000278   Data   RO          101    .rodata.s_clockSourceName  clock_config.o
    0x3000c0bc   0x3000c0bc   0x00000278   Data   RO          401    .rodata.s_clockSourceName  fsl_clock.o
    0x3000c334   0x3000c334   0x0000001c   Data   RO          703    .rodata.s_gptBases  fsl_gpt.o
    0x3000c350   0x3000c350   0x00000007   Data   RO          702    .rodata.s_gptClocks  fsl_gpt.o
    0x3000c357   0x3000c357   0x00000001   PAD
    0x3000c358   0x3000c358   0x00000034   Data   RO          515    .rodata.s_lpuartBases  fsl_lpuart.o
    0x3000c38c   0x3000c38c   0x0000000d   Data   RO          517    .rodata.s_lpuartClock  fsl_lpuart.o
    0x3000c399   0x3000c399   0x0000015c   Data   RO           35    .rodata.str1.1      flexcan_interrupt_transfer.o
    0x3000c4f5   0x3000c4f5   0x0000000b   Data   RO           78    .rodata.str1.1      board.o
    0x3000c500   0x3000c500   0x000002bb   Data   RO          265    .rodata.str1.1      fsl_flexcan.o
    0x3000c7bb   0x3000c7bb   0x00000162   Data   RO          400    .rodata.str1.1      fsl_clock.o
    0x3000c91d   0x3000c91d   0x00000041   Data   RO          428    .rodata.str1.1      fsl_common_arm.o
    0x3000c95e   0x3000c95e   0x00000149   Data   RO          516    .rodata.str1.1      fsl_lpuart.o
    0x3000caa7   0x3000caa7   0x0000005c   Data   RO          701    .rodata.str1.1      fsl_gpt.o
    0x3000cb03   0x3000cb03   0x0000008f   Data   RO          738    .rodata.str1.1      fsl_adapter_lpuart.o
    0x3000cb92   0x3000cb92   0x00000002   PAD
    0x3000cb94   0x3000cb94   0x0000000c   Data   RO           95    .rodata.sysPll2Config_BOARD_BootClockRUN  clock_config.o
    0x3000cba0   0x3000cba0   0x00000004   Data   RO         1534    .rodata.uxTopUsedPriority  tasks.o
    0x3000cba4   0x3000cba4   0x00000014   Data   RO           96    .rodata.videoPllConfig_BOARD_BootClockRUN  clock_config.o
    0x3000cbb8   0x3000cbb8   0x00000020   Data   RO         1796    Region$$Table       anon$$obj.o



  Load Region LR_CORE1_IMAGE (Base: 0x30fc0000, Size: 0x00000000, Max: 0xffffffff, ABSOLUTE)

    Execution Region CORE1_REGION (Exec base: 0x30fc0000, Load base: 0x30fc0000, Size: 0x00000000, Max: 0x00040000, ABSOLUTE)

    **** No section assigned to this execution region ****


==============================================================================

Image component sizes


      Code (inc. data)   RO Data    RW Data    ZI Data      Debug   Object Name

       910         60        643          0          0      11999   board.o
      1570          0        672          0          0      52811   clock_config.o
       114          0          0          0          0       9021   emcy.o
         0          0        512          0          0       2642   evkmimxrt1170_flexspi_nor_config.o
      1528        264        980          0        983      26040   flexcan_interrupt_transfer.o
       538         64        195          0          0       7284   fsl_adapter_lpuart.o
       910          8          0          0          0      10224   fsl_anatop_ai.o
        60         44          0          0          0        914   fsl_assert.o
      2394        148        986          0          0      52149   fsl_clock.o
        88         20         65          0          0       2411   fsl_common_arm.o
        58          0          0          0          0      21703   fsl_dcdc.o
      1178        142          0          0         20      11856   fsl_debug_console.o
      5708        196        727          4         16      67652   fsl_flexcan.o
         0          0         48          0          0       1024   fsl_flexspi_nor_boot.o
       472        136        127          0          0      10040   fsl_gpt.o
      1494         28        394         52         52      42196   fsl_lpuart.o
       518          0          0          0          0      20654   fsl_pmu.o
       596          0          0          0      10268       5513   heap_4.o
       960          0          0          0          0      10350   lifegrd.o
       156          0          0          0          0       2221   list.o
        64          0          0          0          0       6642   nmtmaster.o
       224          0          0          0          0       6206   nmtslave.o
       450          0          0          0          0       7806   objacces.o
      2230          0          0          0          0      16274   pdo.o
       102          0          0          0          0       9055   pin_mux.o
       770         16          0          4          5       3999   port.o
       872          0          0          0         64      22497   queue.o
      6048         14          0          0          0      38080   sdo.o
       318         42        219       3024        320      12085   slave.o
       724        356       1024          0          0       3582   startup_mimxrt1176_cm7.o
       886         48         28          0          0       8713   states.o
       304          0          0          0          0       7326   sync.o
       290          0          0          4          0       4672   system_mimxrt1176_cm7.o
      2894          8          4          0        260      38829   tasks.o
       432          0          0          6        192       7355   timer.o
       910         26          0          0         60      13302   timers.o

    ----------------------------------------------------------------------
     37440       1664       6662       3104     538604     575127   Object Totals
         0          0         32          0     526336          0   (incl. Generated)
       670         44          6         10         28          0   (incl. Padding)

    ----------------------------------------------------------------------

      Code (inc. data)   RO Data    RW Data    ZI Data      Debug   Library Member Name

        86          0          0          0          0          0   __dczerorl2.o
         0          0          0          0          0          0   entry.o
         0          0          0          0          0          0   entry10a.o
         0          0          0          0          0          0   entry11a.o
         8          4          0          0          0          0   entry4.o
         4          0          0          0          0          0   entry5.o
         0          0          0          0          0          0   entry7b.o
         0          0          0          0          0          0   entry8b.o
         8          4          0          0          0          0   entry9a.o
        30          0          0          0          0          0   handlers.o
        48         10          0          0          0         68   init.o
        30          0          0          0          0         68   llshl.o
        32          0          0          0          0         68   llushr.o
        26          0          0          0          0         80   memcmp.o
        40          0          0          0          0         76   memcpy.o
        18          0          0          0          0         76   memset.o
        14          0          0          0          0         68   strlen.o
        98          0          0          0          0         92   uldiv.o

    ----------------------------------------------------------------------
       450         18          0          0          0        596   Library Totals
         8          0          0          0          0          0   (incl. Padding)

    ----------------------------------------------------------------------

      Code (inc. data)   RO Data    RW Data    ZI Data      Debug   Library Name

       442         18          0          0          0        596   mc_w.l

    ----------------------------------------------------------------------
       450         18          0          0          0        596   Library Totals

    ----------------------------------------------------------------------

==============================================================================


      Code (inc. data)   RO Data    RW Data    ZI Data      Debug   

     37890       1682       6662       3104     538604     575159   Grand Totals
     37890       1682       6662        708     538604     575159   ELF Image Totals (compressed)
     37890       1682       6662        708          0          0   ROM Totals

==============================================================================

    Total RO  Size (Code + RO Data)                44552 (  43.51kB)
    Total RW  Size (RW Data + ZI Data)            541708 ( 529.01kB)
    Total ROM Size (Code + RO Data + RW Data)      45260 (  44.20kB)

==============================================================================

