Component: Arm Compiler for Embedded 6.22 Tool: armlink [5ee90200]

==============================================================================

Section Cross References

    flexcan_interrupt_transfer.o(.ARM.exidx.text.canChangeBaudRate_driver) refers to flexcan_interrupt_transfer.o(.text.canChangeBaudRate_driver) for [Anonymous Symbol]
    flexcan_interrupt_transfer.o(.ARM.exidx.text.setTimer) refers to flexcan_interrupt_transfer.o(.text.setTimer) for [Anonymous Symbol]
    flexcan_interrupt_transfer.o(.ARM.exidx.text.getElapsedTime) refers to flexcan_interrupt_transfer.o(.text.getElapsedTime) for [Anonymous Symbol]
    flexcan_interrupt_transfer.o(.text.canSend) refers to flexcan_interrupt_transfer.o(.bss.txXfer) for txXfer
    flexcan_interrupt_transfer.o(.text.canSend) refers to flexcan_interrupt_transfer.o(.bss.flexcanHandle) for flexcanHandle
    flexcan_interrupt_transfer.o(.text.canSend) refers to fsl_flexcan.o(.text.FLEXCAN_TransferSendNonBlocking) for FLEXCAN_TransferSendNonBlocking
    flexcan_interrupt_transfer.o(.text.canSend) refers to flexcan_interrupt_transfer.o(.bss.txComplete) for txComplete
    flexcan_interrupt_transfer.o(.text.canSend) refers to flexcan_interrupt_transfer.o(.rodata.str1.1) for .L.str
    flexcan_interrupt_transfer.o(.text.canSend) refers to fsl_debug_console.o(.text.DbgConsole_Printf) for DbgConsole_Printf
    flexcan_interrupt_transfer.o(.ARM.exidx.text.canSend) refers to flexcan_interrupt_transfer.o(.text.canSend) for [Anonymous Symbol]
    flexcan_interrupt_transfer.o(.text.GPT2_IRQHandler) refers to flexcan_interrupt_transfer.o(.text.GPT_ClearStatusFlags) for GPT_ClearStatusFlags
    flexcan_interrupt_transfer.o(.text.GPT2_IRQHandler) refers to timer.o(.text.TimeDispatch) for TimeDispatch
    flexcan_interrupt_transfer.o(.ARM.exidx.text.GPT2_IRQHandler) refers to flexcan_interrupt_transfer.o(.text.GPT2_IRQHandler) for [Anonymous Symbol]
    flexcan_interrupt_transfer.o(.ARM.exidx.text.GPT_ClearStatusFlags) refers to flexcan_interrupt_transfer.o(.text.GPT_ClearStatusFlags) for [Anonymous Symbol]
    flexcan_interrupt_transfer.o(.text.main) refers to flexcan_interrupt_transfer.o(.text.BSP_Init) for BSP_Init
    flexcan_interrupt_transfer.o(.text.main) refers to flexcan_interrupt_transfer.o(.bss.AppTaskCreate_Handle) for AppTaskCreate_Handle
    flexcan_interrupt_transfer.o(.text.main) refers to flexcan_interrupt_transfer.o(.text.AppTaskCreate) for AppTaskCreate
    flexcan_interrupt_transfer.o(.text.main) refers to flexcan_interrupt_transfer.o(.rodata.str1.1) for .L.str.1
    flexcan_interrupt_transfer.o(.text.main) refers to tasks.o(.text.xTaskCreate) for xTaskCreate
    flexcan_interrupt_transfer.o(.text.main) refers to tasks.o(.text.vTaskStartScheduler) for vTaskStartScheduler
    flexcan_interrupt_transfer.o(.ARM.exidx.text.main) refers to flexcan_interrupt_transfer.o(.text.main) for [Anonymous Symbol]
    flexcan_interrupt_transfer.o(.text.BSP_Init) refers to board.o(.text.BOARD_ConfigMPU) for BOARD_ConfigMPU
    flexcan_interrupt_transfer.o(.text.BSP_Init) refers to pin_mux.o(.text.BOARD_InitPins) for BOARD_InitPins
    flexcan_interrupt_transfer.o(.text.BSP_Init) refers to clock_config.o(.text.BOARD_BootClockRUN) for BOARD_BootClockRUN
    flexcan_interrupt_transfer.o(.text.BSP_Init) refers to board.o(.text.BOARD_InitDebugConsole) for BOARD_InitDebugConsole
    flexcan_interrupt_transfer.o(.text.BSP_Init) refers to flexcan_interrupt_transfer.o(.bss.gptConfig) for gptConfig
    flexcan_interrupt_transfer.o(.text.BSP_Init) refers to fsl_gpt.o(.text.GPT_GetDefaultConfig) for GPT_GetDefaultConfig
    flexcan_interrupt_transfer.o(.text.BSP_Init) refers to fsl_gpt.o(.text.GPT_Init) for GPT_Init
    flexcan_interrupt_transfer.o(.text.BSP_Init) refers to flexcan_interrupt_transfer.o(.text.GPT_SetClockDivider) for GPT_SetClockDivider
    flexcan_interrupt_transfer.o(.text.BSP_Init) refers to fsl_clock.o(.text.CLOCK_GetFreq) for CLOCK_GetFreq
    flexcan_interrupt_transfer.o(.text.BSP_Init) refers to flexcan_interrupt_transfer.o(.bss.gptFreq) for gptFreq
    flexcan_interrupt_transfer.o(.text.BSP_Init) refers to flexcan_interrupt_transfer.o(.text.GPT_SetOutputCompareValue) for GPT_SetOutputCompareValue
    flexcan_interrupt_transfer.o(.text.BSP_Init) refers to flexcan_interrupt_transfer.o(.text.GPT_EnableInterrupts) for GPT_EnableInterrupts
    flexcan_interrupt_transfer.o(.text.BSP_Init) refers to flexcan_interrupt_transfer.o(.text.EnableIRQ) for EnableIRQ
    flexcan_interrupt_transfer.o(.text.BSP_Init) refers to flexcan_interrupt_transfer.o(.rodata.str1.1) for .L.str.2
    flexcan_interrupt_transfer.o(.text.BSP_Init) refers to fsl_debug_console.o(.text.DbgConsole_Printf) for DbgConsole_Printf
    flexcan_interrupt_transfer.o(.text.BSP_Init) refers to flexcan_interrupt_transfer.o(.text.GPT_StartTimer) for GPT_StartTimer
    flexcan_interrupt_transfer.o(.text.BSP_Init) refers to flexcan_interrupt_transfer.o(.text.CLOCK_SetRootClock) for CLOCK_SetRootClock
[...]
    GPT2_IRQHandler                          0x30008d81   Thumb Code    24  flexcan_interrupt_transfer.o(.text.GPT2_IRQHandler)
    GPT_GetDefaultConfig                     0x30008dc9   Thumb Code    88  fsl_gpt.o(.text.GPT_GetDefaultConfig)
    GPT_Init                                 0x30008e81   Thumb Code   158  fsl_gpt.o(.text.GPT_Init)
    GetSDOClientFromNodeId                   0x30009071   Thumb Code   198  sdo.o(.text.GetSDOClientFromNodeId)
    GuardTimeAlarm                           0x30009139   Thumb Code   200  lifegrd.o(.text.GuardTimeAlarm)
    HAL_UartInit                             0x30009229   Thumb Code   196  fsl_adapter_lpuart.o(.text.HAL_UartInit)
    HAL_UartReceiveBlocking                  0x300093e9   Thumb Code   146  fsl_adapter_lpuart.o(.text.HAL_UartReceiveBlocking)
    HAL_UartSendBlocking                     0x30009481   Thumb Code   140  fsl_adapter_lpuart.o(.text.HAL_UartSendBlocking)
    LPUART10_DriverIRQHandler                0x30009669   Thumb Code    36  fsl_lpuart.o(.text.LPUART10_DriverIRQHandler)
    LPUART11_DriverIRQHandler                0x30009691   Thumb Code    38  fsl_lpuart.o(.text.LPUART11_DriverIRQHandler)
    LPUART12_DriverIRQHandler                0x300096b9   Thumb Code    38  fsl_lpuart.o(.text.LPUART12_DriverIRQHandler)
    LPUART1_DriverIRQHandler                 0x300096e1   Thumb Code    38  fsl_lpuart.o(.text.LPUART1_DriverIRQHandler)
    LPUART2_DriverIRQHandler                 0x30009709   Thumb Code    36  fsl_lpuart.o(.text.LPUART2_DriverIRQHandler)
    LPUART3_DriverIRQHandler                 0x30009731   Thumb Code    38  fsl_lpuart.o(.text.LPUART3_DriverIRQHandler)
    LPUART4_DriverIRQHandler                 0x30009759   Thumb Code    38  fsl_lpuart.o(.text.LPUART4_DriverIRQHandler)
    LPUART5_DriverIRQHandler                 0x30009781   Thumb Code    38  fsl_lpuart.o(.text.LPUART5_DriverIRQHandler)
    LPUART6_DriverIRQHandler                 0x300097a9   Thumb Code    36  fsl_lpuart.o(.text.LPUART6_DriverIRQHandler)
    LPUART7_DriverIRQHandler                 0x300097d1   Thumb Code    38  fsl_lpuart.o(.text.LPUART7_DriverIRQHandler)
    LPUART8_DriverIRQHandler                 0x300097f9   Thumb Code    38  fsl_lpuart.o(.text.LPUART8_DriverIRQHandler)
    LPUART9_DriverIRQHandler                 0x30009821   Thumb Code    38  fsl_lpuart.o(.text.LPUART9_DriverIRQHandler)
    LPUART_ClearStatusFlags                  0x30009849   Thumb Code   128  fsl_lpuart.o(.text.LPUART_ClearStatusFlags)
    LPUART_GetDefaultConfig                  0x300098c9   Thumb Code   120  fsl_lpuart.o(.text.LPUART_GetDefaultConfig)
    LPUART_GetInstance                       0x30009941   Thumb Code    90  fsl_lpuart.o(.text.LPUART_GetInstance)
    LPUART_GetStatusFlags                    0x300099a1   Thumb Code    46  fsl_lpuart.o(.text.LPUART_GetStatusFlags)
    LPUART_Init                              0x300099d1   Thumb Code   878  fsl_lpuart.o(.text.LPUART_Init)
    LPUART_ReadBlocking                      0x30009d41   Thumb Code   392  fsl_lpuart.o(.text.LPUART_ReadBlocking)
    LPUART_WriteBlocking                     0x30009ee9   Thumb Code   116  fsl_lpuart.o(.text.LPUART_WriteBlocking)
    Master_scanIndexOD                       0x30009f61   Thumb Code   148  master.o(.text.Master_scanIndexOD)
    Master_valueRangeTest                    0x30009ff9   Thumb Code    50  master.o(.text.Master_valueRangeTest)
    OnCOB_ID_SyncUpdate                      0x3000a031   Thumb Code    24  sync.o(.text.OnCOB_ID_SyncUpdate)
    OnHeartbeatProducerUpdate                0x3000a049   Thumb Code    94  lifegrd.o(.text.OnHeartbeatProducerUpdate)
    OnNodeGuardUpdate                        0x3000a0a9   Thumb Code    30  lifegrd.o(.text.OnNodeGuardUpdate)
    OnNumberOfErrorsUpdate                   0x3000a0c9   Thumb Code    86  emcy.o(.text.OnNumberOfErrorsUpdate)
    PDOEventTimerAlarm                       0x3000a121   Thumb Code    60  pdo.o(.text.PDOEventTimerAlarm)
    PDOInhibitTimerAlarm                     0x3000a161   Thumb Code    64  pdo.o(.text.PDOInhibitTimerAlarm)
    PDOInit                                  0x3000a1a1   Thumb Code   144  pdo.o(.text.PDOInit)
    PDOStop                                  0x3000a231   Thumb Code   206  pdo.o(.text.PDOStop)
    PMU_EnableBodyBias                       0x3000a301   Thumb Code   362  fsl_pmu.o(.text.PMU_EnableBodyBias)
    PMU_StaticEnableLpsrAnaLdoBypassMode     0x3000a471   Thumb Code   190  fsl_pmu.o(.text.PMU_StaticEnableLpsrAnaLdoBypassMode)
    PMU_StaticEnableLpsrDigLdoBypassMode     0x3000a531   Thumb Code   168  fsl_pmu.o(.text.PMU_StaticEnableLpsrDigLdoBypassMode)
    PMU_StaticEnablePllLdo                   0x3000a5d9   Thumb Code    74  fsl_pmu.o(.text.PMU_StaticEnablePllLdo)
    PendSV_Handler                           0x3000a631   Thumb Code   100  port.o(.text.PendSV_Handler)
    ProducerHeartbeatAlarm                   0x3000a699   Thumb Code   100  lifegrd.o(.text.ProducerHeartbeatAlarm)
    RegisterSetODentryCallBack               0x3000a701   Thumb Code    76  objacces.o(.text.RegisterSetODentryCallBack)
    SDK_DelayAtLeastUs                       0x3000a751   Thumb Code   152  fsl_common_arm.o(.text.SDK_DelayAtLeastUs)
    SDOTimeoutAlarm                          0x3000a7e9   Thumb Code   262  sdo.o(.text.SDOTimeoutAlarm)
    SDOlineToObjdict                         0x3000a8f1   Thumb Code   132  sdo.o(.text.SDOlineToObjdict)
    SDOtoLine                                0x3000a979   Thumb Code   162  sdo.o(.text.SDOtoLine)
    SVC_Handler                              0x3000aa21   Thumb Code    36  port.o(.text.SVC_Handler)
    SetAlarm                                 0x3000aa49   Thumb Code   334  timer.o(.text.SetAlarm)
    SyncAlarm                                0x3000ab99   Thumb Code    18  sync.o(.text.SyncAlarm)
    SysTick_Handler                          0x3000abb1   Thumb Code    64  port.o(.text.SysTick_Handler)
    SystemInit                               0x3000abf1   Thumb Code   442  system_mimxrt1176_cm7.o(.text.SystemInit)
    SystemInitHook                           0x3000adb1   Thumb Code     2  system_mimxrt1176_cm7.o(.text.SystemInitHook)
    TPDO_Communication_Parameter_Callback    0x3000adb9   Thumb Code   208  pdo.o(.text.TPDO_Communication_Parameter_Callback)
    TimeDispatch                             0x3000ae89   Thumb Code   338  timer.o(.text.TimeDispatch)
    _RxPDO_EventTimers_Handler               0x3000afe1   Thumb Code    10  pdo.o(.text._RxPDO_EventTimers_Handler)
    __aeabi_assert                           0x3000b051   Thumb Code    32  fsl_assert.o(.text.__aeabi_assert)
    _getODentry                              0x3000b071   Thumb Code   378  objacces.o(.text._getODentry)
    _heartbeatError                          0x3000b1f1   Thumb Code    12  lifegrd.o(.text._heartbeatError)
    _initialisation                          0x3000b201   Thumb Code     8  states.o(.text._initialisation)
    _nodeguardError                          0x3000b209   Thumb Code    12  lifegrd.o(.text._nodeguardError)
    _operational                             0x3000b219   Thumb Code     8  states.o(.text._operational)
    _post_SlaveBootup                        0x3000b221   Thumb Code    12  lifegrd.o(.text._post_SlaveBootup)
    _post_SlaveStateChange                   0x3000b231   Thumb Code    16  lifegrd.o(.text._post_SlaveStateChange)
    _post_TPDO                               0x3000b241   Thumb Code     8  sync.o(.text._post_TPDO)
    _post_emcy                               0x3000b249   Thumb Code    24  emcy.o(.text._post_emcy)
    _post_sync                               0x3000b261   Thumb Code     8  sync.o(.text._post_sync)
    _preOperational                          0x3000b269   Thumb Code    32  states.o(.text._preOperational)
    _readNetworkDict                         0x3000b289   Thumb Code   500  sdo.o(.text._readNetworkDict)
    _sendPDOevent                            0x3000b481   Thumb Code   604  pdo.o(.text._sendPDOevent)
    _setODentry                              0x3000b6e1   Thumb Code   514  objacces.o(.text._setODentry)
    _stopped                                 0x3000b8e9   Thumb Code     8  states.o(.text._stopped)
    _storeODSubIndex                         0x3000b8f1   Thumb Code    18  objacces.o(.text._storeODSubIndex)
    _writeNetworkDict                        0x3000b909   Thumb Code   680  sdo.o(.text._writeNetworkDict)
    accessDictionaryError                    0x3000bbb1   Thumb Code    24  objacces.o(.text.accessDictionaryError)
    buildPDO                                 0x3000bbc9   Thumb Code   330  pdo.o(.text.buildPDO)
    canDispatch                              0x3000bd19   Thumb Code   198  states.o(.text.canDispatch)
    canSend                                  0x3000bde1   Thumb Code   230  flexcan_interrupt_transfer.o(.text.canSend)
    emergencyInit                            0x3000bec9   Thumb Code    42  emcy.o(.text.emergencyInit)
    emergencyStop                            0x3000bef9   Thumb Code     8  emcy.o(.text.emergencyStop)
    failedSDO                                0x3000bf01   Thumb Code   250  sdo.o(.text.failedSDO)
    getElapsedTime                           0x3000c0b1   Thumb Code    10  flexcan_interrupt_transfer.o(.text.getElapsedTime)
    getNodeId                                0x3000c0c1   Thumb Code    14  states.o(.text.getNodeId)
    getReadResultNetworkDict                 0x3000c0d1   Thumb Code   388  sdo.o(.text.getReadResultNetworkDict)
    getSDOfreeLine                           0x3000c259   Thumb Code   114  sdo.o(.text.getSDOfreeLine)
    getSDOlineOnUse                          0x3000c2d1   Thumb Code   180  sdo.o(.text.getSDOlineOnUse)
    getSDOlineRestBytes                      0x3000c389   Thumb Code    66  sdo.o(.text.getSDOlineRestBytes)
    getWriteResultNetworkDict                0x3000c3d1   Thumb Code   186  sdo.o(.text.getWriteResultNetworkDict)
    heartbeatInit                            0x3000c491   Thumb Code   210  lifegrd.o(.text.heartbeatInit)
    heartbeatStop                            0x3000c569   Thumb Code    98  lifegrd.o(.text.heartbeatStop)
    initSDOline                              0x3000c5d1   Thumb Code   416  sdo.o(.text.initSDOline)
    lifeGuardInit                            0x3000c771   Thumb Code    22  lifegrd.o(.text.lifeGuardInit)
    lifeGuardStop                            0x3000c789   Thumb Code    22  lifegrd.o(.text.lifeGuardStop)
    lineToSDO                                0x3000c7a1   Thumb Code   194  sdo.o(.text.lineToSDO)
    main                                     0x3000c869   Thumb Code    84  flexcan_interrupt_transfer.o(.text.main)
    masterSendNMTnodeguard                   0x3000c8c1   Thumb Code    60  nmtmaster.o(.text.masterSendNMTnodeguard)
    masterSendNMTstateChange                 0x3000c901   Thumb Code    64  nmtmaster.o(.text.masterSendNMTstateChange)
    nodeguardInit                            0x3000c941   Thumb Code   214  lifegrd.o(.text.nodeguardInit)
    nodeguardStop                            0x3000ca19   Thumb Code    26  lifegrd.o(.text.nodeguardStop)
    objdictToSDOline                         0x3000ca39   Thumb Code   122  sdo.o(.text.objdictToSDOline)
    proceedEMCY                              0x3000cab9   Thumb Code    94  emcy.o(.text.proceedEMCY)
    proceedNMTstateChange                    0x3000cb19   Thumb Code   320  nmtslave.o(.text.proceedNMTstateChange)
    proceedNODE_GUARD                        0x3000cc59   Thumb Code   450  lifegrd.o(.text.proceedNODE_GUARD)
    proceedPDO                               0x3000ce21   Thumb Code  1102  pdo.o(.text.proceedPDO)
    proceedSDO                               0x3000d271   Thumb Code 11302  sdo.o(.text.proceedSDO)
    proceedSYNC                              0x3000fe99   Thumb Code    70  sync.o(.text.proceedSYNC)
    pvPortMalloc                             0x30010c39   Thumb Code   464  heap_4.o(.text.pvPortMalloc)
    pxPortInitialiseStack                    0x30010e09   Thumb Code    94  port.o(.text.pxPortInitialiseStack)
    readNetworkDict                          0x30010e69   Thumb Code    82  sdo.o(.text.readNetworkDict)
    resetSDO                                 0x30010ec1   Thumb Code    52  sdo.o(.text.resetSDO)
    resetSDOline                             0x30010ef9   Thumb Code   112  sdo.o(.text.resetSDOline)
    sendOnePDOevent                          0x30010f69   Thumb Code   486  pdo.o(.text.sendOnePDOevent)
    sendSDO                                  0x30011191   Thumb Code   292  sdo.o(.text.sendSDO)
    sendSDOabort                             0x300112b9   Thumb Code   120  sdo.o(.text.sendSDOabort)
    sendSYNC                                 0x30011331   Thumb Code    30  sync.o(.text.sendSYNC)
    sendSYNCMessage                          0x30011351   Thumb Code    44  sync.o(.text.sendSYNCMessage)
    setNodeId                                0x30011381   Thumb Code   756  states.o(.text.setNodeId)
    setSDOlineRestBytes                      0x30011679   Thumb Code    58  sdo.o(.text.setSDOlineRestBytes)
    setState                                 0x300116b9   Thumb Code   306  states.o(.text.setState)
    setTimer                                 0x300117f1   Thumb Code    28  flexcan_interrupt_transfer.o(.text.setTimer)
    slaveSendBootUp                          0x30011811   Thumb Code    60  nmtslave.o(.text.slaveSendBootUp)
    startSYNC                                0x30011851   Thumb Code   130  sync.o(.text.startSYNC)
    stopSYNC                                 0x300118d9   Thumb Code    56  sync.o(.text.stopSYNC)
    switchCommunicationState                 0x30011911   Thumb Code   444  states.o(.text.switchCommunicationState)
    uxListRemove                             0x30011ad1   Thumb Code    72  list.o(.text.uxListRemove)
    vListInitialise                          0x30011b19   Thumb Code    46  list.o(.text.vListInitialise)
    vListInitialiseItem                      0x30011b49   Thumb Code    14  list.o(.text.vListInitialiseItem)
    vListInsert                              0x30011b59   Thumb Code   106  list.o(.text.vListInsert)
    vListInsertEnd                           0x30011bc9   Thumb Code    58  list.o(.text.vListInsertEnd)
    vPortEnterCritical                       0x30011c21   Thumb Code    94  port.o(.text.vPortEnterCritical)
    vPortExitCritical                        0x30011c81   Thumb Code    78  port.o(.text.vPortExitCritical)
    vPortFree                                0x30011cd1   Thumb Code   194  heap_4.o(.text.vPortFree)
    vPortSetupTimerInterrupt                 0x30011d99   Thumb Code    68  port.o(.text.vPortSetupTimerInterrupt)
    vQueueAddToRegistry                      0x30011de1   Thumb Code   186  queue.o(.text.vQueueAddToRegistry)
    vQueueWaitForMessageRestricted           0x30011ea1   Thumb Code   100  queue.o(.text.vQueueWaitForMessageRestricted)
    vTaskDelete                              0x30011f09   Thumb Code   344  tasks.o(.text.vTaskDelete)
    vTaskInternalSetTimeOutState             0x30012061   Thumb Code    36  tasks.o(.text.vTaskInternalSetTimeOutState)
    vTaskMissedYield                         0x30012089   Thumb Code    14  tasks.o(.text.vTaskMissedYield)
    vTaskPlaceOnEventList                    0x30012099   Thumb Code    70  tasks.o(.text.vTaskPlaceOnEventList)
    vTaskPlaceOnEventListRestricted          0x300120e1   Thumb Code   128  tasks.o(.text.vTaskPlaceOnEventListRestricted)
    vTaskStartScheduler                      0x30012161   Thumb Code   186  tasks.o(.text.vTaskStartScheduler)
    vTaskSuspendAll                          0x30012221   Thumb Code    16  tasks.o(.text.vTaskSuspendAll)
    vTaskSwitchContext                       0x30012231   Thumb Code   194  tasks.o(.text.vTaskSwitchContext)
    writeNetworkDict                         0x300122f9   Thumb Code   106  sdo.o(.text.writeNetworkDict)
    xPortStartScheduler                      0x30012369   Thumb Code   254  port.o(.text.xPortStartScheduler)
    xQueueGenericCreate                      0x30012469   Thumb Code   158  queue.o(.text.xQueueGenericCreate)
    xQueueGenericReset                       0x30012509   Thumb Code   272  queue.o(.text.xQueueGenericReset)
    xQueueReceive                            0x30012619   Thumb Code   488  queue.o(.text.xQueueReceive)
    xTaskCheckForTimeOut                     0x30012801   Thumb Code   218  tasks.o(.text.xTaskCheckForTimeOut)
    xTaskCreate                              0x300128e1   Thumb Code   162  tasks.o(.text.xTaskCreate)
    xTaskGetSchedulerState                   0x30012989   Thumb Code    56  tasks.o(.text.xTaskGetSchedulerState)
    xTaskGetTickCount                        0x300129c1   Thumb Code    20  tasks.o(.text.xTaskGetTickCount)
    xTaskIncrementTick                       0x300129d9   Thumb Code   570  tasks.o(.text.xTaskIncrementTick)
    xTaskRemoveFromEventList                 0x30012c19   Thumb Code   400  tasks.o(.text.xTaskRemoveFromEventList)
    xTaskResumeAll                           0x30012da9   Thumb Code   550  tasks.o(.text.xTaskResumeAll)
    xTimerCreateTimerTask                    0x30012fd1   Thumb Code   110  timers.o(.text.xTimerCreateTimerTask)
    __scatterload_copy                       0x3001303f   Thumb Code    14  handlers.o(i.__scatterload_copy)
    __scatterload_null                       0x3001304d   Thumb Code     2  handlers.o(i.__scatterload_null)
    __scatterload_zeroinit                   0x3001304f   Thumb Code    14  handlers.o(i.__scatterload_zeroinit)
    Master_ObjdictSize                       0x3001305c   Data           2  master.o(.rodata.Master_ObjdictSize)
    Master_firstIndex                        0x3001305e   Data          12  master.o(.rodata.Master_firstIndex)
    Master_iam_a_slave                       0x3001306a   Data           1  master.o(.rodata.Master_iam_a_slave)
    Master_lastIndex                         0x3001306c   Data          12  master.o(.rodata.Master_lastIndex)
    Master_objdict                           0x30013078   Data          40  master.o(.rodata.Master_objdict)
    armPllConfig_BOARD_BootClockRUN          0x300130a0   Data           8  clock_config.o(.rodata.armPllConfig_BOARD_BootClockRUN)
    sysPll2Config_BOARD_BootClockRUN         0x30014a64   Data          12  clock_config.o(.rodata.sysPll2Config_BOARD_BootClockRUN)
    uxTopUsedPriority                        0x30014a70   Data           4  tasks.o(.rodata.uxTopUsedPriority)
    videoPllConfig_BOARD_BootClockRUN        0x30014a74   Data          20  clock_config.o(.rodata.videoPllConfig_BOARD_BootClockRUN)
    Region$$Table$$Base                      0x30014a88   Number         0  anon$$obj.o(Region$$Table)
    Region$$Table$$Limit                     0x30014aa8   Number         0  anon$$obj.o(Region$$Table)



==============================================================================

Memory Map of the image

  Image Entry point : 0x30002415

  Load Region LR_m_text (Base: 0x30000400, Size: 0x00014ca4, Max: 0x00fbfc00, ABSOLUTE, COMPRESSED[0x000147b0])

    Execution Region RW_m_ram_text (Exec base: 0x00000000, Load base: 0x30014bb0, Size: 0x00000000, Max: 0x00040000, ABSOLUTE)

    **** No section assigned to this execution region ****


    Execution Region RW_m_data (Exec base: 0x20000000, Load base: 0x30014aa8, Size: 0x000034f4, Max: 0x0003f800, ABSOLUTE, COMPRESSED[0x00000108])

    Exec Addr    Load Addr    Size         Type   Attr      Idx    E Section Name        Object

    0x20000000   COMPRESSED   0x0000048c   Data   RW          126    .data.Master_Data   master.o
    0x2000048c   COMPRESSED   0x00000010   Data   RW           90    .data.Master_Index1000  master.o
    0x2000049c   COMPRESSED   0x00000010   Data   RW           92    .data.Master_Index1001  master.o
    0x200004ac   COMPRESSED   0x00000050   Data   RW          109    .data.Master_Index1018  master.o
    0x200004fc   COMPRESSED   0x00000040   Data   RW          114    .data.Master_Index1280  master.o
    0x2000053c   COMPRESSED   0x00000040   Data   RW          119    .data.Master_Index1281  master.o
    0x2000057c   COMPRESSED   0x00000012   Data   RW          121    .data.Master_PDO_status  master.o
    0x2000058e   COMPRESSED   0x00000001   Data   RW          104    .data.Master_highestSubIndex_obj1018  master.o
    0x2000058f   COMPRESSED   0x00000001   Data   RW          110    .data.Master_highestSubIndex_obj1280  master.o
    0x20000590   COMPRESSED   0x00000001   Data   RW          115    .data.Master_highestSubIndex_obj1281  master.o
    0x20000591   COMPRESSED   0x00000003   PAD
    0x20000594   COMPRESSED   0x00000004   Data   RW          100    .data.Master_obj1014  master.o
    0x20000598   COMPRESSED   0x00000004   Data   RW          111    .data.Master_obj1280_COB_ID_Client_to_Server_Transmit_SDO  master.o
    0x2000059c   COMPRESSED   0x00000004   Data   RW          112    .data.Master_obj1280_COB_ID_Server_to_Client_Receive_SDO  master.o
    0x200005a0   COMPRESSED   0x00000001   Data   RW          113    .data.Master_obj1280_Node_ID_of_the_SDO_Server  master.o
    0x200005a1   COMPRESSED   0x00000003   PAD
    0x200005a4   COMPRESSED   0x00000004   Data   RW          116    .data.Master_obj1281_COB_ID_Client_to_Server_Transmit_SDO  master.o
    0x200005a8   COMPRESSED   0x00000004   Data   RW          117    .data.Master_obj1281_COB_ID_Server_to_Client_Receive_SDO  master.o
    0x200005ac   COMPRESSED   0x00000001   Data   RW          118    .data.Master_obj1281_Node_ID_of_the_SDO_Server  master.o
    0x200005ad   COMPRESSED   0x00000003   PAD
    0x200005b0   COMPRESSED   0x00000004   Data   RW         1037    .data.SystemCoreClock  system_mimxrt1176_cm7.o
    0x200005b4   COMPRESSED   0x00000002   Data   RW         1428    .data.last_timer_raw  timer.o
    0x200005b6   COMPRESSED   0x00000002   PAD
    0x200005b8   COMPRESSED   0x00000004   Data   RW           55    .data.readSize      flexcan_interrupt_transfer.o
    0x200005bc   COMPRESSED   0x00000004   Data   RW          463    .data.s_flexcanIsr  fsl_flexcan.o
    0x200005c0   COMPRESSED   0x00000034   Data   RW          794    .data.s_lpuartIsr   fsl_lpuart.o
    0x200005f4   COMPRESSED   0x00000004   Data   RW         1427    .data.total_sleep_time  timer.o
    0x200005f8   COMPRESSED   0x00000004   Data   RW         1876    .data.uxCriticalNesting  port.o
    0x200005fc        -       0x00000004   Zero   RW           61    .bss.AppTaskCreate_Handle  flexcan_interrupt_transfer.o
    0x20000600        -       0x00000004   Zero   RW           74    .bss.App_Task_Handle  flexcan_interrupt_transfer.o
    0x20000604        -       0x00000001   Zero   RW           87    .bss.Master_bDeviceNodeId  master.o
    0x20000605   COMPRESSED   0x00000001   PAD
    0x20000606        -       0x00000002   Zero   RW          125    .bss.Master_heartBeatTimers  master.o
    0x20000608        -       0x00000001   Zero   RW           93    .bss.Master_highestSubIndex_obj1003  master.o
    0x20000609        -       0x00000001   Zero   RW          101    .bss.Master_highestSubIndex_obj1016  master.o
    0x2000060a   COMPRESSED   0x00000002   PAD
    0x2000060c        -       0x00000004   Zero   RW           89    .bss.Master_obj1000  master.o
    0x20000610        -       0x00000001   Zero   RW           91    .bss.Master_obj1001  master.o
    0x20000611   COMPRESSED   0x00000003   PAD
    0x20000614        -       0x00000004   Zero   RW           94    .bss.Master_obj1003  master.o
    0x20000618        -       0x00000004   Zero   RW           96    .bss.Master_obj1005  master.o
    0x2000061c        -       0x00000004   Zero   RW           97    .bss.Master_obj1006  master.o
    0x20000620        -       0x00000002   Zero   RW           98    .bss.Master_obj100C  master.o
    0x20000622        -       0x00000001   Zero   RW           99    .bss.Master_obj100D  master.o
    0x20000623   COMPRESSED   0x00000001   PAD
    0x20000624        -       0x00000004   Zero   RW          102    .bss.Master_obj1016  master.o
    0x20000628        -       0x00000002   Zero   RW          103    .bss.Master_obj1017  master.o
    0x2000062a   COMPRESSED   0x00000002   PAD
    0x2000062c        -       0x00000004   Zero   RW          106    .bss.Master_obj1018_Product_Code  master.o
    0x20000630        -       0x00000004   Zero   RW          107    .bss.Master_obj1018_Revision_Number  master.o
    0x20000634        -       0x00000004   Zero   RW          108    .bss.Master_obj1018_Serial_Number  master.o
    0x20000638        -       0x00000004   Zero   RW          105    .bss.Master_obj1018_Vendor_ID  master.o
    0x2000063c        -       0x00000004   Zero   RW           68    .bss.abortCode      flexcan_interrupt_transfer.o
    0x20000640        -       0x00000024   Zero   RW           70    .bss.flexcanConfig  flexcan_interrupt_transfer.o
    0x20000664        -       0x00000358   Zero   RW           59    .bss.flexcanHandle  flexcan_interrupt_transfer.o
    0x200009bc        -       0x00000010   Zero   RW           63    .bss.frame          flexcan_interrupt_transfer.o
    0x200009cc        -       0x00000010   Zero   RW           67    .bss.gptConfig      flexcan_interrupt_transfer.o
    0x200009dc        -       0x00000004   Zero   RW           66    .bss.gptFreq        flexcan_interrupt_transfer.o
    0x200009e0        -       0x00000008   Zero   RW           71    .bss.mbConfig       flexcan_interrupt_transfer.o
    0x200009e8        -       0x00000004   Zero   RW         1838    .bss.prvSampleTimeNow.xLastTime  timers.o
    0x200009ec        -       0x00000004   Zero   RW         1747    .bss.pxCurrentTCB   tasks.o
    0x200009f0        -       0x00000004   Zero   RW         1836    .bss.pxCurrentTimerList  timers.o
    0x200009f4        -       0x00000004   Zero   RW         1758    .bss.pxDelayedTaskList  tasks.o
    0x200009f8        -       0x00000004   Zero   RW         1902    .bss.pxEnd          heap_4.o
    0x200009fc        -       0x00000004   Zero   RW         1759    .bss.pxOverflowDelayedTaskList  tasks.o
    0x20000a00        -       0x00000004   Zero   RW         1837    .bss.pxOverflowTimerList  timers.o
    0x20000a04        -       0x00000064   Zero   RW         1749    .bss.pxReadyTasksLists  tasks.o
    0x20000a68        -       0x00000008   Zero   RW           53    .bss.readData01     flexcan_interrupt_transfer.o
    0x20000a70        -       0x00000008   Zero   RW           54    .bss.readData02     flexcan_interrupt_transfer.o
    0x20000a78        -       0x00000001   Zero   RW           50    .bss.rxComplete     flexcan_interrupt_transfer.o
    0x20000a79   COMPRESSED   0x00000003   PAD
    0x20000a7c        -       0x00000004   Zero   RW           65    .bss.rxIdentifier   flexcan_interrupt_transfer.o
    0x20000a80        -       0x0000000c   Zero   RW           69    .bss.rxMessage      flexcan_interrupt_transfer.o
    0x20000a8c        -       0x0000000c   Zero   RW           62    .bss.rxXfer         flexcan_interrupt_transfer.o
    0x20000a98        -       0x00000014   Zero   RW          296    .bss.s_debugConsole  fsl_debug_console.o
    0x20000aac        -       0x00000010   Zero   RW          462    .bss.s_flexcanHandle  fsl_flexcan.o
    0x20000abc        -       0x00000034   Zero   RW          798    .bss.s_lpuartHandle  fsl_lpuart.o
    0x20000af0        -       0x00000004   Zero   RW           52    .bss.sendData       flexcan_interrupt_transfer.o
    0x20000af4        -       0x00000001   Zero   RW           57    .bss.t              flexcan_interrupt_transfer.o
    0x20000af5   COMPRESSED   0x00000003   PAD
    0x20000af8        -       0x000000c0   Zero   RW         1426    .bss.timers         timer.o
    0x20000bb8        -       0x00000001   Zero   RW           56    .bss.tsdovalue      flexcan_interrupt_transfer.o
    0x20000bb9        -       0x00000001   Zero   RW           49    .bss.txComplete     flexcan_interrupt_transfer.o
    0x20000bba   COMPRESSED   0x00000002   PAD
    0x20000bbc        -       0x00000004   Zero   RW           64    .bss.txIdentifier   flexcan_interrupt_transfer.o
    0x20000bc0        -       0x0000000c   Zero   RW           58    .bss.txXfer         flexcan_interrupt_transfer.o
    0x20000bcc        -       0x00002800   Zero   RW         1908    .bss.ucHeap         heap_4.o
    0x200033cc        -       0x00000001   Zero   RW         1874    .bss.ucMaxSysCallPriority  port.o
    0x200033cd   COMPRESSED   0x00000003   PAD
    0x200033d0        -       0x00000004   Zero   RW         1875    .bss.ulMaxPRIGROUPValue  port.o
    0x200033d4        -       0x00000004   Zero   RW         1754    .bss.uxCurrentNumberOfTasks  tasks.o
    0x200033d8        -       0x00000004   Zero   RW         1753    .bss.uxDeletedTasksWaitingCleanUp  tasks.o
    0x200033dc        -       0x00000004   Zero   RW         1756    .bss.uxSchedulerSuspended  tasks.o
    0x200033e0        -       0x00000004   Zero   RW         1751    .bss.uxTaskNumber   tasks.o
    0x200033e4        -       0x00000004   Zero   RW         1750    .bss.uxTopReadyPriority  tasks.o
    0x200033e8        -       0x00000001   Zero   RW           51    .bss.wakenUp        flexcan_interrupt_transfer.o
    0x200033e9   COMPRESSED   0x00000003   PAD
    0x200033ec        -       0x00000014   Zero   RW         1839    .bss.xActiveTimerList1  timers.o
    0x20003400        -       0x00000014   Zero   RW         1840    .bss.xActiveTimerList2  timers.o
    0x20003414        -       0x00000014   Zero   RW         1768    .bss.xDelayedTaskList1  tasks.o
    0x20003428        -       0x00000014   Zero   RW         1769    .bss.xDelayedTaskList2  tasks.o
    0x2000343c        -       0x00000004   Zero   RW         1903    .bss.xFreeBytesRemaining  heap_4.o
    0x20003440        -       0x00000004   Zero   RW         1764    .bss.xIdleTaskHandle  tasks.o
    0x20003444        -       0x00000004   Zero   RW         1905    .bss.xMinimumEverFreeBytesRemaining  heap_4.o
    0x20003448        -       0x00000004   Zero   RW         1765    .bss.xNextTaskUnblockTime  tasks.o
    0x2000344c        -       0x00000004   Zero   RW         1767    .bss.xNumOfOverflows  tasks.o
    0x20003450        -       0x00000004   Zero   RW         1906    .bss.xNumberOfSuccessfulAllocations  heap_4.o
    0x20003454        -       0x00000004   Zero   RW         1907    .bss.xNumberOfSuccessfulFrees  heap_4.o
    0x20003458        -       0x00000004   Zero   RW         1766    .bss.xPendedTicks   tasks.o
    0x2000345c        -       0x00000014   Zero   RW         1762    .bss.xPendingReadyList  tasks.o
    0x20003470        -       0x00000040   Zero   RW         1560    .bss.xQueueRegistry  queue.o
    0x200034b0        -       0x00000004   Zero   RW         1755    .bss.xSchedulerRunning  tasks.o
    0x200034b4        -       0x00000008   Zero   RW         1904    .bss.xStart         heap_4.o
    0x200034bc        -       0x00000014   Zero   RW         1760    .bss.xSuspendedTaskList  tasks.o
    0x200034d0        -       0x00000014   Zero   RW         1752    .bss.xTasksWaitingTermination  tasks.o
    0x200034e4        -       0x00000004   Zero   RW         1757    .bss.xTickCount     tasks.o
    0x200034e8        -       0x00000004   Zero   RW         1833    .bss.xTimerQueue    timers.o
    0x200034ec        -       0x00000004   Zero   RW         1835    .bss.xTimerTaskHandle  timers.o
    0x200034f0        -       0x00000004   Zero   RW         1761    .bss.xYieldPending  tasks.o


    Execution Region ARM_LIB_HEAP (Exec base: 0x200034f4, Load base: 0x30014bb0, Size: 0x00000400, Max: 0x00000400, ABSOLUTE)

    Exec Addr    Load Addr    Size         Type   Attr      Idx    E Section Name        Object

    0x200034f4        -       0x00000400   Zero   RW            2    ARM_LIB_HEAP.bss    anon$$obj.o


    Execution Region ARM_LIB_STACK (Exec base: 0x2003fc00, Load base: 0x30014bb0, Size: 0x00000400, Max: 0x00000400, ABSOLUTE)

    Exec Addr    Load Addr    Size         Type   Attr      Idx    E Section Name        Object

    0x2003fc00        -       0x00000400   Zero   RW            3    ARM_LIB_STACK.bss   anon$$obj.o


    Execution Region RW_m_ncache (Exec base: 0x202c0000, Load base: 0x30014bb0, Size: 0x00000000, Max: 0x00000000, ABSOLUTE)

    Exec Addr    Load Addr    Size         Type   Attr      Idx    E Section Name        Object

    0x202c0000        -       0x00000000   Zero   RW            4    RW_m_ncache.bss     anon$$obj.o


    Execution Region RW_m_ncache_unused (Exec base: 0x202c0000, Load base: 0x30014bb0, Size: 0x00080000, Max: 0x00080000, ABSOLUTE)

    Exec Addr    Load Addr    Size         Type   Attr      Idx    E Section Name        Object

    0x202c0000        -       0x00080000   Zero   RW            5    RW_m_ncache_unused.bss  anon$$obj.o


    Execution Region RW_m_config_text (Exec base: 0x30000400, Load base: 0x30000400, Size: 0x00000200, Max: 0x00000c00, ABSOLUTE, FIXED)

    Exec Addr    Load Addr    Size         Type   Attr      Idx    E Section Name        Object

    0x30000400   0x30000400   0x00000200   Data   RO         1120    .boot_hdr.conf      evkmimxrt1170_flexspi_nor_config.o


    Execution Region RW_m_ivt_text (Exec base: 0x30001000, Load base: 0x30001000, Size: 0x00000030, Max: 0x00001000, ABSOLUTE, FIXED)

    Exec Addr    Load Addr    Size         Type   Attr      Idx    E Section Name        Object

    0x30001000   0x30001000   0x00000020   Data   RO         1114    .boot_hdr.ivt       fsl_flexspi_nor_boot.o
    0x30001020   0x30001020   0x00000010   Data   RO         1113    .boot_hdr.boot_data  fsl_flexspi_nor_boot.o


    Execution Region VECTOR_ROM (Exec base: 0x30002000, Load base: 0x30002000, Size: 0x00000400, Max: 0x00000400, ABSOLUTE, FIXED)

    Exec Addr    Load Addr    Size         Type   Attr      Idx    E Section Name        Object

    0x30002000   0x30002000   0x00000400   Data   RO         1107    .isr_vector         startup_mimxrt1176_cm7.o


    Execution Region VECTOR_RAM (Exec base: 0x30002000, Load base: 0x30014aa8, Size: 0x00000000, Max: 0x00000000, ABSOLUTE)

    Exec Addr    Load Addr    Size         Type   Attr      Idx    E Section Name        Object

    0x30002000        -       0x00000000   Zero   RW            1    VECTOR_RAM.bss      anon$$obj.o


    Execution Region ER_m_text (Exec base: 0x30002400, Load base: 0x30002400, Size: 0x000126a8, Max: 0x00fbdc00, ABSOLUTE, FIXED)

    Exec Addr    Load Addr    Size         Type   Attr      Idx    E Section Name        Object

    0x30002400   0x30002400   0x00000000   Code   RO         1915  * .ARM.Collect$$$$00000000  mc_w.l(entry.o)
    0x30002400   0x30002400   0x00000004   Code   RO         1969    .ARM.Collect$$$$00000003  mc_w.l(entry4.o)
    0x30002404   0x30002404   0x00000004   Code   RO         1972    .ARM.Collect$$$$00000004  mc_w.l(entry5.o)
    0x30002408   0x30002408   0x00000000   Code   RO         1974    .ARM.Collect$$$$00000008  mc_w.l(entry7b.o)
    0x30002408   0x30002408   0x00000000   Code   RO         1976    .ARM.Collect$$$$0000000A  mc_w.l(entry8b.o)
    0x30002408   0x30002408   0x00000008   Code   RO         1977    .ARM.Collect$$$$0000000B  mc_w.l(entry9a.o)
    0x30002410   0x30002410   0x00000000   Code   RO         1979    .ARM.Collect$$$$0000000D  mc_w.l(entry10a.o)
    0x30002410   0x30002410   0x00000000   Code   RO         1981    .ARM.Collect$$$$0000000F  mc_w.l(entry11a.o)
    0x30002410   0x30002410   0x00000004   Code   RO         1970    .ARM.Collect$$$$00002714  mc_w.l(entry4.o)
    0x30002414   0x30002414   0x000002d4   Code   RO         1106  * .text               startup_mimxrt1176_cm7.o
    0x300026e8   0x300026e8   0x00000062   Code   RO         1918    .text               mc_w.l(uldiv.o)
    0x3000274a   0x3000274a   0x00000028   Code   RO         1920    .text               mc_w.l(memcpy.o)
    0x30002772   0x30002772   0x00000012   Code   RO         1922    .text               mc_w.l(memset.o)
    0x30002784   0x30002784   0x0000000e   Code   RO         1926    .text               mc_w.l(strlen.o)
    0x30002792   0x30002792   0x0000001a   Code   RO         1928    .text               mc_w.l(memcmp.o)
    0x300027ac   0x300027ac   0x0000001e   Code   RO         1983    .text               mc_w.l(llshl.o)
    0x300027ca   0x300027ca   0x00000020   Code   RO         1985    .text               mc_w.l(llushr.o)
    0x300027ea   0x300027ea   0x00000002   PAD
    0x300027ec   0x300027ec   0x00000030   Code   RO         2023    .text               mc_w.l(init.o)
    0x3000281c   0x3000281c   0x00000056   Code   RO         2035    .text               mc_w.l(__dczerorl2.o)
    0x30002872   0x30002872   0x00000006   PAD
    0x30002878   0x30002878   0x00000620   Code   RO          986    .text.ANATOP_AI_Access  fsl_anatop_ai.o
    0x30002e98   0x30002e98   0x00000024   Code   RO          990    .text.ANATOP_AI_Read  fsl_anatop_ai.o
    0x30002ebc   0x30002ebc   0x00000004   PAD
    0x30002ec0   0x30002ec0   0x00000022   Code   RO          988    .text.ANATOP_AI_Write  fsl_anatop_ai.o
    0x30002ee2   0x30002ee2   0x00000006   PAD
    0x30002ee8   0x30002ee8   0x00000046   Code   RO          992    .text.ANATOP_AI_WriteWithMaskShift  fsl_anatop_ai.o
    0x30002f2e   0x30002f2e   0x00000002   PAD
    0x30002f30   0x30002f30   0x00000038   Code   RO          513    .text.ANATOP_AudioPllGate  fsl_clock.o
    0x30002f68   0x30002f68   0x00000038   Code   RO          511    .text.ANATOP_AudioPllSwEnClk  fsl_clock.o
    0x30002fa0   0x30002fa0   0x0000002a   Code   RO          503    .text.ANATOP_PllBypass  fsl_clock.o
    0x30002fca   0x30002fca   0x00000006   PAD
    0x30002fd0   0x30002fd0   0x000000c8   Code   RO          521    .text.ANATOP_PllConfigure  fsl_clock.o
    0x30003098   0x30003098   0x0000002a   Code   RO          515    .text.ANATOP_PllEnableClk  fsl_clock.o
    0x300030c2   0x300030c2   0x00000006   PAD
    0x300030c8   0x300030c8   0x0000002a   Code   RO          519    .text.ANATOP_PllEnablePllReg  fsl_clock.o
    0x300030f2   0x300030f2   0x00000006   PAD
    0x300030f8   0x300030f8   0x0000002a   Code   RO          527    .text.ANATOP_PllEnableSs  fsl_clock.o
    0x30003122   0x30003122   0x00000006   PAD
    0x30003128   0x30003128   0x0000002a   Code   RO          641    .text.ANATOP_PllHoldRingOff  fsl_clock.o
    0x30003152   0x30003152   0x00000006   PAD
    0x30003158   0x30003158   0x00000034   Code   RO          517    .text.ANATOP_PllSetPower  fsl_clock.o
    0x3000318c   0x3000318c   0x00000004   PAD
    0x30003190   0x30003190   0x00000030   Code   RO          523    .text.ANATOP_PllToggleHoldRingOff  fsl_clock.o
    0x300031c0   0x300031c0   0x00000038   Code   RO          555    .text.ANATOP_SysPll1Div2En  fsl_clock.o
    0x300031f8   0x300031f8   0x00000038   Code   RO          557    .text.ANATOP_SysPll1Div5En  fsl_clock.o
    0x30003230   0x30003230   0x00000038   Code   RO          553    .text.ANATOP_SysPll1Gate  fsl_clock.o
    0x30003268   0x30003268   0x00000038   Code   RO          549    .text.ANATOP_SysPll1SwEnClk  fsl_clock.o
    0x300032a0   0x300032a0   0x00000038   Code   RO          541    .text.ANATOP_VideoPllGate  fsl_clock.o
    0x300032d8   0x300032d8   0x00000038   Code   RO          539    .text.ANATOP_VideoPllSwEnClk  fsl_clock.o
    0x30003310   0x30003310   0x0000002e   Code   RO          161    .text.ARM_MPU_Disable  board.o
    0x3000333e   0x3000333e   0x00000002   PAD
    0x30003340   0x30003340   0x00000034   Code   RO          163    .text.ARM_MPU_Enable  board.o
    0x30003374   0x30003374   0x00000004   PAD
    0x30003378   0x30003378   0x00000064   Code   RO           23    .text.AppTaskCreate  flexcan_interrupt_transfer.o
    0x300033dc   0x300033dc   0x00000004   PAD
    0x300033e0   0x300033e0   0x0000085a   Code   RO           47    .text.App_Task      flexcan_interrupt_transfer.o
    0x30003c3a   0x30003c3a   0x00000006   PAD
    0x30003c40   0x30003c40   0x000008d2   Code   RO          184    .text.BOARD_BootClockRUN  clock_config.o
    0x30004512   0x30004512   0x00000006   PAD
    0x30004518   0x30004518   0x000003ac   Code   RO          159    .text.BOARD_ConfigMPU  board.o
    0x300048c4   0x300048c4   0x00000004   PAD
    0x300048c8   0x300048c8   0x0000000a   Code   RO          153    .text.BOARD_DebugConsoleSrcFreq  board.o
    0x300048d2   0x300048d2   0x00000006   PAD
    0x300048d8   0x300048d8   0x0000001c   Code   RO          157    .text.BOARD_InitDebugConsole  board.o
    0x300048f4   0x300048f4   0x00000004   PAD
    0x300048f8   0x300048f8   0x000001b6   Code   RO          136    .text.BOARD_InitPins  pin_mux.o
    0x30004aae   0x30004aae   0x00000002   PAD
    0x30004ab0   0x30004ab0   0x0000023e   Code   RO           21    .text.BSP_Init      flexcan_interrupt_transfer.o
    0x30004cee   0x30004cee   0x00000002   PAD
    0x30004cf0   0x30004cf0   0x0000004e   Code   RO          447    .text.CAN1_DriverIRQHandler  fsl_flexcan.o
    0x30004d3e   0x30004d3e   0x00000002   PAD
    0x30004d40   0x30004d40   0x0000004e   Code   RO          449    .text.CAN2_DriverIRQHandler  fsl_flexcan.o
    0x30004d8e   0x30004d8e   0x00000002   PAD
    0x30004d90   0x30004d90   0x0000004e   Code   RO          451    .text.CAN3_DriverIRQHandler  fsl_flexcan.o
    0x30004dde   0x30004dde   0x00000002   PAD
    0x30004de0   0x30004de0   0x00000078   Code   RO          144    .text.CLOCK_ControlGate  pin_mux.o
    0x30004e58   0x30004e58   0x00000078   Code   RO          453    .text.CLOCK_ControlGate  fsl_flexcan.o
    0x30004ed0   0x30004ed0   0x00000078   Code   RO          783    .text.CLOCK_ControlGate  fsl_lpuart.o
    0x30004f48   0x30004f48   0x00000078   Code   RO         1019    .text.CLOCK_ControlGate  fsl_gpt.o
    0x30004fc0   0x30004fc0   0x00000038   Code   RO          525    .text.CLOCK_DeinitAudioPll  fsl_clock.o
    0x30004ff8   0x30004ff8   0x00000044   Code   RO          559    .text.CLOCK_DeinitSysPll1  fsl_clock.o
    0x3000503c   0x3000503c   0x00000004   PAD
    0x30005040   0x30005040   0x00000016   Code   RO          138    .text.CLOCK_EnableClock  pin_mux.o
    0x30005056   0x30005056   0x00000002   PAD
    0x30005058   0x30005058   0x00000016   Code   RO          335    .text.CLOCK_EnableClock  fsl_flexcan.o
    0x3000506e   0x3000506e   0x00000002   PAD
    0x30005070   0x30005070   0x00000016   Code   RO          693    .text.CLOCK_EnableClock  fsl_lpuart.o
    0x30005086   0x30005086   0x00000002   PAD
    0x30005088   0x30005088   0x00000016   Code   RO         1003    .text.CLOCK_EnableClock  fsl_gpt.o
    0x3000509e   0x3000509e   0x00000002   PAD
    0x300050a0   0x300050a0   0x00000110   Code   RO          597    .text.CLOCK_GetAvPllFreq  fsl_clock.o
    0x300051b0   0x300051b0   0x0000018e   Code   RO          599    .text.CLOCK_GetFreq  fsl_clock.o
    0x3000533e   0x3000533e   0x00000002   PAD
    0x30005340   0x30005340   0x0000000a   Code   RO          601    .text.CLOCK_GetM7Freq  fsl_clock.o
    0x3000534a   0x3000534a   0x00000006   PAD
    0x30005350   0x30005350   0x00000148   Code   RO          493    .text.CLOCK_GetPfdFreq  fsl_clock.o
    0x30005498   0x30005498   0x000000e6   Code   RO          595    .text.CLOCK_GetPllFreq  fsl_clock.o
    0x3000557e   0x3000557e   0x00000002   PAD
    0x30005580   0x30005580   0x0000001e   Code   RO           45    .text.CLOCK_GetRootClockDiv  flexcan_interrupt_transfer.o
    0x3000559e   0x3000559e   0x00000002   PAD
    0x300055a0   0x300055a0   0x0000001e   Code   RO          171    .text.CLOCK_GetRootClockDiv  board.o
    0x300055be   0x300055be   0x00000002   PAD
    0x300055c0   0x300055c0   0x0000001e   Code   RO          206    .text.CLOCK_GetRootClockDiv  clock_config.o
    0x300055de   0x300055de   0x00000002   PAD
    0x300055e0   0x300055e0   0x0000001e   Code   RO          647    .text.CLOCK_GetRootClockDiv  fsl_clock.o
    0x300055fe   0x300055fe   0x00000002   PAD
    0x30005600   0x30005600   0x00000064   Code   RO           37    .text.CLOCK_GetRootClockFreq  flexcan_interrupt_transfer.o
    0x30005664   0x30005664   0x00000004   PAD
    0x30005668   0x30005668   0x00000064   Code   RO          155    .text.CLOCK_GetRootClockFreq  board.o
    0x300056cc   0x300056cc   0x00000004   PAD
    0x300056d0   0x300056d0   0x00000064   Code   RO          200    .text.CLOCK_GetRootClockFreq  clock_config.o
    0x30005734   0x30005734   0x00000004   PAD
    0x30005738   0x30005738   0x00000064   Code   RO          643    .text.CLOCK_GetRootClockFreq  fsl_clock.o
    0x3000579c   0x3000579c   0x00000004   PAD
    0x300057a0   0x300057a0   0x0000001c   Code   RO           43    .text.CLOCK_GetRootClockMux  flexcan_interrupt_transfer.o
    0x300057bc   0x300057bc   0x00000004   PAD
    0x300057c0   0x300057c0   0x0000001c   Code   RO          169    .text.CLOCK_GetRootClockMux  board.o
    0x300057dc   0x300057dc   0x00000004   PAD
    0x300057e0   0x300057e0   0x0000001c   Code   RO          204    .text.CLOCK_GetRootClockMux  clock_config.o
    0x300057fc   0x300057fc   0x00000004   PAD
    0x30005800   0x30005800   0x0000001c   Code   RO          645    .text.CLOCK_GetRootClockMux  fsl_clock.o
    0x3000581c   0x3000581c   0x00000004   PAD
    0x30005820   0x30005820   0x000001b0   Code   RO          477    .text.CLOCK_InitArmPll  fsl_clock.o
    0x300059d0   0x300059d0   0x0000019a   Code   RO          489    .text.CLOCK_InitPfd  fsl_clock.o
    0x30005b6a   0x30005b6a   0x00000006   PAD
    0x30005b70   0x30005b70   0x000001f2   Code   RO          483    .text.CLOCK_InitSysPll2  fsl_clock.o
    0x30005d62   0x30005d62   0x00000006   PAD
    0x30005d68   0x30005d68   0x00000112   Code   RO          495    .text.CLOCK_InitSysPll3  fsl_clock.o
    0x30005e7a   0x30005e7a   0x00000006   PAD
    0x30005e80   0x30005e80   0x00000110   Code   RO          537    .text.CLOCK_InitVideoPll  fsl_clock.o
    0x30005f90   0x30005f90   0x00000038   Code   RO          190    .text.CLOCK_OSC_EnableOsc48M  clock_config.o
    0x30005fc8   0x30005fc8   0x00000038   Code   RO          192    .text.CLOCK_OSC_EnableOsc48MDiv2  clock_config.o
    0x30006000   0x30006000   0x00000022   Code   RO          607    .text.CLOCK_OSC_EnableOscRc400M  fsl_clock.o
    0x30006022   0x30006022   0x00000006   PAD
    0x30006028   0x30006028   0x00000038   Code   RO          188    .text.CLOCK_OSC_GateOscRc400M  clock_config.o
    0x30006060   0x30006060   0x00000050   Code   RO          583    .text.CLOCK_OSC_Set1MHzOutputBehavior  fsl_clock.o
    0x300060b0   0x300060b0   0x00000126   Code   RO          501    .text.CLOCK_SetPllBypass  fsl_clock.o
    0x300061d6   0x300061d6   0x00000002   PAD
    0x300061d8   0x300061d8   0x00000074   Code   RO           35    .text.CLOCK_SetRootClock  flexcan_interrupt_transfer.o
    0x3000624c   0x3000624c   0x00000004   PAD
    0x30006250   0x30006250   0x00000074   Code   RO          194    .text.CLOCK_SetRootClock  clock_config.o
    0x300062c4   0x300062c4   0x00000004   PAD
    0x300062c8   0x300062c8   0x00000048   Code   RO         1176    .text.ConsumerHeartbeatAlarm  lifegrd.o
    0x30006310   0x30006310   0x00000176   Code   RO         1259    .text.CopyBits      pdo.o
    0x30006486   0x30006486   0x00000002   PAD
    0x30006488   0x30006488   0x0000004e   Code   RO          947    .text.DCDC_BootIntoDCM  fsl_dcdc.o
    0x300064d6   0x300064d6   0x00000002   PAD
    0x300064d8   0x300064d8   0x0000003a   Code   RO          186    .text.DCDC_SetVDD1P0BuckModeTargetVoltage  clock_config.o
    0x30006512   0x30006512   0x00000006   PAD
    0x30006518   0x30006518   0x000000bc   Code   RO          292    .text.DbgConsole_ConvertRadixNumToString  fsl_debug_console.o
    0x300065d4   0x300065d4   0x00000004   PAD
    0x300065d8   0x300065d8   0x0000008e   Code   RO          276    .text.DbgConsole_Init  fsl_debug_console.o
    0x30006666   0x30006666   0x00000002   PAD
    0x30006668   0x30006668   0x0000002c   Code   RO          280    .text.DbgConsole_Printf  fsl_debug_console.o
    0x30006694   0x30006694   0x00000004   PAD
    0x30006698   0x30006698   0x000003d0   Code   RO          284    .text.DbgConsole_PrintfFormattedData  fsl_debug_console.o
    0x30006a68   0x30006a68   0x00000040   Code   RO          294    .text.DbgConsole_PrintfPaddingCharacter  fsl_debug_console.o
    0x30006aa8   0x30006aa8   0x0000003a   Code   RO          286    .text.DbgConsole_Putchar  fsl_debug_console.o
    0x30006ae2   0x30006ae2   0x00000006   PAD
    0x30006ae8   0x30006ae8   0x00000040   Code   RO          282    .text.DbgConsole_Vprintf  fsl_debug_console.o
    0x30006b28   0x30006b28   0x00000056   Code   RO         1422    .text.DelAlarm      timer.o
    0x30006b7e   0x30006b7e   0x00000002   PAD
    0x30006b80   0x30006b80   0x00000012   Code   RO          677    .text.DelayLoop     fsl_common_arm.o
    0x30006b92   0x30006b92   0x00000006   PAD
    0x30006b98   0x30006b98   0x0000002c   Code   RO           31    .text.EnableIRQ     flexcan_interrupt_transfer.o
    0x30006bc4   0x30006bc4   0x00000004   PAD
    0x30006bc8   0x30006bc8   0x0000002c   Code   RO          411    .text.EnableIRQ     fsl_flexcan.o
    0x30006bf4   0x30006bf4   0x00000004   PAD
    0x30006bf8   0x30006bf8   0x0000011e   Code   RO          323    .text.FLEXCAN_CalculateImprovedTimingValues  fsl_flexcan.o
    0x30006d16   0x30006d16   0x00000002   PAD
    0x30006d18   0x30006d18   0x00000078   Code   RO          445    .text.FLEXCAN_CheckUnhandleInterruptEvents  fsl_flexcan.o
    0x30006d90   0x30006d90   0x00000018   Code   RO          393    .text.FLEXCAN_ClearMbStatusFlags  fsl_flexcan.o
    0x30006da8   0x30006da8   0x00000022   Code   RO          319    .text.FLEXCAN_ClearStatusFlags  fsl_flexcan.o
    0x30006dca   0x30006dca   0x00000006   PAD
    0x30006dd0   0x30006dd0   0x00000058   Code   RO          409    .text.FLEXCAN_DisableInterrupts  fsl_flexcan.o
    0x30006e28   0x30006e28   0x00000020   Code   RO          429    .text.FLEXCAN_DisableMbInterrupts  fsl_flexcan.o
    0x30006e48   0x30006e48   0x0000004e   Code   RO          337    .text.FLEXCAN_Enable  fsl_flexcan.o
    0x30006e96   0x30006e96   0x00000002   PAD
    0x30006e98   0x30006e98   0x0000004a   Code   RO          407    .text.FLEXCAN_EnableInterrupts  fsl_flexcan.o
    0x30006ee2   0x30006ee2   0x00000006   PAD
    0x30006ee8   0x30006ee8   0x00000020   Code   RO          415    .text.FLEXCAN_EnableMbInterrupts  fsl_flexcan.o
    0x30006f08   0x30006f08   0x0000002c   Code   RO          315    .text.FLEXCAN_EnterFreezeMode  fsl_flexcan.o
    0x30006f34   0x30006f34   0x00000004   PAD
    0x30006f38   0x30006f38   0x00000038   Code   RO          317    .text.FLEXCAN_ExitFreezeMode  fsl_flexcan.o
    0x30006f70   0x30006f70   0x000000ae   Code   RO          347    .text.FLEXCAN_GetDefaultConfig  fsl_flexcan.o
    0x3000701e   0x3000701e   0x00000002   PAD
    0x30007020   0x30007020   0x000000c4   Code   RO          367    .text.FLEXCAN_GetFDMailboxOffset  fsl_flexcan.o
    0x300070e4   0x300070e4   0x00000004   PAD
    0x300070e8   0x300070e8   0x0000005c   Code   RO          313    .text.FLEXCAN_GetInstance  fsl_flexcan.o
    0x30007144   0x30007144   0x00000004   PAD
    0x30007148   0x30007148   0x0000013e   Code   RO          359    .text.FLEXCAN_GetSegments  fsl_flexcan.o
    0x30007286   0x30007286   0x00000002   PAD
    0x30007288   0x30007288   0x0000002a   Code   RO          441    .text.FLEXCAN_GetStatusFlags  fsl_flexcan.o
    0x300072b2   0x300072b2   0x00000006   PAD
    0x300072b8   0x300072b8   0x000003ac   Code   RO          333    .text.FLEXCAN_Init  fsl_flexcan.o
    0x30007664   0x30007664   0x00000004   PAD
    0x30007668   0x30007668   0x00000058   Code   RO          357    .text.FLEXCAN_IsMbOccupied  fsl_flexcan.o
    0x300076c0   0x300076c0   0x000001ca   Code   RO          385    .text.FLEXCAN_ReadFDRxMb  fsl_flexcan.o
    0x3000788a   0x3000788a   0x00000006   PAD
    0x30007890   0x30007890   0x000000c8   Code   RO          387    .text.FLEXCAN_ReadRxFifo  fsl_flexcan.o
    0x30007958   0x30007958   0x00000152   Code   RO          383    .text.FLEXCAN_ReadRxMb  fsl_flexcan.o
    0x30007aaa   0x30007aaa   0x00000006   PAD
    0x30007ab0   0x30007ab0   0x00000104   Code   RO          339    .text.FLEXCAN_Reset  fsl_flexcan.o
    0x30007bb4   0x30007bb4   0x00000004   PAD
    0x30007bb8   0x30007bb8   0x00000122   Code   RO          365    .text.FLEXCAN_SetFDTxMbConfig  fsl_flexcan.o
    0x30007cda   0x30007cda   0x00000006   PAD
    0x30007ce0   0x30007ce0   0x00000144   Code   RO          369    .text.FLEXCAN_SetRxMbConfig  fsl_flexcan.o
    0x30007e24   0x30007e24   0x00000004   PAD
    0x30007e28   0x30007e28   0x000000b2   Code   RO          325    .text.FLEXCAN_SetTimingConfig  fsl_flexcan.o
    0x30007eda   0x30007eda   0x00000006   PAD
    0x30007ee0   0x30007ee0   0x000000c2   Code   RO          355    .text.FLEXCAN_SetTxMbConfig  fsl_flexcan.o
    0x30007fa2   0x30007fa2   0x00000006   PAD
    0x30007fa8   0x30007fa8   0x00000392   Code   RO          443    .text.FLEXCAN_SubHandlerForDataTransfered  fsl_flexcan.o
    0x3000833a   0x3000833a   0x00000006   PAD
    0x30008340   0x30008340   0x000000dc   Code   RO          435    .text.FLEXCAN_TransferAbortReceive  fsl_flexcan.o
    0x3000841c   0x3000841c   0x00000004   PAD
    0x30008420   0x30008420   0x00000062   Code   RO          437    .text.FLEXCAN_TransferAbortReceiveFifo  fsl_flexcan.o
    0x30008482   0x30008482   0x00000006   PAD
    0x30008488   0x30008488   0x00000102   Code   RO          427    .text.FLEXCAN_TransferAbortSend  fsl_flexcan.o
    0x3000858a   0x3000858a   0x00000006   PAD
    0x30008590   0x30008590   0x0000011a   Code   RO          403    .text.FLEXCAN_TransferCreateHandle  fsl_flexcan.o
    0x300086aa   0x300086aa   0x00000006   PAD
    0x300086b0   0x300086b0   0x000000de   Code   RO          433    .text.FLEXCAN_TransferFDAbortReceive  fsl_flexcan.o
    0x3000878e   0x3000878e   0x00000002   PAD
    0x30008790   0x30008790   0x0000010e   Code   RO          431    .text.FLEXCAN_TransferFDAbortSend  fsl_flexcan.o
    0x3000889e   0x3000889e   0x00000002   PAD
    0x300088a0   0x300088a0   0x000000da   Code   RO          405    .text.FLEXCAN_TransferHandleIRQ  fsl_flexcan.o
    0x3000897a   0x3000897a   0x00000006   PAD
    0x30008980   0x30008980   0x0000011c   Code   RO          417    .text.FLEXCAN_TransferReceiveNonBlocking  fsl_flexcan.o
    0x30008a9c   0x30008a9c   0x00000004   PAD
    0x30008aa0   0x30008aa0   0x00000158   Code   RO          413    .text.FLEXCAN_TransferSendNonBlocking  fsl_flexcan.o
    0x30008bf8   0x30008bf8   0x00000184   Code   RO          379    .text.FLEXCAN_WriteTxMb  fsl_flexcan.o
    0x30008d7c   0x30008d7c   0x00000004   PAD
    0x30008d80   0x30008d80   0x00000018   Code   RO           15    .text.GPT2_IRQHandler  flexcan_interrupt_transfer.o
    0x30008d98   0x30008d98   0x00000014   Code   RO           17    .text.GPT_ClearStatusFlags  flexcan_interrupt_transfer.o
    0x30008dac   0x30008dac   0x00000004   PAD
    0x30008db0   0x30008db0   0x00000014   Code   RO           29    .text.GPT_EnableInterrupts  flexcan_interrupt_transfer.o
    0x30008dc4   0x30008dc4   0x00000004   PAD
    0x30008dc8   0x30008dc8   0x00000058   Code   RO         1017    .text.GPT_GetDefaultConfig  fsl_gpt.o
    0x30008e20   0x30008e20   0x0000005a   Code   RO         1005    .text.GPT_GetInstance  fsl_gpt.o
    0x30008e7a   0x30008e7a   0x00000006   PAD
    0x30008e80   0x30008e80   0x0000009e   Code   RO         1001    .text.GPT_Init      fsl_gpt.o
    0x30008f1e   0x30008f1e   0x00000002   PAD
    0x30008f20   0x30008f20   0x00000040   Code   RO           25    .text.GPT_SetClockDivider  flexcan_interrupt_transfer.o
    0x30008f60   0x30008f60   0x00000040   Code   RO         1011    .text.GPT_SetClockDivider  fsl_gpt.o
    0x30008fa0   0x30008fa0   0x0000004e   Code   RO         1009    .text.GPT_SetClockSource  fsl_gpt.o
    0x30008fee   0x30008fee   0x00000002   PAD
    0x30008ff0   0x30008ff0   0x00000040   Code   RO           27    .text.GPT_SetOutputCompareValue  flexcan_interrupt_transfer.o
    0x30009030   0x30009030   0x00000022   Code   RO         1007    .text.GPT_SoftwareReset  fsl_gpt.o
    0x30009052   0x30009052   0x00000006   PAD
    0x30009058   0x30009058   0x00000012   Code   RO           33    .text.GPT_StartTimer  flexcan_interrupt_transfer.o
    0x3000906a   0x3000906a   0x00000006   PAD
    0x30009070   0x30009070   0x000000c6   Code   RO         1324    .text.GetSDOClientFromNodeId  sdo.o
    0x30009136   0x30009136   0x00000002   PAD
    0x30009138   0x30009138   0x000000c8   Code   RO         1182    .text.GuardTimeAlarm  lifegrd.o
    0x30009200   0x30009200   0x00000024   Code   RO         1053    .text.HAL_UartGetStatus  fsl_adapter_lpuart.o
    0x30009224   0x30009224   0x00000004   PAD
    0x30009228   0x30009228   0x000000c4   Code   RO         1045    .text.HAL_UartInit  fsl_adapter_lpuart.o
    0x300092ec   0x300092ec   0x00000004   PAD
    0x300092f0   0x300092f0   0x000000f4   Code   RO         1047    .text.HAL_UartInitCommon  fsl_adapter_lpuart.o
    0x300093e4   0x300093e4   0x00000004   PAD
    0x300093e8   0x300093e8   0x00000092   Code   RO         1051    .text.HAL_UartReceiveBlocking  fsl_adapter_lpuart.o
    0x3000947a   0x3000947a   0x00000006   PAD
    0x30009480   0x30009480   0x0000008c   Code   RO         1055    .text.HAL_UartSendBlocking  fsl_adapter_lpuart.o
    0x3000950c   0x3000950c   0x00000004   PAD
    0x30009510   0x30009510   0x00000034   Code   RO          198    .text.IOMUXC_MQSConfig  clock_config.o
    0x30009544   0x30009544   0x00000004   PAD
    0x30009548   0x30009548   0x00000024   Code   RO          142    .text.IOMUXC_SetPinConfig  pin_mux.o
    0x3000956c   0x3000956c   0x00000004   PAD
    0x30009570   0x30009570   0x00000038   Code   RO          140    .text.IOMUXC_SetPinMux  pin_mux.o
    0x300095a8   0x300095a8   0x000000ba   Code   RO          196    .text.IOMUXC_SetSaiMClkClockSource  clock_config.o
    0x30009662   0x30009662   0x00000006   PAD
    0x30009668   0x30009668   0x00000024   Code   RO          777    .text.LPUART10_DriverIRQHandler  fsl_lpuart.o
    0x3000968c   0x3000968c   0x00000004   PAD
    0x30009690   0x30009690   0x00000026   Code   RO          779    .text.LPUART11_DriverIRQHandler  fsl_lpuart.o
    0x300096b6   0x300096b6   0x00000002   PAD
    0x300096b8   0x300096b8   0x00000026   Code   RO          781    .text.LPUART12_DriverIRQHandler  fsl_lpuart.o
    0x300096de   0x300096de   0x00000002   PAD
    0x300096e0   0x300096e0   0x00000026   Code   RO          759    .text.LPUART1_DriverIRQHandler  fsl_lpuart.o
    0x30009706   0x30009706   0x00000002   PAD
    0x30009708   0x30009708   0x00000024   Code   RO          761    .text.LPUART2_DriverIRQHandler  fsl_lpuart.o
    0x3000972c   0x3000972c   0x00000004   PAD
    0x30009730   0x30009730   0x00000026   Code   RO          763    .text.LPUART3_DriverIRQHandler  fsl_lpuart.o
    0x30009756   0x30009756   0x00000002   PAD
    0x30009758   0x30009758   0x00000026   Code   RO          765    .text.LPUART4_DriverIRQHandler  fsl_lpuart.o
    0x3000977e   0x3000977e   0x00000002   PAD
    0x30009780   0x30009780   0x00000026   Code   RO          767    .text.LPUART5_DriverIRQHandler  fsl_lpuart.o
    0x300097a6   0x300097a6   0x00000002   PAD
    0x300097a8   0x300097a8   0x00000024   Code   RO          769    .text.LPUART6_DriverIRQHandler  fsl_lpuart.o
    0x300097cc   0x300097cc   0x00000004   PAD
    0x300097d0   0x300097d0   0x00000026   Code   RO          771    .text.LPUART7_DriverIRQHandler  fsl_lpuart.o
    0x300097f6   0x300097f6   0x00000002   PAD
    0x300097f8   0x300097f8   0x00000026   Code   RO          773    .text.LPUART8_DriverIRQHandler  fsl_lpuart.o
    0x3000981e   0x3000981e   0x00000002   PAD
    0x30009820   0x30009820   0x00000026   Code   RO          775    .text.LPUART9_DriverIRQHandler  fsl_lpuart.o
    0x30009846   0x30009846   0x00000002   PAD
    0x30009848   0x30009848   0x00000080   Code   RO          717    .text.LPUART_ClearStatusFlags  fsl_lpuart.o
    0x300098c8   0x300098c8   0x00000078   Code   RO          701    .text.LPUART_GetDefaultConfig  fsl_lpuart.o
    0x30009940   0x30009940   0x0000005a   Code   RO          687    .text.LPUART_GetInstance  fsl_lpuart.o
    0x3000999a   0x3000999a   0x00000006   PAD
    0x300099a0   0x300099a0   0x0000002e   Code   RO          715    .text.LPUART_GetStatusFlags  fsl_lpuart.o
    0x300099ce   0x300099ce   0x00000002   PAD
    0x300099d0   0x300099d0   0x0000036e   Code   RO          691    .text.LPUART_Init   fsl_lpuart.o
    0x30009d3e   0x30009d3e   0x00000002   PAD
    0x30009d40   0x30009d40   0x00000188   Code   RO          721    .text.LPUART_ReadBlocking  fsl_lpuart.o
    0x30009ec8   0x30009ec8   0x0000001c   Code   RO          695    .text.LPUART_SoftwareReset  fsl_lpuart.o
    0x30009ee4   0x30009ee4   0x00000004   PAD
    0x30009ee8   0x30009ee8   0x00000074   Code   RO          719    .text.LPUART_WriteBlocking  fsl_lpuart.o
    0x30009f5c   0x30009f5c   0x00000004   PAD
    0x30009f60   0x30009f60   0x00000094   Code   RO           85    .text.Master_scanIndexOD  master.o
    0x30009ff4   0x30009ff4   0x00000004   PAD
    0x30009ff8   0x30009ff8   0x00000032   Code   RO           83    .text.Master_valueRangeTest  master.o
    0x3000a02a   0x3000a02a   0x00000006   PAD
    0x3000a030   0x3000a030   0x00000018   Code   RO         1399    .text.OnCOB_ID_SyncUpdate  sync.o
    0x3000a048   0x3000a048   0x0000005e   Code   RO         1190    .text.OnHeartbeatProducerUpdate  lifegrd.o
    0x3000a0a6   0x3000a0a6   0x00000002   PAD
    0x3000a0a8   0x3000a0a8   0x0000001e   Code   RO         1184    .text.OnNodeGuardUpdate  lifegrd.o
    0x3000a0c6   0x3000a0c6   0x00000002   PAD
    0x3000a0c8   0x3000a0c8   0x00000056   Code   RO         1151    .text.OnNumberOfErrorsUpdate  emcy.o
    0x3000a11e   0x3000a11e   0x00000002   PAD
    0x3000a120   0x3000a120   0x0000003c   Code   RO         1265    .text.PDOEventTimerAlarm  pdo.o
    0x3000a15c   0x3000a15c   0x00000004   PAD
    0x3000a160   0x3000a160   0x00000040   Code   RO         1273    .text.PDOInhibitTimerAlarm  pdo.o
    0x3000a1a0   0x3000a1a0   0x00000090   Code   RO         1281    .text.PDOInit       pdo.o
    0x3000a230   0x3000a230   0x000000ce   Code   RO         1283    .text.PDOStop       pdo.o
    0x3000a2fe   0x3000a2fe   0x00000002   PAD
    0x3000a300   0x3000a300   0x0000016a   Code   RO          890    .text.PMU_EnableBodyBias  fsl_pmu.o
    0x3000a46a   0x3000a46a   0x00000006   PAD
    0x3000a470   0x3000a470   0x000000be   Code   RO          840    .text.PMU_StaticEnableLpsrAnaLdoBypassMode  fsl_pmu.o
    0x3000a52e   0x3000a52e   0x00000002   PAD
    0x3000a530   0x3000a530   0x000000a8   Code   RO          850    .text.PMU_StaticEnableLpsrDigLdoBypassMode  fsl_pmu.o
    0x3000a5d8   0x3000a5d8   0x0000004a   Code   RO          834    .text.PMU_StaticEnablePllLdo  fsl_pmu.o
    0x3000a622   0x3000a622   0x0000000e   PAD
    0x3000a630   0x3000a630   0x00000064   Code   RO         1868    .text.PendSV_Handler  port.o
    0x3000a694   0x3000a694   0x00000004   PAD
    0x3000a698   0x3000a698   0x00000064   Code   RO         1180    .text.ProducerHeartbeatAlarm  lifegrd.o
    0x3000a6fc   0x3000a6fc   0x00000004   PAD
    0x3000a700   0x3000a700   0x0000004c   Code   RO         1246    .text.RegisterSetODentryCallBack  objacces.o
    0x3000a74c   0x3000a74c   0x00000004   PAD
    0x3000a750   0x3000a750   0x00000098   Code   RO          675    .text.SDK_DelayAtLeastUs  fsl_common_arm.o
    0x3000a7e8   0x3000a7e8   0x00000106   Code   RO         1296    .text.SDOTimeoutAlarm  sdo.o
    0x3000a8ee   0x3000a8ee   0x00000002   PAD
    0x3000a8f0   0x3000a8f0   0x00000084   Code   RO         1304    .text.SDOlineToObjdict  sdo.o
    0x3000a974   0x3000a974   0x00000004   PAD
    0x3000a978   0x3000a978   0x000000a2   Code   RO         1310    .text.SDOtoLine     sdo.o
    0x3000aa1a   0x3000aa1a   0x00000006   PAD
    0x3000aa20   0x3000aa20   0x00000024   Code   RO         1852    .text.SVC_Handler   port.o
    0x3000aa44   0x3000aa44   0x00000004   PAD
    0x3000aa48   0x3000aa48   0x0000014e   Code   RO         1420    .text.SetAlarm      timer.o
    0x3000ab96   0x3000ab96   0x00000002   PAD
    0x3000ab98   0x3000ab98   0x00000012   Code   RO         1395    .text.SyncAlarm     sync.o
    0x3000abaa   0x3000abaa   0x00000006   PAD
    0x3000abb0   0x3000abb0   0x00000040   Code   RO         1870    .text.SysTick_Handler  port.o
    0x3000abf0   0x3000abf0   0x000001ba   Code   RO         1031    .text.SystemInit    system_mimxrt1176_cm7.o
    0x3000adaa   0x3000adaa   0x00000006   PAD
    0x3000adb0   0x3000adb0   0x00000002   Code   RO         1033    .text.SystemInitHook  system_mimxrt1176_cm7.o
    0x3000adb2   0x3000adb2   0x00000006   PAD
    0x3000adb8   0x3000adb8   0x000000d0   Code   RO         1279    .text.TPDO_Communication_Parameter_Callback  pdo.o
    0x3000ae88   0x3000ae88   0x00000152   Code   RO         1424    .text.TimeDispatch  timer.o
    0x3000afda   0x3000afda   0x00000006   PAD
    0x3000afe0   0x3000afe0   0x0000000a   Code   RO         1277    .text._RxPDO_EventTimers_Handler  pdo.o
    0x3000afea   0x3000afea   0x00000006   PAD
    0x3000aff0   0x3000aff0   0x00000030   Code   RO           41    .text.__NVIC_EnableIRQ  flexcan_interrupt_transfer.o
    0x3000b020   0x3000b020   0x00000030   Code   RO          457    .text.__NVIC_EnableIRQ  fsl_flexcan.o
    0x3000b050   0x3000b050   0x00000020   Code   RO          304    .text.__aeabi_assert  fsl_assert.o
    0x3000b070   0x3000b070   0x0000017a   Code   RO         1242    .text._getODentry   objacces.o
    0x3000b1ea   0x3000b1ea   0x00000006   PAD
    0x3000b1f0   0x3000b1f0   0x0000000c   Code   RO         1200    .text._heartbeatError  lifegrd.o
    0x3000b1fc   0x3000b1fc   0x00000004   PAD
    0x3000b200   0x3000b200   0x00000008   Code   RO         1375    .text._initialisation  states.o
    0x3000b208   0x3000b208   0x0000000c   Code   RO         1206    .text._nodeguardError  lifegrd.o
    0x3000b214   0x3000b214   0x00000004   PAD
    0x3000b218   0x3000b218   0x00000008   Code   RO         1379    .text._operational  states.o
    0x3000b220   0x3000b220   0x0000000c   Code   RO         1202    .text._post_SlaveBootup  lifegrd.o
    0x3000b22c   0x3000b22c   0x00000004   PAD
    0x3000b230   0x3000b230   0x00000010   Code   RO         1204    .text._post_SlaveStateChange  lifegrd.o
    0x3000b240   0x3000b240   0x00000008   Code   RO         1411    .text._post_TPDO    sync.o
    0x3000b248   0x3000b248   0x00000018   Code   RO         1165    .text._post_emcy    emcy.o
    0x3000b260   0x3000b260   0x00000008   Code   RO         1409    .text._post_sync    sync.o
    0x3000b268   0x3000b268   0x00000020   Code   RO         1377    .text._preOperational  states.o
    0x3000b288   0x3000b288   0x000001f4   Code   RO         1344    .text._readNetworkDict  sdo.o
    0x3000b47c   0x3000b47c   0x00000004   PAD
    0x3000b480   0x3000b480   0x0000025c   Code   RO         1269    .text._sendPDOevent  pdo.o
    0x3000b6dc   0x3000b6dc   0x00000004   PAD
    0x3000b6e0   0x3000b6e0   0x00000202   Code   RO         1244    .text._setODentry   objacces.o
    0x3000b8e2   0x3000b8e2   0x00000006   PAD
    0x3000b8e8   0x3000b8e8   0x00000008   Code   RO         1381    .text._stopped      states.o
    0x3000b8f0   0x3000b8f0   0x00000012   Code   RO         1248    .text._storeODSubIndex  objacces.o
    0x3000b902   0x3000b902   0x00000006   PAD
    0x3000b908   0x3000b908   0x000002a8   Code   RO         1336    .text._writeNetworkDict  sdo.o
    0x3000bbb0   0x3000bbb0   0x00000018   Code   RO         1240    .text.accessDictionaryError  objacces.o
    0x3000bbc8   0x3000bbc8   0x0000014a   Code   RO         1257    .text.buildPDO      pdo.o
    0x3000bd12   0x3000bd12   0x00000006   PAD
    0x3000bd18   0x3000bd18   0x000000c6   Code   RO         1365    .text.canDispatch   states.o
    0x3000bdde   0x3000bdde   0x00000002   PAD
    0x3000bde0   0x3000bde0   0x000000e6   Code   RO           13    .text.canSend       flexcan_interrupt_transfer.o
    0x3000bec6   0x3000bec6   0x00000002   PAD
    0x3000bec8   0x3000bec8   0x0000002a   Code   RO         1153    .text.emergencyInit  emcy.o
    0x3000bef2   0x3000bef2   0x00000006   PAD
    0x3000bef8   0x3000bef8   0x00000008   Code   RO         1155    .text.emergencyStop  emcy.o
    0x3000bf00   0x3000bf00   0x000000fa   Code   RO         1312    .text.failedSDO     sdo.o
    0x3000bffa   0x3000bffa   0x00000006   PAD
    0x3000c000   0x3000c000   0x00000080   Code   RO           39    .text.flexcan_callback  flexcan_interrupt_transfer.o
    0x3000c080   0x3000c080   0x0000002e   Code   RO          455    .text.flexcan_memset  fsl_flexcan.o
    0x3000c0ae   0x3000c0ae   0x00000002   PAD
    0x3000c0b0   0x3000c0b0   0x0000000a   Code   RO           11    .text.getElapsedTime  flexcan_interrupt_transfer.o
    0x3000c0ba   0x3000c0ba   0x00000006   PAD
    0x3000c0c0   0x3000c0c0   0x0000000e   Code   RO         1371    .text.getNodeId     states.o
    0x3000c0ce   0x3000c0ce   0x00000002   PAD
    0x3000c0d0   0x3000c0d0   0x00000184   Code   RO         1352    .text.getReadResultNetworkDict  sdo.o
    0x3000c254   0x3000c254   0x00000004   PAD
    0x3000c258   0x3000c258   0x00000072   Code   RO         1318    .text.getSDOfreeLine  sdo.o
    0x3000c2ca   0x3000c2ca   0x00000006   PAD
    0x3000c2d0   0x3000c2d0   0x000000b4   Code   RO         1314    .text.getSDOlineOnUse  sdo.o
    0x3000c384   0x3000c384   0x00000004   PAD
    0x3000c388   0x3000c388   0x00000042   Code   RO         1326    .text.getSDOlineRestBytes  sdo.o
    0x3000c3ca   0x3000c3ca   0x00000006   PAD
    0x3000c3d0   0x3000c3d0   0x000000ba   Code   RO         1354    .text.getWriteResultNetworkDict  sdo.o
    0x3000c48a   0x3000c48a   0x00000006   PAD
    0x3000c490   0x3000c490   0x000000d2   Code   RO         1192    .text.heartbeatInit  lifegrd.o
    0x3000c562   0x3000c562   0x00000006   PAD
    0x3000c568   0x3000c568   0x00000062   Code   RO         1194    .text.heartbeatStop  lifegrd.o
    0x3000c5ca   0x3000c5ca   0x00000006   PAD
    0x3000c5d0   0x3000c5d0   0x000001a0   Code   RO         1316    .text.initSDOline   sdo.o
    0x3000c770   0x3000c770   0x00000016   Code   RO         1196    .text.lifeGuardInit  lifegrd.o
    0x3000c786   0x3000c786   0x00000002   PAD
    0x3000c788   0x3000c788   0x00000016   Code   RO         1198    .text.lifeGuardStop  lifegrd.o
    0x3000c79e   0x3000c79e   0x00000002   PAD
    0x3000c7a0   0x3000c7a0   0x000000c2   Code   RO         1308    .text.lineToSDO     sdo.o
    0x3000c862   0x3000c862   0x00000006   PAD
    0x3000c868   0x3000c868   0x00000054   Code   RO           19    .text.main          flexcan_interrupt_transfer.o
    0x3000c8bc   0x3000c8bc   0x00000004   PAD
    0x3000c8c0   0x3000c8c0   0x0000003c   Code   RO         1218    .text.masterSendNMTnodeguard  nmtmaster.o
    0x3000c8fc   0x3000c8fc   0x00000004   PAD
    0x3000c900   0x3000c900   0x00000040   Code   RO         1216    .text.masterSendNMTstateChange  nmtmaster.o
    0x3000c940   0x3000c940   0x000000d6   Code   RO         1188    .text.nodeguardInit  lifegrd.o
    0x3000ca16   0x3000ca16   0x00000002   PAD
    0x3000ca18   0x3000ca18   0x0000001a   Code   RO         1186    .text.nodeguardStop  lifegrd.o
    0x3000ca32   0x3000ca32   0x00000006   PAD
    0x3000ca38   0x3000ca38   0x0000007a   Code   RO         1306    .text.objdictToSDOline  sdo.o
    0x3000cab2   0x3000cab2   0x00000006   PAD
    0x3000cab8   0x3000cab8   0x0000005e   Code   RO         1163    .text.proceedEMCY   emcy.o
    0x3000cb16   0x3000cb16   0x00000002   PAD
    0x3000cb18   0x3000cb18   0x00000140   Code   RO         1229    .text.proceedNMTstateChange  nmtslave.o
    0x3000cc58   0x3000cc58   0x000001c2   Code   RO         1178    .text.proceedNODE_GUARD  lifegrd.o
    0x3000ce1a   0x3000ce1a   0x00000006   PAD
    0x3000ce20   0x3000ce20   0x0000044e   Code   RO         1263    .text.proceedPDO    pdo.o
    0x3000d26e   0x3000d26e   0x00000002   PAD
    0x3000d270   0x3000d270   0x00002c26   Code   RO         1332    .text.proceedSDO    sdo.o
    0x3000fe96   0x3000fe96   0x00000002   PAD
    0x3000fe98   0x3000fe98   0x00000046   Code   RO         1407    .text.proceedSYNC   sync.o
    0x3000fede   0x3000fede   0x00000002   PAD
    0x3000fee0   0x3000fee0   0x0000011a   Code   RO         1639    .text.prvAddCurrentTaskToDelayedList  tasks.o
    0x3000fffa   0x3000fffa   0x00000006   PAD
    0x30010000   0x30010000   0x00000154   Code   RO         1627    .text.prvAddNewTaskToReadyList  tasks.o
    0x30010154   0x30010154   0x00000004   PAD
    0x30010158   0x30010158   0x0000008c   Code   RO         1779    .text.prvCheckForValidListAndQueue  timers.o
    0x300101e4   0x300101e4   0x00000004   PAD
    0x300101e8   0x300101e8   0x0000005a   Code   RO         1745    .text.prvCheckTasksWaitingTermination  tasks.o
    0x30010242   0x30010242   0x00000006   PAD
    0x30010248   0x30010248   0x00000042   Code   RO         1522    .text.prvCopyDataFromQueue  queue.o
    0x3001028a   0x3001028a   0x00000006   PAD
    0x30010290   0x30010290   0x00000018   Code   RO         1633    .text.prvDeleteTCB  tasks.o
    0x300102a8   0x300102a8   0x00000040   Code   RO         1817    .text.prvGetNextExpireTime  timers.o
    0x300102e8   0x300102e8   0x000000ae   Code   RO         1886    .text.prvHeapInit   heap_4.o
    0x30010396   0x30010396   0x00000002   PAD
    0x30010398   0x30010398   0x00000038   Code   RO         1665    .text.prvIdleTask   tasks.o
    0x300103d0   0x300103d0   0x00000048   Code   RO         1494    .text.prvInitialiseNewQueue  queue.o
    0x30010418   0x30010418   0x0000012c   Code   RO         1625    .text.prvInitialiseNewTask  tasks.o
    0x30010544   0x30010544   0x00000004   PAD
    0x30010548   0x30010548   0x0000008e   Code   RO         1743    .text.prvInitialiseTaskLists  tasks.o
    0x300105d6   0x300105d6   0x00000002   PAD
    0x300105d8   0x300105d8   0x000000c6   Code   RO         1888    .text.prvInsertBlockIntoFreeList  heap_4.o
    0x3001069e   0x3001069e   0x00000002   PAD
    0x300106a0   0x300106a0   0x00000086   Code   RO         1831    .text.prvInsertTimerInActiveList  timers.o
    0x30010726   0x30010726   0x00000002   PAD
    0x30010728   0x30010728   0x00000028   Code   RO         1524    .text.prvIsQueueEmpty  queue.o
    0x30010750   0x30010750   0x00000028   Code   RO         1860    .text.prvPortStartFirstTask  port.o
    0x30010778   0x30010778   0x00000054   Code   RO         1825    .text.prvProcessExpiredTimer  timers.o
    0x300107cc   0x300107cc   0x00000004   PAD
    0x300107d0   0x300107d0   0x00000188   Code   RO         1821    .text.prvProcessReceivedCommands  timers.o
    0x30010958   0x30010958   0x0000009a   Code   RO         1819    .text.prvProcessTimerOrBlockTask  timers.o
    0x300109f2   0x300109f2   0x00000006   PAD
    0x300109f8   0x300109f8   0x00000034   Code   RO         1829    .text.prvReloadTimer  timers.o
    0x30010a2c   0x30010a2c   0x00000004   PAD
    0x30010a30   0x30010a30   0x0000003c   Code   RO         1631    .text.prvResetNextTaskUnblockTime  tasks.o
    0x30010a6c   0x30010a6c   0x00000004   PAD
    0x30010a70   0x30010a70   0x00000044   Code   RO         1823    .text.prvSampleTimeNow  timers.o
    0x30010ab4   0x30010ab4   0x00000004   PAD
    0x30010ab8   0x30010ab8   0x00000052   Code   RO         1827    .text.prvSwitchTimerLists  timers.o
    0x30010b0a   0x30010b0a   0x00000006   PAD
    0x30010b10   0x30010b10   0x00000054   Code   RO         1850    .text.prvTaskExitError  port.o
    0x30010b64   0x30010b64   0x00000004   PAD
    0x30010b68   0x30010b68   0x0000001e   Code   RO         1781    .text.prvTimerTask  timers.o
    0x30010b86   0x30010b86   0x00000002   PAD
    0x30010b88   0x30010b88   0x000000ae   Code   RO         1514    .text.prvUnlockQueue  queue.o
    0x30010c36   0x30010c36   0x00000002   PAD
    0x30010c38   0x30010c38   0x000001d0   Code   RO         1884    .text.pvPortMalloc  heap_4.o
    0x30010e08   0x30010e08   0x0000005e   Code   RO         1848    .text.pxPortInitialiseStack  port.o
    0x30010e66   0x30010e66   0x00000002   PAD
    0x30010e68   0x30010e68   0x00000052   Code   RO         1346    .text.readNetworkDict  sdo.o
    0x30010eba   0x30010eba   0x00000006   PAD
    0x30010ec0   0x30010ec0   0x00000034   Code   RO         1302    .text.resetSDO      sdo.o
    0x30010ef4   0x30010ef4   0x00000004   PAD
    0x30010ef8   0x30010ef8   0x00000070   Code   RO         1300    .text.resetSDOline  sdo.o
    0x30010f68   0x30010f68   0x000001e6   Code   RO         1271    .text.sendOnePDOevent  pdo.o
    0x3001114e   0x3001114e   0x00000002   PAD
    0x30011150   0x30011150   0x0000003c   Code   RO         1275    .text.sendPdo       pdo.o
    0x3001118c   0x3001118c   0x00000004   PAD
    0x30011190   0x30011190   0x00000124   Code   RO         1330    .text.sendSDO       sdo.o
    0x300112b4   0x300112b4   0x00000004   PAD
    0x300112b8   0x300112b8   0x00000078   Code   RO         1298    .text.sendSDOabort  sdo.o
    0x30011330   0x30011330   0x0000001e   Code   RO         1397    .text.sendSYNC      sync.o
    0x3001134e   0x3001134e   0x00000002   PAD
    0x30011350   0x30011350   0x0000002c   Code   RO         1405    .text.sendSYNCMessage  sync.o
    0x3001137c   0x3001137c   0x00000004   PAD
    0x30011380   0x30011380   0x000002f4   Code   RO         1373    .text.setNodeId     states.o
    0x30011674   0x30011674   0x00000004   PAD
    0x30011678   0x30011678   0x0000003a   Code   RO         1328    .text.setSDOlineRestBytes  sdo.o
    0x300116b2   0x300116b2   0x00000006   PAD
    0x300116b8   0x300116b8   0x00000132   Code   RO         1369    .text.setState      states.o
    0x300117ea   0x300117ea   0x00000006   PAD
    0x300117f0   0x300117f0   0x0000001c   Code   RO            9    .text.setTimer      flexcan_interrupt_transfer.o
    0x3001180c   0x3001180c   0x00000004   PAD
    0x30011810   0x30011810   0x0000003c   Code   RO         1231    .text.slaveSendBootUp  nmtslave.o
    0x3001184c   0x3001184c   0x00000004   PAD
    0x30011850   0x30011850   0x00000082   Code   RO         1401    .text.startSYNC     sync.o
    0x300118d2   0x300118d2   0x00000006   PAD
    0x300118d8   0x300118d8   0x00000038   Code   RO         1403    .text.stopSYNC      sync.o
    0x30011910   0x30011910   0x000001bc   Code   RO         1367    .text.switchCommunicationState  states.o
    0x30011acc   0x30011acc   0x00000004   PAD
    0x30011ad0   0x30011ad0   0x00000048   Code   RO         1481    .text.uxListRemove  list.o
    0x30011b18   0x30011b18   0x0000002e   Code   RO         1473    .text.vListInitialise  list.o
    0x30011b46   0x30011b46   0x00000002   PAD
    0x30011b48   0x30011b48   0x0000000e   Code   RO         1475    .text.vListInitialiseItem  list.o
    0x30011b56   0x30011b56   0x00000002   PAD
    0x30011b58   0x30011b58   0x0000006a   Code   RO         1479    .text.vListInsert   list.o
    0x30011bc2   0x30011bc2   0x00000006   PAD
    0x30011bc8   0x30011bc8   0x0000003a   Code   RO         1477    .text.vListInsertEnd  list.o
    0x30011c02   0x30011c02   0x00000006   PAD
    0x30011c08   0x30011c08   0x00000014   Code   RO         1858    .text.vPortEnableVFP  port.o
    0x30011c1c   0x30011c1c   0x00000004   PAD
    0x30011c20   0x30011c20   0x0000005e   Code   RO         1864    .text.vPortEnterCritical  port.o
    0x30011c7e   0x30011c7e   0x00000002   PAD
    0x30011c80   0x30011c80   0x0000004e   Code   RO         1866    .text.vPortExitCritical  port.o
    0x30011cce   0x30011cce   0x00000002   PAD
    0x30011cd0   0x30011cd0   0x000000c2   Code   RO         1890    .text.vPortFree     heap_4.o
    0x30011d92   0x30011d92   0x00000006   PAD
    0x30011d98   0x30011d98   0x00000044   Code   RO         1856    .text.vPortSetupTimerInterrupt  port.o
    0x30011ddc   0x30011ddc   0x00000004   PAD
    0x30011de0   0x30011de0   0x000000ba   Code   RO         1554    .text.vQueueAddToRegistry  queue.o
    0x30011e9a   0x30011e9a   0x00000006   PAD
    0x30011ea0   0x30011ea0   0x00000064   Code   RO         1558    .text.vQueueWaitForMessageRestricted  queue.o
    0x30011f04   0x30011f04   0x00000004   PAD
    0x30011f08   0x30011f08   0x00000158   Code   RO         1629    .text.vTaskDelete   tasks.o
    0x30012060   0x30012060   0x00000024   Code   RO         1697    .text.vTaskInternalSetTimeOutState  tasks.o
    0x30012084   0x30012084   0x00000004   PAD
    0x30012088   0x30012088   0x0000000e   Code   RO         1701    .text.vTaskMissedYield  tasks.o
    0x30012096   0x30012096   0x00000002   PAD
    0x30012098   0x30012098   0x00000046   Code   RO         1685    .text.vTaskPlaceOnEventList  tasks.o
    0x300120de   0x300120de   0x00000002   PAD
    0x300120e0   0x300120e0   0x00000080   Code   RO         1689    .text.vTaskPlaceOnEventListRestricted  tasks.o
    0x30012160   0x30012160   0x000000ba   Code   RO         1663    .text.vTaskStartScheduler  tasks.o
    0x3001221a   0x3001221a   0x00000006   PAD
    0x30012220   0x30012220   0x00000010   Code   RO         1637    .text.vTaskSuspendAll  tasks.o
    0x30012230   0x30012230   0x000000c2   Code   RO         1655    .text.vTaskSwitchContext  tasks.o
    0x300122f2   0x300122f2   0x00000006   PAD
    0x300122f8   0x300122f8   0x0000006a   Code   RO         1338    .text.writeNetworkDict  sdo.o
    0x30012362   0x30012362   0x00000006   PAD
    0x30012368   0x30012368   0x000000fe   Code   RO         1854    .text.xPortStartScheduler  port.o
    0x30012466   0x30012466   0x00000002   PAD
    0x30012468   0x30012468   0x0000009e   Code   RO         1492    .text.xQueueGenericCreate  queue.o
    0x30012506   0x30012506   0x00000002   PAD
    0x30012508   0x30012508   0x00000110   Code   RO         1490    .text.xQueueGenericReset  queue.o
    0x30012618   0x30012618   0x000001e8   Code   RO         1520    .text.xQueueReceive  queue.o
    0x30012800   0x30012800   0x000000da   Code   RO         1699    .text.xTaskCheckForTimeOut  tasks.o
    0x300128da   0x300128da   0x00000006   PAD
    0x300128e0   0x300128e0   0x000000a2   Code   RO         1623    .text.xTaskCreate   tasks.o
    0x30012982   0x30012982   0x00000006   PAD
    0x30012988   0x30012988   0x00000038   Code   RO         1717    .text.xTaskGetSchedulerState  tasks.o
    0x300129c0   0x300129c0   0x00000014   Code   RO         1671    .text.xTaskGetTickCount  tasks.o
    0x300129d4   0x300129d4   0x00000004   PAD
    0x300129d8   0x300129d8   0x0000023a   Code   RO         1669    .text.xTaskIncrementTick  tasks.o
    0x30012c12   0x30012c12   0x00000006   PAD
    0x30012c18   0x30012c18   0x00000190   Code   RO         1691    .text.xTaskRemoveFromEventList  tasks.o
    0x30012da8   0x30012da8   0x00000226   Code   RO         1641    .text.xTaskResumeAll  tasks.o
    0x30012fce   0x30012fce   0x00000002   PAD
    0x30012fd0   0x30012fd0   0x0000006e   Code   RO         1777    .text.xTimerCreateTimerTask  timers.o
    0x3001303e   0x3001303e   0x0000000e   Code   RO         2029    i.__scatterload_copy  mc_w.l(handlers.o)
    0x3001304c   0x3001304c   0x00000002   Code   RO         2030    i.__scatterload_null  mc_w.l(handlers.o)
    0x3001304e   0x3001304e   0x0000000e   Code   RO         2031    i.__scatterload_zeroinit  mc_w.l(handlers.o)
    0x3001305c   0x3001305c   0x00000002   Data   RO          124    .rodata.Master_ObjdictSize  master.o
    0x3001305e   0x3001305e   0x0000000c   Data   RO          122    .rodata.Master_firstIndex  master.o
    0x3001306a   0x3001306a   0x00000001   Data   RO           88    .rodata.Master_iam_a_slave  master.o
    0x3001306b   0x3001306b   0x00000001   PAD
    0x3001306c   0x3001306c   0x0000000c   Data   RO          123    .rodata.Master_lastIndex  master.o
    0x30013078   0x30013078   0x00000028   Data   RO          120    .rodata.Master_objdict  master.o
    0x300130a0   0x300130a0   0x00000008   Data   RO          208    .rodata.armPllConfig_BOARD_BootClockRUN  clock_config.o
    0x300130a8   0x300130a8   0x00000034   Data   RO         1062    .rodata.s_LpuartAdapterBase  fsl_adapter_lpuart.o
    0x300130dc   0x300130dc   0x00000278   Data   RO           73    .rodata.s_clockSourceName  flexcan_interrupt_transfer.o
    0x30013354   0x30013354   0x00000278   Data   RO          174    .rodata.s_clockSourceName  board.o
    0x300135cc   0x300135cc   0x00000278   Data   RO          215    .rodata.s_clockSourceName  clock_config.o
    0x30013844   0x30013844   0x00000278   Data   RO          652    .rodata.s_clockSourceName  fsl_clock.o
    0x30013abc   0x30013abc   0x00000010   Data   RO          459    .rodata.s_flexcanBases  fsl_flexcan.o
    0x30013acc   0x30013acc   0x00000008   Data   RO          468    .rodata.s_flexcanBusOffIRQ  fsl_flexcan.o
    0x30013ad4   0x30013ad4   0x00000004   Data   RO          461    .rodata.s_flexcanClock  fsl_flexcan.o
    0x30013ad8   0x30013ad8   0x00000008   Data   RO          467    .rodata.s_flexcanErrorIRQ  fsl_flexcan.o
    0x30013ae0   0x30013ae0   0x00000008   Data   RO          469    .rodata.s_flexcanMbIRQ  fsl_flexcan.o
    0x30013ae8   0x30013ae8   0x00000008   Data   RO          464    .rodata.s_flexcanRxWarningIRQ  fsl_flexcan.o
    0x30013af0   0x30013af0   0x00000008   Data   RO          465    .rodata.s_flexcanTxWarningIRQ  fsl_flexcan.o
    0x30013af8   0x30013af8   0x00000008   Data   RO          466    .rodata.s_flexcanWakeUpIRQ  fsl_flexcan.o
    0x30013b00   0x30013b00   0x0000001c   Data   RO         1023    .rodata.s_gptBases  fsl_gpt.o
    0x30013b1c   0x30013b1c   0x00000007   Data   RO         1022    .rodata.s_gptClocks  fsl_gpt.o
    0x30013b23   0x30013b23   0x00000001   PAD
    0x30013b24   0x30013b24   0x00000034   Data   RO          795    .rodata.s_lpuartBases  fsl_lpuart.o
    0x30013b58   0x30013b58   0x0000000d   Data   RO          797    .rodata.s_lpuartClock  fsl_lpuart.o
    0x30013b65   0x30013b65   0x000003d9   Data   RO           60    .rodata.str1.1      flexcan_interrupt_transfer.o
    0x30013f3e   0x30013f3e   0x00000045   Data   RO          173    .rodata.str1.1      board.o
    0x30013f83   0x30013f83   0x0000002b   Data   RO          306    .rodata.str1.1      fsl_assert.o
    0x30013fae   0x30013fae   0x000004f6   Data   RO          460    .rodata.str1.1      fsl_flexcan.o
    0x300144a4   0x300144a4   0x0000022b   Data   RO          651    .rodata.str1.1      fsl_clock.o
    0x300146cf   0x300146cf   0x00000092   Data   RO          679    .rodata.str1.1      fsl_common_arm.o
    0x30014761   0x30014761   0x000001c4   Data   RO          796    .rodata.str1.1      fsl_lpuart.o
    0x30014925   0x30014925   0x0000006f   Data   RO         1021    .rodata.str1.1      fsl_gpt.o
    0x30014994   0x30014994   0x000000bd   Data   RO         1061    .rodata.str1.1      fsl_adapter_lpuart.o
    0x30014a51   0x30014a51   0x00000005   Data   RO         1763    .rodata.str1.1      tasks.o
    0x30014a56   0x30014a56   0x0000000d   Data   RO         1834    .rodata.str1.1      timers.o
    0x30014a63   0x30014a63   0x00000001   PAD
    0x30014a64   0x30014a64   0x0000000c   Data   RO          209    .rodata.sysPll2Config_BOARD_BootClockRUN  clock_config.o
    0x30014a70   0x30014a70   0x00000004   Data   RO         1748    .rodata.uxTopUsedPriority  tasks.o
    0x30014a74   0x30014a74   0x00000014   Data   RO          210    .rodata.videoPllConfig_BOARD_BootClockRUN  clock_config.o
    0x30014a88   0x30014a88   0x00000020   Data   RO         2028    Region$$Table       anon$$obj.o



  Load Region LR_CORE1_IMAGE (Base: 0x30fc0000, Size: 0x00000000, Max: 0xffffffff, ABSOLUTE)

    Execution Region CORE1_REGION (Exec base: 0x30fc0000, Load base: 0x30fc0000, Size: 0x00000000, Max: 0x00040000, ABSOLUTE)

    **** No section assigned to this execution region ****


==============================================================================

Image component sizes


      Code (inc. data)   RO Data    RW Data    ZI Data      Debug   Object Name

      1234          0        701          0          0      10917   board.o
      2996          0        672          0          0      47487   clock_config.o
       254          0          0          0          0       7602   emcy.o
         0          0        512          0          0       2652   evkmimxrt1170_flexspi_nor_config.o
      3868          0       1617          4       1017      26631   flexcan_interrupt_transfer.o
       762          0        241          0          0       6151   fsl_adapter_lpuart.o
      1708         14          0          0          0       8867   fsl_anatop_ai.o
        32          0         43          0          0        844   fsl_assert.o
      4772         52       1187          0          0      40601   fsl_clock.o
       170          0        146          0          0       2356   fsl_common_arm.o
        78          0          0          0          0      18911   fsl_dcdc.o
      1536         20          0          0         20       6965   fsl_debug_console.o
      8972          4       1338          4         16      47118   fsl_flexcan.o
         0          0         48          0          0       1034   fsl_flexspi_nor_boot.o
       654          0        146          0          0       9704   fsl_gpt.o
      2390          0        517         52         52      32337   fsl_lpuart.o
       794          0          0          0          0      18381   fsl_pmu.o
      1030          0          0          0      10268       4633   heap_4.o
      1590          0          0          0          0       9279   lifegrd.o
       296          0          0          0          0       2232   list.o
       198          0         67       1447         47       7593   master.o
       124          0          0          0          0       5979   nmtmaster.o
       380          0          0          0          0       5996   nmtslave.o
      1010          0          0          0          0       7400   objacces.o
      3648          0          0          0          0      12234   pdo.o
       672          0          0          0          0       8059   pin_mux.o
       932         16          0          4          5       3756   port.o
      1556          0          0          0         64      15711   queue.o
     15974         14          0          0          0      24052   sdo.o
       724        356       1024          0          0       3605   startup_mimxrt1176_cm7.o
      1774         16          0          0          0       8143   states.o
       388          0          0          0          0       6629   sync.o
       444          0          0          4          0       4721   system_mimxrt1176_cm7.o
      4258          0          9          0        260      24846   tasks.o
       758          0          0          6        192       6907   timer.o
      1310         10         13          0         60       9553   timers.o

    ----------------------------------------------------------------------
     68250        514       8316       1532     538360     459886   Object Totals
         0          0         32          0     526336          0   (incl. Generated)
       964         12          3         11         23          0   (incl. Padding)

    ----------------------------------------------------------------------

      Code (inc. data)   RO Data    RW Data    ZI Data      Debug   Library Member Name

        86          0          0          0          0          0   __dczerorl2.o
         0          0          0          0          0          0   entry.o
         0          0          0          0          0          0   entry10a.o
         0          0          0          0          0          0   entry11a.o
         8          4          0          0          0          0   entry4.o
         4          0          0          0          0          0   entry5.o
         0          0          0          0          0          0   entry7b.o
         0          0          0          0          0          0   entry8b.o
         8          4          0          0          0          0   entry9a.o
        30          0          0          0          0          0   handlers.o
        48         10          0          0          0         68   init.o
        30          0          0          0          0         68   llshl.o
        32          0          0          0          0         68   llushr.o
        26          0          0          0          0         80   memcmp.o
        40          0          0          0          0         76   memcpy.o
        18          0          0          0          0         76   memset.o
        14          0          0          0          0         68   strlen.o
        98          0          0          0          0         92   uldiv.o

    ----------------------------------------------------------------------
       450         18          0          0          0        596   Library Totals
         8          0          0          0          0          0   (incl. Padding)

    ----------------------------------------------------------------------

      Code (inc. data)   RO Data    RW Data    ZI Data      Debug   Library Name

       442         18          0          0          0        596   mc_w.l

    ----------------------------------------------------------------------
       450         18          0          0          0        596   Library Totals

    ----------------------------------------------------------------------

==============================================================================


      Code (inc. data)   RO Data    RW Data    ZI Data      Debug   

     68700        532       8316       1532     538360     459918   Grand Totals
     68700        532       8316        264     538360     459918   ELF Image Totals (compressed)
     68700        532       8316        264          0          0   ROM Totals

==============================================================================

    Total RO  Size (Code + RO Data)                77016 (  75.21kB)
    Total RW  Size (RW Data + ZI Data)            539892 ( 527.24kB)
    Total ROM Size (Code + RO Data + RW Data)      77280 (  75.47kB)

==============================================================================

