<html>
<body>
<pre>
<h1>µVision Build Log</h1>
<h2>Tool Versions:</h2>
IDE-Version: ¦ÌVision V5.41.0.0
Copyright (C) 2024 ARM Ltd and ARM Germany GmbH. All rights reserved.
License Information: . Karudo, ., LIC=8VRJ7-E3M5E-DY5V3-AAPGH-ISF4X-GWYU4
 
Tool Versions:
Toolchain:       MDK-ARM Plus  Version: 5.41.0.0
Toolchain Path:  C:\Users\Karudo\AppData\Local\Keil_v5\ARM\ARMCLANG\Bin
C Compiler:      ArmClang.exe V6.22
Assembler:       Armasm.exe V6.22
Linker/Locator:  ArmLink.exe V6.22
Library Manager: ArmAr.exe V6.22
Hex Converter:   FromElf.exe V6.22
CPU DLL:         SARMCM3.DLL V5.41.0.0
Dialog DLL:      DCM.DLL V1.17.5.0
Target DLL:      Segger\JL2CM3.dll V2.99.45.0
Dialog DLL:      TCM.DLL V1.56.4.0
 
<h2>Project:</h2>
C:\Users\Karudo\Documents\GitHub\LEDLightWater_CANopenMaster\i.MXRT1176_FreeRTOS_CANopenMaster\boards\evkbmimxrt1170\driver_examples\can\can1_interrupt_transfer\cm7\mdk\canfd_interrupt_transfer_cm7.uvprojx
Project File Date:  06/26/2025

<h2>Output:</h2>
*** Using Compiler 'V6.22', folder: 'C:\Users\Karudo\AppData\Local\Keil_v5\ARM\ARMCLANG\Bin'
Rebuild target 'canfd_interrupt_transfer_cm7 flexspi_nor_debug'
compiling fsl_common.c...
compiling fsl_debug_console.c...
compiling fsl_gpio.c...
compiling Master.c...
compiling fsl_common_arm.c...
compiling fsl_str.c...
compiling fsl_flexcan.c...
compiling fsl_pmu.c...
compiling board.c...
compiling pin_mux.c...
compiling dcd.c...
compiling fsl_assert.c...
compiling flexcan_interrupt_transfer.c...
compiling fsl_lpuart.c...
compiling fsl_dcdc.c...
compiling clock_config.c...
compiling fsl_cache.c...
compiling fsl_clock.c...
compiling fsl_anatop_ai.c...
compiling fsl_gpt.c...
compiling system_MIMXRT1176_cm7.c...
compiling fsl_adapter_lpuart.c...
compiling fsl_component_generic_list.c...
compiling dcf.c...
compiling emcy.c...
compiling lss.c...
compiling lifegrd.c...
compiling fsl_flexspi_nor_boot.c...
compiling evkmimxrt1170_flexspi_nor_config.c...
compiling nmtMaster.c...
compiling nmtSlave.c...
compiling objacces.c...
compiling pdo.c...
compiling states.c...
compiling sync.c...
../CANopen/src/sdo.c(902): warning: logical not is only applied to the left hand side of this bitwise operator [-Wlogical-not-parentheses]
  902 |                                 d->transfers[line].toggle = (UNS8)(! d->transfers[line].toggle & 1);
      |                                                                    ^                           ~
../CANopen/src/sdo.c(902): note: add parentheses after the '!' to evaluate the bitwise operator first
  902 |                                 d->transfers[line].toggle = (UNS8)(! d->transfers[line].toggle & 1);
      |                                                                    ^                              
      |                                                                      (                            )
../CANopen/src/sdo.c(902): note: add parentheses around left hand side expression to silence this warning
  902 |                                 d->transfers[line].toggle = (UNS8)(! d->transfers[line].toggle & 1);
      |                                                                    ^
      |                                                                    (                          )
../CANopen/src/sdo.c(947): warning: logical not is only applied to the left hand side of this bitwise operator [-Wlogical-not-parentheses]
  947 |                                 d->transfers[line].toggle = (UNS8)(! d->transfers[line].toggle & 1);
      |                                                                    ^                           ~
../CANopen/src/sdo.c(947): note: add parentheses after the '!' to evaluate the bitwise operator first
  947 |                                 d->transfers[line].toggle = (UNS8)(! d->transfers[line].toggle & 1);
      |                                                                    ^                              
      |                                                                      (                            )
../CANopen/src/sdo.c(947): note: add parentheses around left hand side expression to silence this warning
  947 |                                 d->transfers[line].toggle = (UNS8)(! d->transfers[line].toggle & 1);
      |                                                                    ^
      |                                                                    (                          )
../CANopen/src/sdo.c(1074): warning: logical not is only applied to the left hand side of this bitwise operator [-Wlogical-not-parentheses]
 1074 |                                         d->transfers[line].toggle = (UNS8)(! d->transfers[line].toggle & 1);
      |                                                                            ^                           ~
../CANopen/src/sdo.c(1074): note: add parentheses after the '!' to evaluate the bitwise operator first
 1074 |                                         d->transfers[line].toggle = (UNS8)(! d->transfers[line].toggle & 1);
      |                                                                            ^                              
      |                                                                              (                            )
../CANopen/src/sdo.c(1074): note: add parentheses around left hand side expression to silence this warning
 1074 |                                         d->transfers[line].toggle = (UNS8)(! d->transfers[line].toggle & 1);
      |                                                                            ^
      |                                                                            (                          )
../CANopen/src/sdo.c(1085): warning: logical not is only applied to the left hand side of this bitwise operator [-Wlogical-not-parentheses]
 1085 |                                         d->transfers[line].toggle = (UNS8)(! d->transfers[line].toggle & 1);
      |                                                                            ^                           ~
../CANopen/src/sdo.c(1085): note: add parentheses after the '!' to evaluate the bitwise operator first
 1085 |                                         d->transfers[line].toggle = (UNS8)(! d->transfers[line].toggle & 1);
      |                                                                            ^                              
      |                                                                              (                            )
../CANopen/src/sdo.c(1085): note: add parentheses around left hand side expression to silence this warning
 1085 |                                         d->transfers[line].toggle = (UNS8)(! d->transfers[line].toggle & 1);
      |                                                                            ^
      |                                                                            (                          )
../CANopen/src/sdo.c(1266): warning: logical not is only applied to the left hand side of this bitwise operator [-Wlogical-not-parentheses]
 1266 |                                         d->transfers[line].toggle = (UNS8)(! d->transfers[line].toggle & 1);
      |                                                                            ^                           ~
../CANopen/src/sdo.c(1266): note: add parentheses after the '!' to evaluate the bitwise operator first
 1266 |                                         d->transfers[line].toggle = (UNS8)(! d->transfers[line].toggle & 1);
      |                                                                            ^                              
      |                                                                              (                            )
../CANopen/src/sdo.c(1266): note: add parentheses around left hand side expression to silence this warning
 1266 |                                         d->transfers[line].toggle = (UNS8)(! d->transfers[line].toggle & 1);
      |                                                                            ^
      |                                                                            (                          )
5 warnings generated.
compiling sdo.c...
compiling timer.c...
assembling startup_MIMXRT1176_cm7.S...
compiling croutine.c...
compiling event_groups.c...
compiling list.c...
compiling queue.c...
compiling stream_buffer.c...
compiling port.c...
compiling timers.c...
compiling heap_4.c...
compiling tasks.c...
linking...
Program Size: Code=68700 RO-data=8316 RW-data=1532 ZI-data=538360  
FromELF: creating hex file...
"flexspi_nor_debug\canfd_interrupt_transfer_cm7.out" - 0 Error(s), 5 Warning(s).

<h2>Software Packages used:</h2>

Package Vendor: NXP
                http://mcuxpresso.nxp.com/cmsis_pack/repo/NXP.MIMXRT1176_DFP.12.0.0.pack
                NXP::MIMXRT1176_DFP@12.0.0
                Device Family Pack for MIMXRT1176

<h2>Collection of Component include folders:</h2>
  C:/Users/Karudo/AppData/Local/Arm/Packs/NXP/MIMXRT1176_DFP/12.0.0

<h2>Collection of Component Files used:</h2>
Build Time Elapsed:  00:00:03
</pre>
</body>
</html>
