<html>
<body>
<pre>
<h1>µVision Build Log</h1>
<h2>Tool Versions:</h2>
IDE-Version: ¦ÌVision V5.41.0.0
Copyright (C) 2024 ARM Ltd and ARM Germany GmbH. All rights reserved.
License Information: . Karudo, ., LIC=8VRJ7-E3M5E-DY5V3-AAPGH-ISF4X-GWYU4
 
Tool Versions:
Toolchain:       MDK-ARM Plus  Version: 5.41.0.0
Toolchain Path:  C:\Users\Karudo\AppData\Local\Keil_v5\ARM\ARMCLANG\Bin
C Compiler:      ArmClang.exe V6.22
Assembler:       Armasm.exe V6.22
Linker/Locator:  ArmLink.exe V6.22
Library Manager: ArmAr.exe V6.22
Hex Converter:   FromElf.exe V6.22
CPU DLL:         SARMCM3.DLL V5.41.0.0
Dialog DLL:      DCM.DLL V1.17.5.0
Target DLL:      Segger\JL2CM3.dll V2.99.45.0
Dialog DLL:      TCM.DLL V1.56.4.0
 
<h2>Project:</h2>
C:\Users\Karudo\Desktop\onhand\FreeRTOS_CANopen_RT1176demo\SDK_2_13_1_MIMXRT1170-EVKB\boards\evkbmimxrt1170\driver_examples\can\can1_interrupt_transfer\cm7\mdk\canfd_interrupt_transfer_cm7.uvprojx
Project File Date:  05/28/2025

<h2>Output:</h2>
*** Using Compiler 'V6.22', folder: 'C:\Users\Karudo\AppData\Local\Keil_v5\ARM\ARMCLANG\Bin'
Build target 'canfd_interrupt_transfer_cm7 flexspi_nor_debug'
compiling Master.c...
compiling flexcan_interrupt_transfer.c...
linking...
Program Size: Code=37642 RO-data=6502 RW-data=804 ZI-data=538320  
"flexspi_nor_debug\canfd_interrupt_transfer_cm7.out" - 0 Error(s), 0 Warning(s).

<h2>Software Packages used:</h2>

Package Vendor: NXP
                http://mcuxpresso.nxp.com/cmsis_pack/repo/NXP.MIMXRT1176_DFP.12.0.0.pack
                NXP::MIMXRT1176_DFP@12.0.0
                Device Family Pack for MIMXRT1176

<h2>Collection of Component include folders:</h2>
  C:/Users/Karudo/AppData/Local/Arm/Packs/NXP/MIMXRT1176_DFP/12.0.0

<h2>Collection of Component Files used:</h2>
Build Time Elapsed:  00:00:01
</pre>
</body>
</html>
