<!doctype html public "-//w3c//dtd html 4.0 transitional//en">
<html><head>
<title>Static Call Graph - [flexspi_nor_debug\canfd_interrupt_transfer_cm7.out]</title></head>
<body><HR>
<H1>Static Call Graph for image flexspi_nor_debug\canfd_interrupt_transfer_cm7.out</H1><HR>
<BR><P>#&#060CALLGRAPH&#062# ARM Linker, 6220000: Last Updated: Thu Jun  5 11:15:18 2025
<BR><P>
<H3>Maximum Stack Usage =        384 bytes + Unknown(Functions without stacksize, Cycles, Untraceable Function Pointers)</H3><H3>
Call chain for Maximum Stack Depth:</H3>
main &rArr; setState &rArr; switchCommunicationState &rArr; PDOInit &rArr; _sendPDOevent &rArr; sendOnePDOevent &rArr; canSend &rArr; FLEXCAN_TransferSendNonBlocking &rArr; FLEXCAN_WriteTxMb &rArr; __aeabi_assert &rArr; DbgConsole_Printf &rArr; DbgConsole_Vprintf &rArr; memcpy
<P>
<H3>
Functions with no stack information
</H3><UL>
 <LI><a href="#[10]">Reset_Handler</a>
 <LI><a href="#[b7]">ACMP1_IRQHandler</a>
 <LI><a href="#[b8]">ACMP2_IRQHandler</a>
 <LI><a href="#[b9]">ACMP3_IRQHandler</a>
 <LI><a href="#[ba]">ACMP4_IRQHandler</a>
 <LI><a href="#[72]">ADC1_IRQHandler</a>
 <LI><a href="#[73]">ADC2_IRQHandler</a>
 <LI><a href="#[af]">ADC_ETC_ERROR_IRQ_IRQHandler</a>
 <LI><a href="#[ab]">ADC_ETC_IRQ0_IRQHandler</a>
 <LI><a href="#[ac]">ADC_ETC_IRQ1_IRQHandler</a>
 <LI><a href="#[ad]">ADC_ETC_IRQ2_IRQHandler</a>
 <LI><a href="#[ae]">ADC_ETC_IRQ3_IRQHandler</a>
 <LI><a href="#[130]">ASRC_DriverIRQHandler</a>
 <LI><a href="#[14]">BusFault_Handler</a>
 <LI><a href="#[5f]">CAAM_IRQ0_IRQHandler</a>
 <LI><a href="#[60]">CAAM_IRQ1_IRQHandler</a>
 <LI><a href="#[61]">CAAM_IRQ2_IRQHandler</a>
 <LI><a href="#[62]">CAAM_IRQ3_IRQHandler</a>
 <LI><a href="#[63]">CAAM_RECORVE_ERRPR_IRQHandler</a>
 <LI><a href="#[64]">CAAM_RTIC_IRQHandler</a>
 <LI><a href="#[121]">CAN1_ERROR_DriverIRQHandler</a>
 <LI><a href="#[123]">CAN2_ERROR_DriverIRQHandler</a>
 <LI><a href="#[125]">CAN3_ERROR_DriverIRQHandler</a>
 <LI><a href="#[128]">CDOG_DriverIRQHandler</a>
 <LI><a href="#[7d]">CM7_GPIO2_3_IRQHandler</a>
 <LI><a href="#[2d]">CORE_IRQHandler</a>
 <LI><a href="#[52]">CSI_IRQHandler</a>
 <LI><a href="#[2b]">CTI_TRIGGER_OUT0_IRQHandler</a>
 <LI><a href="#[2c]">CTI_TRIGGER_OUT1_IRQHandler</a>
 <LI><a href="#[59]">DAC_IRQHandler</a>
 <LI><a href="#[79]">DCIC1_IRQHandler</a>
 <LI><a href="#[7a]">DCIC2_IRQHandler</a>
 <LI><a href="#[f7]">DMA0_DMA16_DriverIRQHandler</a>
 <LI><a href="#[101]">DMA10_DMA26_DriverIRQHandler</a>
 <LI><a href="#[102]">DMA11_DMA27_DriverIRQHandler</a>
 <LI><a href="#[103]">DMA12_DMA28_DriverIRQHandler</a>
 <LI><a href="#[104]">DMA13_DMA29_DriverIRQHandler</a>
 <LI><a href="#[105]">DMA14_DMA30_DriverIRQHandler</a>
 <LI><a href="#[106]">DMA15_DMA31_DriverIRQHandler</a>
 <LI><a href="#[f8]">DMA1_DMA17_DriverIRQHandler</a>
 <LI><a href="#[f9]">DMA2_DMA18_DriverIRQHandler</a>
 <LI><a href="#[fa]">DMA3_DMA19_DriverIRQHandler</a>
 <LI><a href="#[fb]">DMA4_DMA20_DriverIRQHandler</a>
 <LI><a href="#[fc]">DMA5_DMA21_DriverIRQHandler</a>
 <LI><a href="#[fd]">DMA6_DMA22_DriverIRQHandler</a>
 <LI><a href="#[fe]">DMA7_DMA23_DriverIRQHandler</a>
 <LI><a href="#[ff]">DMA8_DMA24_DriverIRQHandler</a>
 <LI><a href="#[100]">DMA9_DMA25_DriverIRQHandler</a>
 <LI><a href="#[107]">DMA_ERROR_DriverIRQHandler</a>
 <LI><a href="#[17]">DebugMon_Handler</a>
 <LI><a href="#[f]">DefaultISR</a>
 <LI><a href="#[e6]">EMVSIM1_IRQHandler</a>
 <LI><a href="#[e7]">EMVSIM2_IRQHandler</a>
 <LI><a href="#[bf]">ENC1_IRQHandler</a>
 <LI><a href="#[c0]">ENC2_IRQHandler</a>
 <LI><a href="#[c1]">ENC3_IRQHandler</a>
 <LI><a href="#[c2]">ENC4_IRQHandler</a>
 <LI><a href="#[138]">ENET_1588_Timer_DriverIRQHandler</a>
 <LI><a href="#[13c]">ENET_1G_1588_Timer_DriverIRQHandler</a>
 <LI><a href="#[13b]">ENET_1G_DriverIRQHandler</a>
 <LI><a href="#[139]">ENET_1G_MAC0_Tx_Rx_1_DriverIRQHandler</a>
 <LI><a href="#[13a]">ENET_1G_MAC0_Tx_Rx_2_DriverIRQHandler</a>
 <LI><a href="#[137]">ENET_DriverIRQHandler</a>
 <LI><a href="#[145]">ENET_QOS_DriverIRQHandler</a>
 <LI><a href="#[146]">ENET_QOS_PMT_DriverIRQHandler</a>
 <LI><a href="#[8c]">EWM_IRQHandler</a>
 <LI><a href="#[131]">FLEXIO1_DriverIRQHandler</a>
 <LI><a href="#[132]">FLEXIO2_DriverIRQHandler</a>
 <LI><a href="#[7c]">FLEXRAM_ECC_IRQHandler</a>
 <LI><a href="#[4c]">FLEXRAM_IRQHandler</a>
 <LI><a href="#[133]">FLEXSPI1_DriverIRQHandler</a>
 <LI><a href="#[134]">FLEXSPI2_DriverIRQHandler</a>
 <LI><a href="#[8f]">GPC_IRQHandler</a>
 <LI><a href="#[77]">GPIO13_Combined_0_31_IRQHandler</a>
 <LI><a href="#[7e]">GPIO1_Combined_0_15_IRQHandler</a>
 <LI><a href="#[7f]">GPIO1_Combined_16_31_IRQHandler</a>
 <LI><a href="#[80]">GPIO2_Combined_0_15_IRQHandler</a>
 <LI><a href="#[81]">GPIO2_Combined_16_31_IRQHandler</a>
 <LI><a href="#[82]">GPIO3_Combined_0_15_IRQHandler</a>
 <LI><a href="#[83]">GPIO3_Combined_16_31_IRQHandler</a>
 <LI><a href="#[84]">GPIO4_Combined_0_15_IRQHandler</a>
 <LI><a href="#[85]">GPIO4_Combined_16_31_IRQHandler</a>
 <LI><a href="#[86]">GPIO5_Combined_0_15_IRQHandler</a>
 <LI><a href="#[87]">GPIO5_Combined_16_31_IRQHandler</a>
 <LI><a href="#[57]">GPIO6_Combined_0_15_IRQHandler</a>
 <LI><a href="#[58]">GPIO6_Combined_16_31_IRQHandler</a>
 <LI><a href="#[4f]">GPR_IRQ_IRQHandler</a>
 <LI><a href="#[91]">GPT1_IRQHandler</a>
 <LI><a href="#[93]">GPT3_IRQHandler</a>
 <LI><a href="#[94]">GPT4_IRQHandler</a>
 <LI><a href="#[95]">GPT5_IRQHandler</a>
 <LI><a href="#[96]">GPT6_IRQHandler</a>
 <LI><a href="#[56]">GPU2D_IRQHandler</a>
 <LI><a href="#[5a]">KEY_MANAGER_IRQHandler</a>
 <LI><a href="#[4d]">KPP_IRQHandler</a>
 <LI><a href="#[51]">LCDIFv2_IRQHandler</a>
 <LI><a href="#[114]">LPI2C1_DriverIRQHandler</a>
 <LI><a href="#[115]">LPI2C2_DriverIRQHandler</a>
 <LI><a href="#[116]">LPI2C3_DriverIRQHandler</a>
 <LI><a href="#[117]">LPI2C4_DriverIRQHandler</a>
 <LI><a href="#[118]">LPI2C5_DriverIRQHandler</a>
 <LI><a href="#[119]">LPI2C6_DriverIRQHandler</a>
 <LI><a href="#[11a]">LPSPI1_DriverIRQHandler</a>
 <LI><a href="#[11b]">LPSPI2_DriverIRQHandler</a>
 <LI><a href="#[11c]">LPSPI3_DriverIRQHandler</a>
 <LI><a href="#[11d]">LPSPI4_DriverIRQHandler</a>
 <LI><a href="#[11e]">LPSPI5_DriverIRQHandler</a>
 <LI><a href="#[11f]">LPSPI6_DriverIRQHandler</a>
 <LI><a href="#[71]">LPSR_LP0_BROWNOUT_IRQHandler</a>
 <LI><a href="#[70]">LPSR_LP8_BROWNOUT_IRQHandler</a>
 <LI><a href="#[e9]">MECC1_FATAL_INT_IRQHandler</a>
 <LI><a href="#[e8]">MECC1_INT_IRQHandler</a>
 <LI><a href="#[eb]">MECC2_FATAL_INT_IRQHandler</a>
 <LI><a href="#[ea]">MECC2_INT_IRQHandler</a>
 <LI><a href="#[126]">MIPI_CSI_DriverIRQHandler</a>
 <LI><a href="#[127]">MIPI_DSI_DriverIRQHandler</a>
 <LI><a href="#[90]">MUA_IRQHandler</a>
 <LI><a href="#[13]">MemManage_Handler</a>
 <LI><a href="#[8e]">OCOTP_READ_DONE_ERROR_IRQHandler</a>
 <LI><a href="#[8d]">OCOTP_READ_FUSE_ERROR_IRQHandler</a>
 <LI><a href="#[140]">PDM_ERROR_DriverIRQHandler</a>
 <LI><a href="#[13f]">PDM_EVENT_DriverIRQHandler</a>
 <LI><a href="#[13e]">PDM_HWVAD_ERROR_DriverIRQHandler</a>
 <LI><a href="#[13d]">PDM_HWVAD_EVENT_DriverIRQHandler</a>
 <LI><a href="#[b5]">PIT1_IRQHandler</a>
 <LI><a href="#[b6]">PIT2_IRQHandler</a>
 <LI><a href="#[97]">PWM1_0_IRQHandler</a>
 <LI><a href="#[98]">PWM1_1_IRQHandler</a>
 <LI><a href="#[99]">PWM1_2_IRQHandler</a>
 <LI><a href="#[9a]">PWM1_3_IRQHandler</a>
 <LI><a href="#[9b]">PWM1_FAULT_IRQHandler</a>
 <LI><a href="#[cb]">PWM2_0_IRQHandler</a>
 <LI><a href="#[cc]">PWM2_1_IRQHandler</a>
 <LI><a href="#[cd]">PWM2_2_IRQHandler</a>
 <LI><a href="#[ce]">PWM2_3_IRQHandler</a>
 <LI><a href="#[cf]">PWM2_FAULT_IRQHandler</a>
 <LI><a href="#[d0]">PWM3_0_IRQHandler</a>
 <LI><a href="#[d1]">PWM3_1_IRQHandler</a>
 <LI><a href="#[d2]">PWM3_2_IRQHandler</a>
 <LI><a href="#[d3]">PWM3_3_IRQHandler</a>
 <LI><a href="#[d4]">PWM3_FAULT_IRQHandler</a>
 <LI><a href="#[d5]">PWM4_0_IRQHandler</a>
 <LI><a href="#[d6]">PWM4_1_IRQHandler</a>
 <LI><a href="#[d7]">PWM4_2_IRQHandler</a>
 <LI><a href="#[d8]">PWM4_3_IRQHandler</a>
 <LI><a href="#[d9]">PWM4_FAULT_IRQHandler</a>
 <LI><a href="#[53]">PXP_IRQHandler</a>
 <LI><a href="#[76]">RDC_IRQHandler</a>
 <LI><a href="#[8b]">RTWDOG3_IRQHandler</a>
 <LI><a href="#[78]">Reserved110_IRQHandler</a>
 <LI><a href="#[b0]">Reserved166_IRQHandler</a>
 <LI><a href="#[b1]">Reserved167_IRQHandler</a>
 <LI><a href="#[b2]">Reserved168_IRQHandler</a>
 <LI><a href="#[b3]">Reserved169_IRQHandler</a>
 <LI><a href="#[b4]">Reserved170_IRQHandler</a>
 <LI><a href="#[bb]">Reserved177_IRQHandler</a>
 <LI><a href="#[bc]">Reserved178_IRQHandler</a>
 <LI><a href="#[bd]">Reserved179_IRQHandler</a>
 <LI><a href="#[be]">Reserved180_IRQHandler</a>
 <LI><a href="#[c3]">Reserved185_IRQHandler</a>
 <LI><a href="#[c4]">Reserved186_IRQHandler</a>
 <LI><a href="#[da]">Reserved208_IRQHandler</a>
 <LI><a href="#[db]">Reserved209_IRQHandler</a>
 <LI><a href="#[dc]">Reserved210_IRQHandler</a>
 <LI><a href="#[dd]">Reserved211_IRQHandler</a>
 <LI><a href="#[de]">Reserved212_IRQHandler</a>
 <LI><a href="#[df]">Reserved213_IRQHandler</a>
 <LI><a href="#[e0]">Reserved214_IRQHandler</a>
 <LI><a href="#[e1]">Reserved215_IRQHandler</a>
 <LI><a href="#[4e]">Reserved68_IRQHandler</a>
 <LI><a href="#[129]">SAI1_DriverIRQHandler</a>
 <LI><a href="#[12a]">SAI2_DriverIRQHandler</a>
 <LI><a href="#[12b]">SAI3_RX_DriverIRQHandler</a>
 <LI><a href="#[12c]">SAI3_TX_DriverIRQHandler</a>
 <LI><a href="#[12d]">SAI4_RX_DriverIRQHandler</a>
 <LI><a href="#[12e]">SAI4_TX_DriverIRQHandler</a>
 <LI><a href="#[c9]">SEMA4_CP0_IRQHandler</a>
 <LI><a href="#[ca]">SEMA4_CP1_IRQHandler</a>
 <LI><a href="#[9e]">SEMC_IRQHandler</a>
 <LI><a href="#[5c]">SNVS_HP_NON_TZ_IRQHandler</a>
 <LI><a href="#[5d]">SNVS_HP_TZ_IRQHandler</a>
 <LI><a href="#[5e]">SNVS_PULSE_EVENT_IRQHandler</a>
 <LI><a href="#[12f]">SPDIF_DriverIRQHandler</a>
 <LI><a href="#[6d]">TMPSNS_INT_IRQHandler</a>
 <LI><a href="#[6e]">TMPSNS_LOW_HIGH_IRQHandler</a>
 <LI><a href="#[6f]">TMPSNS_PANIC_IRQHandler</a>
 <LI><a href="#[c5]">TMR1_IRQHandler</a>
 <LI><a href="#[c6]">TMR2_IRQHandler</a>
 <LI><a href="#[c7]">TMR3_IRQHandler</a>
 <LI><a href="#[c8]">TMR4_IRQHandler</a>
 <LI><a href="#[74]">USBPHY1_IRQHandler</a>
 <LI><a href="#[75]">USBPHY2_IRQHandler</a>
 <LI><a href="#[a2]">USB_OTG1_IRQHandler</a>
 <LI><a href="#[a1]">USB_OTG2_IRQHandler</a>
 <LI><a href="#[135]">USDHC1_DriverIRQHandler</a>
 <LI><a href="#[136]">USDHC2_DriverIRQHandler</a>
 <LI><a href="#[15]">UsageFault_Handler</a>
 <LI><a href="#[8a]">WDOG1_IRQHandler</a>
 <LI><a href="#[5b]">WDOG2_IRQHandler</a>
 <LI><a href="#[a9]">XBAR1_IRQ_0_1_IRQHandler</a>
 <LI><a href="#[aa]">XBAR1_IRQ_2_3_IRQHandler</a>
 <LI><a href="#[142]">XECC_FLEXSPI1_FATAL_INT_DriverIRQHandler</a>
 <LI><a href="#[141]">XECC_FLEXSPI1_INT_DriverIRQHandler</a>
 <LI><a href="#[144]">XECC_FLEXSPI2_FATAL_INT_DriverIRQHandler</a>
 <LI><a href="#[143]">XECC_FLEXSPI2_INT_DriverIRQHandler</a>
 <LI><a href="#[f1]">XECC_SEMC_FATAL_INT_IRQHandler</a>
 <LI><a href="#[f0]">XECC_SEMC_INT_IRQHandler</a>
 <LI><a href="#[50]">eLCDIF_IRQHandler</a>
 <LI><a href="#[11]">NMI_Handler</a>
 <LI><a href="#[12]">HardFault_Handler</a>
 <LI><a href="#[1a]">DMA0_DMA16_IRQHandler</a>
 <LI><a href="#[1b]">DMA1_DMA17_IRQHandler</a>
 <LI><a href="#[1c]">DMA2_DMA18_IRQHandler</a>
 <LI><a href="#[1d]">DMA3_DMA19_IRQHandler</a>
 <LI><a href="#[1e]">DMA4_DMA20_IRQHandler</a>
 <LI><a href="#[1f]">DMA5_DMA21_IRQHandler</a>
 <LI><a href="#[20]">DMA6_DMA22_IRQHandler</a>
 <LI><a href="#[21]">DMA7_DMA23_IRQHandler</a>
 <LI><a href="#[22]">DMA8_DMA24_IRQHandler</a>
 <LI><a href="#[23]">DMA9_DMA25_IRQHandler</a>
 <LI><a href="#[24]">DMA10_DMA26_IRQHandler</a>
 <LI><a href="#[25]">DMA11_DMA27_IRQHandler</a>
 <LI><a href="#[26]">DMA12_DMA28_IRQHandler</a>
 <LI><a href="#[27]">DMA13_DMA29_IRQHandler</a>
 <LI><a href="#[28]">DMA14_DMA30_IRQHandler</a>
 <LI><a href="#[29]">DMA15_DMA31_IRQHandler</a>
 <LI><a href="#[2a]">DMA_ERROR_IRQHandler</a>
 <LI><a href="#[2e]">LPUART1_IRQHandler</a>
 <LI><a href="#[2f]">LPUART2_IRQHandler</a>
 <LI><a href="#[30]">LPUART3_IRQHandler</a>
 <LI><a href="#[31]">LPUART4_IRQHandler</a>
 <LI><a href="#[32]">LPUART5_IRQHandler</a>
 <LI><a href="#[33]">LPUART6_IRQHandler</a>
 <LI><a href="#[34]">LPUART7_IRQHandler</a>
 <LI><a href="#[35]">LPUART8_IRQHandler</a>
 <LI><a href="#[36]">LPUART9_IRQHandler</a>
 <LI><a href="#[37]">LPUART10_IRQHandler</a>
 <LI><a href="#[38]">LPUART11_IRQHandler</a>
 <LI><a href="#[39]">LPUART12_IRQHandler</a>
 <LI><a href="#[3a]">LPI2C1_IRQHandler</a>
 <LI><a href="#[3b]">LPI2C2_IRQHandler</a>
 <LI><a href="#[3c]">LPI2C3_IRQHandler</a>
 <LI><a href="#[3d]">LPI2C4_IRQHandler</a>
 <LI><a href="#[3e]">LPI2C5_IRQHandler</a>
 <LI><a href="#[3f]">LPI2C6_IRQHandler</a>
 <LI><a href="#[40]">LPSPI1_IRQHandler</a>
 <LI><a href="#[41]">LPSPI2_IRQHandler</a>
 <LI><a href="#[42]">LPSPI3_IRQHandler</a>
 <LI><a href="#[43]">LPSPI4_IRQHandler</a>
 <LI><a href="#[44]">LPSPI5_IRQHandler</a>
 <LI><a href="#[45]">LPSPI6_IRQHandler</a>
 <LI><a href="#[46]">CAN1_IRQHandler</a>
 <LI><a href="#[47]">CAN1_ERROR_IRQHandler</a>
 <LI><a href="#[48]">CAN2_IRQHandler</a>
 <LI><a href="#[49]">CAN2_ERROR_IRQHandler</a>
 <LI><a href="#[4a]">CAN3_IRQHandler</a>
 <LI><a href="#[4b]">CAN3_ERROR_IRQHandler</a>
 <LI><a href="#[54]">MIPI_CSI_IRQHandler</a>
 <LI><a href="#[55]">MIPI_DSI_IRQHandler</a>
 <LI><a href="#[65]">CDOG_IRQHandler</a>
 <LI><a href="#[66]">SAI1_IRQHandler</a>
 <LI><a href="#[67]">SAI2_IRQHandler</a>
 <LI><a href="#[68]">SAI3_RX_IRQHandler</a>
 <LI><a href="#[69]">SAI3_TX_IRQHandler</a>
 <LI><a href="#[6a]">SAI4_RX_IRQHandler</a>
 <LI><a href="#[6b]">SAI4_TX_IRQHandler</a>
 <LI><a href="#[6c]">SPDIF_IRQHandler</a>
 <LI><a href="#[7b]">ASRC_IRQHandler</a>
 <LI><a href="#[88]">FLEXIO1_IRQHandler</a>
 <LI><a href="#[89]">FLEXIO2_IRQHandler</a>
 <LI><a href="#[9c]">FLEXSPI1_IRQHandler</a>
 <LI><a href="#[9d]">FLEXSPI2_IRQHandler</a>
 <LI><a href="#[9f]">USDHC1_IRQHandler</a>
 <LI><a href="#[a0]">USDHC2_IRQHandler</a>
 <LI><a href="#[a3]">ENET_IRQHandler</a>
 <LI><a href="#[a4]">ENET_1588_Timer_IRQHandler</a>
 <LI><a href="#[a5]">ENET_1G_MAC0_Tx_Rx_1_IRQHandler</a>
 <LI><a href="#[a6]">ENET_1G_MAC0_Tx_Rx_2_IRQHandler</a>
 <LI><a href="#[a7]">ENET_1G_IRQHandler</a>
 <LI><a href="#[a8]">ENET_1G_1588_Timer_IRQHandler</a>
 <LI><a href="#[e2]">PDM_HWVAD_EVENT_IRQHandler</a>
 <LI><a href="#[e3]">PDM_HWVAD_ERROR_IRQHandler</a>
 <LI><a href="#[e4]">PDM_EVENT_IRQHandler</a>
 <LI><a href="#[e5]">PDM_ERROR_IRQHandler</a>
 <LI><a href="#[ec]">XECC_FLEXSPI1_INT_IRQHandler</a>
 <LI><a href="#[ed]">XECC_FLEXSPI1_FATAL_INT_IRQHandler</a>
 <LI><a href="#[ee]">XECC_FLEXSPI2_INT_IRQHandler</a>
 <LI><a href="#[ef]">XECC_FLEXSPI2_FATAL_INT_IRQHandler</a>
 <LI><a href="#[f2]">ENET_QOS_IRQHandler</a>
 <LI><a href="#[f3]">ENET_QOS_PMT_IRQHandler</a>
</UL>
</UL>
<P>
<H3>
Mutually Recursive functions
</H3> <LI><a href="#[17d]">CLOCK_GetFreq</a>&nbsp;&nbsp;&nbsp;&rArr;&nbsp;&nbsp;&nbsp;<a href="#[17d]">CLOCK_GetFreq</a><BR>
</UL>
<P>
<H3>
Function Pointers
</H3><UL>
 <LI><a href="#[b7]">ACMP1_IRQHandler</a> from startup_mimxrt1176_cm7.o(.text) referenced from startup_mimxrt1176_cm7.o(.isr_vector)
 <LI><a href="#[b8]">ACMP2_IRQHandler</a> from startup_mimxrt1176_cm7.o(.text) referenced from startup_mimxrt1176_cm7.o(.isr_vector)
 <LI><a href="#[b9]">ACMP3_IRQHandler</a> from startup_mimxrt1176_cm7.o(.text) referenced from startup_mimxrt1176_cm7.o(.isr_vector)
 <LI><a href="#[ba]">ACMP4_IRQHandler</a> from startup_mimxrt1176_cm7.o(.text) referenced from startup_mimxrt1176_cm7.o(.isr_vector)
 <LI><a href="#[72]">ADC1_IRQHandler</a> from startup_mimxrt1176_cm7.o(.text) referenced from startup_mimxrt1176_cm7.o(.isr_vector)
 <LI><a href="#[73]">ADC2_IRQHandler</a> from startup_mimxrt1176_cm7.o(.text) referenced from startup_mimxrt1176_cm7.o(.isr_vector)
 <LI><a href="#[af]">ADC_ETC_ERROR_IRQ_IRQHandler</a> from startup_mimxrt1176_cm7.o(.text) referenced from startup_mimxrt1176_cm7.o(.isr_vector)
 <LI><a href="#[ab]">ADC_ETC_IRQ0_IRQHandler</a> from startup_mimxrt1176_cm7.o(.text) referenced from startup_mimxrt1176_cm7.o(.isr_vector)
 <LI><a href="#[ac]">ADC_ETC_IRQ1_IRQHandler</a> from startup_mimxrt1176_cm7.o(.text) referenced from startup_mimxrt1176_cm7.o(.isr_vector)
 <LI><a href="#[ad]">ADC_ETC_IRQ2_IRQHandler</a> from startup_mimxrt1176_cm7.o(.text) referenced from startup_mimxrt1176_cm7.o(.isr_vector)
 <LI><a href="#[ae]">ADC_ETC_IRQ3_IRQHandler</a> from startup_mimxrt1176_cm7.o(.text) referenced from startup_mimxrt1176_cm7.o(.isr_vector)
 <LI><a href="#[130]">ASRC_DriverIRQHandler</a> from startup_mimxrt1176_cm7.o(.text) referenced from startup_mimxrt1176_cm7.o(.text)
 <LI><a href="#[7b]">ASRC_IRQHandler</a> from startup_mimxrt1176_cm7.o(.text) referenced from startup_mimxrt1176_cm7.o(.isr_vector)
 <LI><a href="#[152]">AppTaskCreate</a> from flexcan_interrupt_transfer.o(.text.AppTaskCreate) referenced 2 times from flexcan_interrupt_transfer.o(.text.main)
 <LI><a href="#[14]">BusFault_Handler</a> from startup_mimxrt1176_cm7.o(.text) referenced from startup_mimxrt1176_cm7.o(.isr_vector)
 <LI><a href="#[5f]">CAAM_IRQ0_IRQHandler</a> from startup_mimxrt1176_cm7.o(.text) referenced from startup_mimxrt1176_cm7.o(.isr_vector)
 <LI><a href="#[60]">CAAM_IRQ1_IRQHandler</a> from startup_mimxrt1176_cm7.o(.text) referenced from startup_mimxrt1176_cm7.o(.isr_vector)
 <LI><a href="#[61]">CAAM_IRQ2_IRQHandler</a> from startup_mimxrt1176_cm7.o(.text) referenced from startup_mimxrt1176_cm7.o(.isr_vector)
 <LI><a href="#[62]">CAAM_IRQ3_IRQHandler</a> from startup_mimxrt1176_cm7.o(.text) referenced from startup_mimxrt1176_cm7.o(.isr_vector)
 <LI><a href="#[63]">CAAM_RECORVE_ERRPR_IRQHandler</a> from startup_mimxrt1176_cm7.o(.text) referenced from startup_mimxrt1176_cm7.o(.isr_vector)
 <LI><a href="#[64]">CAAM_RTIC_IRQHandler</a> from startup_mimxrt1176_cm7.o(.text) referenced from startup_mimxrt1176_cm7.o(.isr_vector)
 <LI><a href="#[120]">CAN1_DriverIRQHandler</a> from fsl_flexcan.o(.text.CAN1_DriverIRQHandler) referenced from startup_mimxrt1176_cm7.o(.text)
 <LI><a href="#[121]">CAN1_ERROR_DriverIRQHandler</a> from startup_mimxrt1176_cm7.o(.text) referenced from startup_mimxrt1176_cm7.o(.text)
 <LI><a href="#[47]">CAN1_ERROR_IRQHandler</a> from startup_mimxrt1176_cm7.o(.text) referenced from startup_mimxrt1176_cm7.o(.isr_vector)
 <LI><a href="#[46]">CAN1_IRQHandler</a> from startup_mimxrt1176_cm7.o(.text) referenced from startup_mimxrt1176_cm7.o(.isr_vector)
 <LI><a href="#[122]">CAN2_DriverIRQHandler</a> from fsl_flexcan.o(.text.CAN2_DriverIRQHandler) referenced from startup_mimxrt1176_cm7.o(.text)
 <LI><a href="#[123]">CAN2_ERROR_DriverIRQHandler</a> from startup_mimxrt1176_cm7.o(.text) referenced from startup_mimxrt1176_cm7.o(.text)
 <LI><a href="#[49]">CAN2_ERROR_IRQHandler</a> from startup_mimxrt1176_cm7.o(.text) referenced from startup_mimxrt1176_cm7.o(.isr_vector)
 <LI><a href="#[48]">CAN2_IRQHandler</a> from startup_mimxrt1176_cm7.o(.text) referenced from startup_mimxrt1176_cm7.o(.isr_vector)
 <LI><a href="#[124]">CAN3_DriverIRQHandler</a> from fsl_flexcan.o(.text.CAN3_DriverIRQHandler) referenced from startup_mimxrt1176_cm7.o(.text)
 <LI><a href="#[125]">CAN3_ERROR_DriverIRQHandler</a> from startup_mimxrt1176_cm7.o(.text) referenced from startup_mimxrt1176_cm7.o(.text)
 <LI><a href="#[4b]">CAN3_ERROR_IRQHandler</a> from startup_mimxrt1176_cm7.o(.text) referenced from startup_mimxrt1176_cm7.o(.isr_vector)
 <LI><a href="#[4a]">CAN3_IRQHandler</a> from startup_mimxrt1176_cm7.o(.text) referenced from startup_mimxrt1176_cm7.o(.isr_vector)
 <LI><a href="#[147]">CANopenRx_Task</a> from flexcan_interrupt_transfer.o(.text.CANopenRx_Task) referenced 2 times from flexcan_interrupt_transfer.o(.text.AppTaskCreate)
 <LI><a href="#[128]">CDOG_DriverIRQHandler</a> from startup_mimxrt1176_cm7.o(.text) referenced from startup_mimxrt1176_cm7.o(.text)
 <LI><a href="#[65]">CDOG_IRQHandler</a> from startup_mimxrt1176_cm7.o(.text) referenced from startup_mimxrt1176_cm7.o(.isr_vector)
 <LI><a href="#[7d]">CM7_GPIO2_3_IRQHandler</a> from startup_mimxrt1176_cm7.o(.text) referenced from startup_mimxrt1176_cm7.o(.isr_vector)
 <LI><a href="#[2d]">CORE_IRQHandler</a> from startup_mimxrt1176_cm7.o(.text) referenced from startup_mimxrt1176_cm7.o(.isr_vector)
 <LI><a href="#[52]">CSI_IRQHandler</a> from startup_mimxrt1176_cm7.o(.text) referenced from startup_mimxrt1176_cm7.o(.isr_vector)
 <LI><a href="#[2b]">CTI_TRIGGER_OUT0_IRQHandler</a> from startup_mimxrt1176_cm7.o(.text) referenced from startup_mimxrt1176_cm7.o(.isr_vector)
 <LI><a href="#[2c]">CTI_TRIGGER_OUT1_IRQHandler</a> from startup_mimxrt1176_cm7.o(.text) referenced from startup_mimxrt1176_cm7.o(.isr_vector)
 <LI><a href="#[14f]">ConsumerHeartbeatAlarm</a> from lifegrd.o(.text.ConsumerHeartbeatAlarm) referenced 2 times from lifegrd.o(.text.heartbeatInit)
 <LI><a href="#[14f]">ConsumerHeartbeatAlarm</a> from lifegrd.o(.text.ConsumerHeartbeatAlarm) referenced 2 times from lifegrd.o(.text.proceedNODE_GUARD)
 <LI><a href="#[59]">DAC_IRQHandler</a> from startup_mimxrt1176_cm7.o(.text) referenced from startup_mimxrt1176_cm7.o(.isr_vector)
 <LI><a href="#[79]">DCIC1_IRQHandler</a> from startup_mimxrt1176_cm7.o(.text) referenced from startup_mimxrt1176_cm7.o(.isr_vector)
 <LI><a href="#[7a]">DCIC2_IRQHandler</a> from startup_mimxrt1176_cm7.o(.text) referenced from startup_mimxrt1176_cm7.o(.isr_vector)
 <LI><a href="#[f7]">DMA0_DMA16_DriverIRQHandler</a> from startup_mimxrt1176_cm7.o(.text) referenced from startup_mimxrt1176_cm7.o(.text)
 <LI><a href="#[1a]">DMA0_DMA16_IRQHandler</a> from startup_mimxrt1176_cm7.o(.text) referenced from startup_mimxrt1176_cm7.o(.isr_vector)
 <LI><a href="#[101]">DMA10_DMA26_DriverIRQHandler</a> from startup_mimxrt1176_cm7.o(.text) referenced from startup_mimxrt1176_cm7.o(.text)
 <LI><a href="#[24]">DMA10_DMA26_IRQHandler</a> from startup_mimxrt1176_cm7.o(.text) referenced from startup_mimxrt1176_cm7.o(.isr_vector)
 <LI><a href="#[102]">DMA11_DMA27_DriverIRQHandler</a> from startup_mimxrt1176_cm7.o(.text) referenced from startup_mimxrt1176_cm7.o(.text)
 <LI><a href="#[25]">DMA11_DMA27_IRQHandler</a> from startup_mimxrt1176_cm7.o(.text) referenced from startup_mimxrt1176_cm7.o(.isr_vector)
 <LI><a href="#[103]">DMA12_DMA28_DriverIRQHandler</a> from startup_mimxrt1176_cm7.o(.text) referenced from startup_mimxrt1176_cm7.o(.text)
 <LI><a href="#[26]">DMA12_DMA28_IRQHandler</a> from startup_mimxrt1176_cm7.o(.text) referenced from startup_mimxrt1176_cm7.o(.isr_vector)
 <LI><a href="#[104]">DMA13_DMA29_DriverIRQHandler</a> from startup_mimxrt1176_cm7.o(.text) referenced from startup_mimxrt1176_cm7.o(.text)
 <LI><a href="#[27]">DMA13_DMA29_IRQHandler</a> from startup_mimxrt1176_cm7.o(.text) referenced from startup_mimxrt1176_cm7.o(.isr_vector)
 <LI><a href="#[105]">DMA14_DMA30_DriverIRQHandler</a> from startup_mimxrt1176_cm7.o(.text) referenced from startup_mimxrt1176_cm7.o(.text)
 <LI><a href="#[28]">DMA14_DMA30_IRQHandler</a> from startup_mimxrt1176_cm7.o(.text) referenced from startup_mimxrt1176_cm7.o(.isr_vector)
 <LI><a href="#[106]">DMA15_DMA31_DriverIRQHandler</a> from startup_mimxrt1176_cm7.o(.text) referenced from startup_mimxrt1176_cm7.o(.text)
 <LI><a href="#[29]">DMA15_DMA31_IRQHandler</a> from startup_mimxrt1176_cm7.o(.text) referenced from startup_mimxrt1176_cm7.o(.isr_vector)
 <LI><a href="#[f8]">DMA1_DMA17_DriverIRQHandler</a> from startup_mimxrt1176_cm7.o(.text) referenced from startup_mimxrt1176_cm7.o(.text)
 <LI><a href="#[1b]">DMA1_DMA17_IRQHandler</a> from startup_mimxrt1176_cm7.o(.text) referenced from startup_mimxrt1176_cm7.o(.isr_vector)
 <LI><a href="#[f9]">DMA2_DMA18_DriverIRQHandler</a> from startup_mimxrt1176_cm7.o(.text) referenced from startup_mimxrt1176_cm7.o(.text)
 <LI><a href="#[1c]">DMA2_DMA18_IRQHandler</a> from startup_mimxrt1176_cm7.o(.text) referenced from startup_mimxrt1176_cm7.o(.isr_vector)
 <LI><a href="#[fa]">DMA3_DMA19_DriverIRQHandler</a> from startup_mimxrt1176_cm7.o(.text) referenced from startup_mimxrt1176_cm7.o(.text)
 <LI><a href="#[1d]">DMA3_DMA19_IRQHandler</a> from startup_mimxrt1176_cm7.o(.text) referenced from startup_mimxrt1176_cm7.o(.isr_vector)
 <LI><a href="#[fb]">DMA4_DMA20_DriverIRQHandler</a> from startup_mimxrt1176_cm7.o(.text) referenced from startup_mimxrt1176_cm7.o(.text)
 <LI><a href="#[1e]">DMA4_DMA20_IRQHandler</a> from startup_mimxrt1176_cm7.o(.text) referenced from startup_mimxrt1176_cm7.o(.isr_vector)
 <LI><a href="#[fc]">DMA5_DMA21_DriverIRQHandler</a> from startup_mimxrt1176_cm7.o(.text) referenced from startup_mimxrt1176_cm7.o(.text)
 <LI><a href="#[1f]">DMA5_DMA21_IRQHandler</a> from startup_mimxrt1176_cm7.o(.text) referenced from startup_mimxrt1176_cm7.o(.isr_vector)
 <LI><a href="#[fd]">DMA6_DMA22_DriverIRQHandler</a> from startup_mimxrt1176_cm7.o(.text) referenced from startup_mimxrt1176_cm7.o(.text)
 <LI><a href="#[20]">DMA6_DMA22_IRQHandler</a> from startup_mimxrt1176_cm7.o(.text) referenced from startup_mimxrt1176_cm7.o(.isr_vector)
 <LI><a href="#[fe]">DMA7_DMA23_DriverIRQHandler</a> from startup_mimxrt1176_cm7.o(.text) referenced from startup_mimxrt1176_cm7.o(.text)
 <LI><a href="#[21]">DMA7_DMA23_IRQHandler</a> from startup_mimxrt1176_cm7.o(.text) referenced from startup_mimxrt1176_cm7.o(.isr_vector)
 <LI><a href="#[ff]">DMA8_DMA24_DriverIRQHandler</a> from startup_mimxrt1176_cm7.o(.text) referenced from startup_mimxrt1176_cm7.o(.text)
 <LI><a href="#[22]">DMA8_DMA24_IRQHandler</a> from startup_mimxrt1176_cm7.o(.text) referenced from startup_mimxrt1176_cm7.o(.isr_vector)
 <LI><a href="#[100]">DMA9_DMA25_DriverIRQHandler</a> from startup_mimxrt1176_cm7.o(.text) referenced from startup_mimxrt1176_cm7.o(.text)
 <LI><a href="#[23]">DMA9_DMA25_IRQHandler</a> from startup_mimxrt1176_cm7.o(.text) referenced from startup_mimxrt1176_cm7.o(.isr_vector)
 <LI><a href="#[107]">DMA_ERROR_DriverIRQHandler</a> from startup_mimxrt1176_cm7.o(.text) referenced from startup_mimxrt1176_cm7.o(.text)
 <LI><a href="#[2a]">DMA_ERROR_IRQHandler</a> from startup_mimxrt1176_cm7.o(.text) referenced from startup_mimxrt1176_cm7.o(.isr_vector)
 <LI><a href="#[17]">DebugMon_Handler</a> from startup_mimxrt1176_cm7.o(.text) referenced from startup_mimxrt1176_cm7.o(.isr_vector)
 <LI><a href="#[f]">DefaultISR</a> from startup_mimxrt1176_cm7.o(.text) referenced 2 times from fsl_flexcan.o(.data.s_flexcanIsr)
 <LI><a href="#[f]">DefaultISR</a> from startup_mimxrt1176_cm7.o(.text) referenced 26 times from fsl_lpuart.o(.data.s_lpuartIsr)
 <LI><a href="#[f]">DefaultISR</a> from startup_mimxrt1176_cm7.o(.text) referenced 21 times from startup_mimxrt1176_cm7.o(.isr_vector)
 <LI><a href="#[e6]">EMVSIM1_IRQHandler</a> from startup_mimxrt1176_cm7.o(.text) referenced from startup_mimxrt1176_cm7.o(.isr_vector)
 <LI><a href="#[e7]">EMVSIM2_IRQHandler</a> from startup_mimxrt1176_cm7.o(.text) referenced from startup_mimxrt1176_cm7.o(.isr_vector)
 <LI><a href="#[bf]">ENC1_IRQHandler</a> from startup_mimxrt1176_cm7.o(.text) referenced from startup_mimxrt1176_cm7.o(.isr_vector)
 <LI><a href="#[c0]">ENC2_IRQHandler</a> from startup_mimxrt1176_cm7.o(.text) referenced from startup_mimxrt1176_cm7.o(.isr_vector)
 <LI><a href="#[c1]">ENC3_IRQHandler</a> from startup_mimxrt1176_cm7.o(.text) referenced from startup_mimxrt1176_cm7.o(.isr_vector)
 <LI><a href="#[c2]">ENC4_IRQHandler</a> from startup_mimxrt1176_cm7.o(.text) referenced from startup_mimxrt1176_cm7.o(.isr_vector)
 <LI><a href="#[138]">ENET_1588_Timer_DriverIRQHandler</a> from startup_mimxrt1176_cm7.o(.text) referenced from startup_mimxrt1176_cm7.o(.text)
 <LI><a href="#[a4]">ENET_1588_Timer_IRQHandler</a> from startup_mimxrt1176_cm7.o(.text) referenced from startup_mimxrt1176_cm7.o(.isr_vector)
 <LI><a href="#[13c]">ENET_1G_1588_Timer_DriverIRQHandler</a> from startup_mimxrt1176_cm7.o(.text) referenced from startup_mimxrt1176_cm7.o(.text)
 <LI><a href="#[a8]">ENET_1G_1588_Timer_IRQHandler</a> from startup_mimxrt1176_cm7.o(.text) referenced from startup_mimxrt1176_cm7.o(.isr_vector)
 <LI><a href="#[13b]">ENET_1G_DriverIRQHandler</a> from startup_mimxrt1176_cm7.o(.text) referenced from startup_mimxrt1176_cm7.o(.text)
 <LI><a href="#[a7]">ENET_1G_IRQHandler</a> from startup_mimxrt1176_cm7.o(.text) referenced from startup_mimxrt1176_cm7.o(.isr_vector)
 <LI><a href="#[139]">ENET_1G_MAC0_Tx_Rx_1_DriverIRQHandler</a> from startup_mimxrt1176_cm7.o(.text) referenced from startup_mimxrt1176_cm7.o(.text)
 <LI><a href="#[a5]">ENET_1G_MAC0_Tx_Rx_1_IRQHandler</a> from startup_mimxrt1176_cm7.o(.text) referenced from startup_mimxrt1176_cm7.o(.isr_vector)
 <LI><a href="#[13a]">ENET_1G_MAC0_Tx_Rx_2_DriverIRQHandler</a> from startup_mimxrt1176_cm7.o(.text) referenced from startup_mimxrt1176_cm7.o(.text)
 <LI><a href="#[a6]">ENET_1G_MAC0_Tx_Rx_2_IRQHandler</a> from startup_mimxrt1176_cm7.o(.text) referenced from startup_mimxrt1176_cm7.o(.isr_vector)
 <LI><a href="#[137]">ENET_DriverIRQHandler</a> from startup_mimxrt1176_cm7.o(.text) referenced from startup_mimxrt1176_cm7.o(.text)
 <LI><a href="#[a3]">ENET_IRQHandler</a> from startup_mimxrt1176_cm7.o(.text) referenced from startup_mimxrt1176_cm7.o(.isr_vector)
 <LI><a href="#[145]">ENET_QOS_DriverIRQHandler</a> from startup_mimxrt1176_cm7.o(.text) referenced from startup_mimxrt1176_cm7.o(.text)
 <LI><a href="#[f2]">ENET_QOS_IRQHandler</a> from startup_mimxrt1176_cm7.o(.text) referenced from startup_mimxrt1176_cm7.o(.isr_vector)
 <LI><a href="#[146]">ENET_QOS_PMT_DriverIRQHandler</a> from startup_mimxrt1176_cm7.o(.text) referenced from startup_mimxrt1176_cm7.o(.text)
 <LI><a href="#[f3]">ENET_QOS_PMT_IRQHandler</a> from startup_mimxrt1176_cm7.o(.text) referenced from startup_mimxrt1176_cm7.o(.isr_vector)
 <LI><a href="#[8c]">EWM_IRQHandler</a> from startup_mimxrt1176_cm7.o(.text) referenced from startup_mimxrt1176_cm7.o(.isr_vector)
 <LI><a href="#[14a]">FLEXCAN_TransferHandleIRQ</a> from fsl_flexcan.o(.text.FLEXCAN_TransferHandleIRQ) referenced 2 times from fsl_flexcan.o(.text.FLEXCAN_TransferCreateHandle)
 <LI><a href="#[131]">FLEXIO1_DriverIRQHandler</a> from startup_mimxrt1176_cm7.o(.text) referenced from startup_mimxrt1176_cm7.o(.text)
 <LI><a href="#[88]">FLEXIO1_IRQHandler</a> from startup_mimxrt1176_cm7.o(.text) referenced from startup_mimxrt1176_cm7.o(.isr_vector)
 <LI><a href="#[132]">FLEXIO2_DriverIRQHandler</a> from startup_mimxrt1176_cm7.o(.text) referenced from startup_mimxrt1176_cm7.o(.text)
 <LI><a href="#[89]">FLEXIO2_IRQHandler</a> from startup_mimxrt1176_cm7.o(.text) referenced from startup_mimxrt1176_cm7.o(.isr_vector)
 <LI><a href="#[7c]">FLEXRAM_ECC_IRQHandler</a> from startup_mimxrt1176_cm7.o(.text) referenced from startup_mimxrt1176_cm7.o(.isr_vector)
 <LI><a href="#[4c]">FLEXRAM_IRQHandler</a> from startup_mimxrt1176_cm7.o(.text) referenced from startup_mimxrt1176_cm7.o(.isr_vector)
 <LI><a href="#[133]">FLEXSPI1_DriverIRQHandler</a> from startup_mimxrt1176_cm7.o(.text) referenced from startup_mimxrt1176_cm7.o(.text)
 <LI><a href="#[9c]">FLEXSPI1_IRQHandler</a> from startup_mimxrt1176_cm7.o(.text) referenced from startup_mimxrt1176_cm7.o(.isr_vector)
 <LI><a href="#[134]">FLEXSPI2_DriverIRQHandler</a> from startup_mimxrt1176_cm7.o(.text) referenced from startup_mimxrt1176_cm7.o(.text)
 <LI><a href="#[9d]">FLEXSPI2_IRQHandler</a> from startup_mimxrt1176_cm7.o(.text) referenced from startup_mimxrt1176_cm7.o(.isr_vector)
 <LI><a href="#[8f]">GPC_IRQHandler</a> from startup_mimxrt1176_cm7.o(.text) referenced from startup_mimxrt1176_cm7.o(.isr_vector)
 <LI><a href="#[77]">GPIO13_Combined_0_31_IRQHandler</a> from startup_mimxrt1176_cm7.o(.text) referenced from startup_mimxrt1176_cm7.o(.isr_vector)
 <LI><a href="#[7e]">GPIO1_Combined_0_15_IRQHandler</a> from startup_mimxrt1176_cm7.o(.text) referenced from startup_mimxrt1176_cm7.o(.isr_vector)
 <LI><a href="#[7f]">GPIO1_Combined_16_31_IRQHandler</a> from startup_mimxrt1176_cm7.o(.text) referenced from startup_mimxrt1176_cm7.o(.isr_vector)
 <LI><a href="#[80]">GPIO2_Combined_0_15_IRQHandler</a> from startup_mimxrt1176_cm7.o(.text) referenced from startup_mimxrt1176_cm7.o(.isr_vector)
 <LI><a href="#[81]">GPIO2_Combined_16_31_IRQHandler</a> from startup_mimxrt1176_cm7.o(.text) referenced from startup_mimxrt1176_cm7.o(.isr_vector)
 <LI><a href="#[82]">GPIO3_Combined_0_15_IRQHandler</a> from startup_mimxrt1176_cm7.o(.text) referenced from startup_mimxrt1176_cm7.o(.isr_vector)
 <LI><a href="#[83]">GPIO3_Combined_16_31_IRQHandler</a> from startup_mimxrt1176_cm7.o(.text) referenced from startup_mimxrt1176_cm7.o(.isr_vector)
 <LI><a href="#[84]">GPIO4_Combined_0_15_IRQHandler</a> from startup_mimxrt1176_cm7.o(.text) referenced from startup_mimxrt1176_cm7.o(.isr_vector)
 <LI><a href="#[85]">GPIO4_Combined_16_31_IRQHandler</a> from startup_mimxrt1176_cm7.o(.text) referenced from startup_mimxrt1176_cm7.o(.isr_vector)
 <LI><a href="#[86]">GPIO5_Combined_0_15_IRQHandler</a> from startup_mimxrt1176_cm7.o(.text) referenced from startup_mimxrt1176_cm7.o(.isr_vector)
 <LI><a href="#[87]">GPIO5_Combined_16_31_IRQHandler</a> from startup_mimxrt1176_cm7.o(.text) referenced from startup_mimxrt1176_cm7.o(.isr_vector)
 <LI><a href="#[57]">GPIO6_Combined_0_15_IRQHandler</a> from startup_mimxrt1176_cm7.o(.text) referenced from startup_mimxrt1176_cm7.o(.isr_vector)
 <LI><a href="#[58]">GPIO6_Combined_16_31_IRQHandler</a> from startup_mimxrt1176_cm7.o(.text) referenced from startup_mimxrt1176_cm7.o(.isr_vector)
 <LI><a href="#[4f]">GPR_IRQ_IRQHandler</a> from startup_mimxrt1176_cm7.o(.text) referenced from startup_mimxrt1176_cm7.o(.isr_vector)
 <LI><a href="#[91]">GPT1_IRQHandler</a> from startup_mimxrt1176_cm7.o(.text) referenced from startup_mimxrt1176_cm7.o(.isr_vector)
 <LI><a href="#[92]">GPT2_IRQHandler</a> from flexcan_interrupt_transfer.o(.text.GPT2_IRQHandler) referenced from startup_mimxrt1176_cm7.o(.isr_vector)
 <LI><a href="#[93]">GPT3_IRQHandler</a> from startup_mimxrt1176_cm7.o(.text) referenced from startup_mimxrt1176_cm7.o(.isr_vector)
 <LI><a href="#[94]">GPT4_IRQHandler</a> from startup_mimxrt1176_cm7.o(.text) referenced from startup_mimxrt1176_cm7.o(.isr_vector)
 <LI><a href="#[95]">GPT5_IRQHandler</a> from startup_mimxrt1176_cm7.o(.text) referenced from startup_mimxrt1176_cm7.o(.isr_vector)
 <LI><a href="#[96]">GPT6_IRQHandler</a> from startup_mimxrt1176_cm7.o(.text) referenced from startup_mimxrt1176_cm7.o(.isr_vector)
 <LI><a href="#[56]">GPU2D_IRQHandler</a> from startup_mimxrt1176_cm7.o(.text) referenced from startup_mimxrt1176_cm7.o(.isr_vector)
 <LI><a href="#[154]">GuardTimeAlarm</a> from lifegrd.o(.text.GuardTimeAlarm) referenced 2 times from lifegrd.o(.text.nodeguardInit)
 <LI><a href="#[149]">HAL_UartReceiveBlocking</a> from fsl_adapter_lpuart.o(.text.HAL_UartReceiveBlocking) referenced 2 times from fsl_debug_console.o(.text.DbgConsole_Init)
 <LI><a href="#[148]">HAL_UartSendBlocking</a> from fsl_adapter_lpuart.o(.text.HAL_UartSendBlocking) referenced 2 times from fsl_debug_console.o(.text.DbgConsole_Init)
 <LI><a href="#[12]">HardFault_Handler</a> from startup_mimxrt1176_cm7.o(.text) referenced from startup_mimxrt1176_cm7.o(.isr_vector)
 <LI><a href="#[12]">HardFault_Handler</a> from startup_mimxrt1176_cm7.o(.text) referenced from startup_mimxrt1176_cm7.o(.text)
 <LI><a href="#[5a]">KEY_MANAGER_IRQHandler</a> from startup_mimxrt1176_cm7.o(.text) referenced from startup_mimxrt1176_cm7.o(.isr_vector)
 <LI><a href="#[4d]">KPP_IRQHandler</a> from startup_mimxrt1176_cm7.o(.text) referenced from startup_mimxrt1176_cm7.o(.isr_vector)
 <LI><a href="#[51]">LCDIFv2_IRQHandler</a> from startup_mimxrt1176_cm7.o(.text) referenced from startup_mimxrt1176_cm7.o(.isr_vector)
 <LI><a href="#[114]">LPI2C1_DriverIRQHandler</a> from startup_mimxrt1176_cm7.o(.text) referenced from startup_mimxrt1176_cm7.o(.text)
 <LI><a href="#[3a]">LPI2C1_IRQHandler</a> from startup_mimxrt1176_cm7.o(.text) referenced from startup_mimxrt1176_cm7.o(.isr_vector)
 <LI><a href="#[115]">LPI2C2_DriverIRQHandler</a> from startup_mimxrt1176_cm7.o(.text) referenced from startup_mimxrt1176_cm7.o(.text)
 <LI><a href="#[3b]">LPI2C2_IRQHandler</a> from startup_mimxrt1176_cm7.o(.text) referenced from startup_mimxrt1176_cm7.o(.isr_vector)
 <LI><a href="#[116]">LPI2C3_DriverIRQHandler</a> from startup_mimxrt1176_cm7.o(.text) referenced from startup_mimxrt1176_cm7.o(.text)
 <LI><a href="#[3c]">LPI2C3_IRQHandler</a> from startup_mimxrt1176_cm7.o(.text) referenced from startup_mimxrt1176_cm7.o(.isr_vector)
 <LI><a href="#[117]">LPI2C4_DriverIRQHandler</a> from startup_mimxrt1176_cm7.o(.text) referenced from startup_mimxrt1176_cm7.o(.text)
 <LI><a href="#[3d]">LPI2C4_IRQHandler</a> from startup_mimxrt1176_cm7.o(.text) referenced from startup_mimxrt1176_cm7.o(.isr_vector)
 <LI><a href="#[118]">LPI2C5_DriverIRQHandler</a> from startup_mimxrt1176_cm7.o(.text) referenced from startup_mimxrt1176_cm7.o(.text)
 <LI><a href="#[3e]">LPI2C5_IRQHandler</a> from startup_mimxrt1176_cm7.o(.text) referenced from startup_mimxrt1176_cm7.o(.isr_vector)
 <LI><a href="#[119]">LPI2C6_DriverIRQHandler</a> from startup_mimxrt1176_cm7.o(.text) referenced from startup_mimxrt1176_cm7.o(.text)
 <LI><a href="#[3f]">LPI2C6_IRQHandler</a> from startup_mimxrt1176_cm7.o(.text) referenced from startup_mimxrt1176_cm7.o(.isr_vector)
 <LI><a href="#[11a]">LPSPI1_DriverIRQHandler</a> from startup_mimxrt1176_cm7.o(.text) referenced from startup_mimxrt1176_cm7.o(.text)
 <LI><a href="#[40]">LPSPI1_IRQHandler</a> from startup_mimxrt1176_cm7.o(.text) referenced from startup_mimxrt1176_cm7.o(.isr_vector)
 <LI><a href="#[11b]">LPSPI2_DriverIRQHandler</a> from startup_mimxrt1176_cm7.o(.text) referenced from startup_mimxrt1176_cm7.o(.text)
 <LI><a href="#[41]">LPSPI2_IRQHandler</a> from startup_mimxrt1176_cm7.o(.text) referenced from startup_mimxrt1176_cm7.o(.isr_vector)
 <LI><a href="#[11c]">LPSPI3_DriverIRQHandler</a> from startup_mimxrt1176_cm7.o(.text) referenced from startup_mimxrt1176_cm7.o(.text)
 <LI><a href="#[42]">LPSPI3_IRQHandler</a> from startup_mimxrt1176_cm7.o(.text) referenced from startup_mimxrt1176_cm7.o(.isr_vector)
 <LI><a href="#[11d]">LPSPI4_DriverIRQHandler</a> from startup_mimxrt1176_cm7.o(.text) referenced from startup_mimxrt1176_cm7.o(.text)
 <LI><a href="#[43]">LPSPI4_IRQHandler</a> from startup_mimxrt1176_cm7.o(.text) referenced from startup_mimxrt1176_cm7.o(.isr_vector)
 <LI><a href="#[11e]">LPSPI5_DriverIRQHandler</a> from startup_mimxrt1176_cm7.o(.text) referenced from startup_mimxrt1176_cm7.o(.text)
 <LI><a href="#[44]">LPSPI5_IRQHandler</a> from startup_mimxrt1176_cm7.o(.text) referenced from startup_mimxrt1176_cm7.o(.isr_vector)
 <LI><a href="#[11f]">LPSPI6_DriverIRQHandler</a> from startup_mimxrt1176_cm7.o(.text) referenced from startup_mimxrt1176_cm7.o(.text)
 <LI><a href="#[45]">LPSPI6_IRQHandler</a> from startup_mimxrt1176_cm7.o(.text) referenced from startup_mimxrt1176_cm7.o(.isr_vector)
 <LI><a href="#[71]">LPSR_LP0_BROWNOUT_IRQHandler</a> from startup_mimxrt1176_cm7.o(.text) referenced from startup_mimxrt1176_cm7.o(.isr_vector)
 <LI><a href="#[70]">LPSR_LP8_BROWNOUT_IRQHandler</a> from startup_mimxrt1176_cm7.o(.text) referenced from startup_mimxrt1176_cm7.o(.isr_vector)
 <LI><a href="#[111]">LPUART10_DriverIRQHandler</a> from fsl_lpuart.o(.text.LPUART10_DriverIRQHandler) referenced from startup_mimxrt1176_cm7.o(.text)
 <LI><a href="#[37]">LPUART10_IRQHandler</a> from startup_mimxrt1176_cm7.o(.text) referenced from startup_mimxrt1176_cm7.o(.isr_vector)
 <LI><a href="#[112]">LPUART11_DriverIRQHandler</a> from fsl_lpuart.o(.text.LPUART11_DriverIRQHandler) referenced from startup_mimxrt1176_cm7.o(.text)
 <LI><a href="#[38]">LPUART11_IRQHandler</a> from startup_mimxrt1176_cm7.o(.text) referenced from startup_mimxrt1176_cm7.o(.isr_vector)
 <LI><a href="#[113]">LPUART12_DriverIRQHandler</a> from fsl_lpuart.o(.text.LPUART12_DriverIRQHandler) referenced from startup_mimxrt1176_cm7.o(.text)
 <LI><a href="#[39]">LPUART12_IRQHandler</a> from startup_mimxrt1176_cm7.o(.text) referenced from startup_mimxrt1176_cm7.o(.isr_vector)
 <LI><a href="#[108]">LPUART1_DriverIRQHandler</a> from fsl_lpuart.o(.text.LPUART1_DriverIRQHandler) referenced from startup_mimxrt1176_cm7.o(.text)
 <LI><a href="#[2e]">LPUART1_IRQHandler</a> from startup_mimxrt1176_cm7.o(.text) referenced from startup_mimxrt1176_cm7.o(.isr_vector)
 <LI><a href="#[109]">LPUART2_DriverIRQHandler</a> from fsl_lpuart.o(.text.LPUART2_DriverIRQHandler) referenced from startup_mimxrt1176_cm7.o(.text)
 <LI><a href="#[2f]">LPUART2_IRQHandler</a> from startup_mimxrt1176_cm7.o(.text) referenced from startup_mimxrt1176_cm7.o(.isr_vector)
 <LI><a href="#[10a]">LPUART3_DriverIRQHandler</a> from fsl_lpuart.o(.text.LPUART3_DriverIRQHandler) referenced from startup_mimxrt1176_cm7.o(.text)
 <LI><a href="#[30]">LPUART3_IRQHandler</a> from startup_mimxrt1176_cm7.o(.text) referenced from startup_mimxrt1176_cm7.o(.isr_vector)
 <LI><a href="#[10b]">LPUART4_DriverIRQHandler</a> from fsl_lpuart.o(.text.LPUART4_DriverIRQHandler) referenced from startup_mimxrt1176_cm7.o(.text)
 <LI><a href="#[31]">LPUART4_IRQHandler</a> from startup_mimxrt1176_cm7.o(.text) referenced from startup_mimxrt1176_cm7.o(.isr_vector)
 <LI><a href="#[10c]">LPUART5_DriverIRQHandler</a> from fsl_lpuart.o(.text.LPUART5_DriverIRQHandler) referenced from startup_mimxrt1176_cm7.o(.text)
 <LI><a href="#[32]">LPUART5_IRQHandler</a> from startup_mimxrt1176_cm7.o(.text) referenced from startup_mimxrt1176_cm7.o(.isr_vector)
 <LI><a href="#[10d]">LPUART6_DriverIRQHandler</a> from fsl_lpuart.o(.text.LPUART6_DriverIRQHandler) referenced from startup_mimxrt1176_cm7.o(.text)
 <LI><a href="#[33]">LPUART6_IRQHandler</a> from startup_mimxrt1176_cm7.o(.text) referenced from startup_mimxrt1176_cm7.o(.isr_vector)
 <LI><a href="#[10e]">LPUART7_DriverIRQHandler</a> from fsl_lpuart.o(.text.LPUART7_DriverIRQHandler) referenced from startup_mimxrt1176_cm7.o(.text)
 <LI><a href="#[34]">LPUART7_IRQHandler</a> from startup_mimxrt1176_cm7.o(.text) referenced from startup_mimxrt1176_cm7.o(.isr_vector)
 <LI><a href="#[10f]">LPUART8_DriverIRQHandler</a> from fsl_lpuart.o(.text.LPUART8_DriverIRQHandler) referenced from startup_mimxrt1176_cm7.o(.text)
 <LI><a href="#[35]">LPUART8_IRQHandler</a> from startup_mimxrt1176_cm7.o(.text) referenced from startup_mimxrt1176_cm7.o(.isr_vector)
 <LI><a href="#[110]">LPUART9_DriverIRQHandler</a> from fsl_lpuart.o(.text.LPUART9_DriverIRQHandler) referenced from startup_mimxrt1176_cm7.o(.text)
 <LI><a href="#[36]">LPUART9_IRQHandler</a> from startup_mimxrt1176_cm7.o(.text) referenced from startup_mimxrt1176_cm7.o(.isr_vector)
 <LI><a href="#[e9]">MECC1_FATAL_INT_IRQHandler</a> from startup_mimxrt1176_cm7.o(.text) referenced from startup_mimxrt1176_cm7.o(.isr_vector)
 <LI><a href="#[e8]">MECC1_INT_IRQHandler</a> from startup_mimxrt1176_cm7.o(.text) referenced from startup_mimxrt1176_cm7.o(.isr_vector)
 <LI><a href="#[eb]">MECC2_FATAL_INT_IRQHandler</a> from startup_mimxrt1176_cm7.o(.text) referenced from startup_mimxrt1176_cm7.o(.isr_vector)
 <LI><a href="#[ea]">MECC2_INT_IRQHandler</a> from startup_mimxrt1176_cm7.o(.text) referenced from startup_mimxrt1176_cm7.o(.isr_vector)
 <LI><a href="#[126]">MIPI_CSI_DriverIRQHandler</a> from startup_mimxrt1176_cm7.o(.text) referenced from startup_mimxrt1176_cm7.o(.text)
 <LI><a href="#[54]">MIPI_CSI_IRQHandler</a> from startup_mimxrt1176_cm7.o(.text) referenced from startup_mimxrt1176_cm7.o(.isr_vector)
 <LI><a href="#[127]">MIPI_DSI_DriverIRQHandler</a> from startup_mimxrt1176_cm7.o(.text) referenced from startup_mimxrt1176_cm7.o(.text)
 <LI><a href="#[55]">MIPI_DSI_IRQHandler</a> from startup_mimxrt1176_cm7.o(.text) referenced from startup_mimxrt1176_cm7.o(.isr_vector)
 <LI><a href="#[90]">MUA_IRQHandler</a> from startup_mimxrt1176_cm7.o(.text) referenced from startup_mimxrt1176_cm7.o(.isr_vector)
 <LI><a href="#[c]">Master_scanIndexOD</a> from master.o(.text.Master_scanIndexOD) referenced 2 times from master.o(.data.Master_Data)
 <LI><a href="#[1]">Master_valueRangeTest</a> from master.o(.text.Master_valueRangeTest) referenced 2 times from master.o(.data.Master_Data)
 <LI><a href="#[13]">MemManage_Handler</a> from startup_mimxrt1176_cm7.o(.text) referenced from startup_mimxrt1176_cm7.o(.isr_vector)
 <LI><a href="#[11]">NMI_Handler</a> from startup_mimxrt1176_cm7.o(.text) referenced from startup_mimxrt1176_cm7.o(.isr_vector)
 <LI><a href="#[11]">NMI_Handler</a> from startup_mimxrt1176_cm7.o(.text) referenced from startup_mimxrt1176_cm7.o(.text)
 <LI><a href="#[8e]">OCOTP_READ_DONE_ERROR_IRQHandler</a> from startup_mimxrt1176_cm7.o(.text) referenced from startup_mimxrt1176_cm7.o(.isr_vector)
 <LI><a href="#[8d]">OCOTP_READ_FUSE_ERROR_IRQHandler</a> from startup_mimxrt1176_cm7.o(.text) referenced from startup_mimxrt1176_cm7.o(.isr_vector)
 <LI><a href="#[158]">OnCOB_ID_SyncUpdate</a> from sync.o(.text.OnCOB_ID_SyncUpdate) referenced 2 times from sync.o(.text.startSYNC)
 <LI><a href="#[14e]">OnHeartbeatProducerUpdate</a> from lifegrd.o(.text.OnHeartbeatProducerUpdate) referenced 2 times from lifegrd.o(.text.heartbeatInit)
 <LI><a href="#[153]">OnNodeGuardUpdate</a> from lifegrd.o(.text.OnNodeGuardUpdate) referenced 2 times from lifegrd.o(.text.nodeguardInit)
 <LI><a href="#[14d]">OnNumberOfErrorsUpdate</a> from emcy.o(.text.OnNumberOfErrorsUpdate) referenced 2 times from emcy.o(.text.emergencyInit)
 <LI><a href="#[140]">PDM_ERROR_DriverIRQHandler</a> from startup_mimxrt1176_cm7.o(.text) referenced from startup_mimxrt1176_cm7.o(.text)
 <LI><a href="#[e5]">PDM_ERROR_IRQHandler</a> from startup_mimxrt1176_cm7.o(.text) referenced from startup_mimxrt1176_cm7.o(.isr_vector)
 <LI><a href="#[13f]">PDM_EVENT_DriverIRQHandler</a> from startup_mimxrt1176_cm7.o(.text) referenced from startup_mimxrt1176_cm7.o(.text)
 <LI><a href="#[e4]">PDM_EVENT_IRQHandler</a> from startup_mimxrt1176_cm7.o(.text) referenced from startup_mimxrt1176_cm7.o(.isr_vector)
 <LI><a href="#[13e]">PDM_HWVAD_ERROR_DriverIRQHandler</a> from startup_mimxrt1176_cm7.o(.text) referenced from startup_mimxrt1176_cm7.o(.text)
 <LI><a href="#[e3]">PDM_HWVAD_ERROR_IRQHandler</a> from startup_mimxrt1176_cm7.o(.text) referenced from startup_mimxrt1176_cm7.o(.isr_vector)
 <LI><a href="#[13d]">PDM_HWVAD_EVENT_DriverIRQHandler</a> from startup_mimxrt1176_cm7.o(.text) referenced from startup_mimxrt1176_cm7.o(.text)
 <LI><a href="#[e2]">PDM_HWVAD_EVENT_IRQHandler</a> from startup_mimxrt1176_cm7.o(.text) referenced from startup_mimxrt1176_cm7.o(.isr_vector)
 <LI><a href="#[156]">PDOEventTimerAlarm</a> from pdo.o(.text.PDOEventTimerAlarm) referenced 2 times from pdo.o(.text.sendOnePDOevent)
 <LI><a href="#[157]">PDOInhibitTimerAlarm</a> from pdo.o(.text.PDOInhibitTimerAlarm) referenced 2 times from pdo.o(.text.sendOnePDOevent)
 <LI><a href="#[b5]">PIT1_IRQHandler</a> from startup_mimxrt1176_cm7.o(.text) referenced from startup_mimxrt1176_cm7.o(.isr_vector)
 <LI><a href="#[b6]">PIT2_IRQHandler</a> from startup_mimxrt1176_cm7.o(.text) referenced from startup_mimxrt1176_cm7.o(.isr_vector)
 <LI><a href="#[97]">PWM1_0_IRQHandler</a> from startup_mimxrt1176_cm7.o(.text) referenced from startup_mimxrt1176_cm7.o(.isr_vector)
 <LI><a href="#[98]">PWM1_1_IRQHandler</a> from startup_mimxrt1176_cm7.o(.text) referenced from startup_mimxrt1176_cm7.o(.isr_vector)
 <LI><a href="#[99]">PWM1_2_IRQHandler</a> from startup_mimxrt1176_cm7.o(.text) referenced from startup_mimxrt1176_cm7.o(.isr_vector)
 <LI><a href="#[9a]">PWM1_3_IRQHandler</a> from startup_mimxrt1176_cm7.o(.text) referenced from startup_mimxrt1176_cm7.o(.isr_vector)
 <LI><a href="#[9b]">PWM1_FAULT_IRQHandler</a> from startup_mimxrt1176_cm7.o(.text) referenced from startup_mimxrt1176_cm7.o(.isr_vector)
 <LI><a href="#[cb]">PWM2_0_IRQHandler</a> from startup_mimxrt1176_cm7.o(.text) referenced from startup_mimxrt1176_cm7.o(.isr_vector)
 <LI><a href="#[cc]">PWM2_1_IRQHandler</a> from startup_mimxrt1176_cm7.o(.text) referenced from startup_mimxrt1176_cm7.o(.isr_vector)
 <LI><a href="#[cd]">PWM2_2_IRQHandler</a> from startup_mimxrt1176_cm7.o(.text) referenced from startup_mimxrt1176_cm7.o(.isr_vector)
 <LI><a href="#[ce]">PWM2_3_IRQHandler</a> from startup_mimxrt1176_cm7.o(.text) referenced from startup_mimxrt1176_cm7.o(.isr_vector)
 <LI><a href="#[cf]">PWM2_FAULT_IRQHandler</a> from startup_mimxrt1176_cm7.o(.text) referenced from startup_mimxrt1176_cm7.o(.isr_vector)
 <LI><a href="#[d0]">PWM3_0_IRQHandler</a> from startup_mimxrt1176_cm7.o(.text) referenced from startup_mimxrt1176_cm7.o(.isr_vector)
 <LI><a href="#[d1]">PWM3_1_IRQHandler</a> from startup_mimxrt1176_cm7.o(.text) referenced from startup_mimxrt1176_cm7.o(.isr_vector)
 <LI><a href="#[d2]">PWM3_2_IRQHandler</a> from startup_mimxrt1176_cm7.o(.text) referenced from startup_mimxrt1176_cm7.o(.isr_vector)
 <LI><a href="#[d3]">PWM3_3_IRQHandler</a> from startup_mimxrt1176_cm7.o(.text) referenced from startup_mimxrt1176_cm7.o(.isr_vector)
 <LI><a href="#[d4]">PWM3_FAULT_IRQHandler</a> from startup_mimxrt1176_cm7.o(.text) referenced from startup_mimxrt1176_cm7.o(.isr_vector)
 <LI><a href="#[d5]">PWM4_0_IRQHandler</a> from startup_mimxrt1176_cm7.o(.text) referenced from startup_mimxrt1176_cm7.o(.isr_vector)
 <LI><a href="#[d6]">PWM4_1_IRQHandler</a> from startup_mimxrt1176_cm7.o(.text) referenced from startup_mimxrt1176_cm7.o(.isr_vector)
 <LI><a href="#[d7]">PWM4_2_IRQHandler</a> from startup_mimxrt1176_cm7.o(.text) referenced from startup_mimxrt1176_cm7.o(.isr_vector)
 <LI><a href="#[d8]">PWM4_3_IRQHandler</a> from startup_mimxrt1176_cm7.o(.text) referenced from startup_mimxrt1176_cm7.o(.isr_vector)
 <LI><a href="#[d9]">PWM4_FAULT_IRQHandler</a> from startup_mimxrt1176_cm7.o(.text) referenced from startup_mimxrt1176_cm7.o(.isr_vector)
 <LI><a href="#[53]">PXP_IRQHandler</a> from startup_mimxrt1176_cm7.o(.text) referenced from startup_mimxrt1176_cm7.o(.isr_vector)
 <LI><a href="#[18]">PendSV_Handler</a> from port.o(.text.PendSV_Handler) referenced from startup_mimxrt1176_cm7.o(.isr_vector)
 <LI><a href="#[18]">PendSV_Handler</a> from port.o(.text.PendSV_Handler) referenced from startup_mimxrt1176_cm7.o(.text)
 <LI><a href="#[14b]">ProducerHeartbeatAlarm</a> from lifegrd.o(.text.ProducerHeartbeatAlarm) referenced 2 times from lifegrd.o(.text.OnHeartbeatProducerUpdate)
 <LI><a href="#[14b]">ProducerHeartbeatAlarm</a> from lifegrd.o(.text.ProducerHeartbeatAlarm) referenced 2 times from lifegrd.o(.text.heartbeatInit)
 <LI><a href="#[76]">RDC_IRQHandler</a> from startup_mimxrt1176_cm7.o(.text) referenced from startup_mimxrt1176_cm7.o(.isr_vector)
 <LI><a href="#[8b]">RTWDOG3_IRQHandler</a> from startup_mimxrt1176_cm7.o(.text) referenced from startup_mimxrt1176_cm7.o(.isr_vector)
 <LI><a href="#[78]">Reserved110_IRQHandler</a> from startup_mimxrt1176_cm7.o(.text) referenced from startup_mimxrt1176_cm7.o(.isr_vector)
 <LI><a href="#[b0]">Reserved166_IRQHandler</a> from startup_mimxrt1176_cm7.o(.text) referenced from startup_mimxrt1176_cm7.o(.isr_vector)
 <LI><a href="#[b1]">Reserved167_IRQHandler</a> from startup_mimxrt1176_cm7.o(.text) referenced from startup_mimxrt1176_cm7.o(.isr_vector)
 <LI><a href="#[b2]">Reserved168_IRQHandler</a> from startup_mimxrt1176_cm7.o(.text) referenced from startup_mimxrt1176_cm7.o(.isr_vector)
 <LI><a href="#[b3]">Reserved169_IRQHandler</a> from startup_mimxrt1176_cm7.o(.text) referenced from startup_mimxrt1176_cm7.o(.isr_vector)
 <LI><a href="#[b4]">Reserved170_IRQHandler</a> from startup_mimxrt1176_cm7.o(.text) referenced from startup_mimxrt1176_cm7.o(.isr_vector)
 <LI><a href="#[bb]">Reserved177_IRQHandler</a> from startup_mimxrt1176_cm7.o(.text) referenced from startup_mimxrt1176_cm7.o(.isr_vector)
 <LI><a href="#[bc]">Reserved178_IRQHandler</a> from startup_mimxrt1176_cm7.o(.text) referenced from startup_mimxrt1176_cm7.o(.isr_vector)
 <LI><a href="#[bd]">Reserved179_IRQHandler</a> from startup_mimxrt1176_cm7.o(.text) referenced from startup_mimxrt1176_cm7.o(.isr_vector)
 <LI><a href="#[be]">Reserved180_IRQHandler</a> from startup_mimxrt1176_cm7.o(.text) referenced from startup_mimxrt1176_cm7.o(.isr_vector)
 <LI><a href="#[c3]">Reserved185_IRQHandler</a> from startup_mimxrt1176_cm7.o(.text) referenced from startup_mimxrt1176_cm7.o(.isr_vector)
 <LI><a href="#[c4]">Reserved186_IRQHandler</a> from startup_mimxrt1176_cm7.o(.text) referenced from startup_mimxrt1176_cm7.o(.isr_vector)
 <LI><a href="#[da]">Reserved208_IRQHandler</a> from startup_mimxrt1176_cm7.o(.text) referenced from startup_mimxrt1176_cm7.o(.isr_vector)
 <LI><a href="#[db]">Reserved209_IRQHandler</a> from startup_mimxrt1176_cm7.o(.text) referenced from startup_mimxrt1176_cm7.o(.isr_vector)
 <LI><a href="#[dc]">Reserved210_IRQHandler</a> from startup_mimxrt1176_cm7.o(.text) referenced from startup_mimxrt1176_cm7.o(.isr_vector)
 <LI><a href="#[dd]">Reserved211_IRQHandler</a> from startup_mimxrt1176_cm7.o(.text) referenced from startup_mimxrt1176_cm7.o(.isr_vector)
 <LI><a href="#[de]">Reserved212_IRQHandler</a> from startup_mimxrt1176_cm7.o(.text) referenced from startup_mimxrt1176_cm7.o(.isr_vector)
 <LI><a href="#[df]">Reserved213_IRQHandler</a> from startup_mimxrt1176_cm7.o(.text) referenced from startup_mimxrt1176_cm7.o(.isr_vector)
 <LI><a href="#[e0]">Reserved214_IRQHandler</a> from startup_mimxrt1176_cm7.o(.text) referenced from startup_mimxrt1176_cm7.o(.isr_vector)
 <LI><a href="#[e1]">Reserved215_IRQHandler</a> from startup_mimxrt1176_cm7.o(.text) referenced from startup_mimxrt1176_cm7.o(.isr_vector)
 <LI><a href="#[4e]">Reserved68_IRQHandler</a> from startup_mimxrt1176_cm7.o(.text) referenced from startup_mimxrt1176_cm7.o(.isr_vector)
 <LI><a href="#[10]">Reset_Handler</a> from startup_mimxrt1176_cm7.o(.text) referenced from fsl_flexspi_nor_boot.o(.boot_hdr.ivt)
 <LI><a href="#[10]">Reset_Handler</a> from startup_mimxrt1176_cm7.o(.text) referenced from startup_mimxrt1176_cm7.o(.isr_vector)
 <LI><a href="#[129]">SAI1_DriverIRQHandler</a> from startup_mimxrt1176_cm7.o(.text) referenced from startup_mimxrt1176_cm7.o(.text)
 <LI><a href="#[66]">SAI1_IRQHandler</a> from startup_mimxrt1176_cm7.o(.text) referenced from startup_mimxrt1176_cm7.o(.isr_vector)
 <LI><a href="#[12a]">SAI2_DriverIRQHandler</a> from startup_mimxrt1176_cm7.o(.text) referenced from startup_mimxrt1176_cm7.o(.text)
 <LI><a href="#[67]">SAI2_IRQHandler</a> from startup_mimxrt1176_cm7.o(.text) referenced from startup_mimxrt1176_cm7.o(.isr_vector)
 <LI><a href="#[12b]">SAI3_RX_DriverIRQHandler</a> from startup_mimxrt1176_cm7.o(.text) referenced from startup_mimxrt1176_cm7.o(.text)
 <LI><a href="#[68]">SAI3_RX_IRQHandler</a> from startup_mimxrt1176_cm7.o(.text) referenced from startup_mimxrt1176_cm7.o(.isr_vector)
 <LI><a href="#[12c]">SAI3_TX_DriverIRQHandler</a> from startup_mimxrt1176_cm7.o(.text) referenced from startup_mimxrt1176_cm7.o(.text)
 <LI><a href="#[69]">SAI3_TX_IRQHandler</a> from startup_mimxrt1176_cm7.o(.text) referenced from startup_mimxrt1176_cm7.o(.isr_vector)
 <LI><a href="#[12d]">SAI4_RX_DriverIRQHandler</a> from startup_mimxrt1176_cm7.o(.text) referenced from startup_mimxrt1176_cm7.o(.text)
 <LI><a href="#[6a]">SAI4_RX_IRQHandler</a> from startup_mimxrt1176_cm7.o(.text) referenced from startup_mimxrt1176_cm7.o(.isr_vector)
 <LI><a href="#[12e]">SAI4_TX_DriverIRQHandler</a> from startup_mimxrt1176_cm7.o(.text) referenced from startup_mimxrt1176_cm7.o(.text)
 <LI><a href="#[6b]">SAI4_TX_IRQHandler</a> from startup_mimxrt1176_cm7.o(.text) referenced from startup_mimxrt1176_cm7.o(.isr_vector)
 <LI><a href="#[150]">SDOTimeoutAlarm</a> from sdo.o(.text.SDOTimeoutAlarm) referenced 2 times from sdo.o(.text.initSDOline)
 <LI><a href="#[150]">SDOTimeoutAlarm</a> from sdo.o(.text.SDOTimeoutAlarm) referenced 22 times from sdo.o(.text.proceedSDO)
 <LI><a href="#[c9]">SEMA4_CP0_IRQHandler</a> from startup_mimxrt1176_cm7.o(.text) referenced from startup_mimxrt1176_cm7.o(.isr_vector)
 <LI><a href="#[ca]">SEMA4_CP1_IRQHandler</a> from startup_mimxrt1176_cm7.o(.text) referenced from startup_mimxrt1176_cm7.o(.isr_vector)
 <LI><a href="#[9e]">SEMC_IRQHandler</a> from startup_mimxrt1176_cm7.o(.text) referenced from startup_mimxrt1176_cm7.o(.isr_vector)
 <LI><a href="#[5c]">SNVS_HP_NON_TZ_IRQHandler</a> from startup_mimxrt1176_cm7.o(.text) referenced from startup_mimxrt1176_cm7.o(.isr_vector)
 <LI><a href="#[5d]">SNVS_HP_TZ_IRQHandler</a> from startup_mimxrt1176_cm7.o(.text) referenced from startup_mimxrt1176_cm7.o(.isr_vector)
 <LI><a href="#[5e]">SNVS_PULSE_EVENT_IRQHandler</a> from startup_mimxrt1176_cm7.o(.text) referenced from startup_mimxrt1176_cm7.o(.isr_vector)
 <LI><a href="#[12f]">SPDIF_DriverIRQHandler</a> from startup_mimxrt1176_cm7.o(.text) referenced from startup_mimxrt1176_cm7.o(.text)
 <LI><a href="#[6c]">SPDIF_IRQHandler</a> from startup_mimxrt1176_cm7.o(.text) referenced from startup_mimxrt1176_cm7.o(.isr_vector)
 <LI><a href="#[16]">SVC_Handler</a> from port.o(.text.SVC_Handler) referenced from startup_mimxrt1176_cm7.o(.isr_vector)
 <LI><a href="#[16]">SVC_Handler</a> from port.o(.text.SVC_Handler) referenced from startup_mimxrt1176_cm7.o(.text)
 <LI><a href="#[159]">SyncAlarm</a> from sync.o(.text.SyncAlarm) referenced 2 times from sync.o(.text.startSYNC)
 <LI><a href="#[19]">SysTick_Handler</a> from port.o(.text.SysTick_Handler) referenced from startup_mimxrt1176_cm7.o(.isr_vector)
 <LI><a href="#[19]">SysTick_Handler</a> from port.o(.text.SysTick_Handler) referenced from startup_mimxrt1176_cm7.o(.text)
 <LI><a href="#[f5]">SystemInit</a> from system_mimxrt1176_cm7.o(.text.SystemInit) referenced from startup_mimxrt1176_cm7.o(.text)
 <LI><a href="#[6d]">TMPSNS_INT_IRQHandler</a> from startup_mimxrt1176_cm7.o(.text) referenced from startup_mimxrt1176_cm7.o(.isr_vector)
 <LI><a href="#[6e]">TMPSNS_LOW_HIGH_IRQHandler</a> from startup_mimxrt1176_cm7.o(.text) referenced from startup_mimxrt1176_cm7.o(.isr_vector)
 <LI><a href="#[6f]">TMPSNS_PANIC_IRQHandler</a> from startup_mimxrt1176_cm7.o(.text) referenced from startup_mimxrt1176_cm7.o(.isr_vector)
 <LI><a href="#[c5]">TMR1_IRQHandler</a> from startup_mimxrt1176_cm7.o(.text) referenced from startup_mimxrt1176_cm7.o(.isr_vector)
 <LI><a href="#[c6]">TMR2_IRQHandler</a> from startup_mimxrt1176_cm7.o(.text) referenced from startup_mimxrt1176_cm7.o(.isr_vector)
 <LI><a href="#[c7]">TMR3_IRQHandler</a> from startup_mimxrt1176_cm7.o(.text) referenced from startup_mimxrt1176_cm7.o(.isr_vector)
 <LI><a href="#[c8]">TMR4_IRQHandler</a> from startup_mimxrt1176_cm7.o(.text) referenced from startup_mimxrt1176_cm7.o(.isr_vector)
 <LI><a href="#[14c]">TPDO_Communication_Parameter_Callback</a> from pdo.o(.text.TPDO_Communication_Parameter_Callback) referenced 2 times from pdo.o(.text.PDOInit)
 <LI><a href="#[74]">USBPHY1_IRQHandler</a> from startup_mimxrt1176_cm7.o(.text) referenced from startup_mimxrt1176_cm7.o(.isr_vector)
 <LI><a href="#[75]">USBPHY2_IRQHandler</a> from startup_mimxrt1176_cm7.o(.text) referenced from startup_mimxrt1176_cm7.o(.isr_vector)
 <LI><a href="#[a2]">USB_OTG1_IRQHandler</a> from startup_mimxrt1176_cm7.o(.text) referenced from startup_mimxrt1176_cm7.o(.isr_vector)
 <LI><a href="#[a1]">USB_OTG2_IRQHandler</a> from startup_mimxrt1176_cm7.o(.text) referenced from startup_mimxrt1176_cm7.o(.isr_vector)
 <LI><a href="#[135]">USDHC1_DriverIRQHandler</a> from startup_mimxrt1176_cm7.o(.text) referenced from startup_mimxrt1176_cm7.o(.text)
 <LI><a href="#[9f]">USDHC1_IRQHandler</a> from startup_mimxrt1176_cm7.o(.text) referenced from startup_mimxrt1176_cm7.o(.isr_vector)
 <LI><a href="#[136]">USDHC2_DriverIRQHandler</a> from startup_mimxrt1176_cm7.o(.text) referenced from startup_mimxrt1176_cm7.o(.text)
 <LI><a href="#[a0]">USDHC2_IRQHandler</a> from startup_mimxrt1176_cm7.o(.text) referenced from startup_mimxrt1176_cm7.o(.isr_vector)
 <LI><a href="#[15]">UsageFault_Handler</a> from startup_mimxrt1176_cm7.o(.text) referenced from startup_mimxrt1176_cm7.o(.isr_vector)
 <LI><a href="#[8a]">WDOG1_IRQHandler</a> from startup_mimxrt1176_cm7.o(.text) referenced from startup_mimxrt1176_cm7.o(.isr_vector)
 <LI><a href="#[5b]">WDOG2_IRQHandler</a> from startup_mimxrt1176_cm7.o(.text) referenced from startup_mimxrt1176_cm7.o(.isr_vector)
 <LI><a href="#[a9]">XBAR1_IRQ_0_1_IRQHandler</a> from startup_mimxrt1176_cm7.o(.text) referenced from startup_mimxrt1176_cm7.o(.isr_vector)
 <LI><a href="#[aa]">XBAR1_IRQ_2_3_IRQHandler</a> from startup_mimxrt1176_cm7.o(.text) referenced from startup_mimxrt1176_cm7.o(.isr_vector)
 <LI><a href="#[142]">XECC_FLEXSPI1_FATAL_INT_DriverIRQHandler</a> from startup_mimxrt1176_cm7.o(.text) referenced from startup_mimxrt1176_cm7.o(.text)
 <LI><a href="#[ed]">XECC_FLEXSPI1_FATAL_INT_IRQHandler</a> from startup_mimxrt1176_cm7.o(.text) referenced from startup_mimxrt1176_cm7.o(.isr_vector)
 <LI><a href="#[141]">XECC_FLEXSPI1_INT_DriverIRQHandler</a> from startup_mimxrt1176_cm7.o(.text) referenced from startup_mimxrt1176_cm7.o(.text)
 <LI><a href="#[ec]">XECC_FLEXSPI1_INT_IRQHandler</a> from startup_mimxrt1176_cm7.o(.text) referenced from startup_mimxrt1176_cm7.o(.isr_vector)
 <LI><a href="#[144]">XECC_FLEXSPI2_FATAL_INT_DriverIRQHandler</a> from startup_mimxrt1176_cm7.o(.text) referenced from startup_mimxrt1176_cm7.o(.text)
 <LI><a href="#[ef]">XECC_FLEXSPI2_FATAL_INT_IRQHandler</a> from startup_mimxrt1176_cm7.o(.text) referenced from startup_mimxrt1176_cm7.o(.isr_vector)
 <LI><a href="#[143]">XECC_FLEXSPI2_INT_DriverIRQHandler</a> from startup_mimxrt1176_cm7.o(.text) referenced from startup_mimxrt1176_cm7.o(.text)
 <LI><a href="#[ee]">XECC_FLEXSPI2_INT_IRQHandler</a> from startup_mimxrt1176_cm7.o(.text) referenced from startup_mimxrt1176_cm7.o(.isr_vector)
 <LI><a href="#[f1]">XECC_SEMC_FATAL_INT_IRQHandler</a> from startup_mimxrt1176_cm7.o(.text) referenced from startup_mimxrt1176_cm7.o(.isr_vector)
 <LI><a href="#[f0]">XECC_SEMC_INT_IRQHandler</a> from startup_mimxrt1176_cm7.o(.text) referenced from startup_mimxrt1176_cm7.o(.isr_vector)
 <LI><a href="#[0]">_RxPDO_EventTimers_Handler</a> from pdo.o(.text._RxPDO_EventTimers_Handler) referenced 2 times from master.o(.data.Master_Data)
 <LI><a href="#[f6]">__main</a> from entry.o(.ARM.Collect$$$$00000000) referenced from startup_mimxrt1176_cm7.o(.text)
 <LI><a href="#[6]">_heartbeatError</a> from lifegrd.o(.text._heartbeatError) referenced 2 times from master.o(.data.Master_Data)
 <LI><a href="#[2]">_initialisation</a> from states.o(.text._initialisation) referenced 2 times from master.o(.data.Master_Data)
 <LI><a href="#[7]">_nodeguardError</a> from lifegrd.o(.text._nodeguardError) referenced 2 times from master.o(.data.Master_Data)
 <LI><a href="#[4]">_operational</a> from states.o(.text._operational) referenced 2 times from master.o(.data.Master_Data)
 <LI><a href="#[a]">_post_SlaveBootup</a> from lifegrd.o(.text._post_SlaveBootup) referenced 2 times from master.o(.data.Master_Data)
 <LI><a href="#[b]">_post_SlaveStateChange</a> from lifegrd.o(.text._post_SlaveStateChange) referenced 2 times from master.o(.data.Master_Data)
 <LI><a href="#[9]">_post_TPDO</a> from sync.o(.text._post_TPDO) referenced 2 times from master.o(.data.Master_Data)
 <LI><a href="#[e]">_post_emcy</a> from emcy.o(.text._post_emcy) referenced 2 times from master.o(.data.Master_Data)
 <LI><a href="#[8]">_post_sync</a> from sync.o(.text._post_sync) referenced 2 times from master.o(.data.Master_Data)
 <LI><a href="#[3]">_preOperational</a> from states.o(.text._preOperational) referenced 2 times from master.o(.data.Master_Data)
 <LI><a href="#[5]">_stopped</a> from states.o(.text._stopped) referenced 2 times from master.o(.data.Master_Data)
 <LI><a href="#[d]">_storeODSubIndex</a> from objacces.o(.text._storeODSubIndex) referenced 2 times from master.o(.data.Master_Data)
 <LI><a href="#[50]">eLCDIF_IRQHandler</a> from startup_mimxrt1176_cm7.o(.text) referenced from startup_mimxrt1176_cm7.o(.isr_vector)
 <LI><a href="#[151]">flexcan_callback</a> from flexcan_interrupt_transfer.o(.text.flexcan_callback) referenced 2 times from flexcan_interrupt_transfer.o(.text.main)
 <LI><a href="#[f4]">main</a> from flexcan_interrupt_transfer.o(.text.main) referenced from entry9a.o(.ARM.Collect$$$$0000000B)
 <LI><a href="#[15a]">prvIdleTask</a> from tasks.o(.text.prvIdleTask) referenced 2 times from tasks.o(.text.vTaskStartScheduler)
 <LI><a href="#[155]">prvTaskExitError</a> from port.o(.text.prvTaskExitError) referenced 2 times from port.o(.text.pxPortInitialiseStack)
 <LI><a href="#[15b]">prvTimerTask</a> from timers.o(.text.prvTimerTask) referenced 2 times from timers.o(.text.xTimerCreateTimerTask)
</UL>
<P>
<H3>
Global Symbols
</H3>
<P><STRONG><a name="[f6]"></a>__main</STRONG> (Thumb, 0 bytes, Stack size unknown bytes, entry.o(.ARM.Collect$$$$00000000))
<BR>[Address Reference Count : 1]<UL><LI> startup_mimxrt1176_cm7.o(.text)
</UL>
<P><STRONG><a name="[1f1]"></a>_main_stk</STRONG> (Thumb, 0 bytes, Stack size unknown bytes, entry4.o(.ARM.Collect$$$$00000003))

<P><STRONG><a name="[15d]"></a>_main_scatterload</STRONG> (Thumb, 0 bytes, Stack size unknown bytes, entry5.o(.ARM.Collect$$$$00000004))
<BR><BR>[Calls]<UL><LI><a href="#[15e]">&gt;&gt;</a>&nbsp;&nbsp;&nbsp;__scatterload
</UL>

<P><STRONG><a name="[162]"></a>__main_after_scatterload</STRONG> (Thumb, 0 bytes, Stack size unknown bytes, entry5.o(.ARM.Collect$$$$00000004))
<BR><BR>[Called By]<UL><LI><a href="#[15e]">&gt;&gt;</a>&nbsp;&nbsp;&nbsp;__scatterload
</UL>

<P><STRONG><a name="[1f2]"></a>_main_clock</STRONG> (Thumb, 0 bytes, Stack size unknown bytes, entry7b.o(.ARM.Collect$$$$00000008))

<P><STRONG><a name="[1f3]"></a>_main_cpp_init</STRONG> (Thumb, 0 bytes, Stack size unknown bytes, entry8b.o(.ARM.Collect$$$$0000000A))

<P><STRONG><a name="[1f4]"></a>_main_init</STRONG> (Thumb, 0 bytes, Stack size unknown bytes, entry9a.o(.ARM.Collect$$$$0000000B))

<P><STRONG><a name="[1f5]"></a>__rt_final_cpp</STRONG> (Thumb, 0 bytes, Stack size unknown bytes, entry10a.o(.ARM.Collect$$$$0000000D))

<P><STRONG><a name="[1f6]"></a>__rt_final_exit</STRONG> (Thumb, 0 bytes, Stack size unknown bytes, entry11a.o(.ARM.Collect$$$$0000000F))

<P><STRONG><a name="[10]"></a>Reset_Handler</STRONG> (Thumb, 40 bytes, Stack size unknown bytes, startup_mimxrt1176_cm7.o(.text))
<BR>[Address Reference Count : 2]<UL><LI> startup_mimxrt1176_cm7.o(.isr_vector)
<LI> fsl_flexspi_nor_boot.o(.boot_hdr.ivt)
</UL>
<P><STRONG><a name="[b7]"></a>ACMP1_IRQHandler</STRONG> (Thumb, 4 bytes, Stack size unknown bytes, startup_mimxrt1176_cm7.o(.text))
<BR><BR>[Calls]<UL><LI><a href="#[f]">&gt;&gt;</a>&nbsp;&nbsp;&nbsp;DefaultISR
</UL>
<BR>[Address Reference Count : 1]<UL><LI> startup_mimxrt1176_cm7.o(.isr_vector)
</UL>
<P><STRONG><a name="[b8]"></a>ACMP2_IRQHandler</STRONG> (Thumb, 4 bytes, Stack size unknown bytes, startup_mimxrt1176_cm7.o(.text))
<BR>[Address Reference Count : 1]<UL><LI> startup_mimxrt1176_cm7.o(.isr_vector)
</UL>
<P><STRONG><a name="[b9]"></a>ACMP3_IRQHandler</STRONG> (Thumb, 4 bytes, Stack size unknown bytes, startup_mimxrt1176_cm7.o(.text))
<BR>[Address Reference Count : 1]<UL><LI> startup_mimxrt1176_cm7.o(.isr_vector)
</UL>
<P><STRONG><a name="[ba]"></a>ACMP4_IRQHandler</STRONG> (Thumb, 4 bytes, Stack size unknown bytes, startup_mimxrt1176_cm7.o(.text))
<BR>[Address Reference Count : 1]<UL><LI> startup_mimxrt1176_cm7.o(.isr_vector)
</UL>
<P><STRONG><a name="[72]"></a>ADC1_IRQHandler</STRONG> (Thumb, 4 bytes, Stack size unknown bytes, startup_mimxrt1176_cm7.o(.text))
<BR>[Address Reference Count : 1]<UL><LI> startup_mimxrt1176_cm7.o(.isr_vector)
</UL>
<P><STRONG><a name="[73]"></a>ADC2_IRQHandler</STRONG> (Thumb, 4 bytes, Stack size unknown bytes, startup_mimxrt1176_cm7.o(.text))
<BR>[Address Reference Count : 1]<UL><LI> startup_mimxrt1176_cm7.o(.isr_vector)
</UL>
<P><STRONG><a name="[af]"></a>ADC_ETC_ERROR_IRQ_IRQHandler</STRONG> (Thumb, 4 bytes, Stack size unknown bytes, startup_mimxrt1176_cm7.o(.text))
<BR>[Address Reference Count : 1]<UL><LI> startup_mimxrt1176_cm7.o(.isr_vector)
</UL>
<P><STRONG><a name="[ab]"></a>ADC_ETC_IRQ0_IRQHandler</STRONG> (Thumb, 4 bytes, Stack size unknown bytes, startup_mimxrt1176_cm7.o(.text))
<BR>[Address Reference Count : 1]<UL><LI> startup_mimxrt1176_cm7.o(.isr_vector)
</UL>
<P><STRONG><a name="[ac]"></a>ADC_ETC_IRQ1_IRQHandler</STRONG> (Thumb, 4 bytes, Stack size unknown bytes, startup_mimxrt1176_cm7.o(.text))
<BR>[Address Reference Count : 1]<UL><LI> startup_mimxrt1176_cm7.o(.isr_vector)
</UL>
<P><STRONG><a name="[ad]"></a>ADC_ETC_IRQ2_IRQHandler</STRONG> (Thumb, 4 bytes, Stack size unknown bytes, startup_mimxrt1176_cm7.o(.text))
<BR>[Address Reference Count : 1]<UL><LI> startup_mimxrt1176_cm7.o(.isr_vector)
</UL>
<P><STRONG><a name="[ae]"></a>ADC_ETC_IRQ3_IRQHandler</STRONG> (Thumb, 4 bytes, Stack size unknown bytes, startup_mimxrt1176_cm7.o(.text))
<BR>[Address Reference Count : 1]<UL><LI> startup_mimxrt1176_cm7.o(.isr_vector)
</UL>
<P><STRONG><a name="[130]"></a>ASRC_DriverIRQHandler</STRONG> (Thumb, 4 bytes, Stack size unknown bytes, startup_mimxrt1176_cm7.o(.text))
<BR>[Address Reference Count : 1]<UL><LI> startup_mimxrt1176_cm7.o(.text)
</UL>
<P><STRONG><a name="[14]"></a>BusFault_Handler</STRONG> (Thumb, 4 bytes, Stack size unknown bytes, startup_mimxrt1176_cm7.o(.text))
<BR>[Address Reference Count : 1]<UL><LI> startup_mimxrt1176_cm7.o(.isr_vector)
</UL>
<P><STRONG><a name="[5f]"></a>CAAM_IRQ0_IRQHandler</STRONG> (Thumb, 4 bytes, Stack size unknown bytes, startup_mimxrt1176_cm7.o(.text))
<BR>[Address Reference Count : 1]<UL><LI> startup_mimxrt1176_cm7.o(.isr_vector)
</UL>
<P><STRONG><a name="[60]"></a>CAAM_IRQ1_IRQHandler</STRONG> (Thumb, 4 bytes, Stack size unknown bytes, startup_mimxrt1176_cm7.o(.text))
<BR>[Address Reference Count : 1]<UL><LI> startup_mimxrt1176_cm7.o(.isr_vector)
</UL>
<P><STRONG><a name="[61]"></a>CAAM_IRQ2_IRQHandler</STRONG> (Thumb, 4 bytes, Stack size unknown bytes, startup_mimxrt1176_cm7.o(.text))
<BR>[Address Reference Count : 1]<UL><LI> startup_mimxrt1176_cm7.o(.isr_vector)
</UL>
<P><STRONG><a name="[62]"></a>CAAM_IRQ3_IRQHandler</STRONG> (Thumb, 4 bytes, Stack size unknown bytes, startup_mimxrt1176_cm7.o(.text))
<BR>[Address Reference Count : 1]<UL><LI> startup_mimxrt1176_cm7.o(.isr_vector)
</UL>
<P><STRONG><a name="[63]"></a>CAAM_RECORVE_ERRPR_IRQHandler</STRONG> (Thumb, 4 bytes, Stack size unknown bytes, startup_mimxrt1176_cm7.o(.text))
<BR>[Address Reference Count : 1]<UL><LI> startup_mimxrt1176_cm7.o(.isr_vector)
</UL>
<P><STRONG><a name="[64]"></a>CAAM_RTIC_IRQHandler</STRONG> (Thumb, 4 bytes, Stack size unknown bytes, startup_mimxrt1176_cm7.o(.text))
<BR>[Address Reference Count : 1]<UL><LI> startup_mimxrt1176_cm7.o(.isr_vector)
</UL>
<P><STRONG><a name="[121]"></a>CAN1_ERROR_DriverIRQHandler</STRONG> (Thumb, 4 bytes, Stack size unknown bytes, startup_mimxrt1176_cm7.o(.text))
<BR>[Address Reference Count : 1]<UL><LI> startup_mimxrt1176_cm7.o(.text)
</UL>
<P><STRONG><a name="[123]"></a>CAN2_ERROR_DriverIRQHandler</STRONG> (Thumb, 4 bytes, Stack size unknown bytes, startup_mimxrt1176_cm7.o(.text))
<BR>[Address Reference Count : 1]<UL><LI> startup_mimxrt1176_cm7.o(.text)
</UL>
<P><STRONG><a name="[125]"></a>CAN3_ERROR_DriverIRQHandler</STRONG> (Thumb, 4 bytes, Stack size unknown bytes, startup_mimxrt1176_cm7.o(.text))
<BR>[Address Reference Count : 1]<UL><LI> startup_mimxrt1176_cm7.o(.text)
</UL>
<P><STRONG><a name="[128]"></a>CDOG_DriverIRQHandler</STRONG> (Thumb, 4 bytes, Stack size unknown bytes, startup_mimxrt1176_cm7.o(.text))
<BR>[Address Reference Count : 1]<UL><LI> startup_mimxrt1176_cm7.o(.text)
</UL>
<P><STRONG><a name="[7d]"></a>CM7_GPIO2_3_IRQHandler</STRONG> (Thumb, 4 bytes, Stack size unknown bytes, startup_mimxrt1176_cm7.o(.text))
<BR>[Address Reference Count : 1]<UL><LI> startup_mimxrt1176_cm7.o(.isr_vector)
</UL>
<P><STRONG><a name="[2d]"></a>CORE_IRQHandler</STRONG> (Thumb, 4 bytes, Stack size unknown bytes, startup_mimxrt1176_cm7.o(.text))
<BR>[Address Reference Count : 1]<UL><LI> startup_mimxrt1176_cm7.o(.isr_vector)
</UL>
<P><STRONG><a name="[52]"></a>CSI_IRQHandler</STRONG> (Thumb, 4 bytes, Stack size unknown bytes, startup_mimxrt1176_cm7.o(.text))
<BR>[Address Reference Count : 1]<UL><LI> startup_mimxrt1176_cm7.o(.isr_vector)
</UL>
<P><STRONG><a name="[2b]"></a>CTI_TRIGGER_OUT0_IRQHandler</STRONG> (Thumb, 4 bytes, Stack size unknown bytes, startup_mimxrt1176_cm7.o(.text))
<BR>[Address Reference Count : 1]<UL><LI> startup_mimxrt1176_cm7.o(.isr_vector)
</UL>
<P><STRONG><a name="[2c]"></a>CTI_TRIGGER_OUT1_IRQHandler</STRONG> (Thumb, 4 bytes, Stack size unknown bytes, startup_mimxrt1176_cm7.o(.text))
<BR>[Address Reference Count : 1]<UL><LI> startup_mimxrt1176_cm7.o(.isr_vector)
</UL>
<P><STRONG><a name="[59]"></a>DAC_IRQHandler</STRONG> (Thumb, 4 bytes, Stack size unknown bytes, startup_mimxrt1176_cm7.o(.text))
<BR>[Address Reference Count : 1]<UL><LI> startup_mimxrt1176_cm7.o(.isr_vector)
</UL>
<P><STRONG><a name="[79]"></a>DCIC1_IRQHandler</STRONG> (Thumb, 4 bytes, Stack size unknown bytes, startup_mimxrt1176_cm7.o(.text))
<BR>[Address Reference Count : 1]<UL><LI> startup_mimxrt1176_cm7.o(.isr_vector)
</UL>
<P><STRONG><a name="[7a]"></a>DCIC2_IRQHandler</STRONG> (Thumb, 4 bytes, Stack size unknown bytes, startup_mimxrt1176_cm7.o(.text))
<BR>[Address Reference Count : 1]<UL><LI> startup_mimxrt1176_cm7.o(.isr_vector)
</UL>
<P><STRONG><a name="[f7]"></a>DMA0_DMA16_DriverIRQHandler</STRONG> (Thumb, 4 bytes, Stack size unknown bytes, startup_mimxrt1176_cm7.o(.text))
<BR>[Address Reference Count : 1]<UL><LI> startup_mimxrt1176_cm7.o(.text)
</UL>
<P><STRONG><a name="[101]"></a>DMA10_DMA26_DriverIRQHandler</STRONG> (Thumb, 4 bytes, Stack size unknown bytes, startup_mimxrt1176_cm7.o(.text))
<BR>[Address Reference Count : 1]<UL><LI> startup_mimxrt1176_cm7.o(.text)
</UL>
<P><STRONG><a name="[102]"></a>DMA11_DMA27_DriverIRQHandler</STRONG> (Thumb, 4 bytes, Stack size unknown bytes, startup_mimxrt1176_cm7.o(.text))
<BR>[Address Reference Count : 1]<UL><LI> startup_mimxrt1176_cm7.o(.text)
</UL>
<P><STRONG><a name="[103]"></a>DMA12_DMA28_DriverIRQHandler</STRONG> (Thumb, 4 bytes, Stack size unknown bytes, startup_mimxrt1176_cm7.o(.text))
<BR>[Address Reference Count : 1]<UL><LI> startup_mimxrt1176_cm7.o(.text)
</UL>
<P><STRONG><a name="[104]"></a>DMA13_DMA29_DriverIRQHandler</STRONG> (Thumb, 4 bytes, Stack size unknown bytes, startup_mimxrt1176_cm7.o(.text))
<BR>[Address Reference Count : 1]<UL><LI> startup_mimxrt1176_cm7.o(.text)
</UL>
<P><STRONG><a name="[105]"></a>DMA14_DMA30_DriverIRQHandler</STRONG> (Thumb, 4 bytes, Stack size unknown bytes, startup_mimxrt1176_cm7.o(.text))
<BR>[Address Reference Count : 1]<UL><LI> startup_mimxrt1176_cm7.o(.text)
</UL>
<P><STRONG><a name="[106]"></a>DMA15_DMA31_DriverIRQHandler</STRONG> (Thumb, 4 bytes, Stack size unknown bytes, startup_mimxrt1176_cm7.o(.text))
<BR>[Address Reference Count : 1]<UL><LI> startup_mimxrt1176_cm7.o(.text)
</UL>
<P><STRONG><a name="[f8]"></a>DMA1_DMA17_DriverIRQHandler</STRONG> (Thumb, 4 bytes, Stack size unknown bytes, startup_mimxrt1176_cm7.o(.text))
<BR>[Address Reference Count : 1]<UL><LI> startup_mimxrt1176_cm7.o(.text)
</UL>
<P><STRONG><a name="[f9]"></a>DMA2_DMA18_DriverIRQHandler</STRONG> (Thumb, 4 bytes, Stack size unknown bytes, startup_mimxrt1176_cm7.o(.text))
<BR>[Address Reference Count : 1]<UL><LI> startup_mimxrt1176_cm7.o(.text)
</UL>
<P><STRONG><a name="[fa]"></a>DMA3_DMA19_DriverIRQHandler</STRONG> (Thumb, 4 bytes, Stack size unknown bytes, startup_mimxrt1176_cm7.o(.text))
<BR>[Address Reference Count : 1]<UL><LI> startup_mimxrt1176_cm7.o(.text)
</UL>
<P><STRONG><a name="[fb]"></a>DMA4_DMA20_DriverIRQHandler</STRONG> (Thumb, 4 bytes, Stack size unknown bytes, startup_mimxrt1176_cm7.o(.text))
<BR>[Address Reference Count : 1]<UL><LI> startup_mimxrt1176_cm7.o(.text)
</UL>
<P><STRONG><a name="[fc]"></a>DMA5_DMA21_DriverIRQHandler</STRONG> (Thumb, 4 bytes, Stack size unknown bytes, startup_mimxrt1176_cm7.o(.text))
<BR>[Address Reference Count : 1]<UL><LI> startup_mimxrt1176_cm7.o(.text)
</UL>
<P><STRONG><a name="[fd]"></a>DMA6_DMA22_DriverIRQHandler</STRONG> (Thumb, 4 bytes, Stack size unknown bytes, startup_mimxrt1176_cm7.o(.text))
<BR>[Address Reference Count : 1]<UL><LI> startup_mimxrt1176_cm7.o(.text)
</UL>
<P><STRONG><a name="[fe]"></a>DMA7_DMA23_DriverIRQHandler</STRONG> (Thumb, 4 bytes, Stack size unknown bytes, startup_mimxrt1176_cm7.o(.text))
<BR>[Address Reference Count : 1]<UL><LI> startup_mimxrt1176_cm7.o(.text)
</UL>
<P><STRONG><a name="[ff]"></a>DMA8_DMA24_DriverIRQHandler</STRONG> (Thumb, 4 bytes, Stack size unknown bytes, startup_mimxrt1176_cm7.o(.text))
<BR>[Address Reference Count : 1]<UL><LI> startup_mimxrt1176_cm7.o(.text)
</UL>
<P><STRONG><a name="[100]"></a>DMA9_DMA25_DriverIRQHandler</STRONG> (Thumb, 4 bytes, Stack size unknown bytes, startup_mimxrt1176_cm7.o(.text))
<BR>[Address Reference Count : 1]<UL><LI> startup_mimxrt1176_cm7.o(.text)
</UL>
<P><STRONG><a name="[107]"></a>DMA_ERROR_DriverIRQHandler</STRONG> (Thumb, 4 bytes, Stack size unknown bytes, startup_mimxrt1176_cm7.o(.text))
<BR>[Address Reference Count : 1]<UL><LI> startup_mimxrt1176_cm7.o(.text)
</UL>
<P><STRONG><a name="[17]"></a>DebugMon_Handler</STRONG> (Thumb, 4 bytes, Stack size unknown bytes, startup_mimxrt1176_cm7.o(.text))
<BR>[Address Reference Count : 1]<UL><LI> startup_mimxrt1176_cm7.o(.isr_vector)
</UL>
<P><STRONG><a name="[f]"></a>DefaultISR</STRONG> (Thumb, 4 bytes, Stack size unknown bytes, startup_mimxrt1176_cm7.o(.text))
<BR><BR>[Called By]<UL><LI><a href="#[b7]">&gt;&gt;</a>&nbsp;&nbsp;&nbsp;ACMP1_IRQHandler
</UL>
<BR>[Address Reference Count : 3]<UL><LI> fsl_lpuart.o(.data.s_lpuartIsr)
<LI> fsl_flexcan.o(.data.s_flexcanIsr)
<LI> startup_mimxrt1176_cm7.o(.isr_vector)
</UL>
<P><STRONG><a name="[e6]"></a>EMVSIM1_IRQHandler</STRONG> (Thumb, 4 bytes, Stack size unknown bytes, startup_mimxrt1176_cm7.o(.text))
<BR>[Address Reference Count : 1]<UL><LI> startup_mimxrt1176_cm7.o(.isr_vector)
</UL>
<P><STRONG><a name="[e7]"></a>EMVSIM2_IRQHandler</STRONG> (Thumb, 4 bytes, Stack size unknown bytes, startup_mimxrt1176_cm7.o(.text))
<BR>[Address Reference Count : 1]<UL><LI> startup_mimxrt1176_cm7.o(.isr_vector)
</UL>
<P><STRONG><a name="[bf]"></a>ENC1_IRQHandler</STRONG> (Thumb, 4 bytes, Stack size unknown bytes, startup_mimxrt1176_cm7.o(.text))
<BR>[Address Reference Count : 1]<UL><LI> startup_mimxrt1176_cm7.o(.isr_vector)
</UL>
<P><STRONG><a name="[c0]"></a>ENC2_IRQHandler</STRONG> (Thumb, 4 bytes, Stack size unknown bytes, startup_mimxrt1176_cm7.o(.text))
<BR>[Address Reference Count : 1]<UL><LI> startup_mimxrt1176_cm7.o(.isr_vector)
</UL>
<P><STRONG><a name="[c1]"></a>ENC3_IRQHandler</STRONG> (Thumb, 4 bytes, Stack size unknown bytes, startup_mimxrt1176_cm7.o(.text))
<BR>[Address Reference Count : 1]<UL><LI> startup_mimxrt1176_cm7.o(.isr_vector)
</UL>
<P><STRONG><a name="[c2]"></a>ENC4_IRQHandler</STRONG> (Thumb, 4 bytes, Stack size unknown bytes, startup_mimxrt1176_cm7.o(.text))
<BR>[Address Reference Count : 1]<UL><LI> startup_mimxrt1176_cm7.o(.isr_vector)
</UL>
<P><STRONG><a name="[138]"></a>ENET_1588_Timer_DriverIRQHandler</STRONG> (Thumb, 4 bytes, Stack size unknown bytes, startup_mimxrt1176_cm7.o(.text))
<BR>[Address Reference Count : 1]<UL><LI> startup_mimxrt1176_cm7.o(.text)
</UL>
<P><STRONG><a name="[13c]"></a>ENET_1G_1588_Timer_DriverIRQHandler</STRONG> (Thumb, 4 bytes, Stack size unknown bytes, startup_mimxrt1176_cm7.o(.text))
<BR>[Address Reference Count : 1]<UL><LI> startup_mimxrt1176_cm7.o(.text)
</UL>
<P><STRONG><a name="[13b]"></a>ENET_1G_DriverIRQHandler</STRONG> (Thumb, 4 bytes, Stack size unknown bytes, startup_mimxrt1176_cm7.o(.text))
<BR>[Address Reference Count : 1]<UL><LI> startup_mimxrt1176_cm7.o(.text)
</UL>
<P><STRONG><a name="[139]"></a>ENET_1G_MAC0_Tx_Rx_1_DriverIRQHandler</STRONG> (Thumb, 4 bytes, Stack size unknown bytes, startup_mimxrt1176_cm7.o(.text))
<BR>[Address Reference Count : 1]<UL><LI> startup_mimxrt1176_cm7.o(.text)
</UL>
<P><STRONG><a name="[13a]"></a>ENET_1G_MAC0_Tx_Rx_2_DriverIRQHandler</STRONG> (Thumb, 4 bytes, Stack size unknown bytes, startup_mimxrt1176_cm7.o(.text))
<BR>[Address Reference Count : 1]<UL><LI> startup_mimxrt1176_cm7.o(.text)
[...]
<LI><a href="#[15a]">&gt;&gt;</a>&nbsp;&nbsp;&nbsp;prvIdleTask
</UL>

<P><STRONG><a name="[1e9]"></a>vPortSetupTimerInterrupt</STRONG> (Thumb, 52 bytes, Stack size 0 bytes, port.o(.text.vPortSetupTimerInterrupt))
<BR><BR>[Called By]<UL><LI><a href="#[1e8]">&gt;&gt;</a>&nbsp;&nbsp;&nbsp;xPortStartScheduler
</UL>

<P><STRONG><a name="[1d2]"></a>vQueueAddToRegistry</STRONG> (Thumb, 94 bytes, Stack size 16 bytes, queue.o(.text.vQueueAddToRegistry))
<BR><BR>[Stack]<UL><LI>Max Depth = 16<LI>Call Chain = vQueueAddToRegistry
</UL>
<BR>[Called By]<UL><LI><a href="#[1cf]">&gt;&gt;</a>&nbsp;&nbsp;&nbsp;prvCheckForValidListAndQueue
</UL>

<P><STRONG><a name="[1d8]"></a>vQueueWaitForMessageRestricted</STRONG> (Thumb, 70 bytes, Stack size 16 bytes, queue.o(.text.vQueueWaitForMessageRestricted))
<BR><BR>[Stack]<UL><LI>Max Depth = 56<LI>Call Chain = vQueueWaitForMessageRestricted &rArr; vTaskPlaceOnEventListRestricted &rArr; prvAddCurrentTaskToDelayedList &rArr; vListInsert
</UL>
<BR>[Calls]<UL><LI><a href="#[16d]">&gt;&gt;</a>&nbsp;&nbsp;&nbsp;vPortExitCritical
<LI><a href="#[169]">&gt;&gt;</a>&nbsp;&nbsp;&nbsp;vPortEnterCritical
<LI><a href="#[1e4]">&gt;&gt;</a>&nbsp;&nbsp;&nbsp;vTaskPlaceOnEventListRestricted
<LI><a href="#[1da]">&gt;&gt;</a>&nbsp;&nbsp;&nbsp;prvUnlockQueue
</UL>
<BR>[Called By]<UL><LI><a href="#[15b]">&gt;&gt;</a>&nbsp;&nbsp;&nbsp;prvTimerTask
</UL>

<P><STRONG><a name="[16c]"></a>vTaskDelete</STRONG> (Thumb, 294 bytes, Stack size 16 bytes, tasks.o(.text.vTaskDelete))
<BR><BR>[Stack]<UL><LI>Max Depth = 108<LI>Call Chain = vTaskDelete &rArr; vPortFree &rArr; xTaskResumeAll &rArr; xTaskIncrementTick
</UL>
<BR>[Calls]<UL><LI><a href="#[16d]">&gt;&gt;</a>&nbsp;&nbsp;&nbsp;vPortExitCritical
<LI><a href="#[169]">&gt;&gt;</a>&nbsp;&nbsp;&nbsp;vPortEnterCritical
<LI><a href="#[1cd]">&gt;&gt;</a>&nbsp;&nbsp;&nbsp;uxListRemove
<LI><a href="#[1e5]">&gt;&gt;</a>&nbsp;&nbsp;&nbsp;vListInsertEnd
<LI><a href="#[1d3]">&gt;&gt;</a>&nbsp;&nbsp;&nbsp;vPortFree
</UL>
<BR>[Called By]<UL><LI><a href="#[152]">&gt;&gt;</a>&nbsp;&nbsp;&nbsp;AppTaskCreate
</UL>

<P><STRONG><a name="[1ed]"></a>vTaskInternalSetTimeOutState</STRONG> (Thumb, 26 bytes, Stack size 0 bytes, tasks.o(.text.vTaskInternalSetTimeOutState))
<BR><BR>[Called By]<UL><LI><a href="#[1d9]">&gt;&gt;</a>&nbsp;&nbsp;&nbsp;xQueueReceive
</UL>

<P><STRONG><a name="[1dc]"></a>vTaskMissedYield</STRONG> (Thumb, 14 bytes, Stack size 0 bytes, tasks.o(.text.vTaskMissedYield))
<BR><BR>[Called By]<UL><LI><a href="#[1da]">&gt;&gt;</a>&nbsp;&nbsp;&nbsp;prvUnlockQueue
</UL>

<P><STRONG><a name="[1e6]"></a>vTaskPlaceOnEventList</STRONG> (Thumb, 58 bytes, Stack size 8 bytes, tasks.o(.text.vTaskPlaceOnEventList))
<BR><BR>[Stack]<UL><LI>Max Depth = 40<LI>Call Chain = vTaskPlaceOnEventList &rArr; prvAddCurrentTaskToDelayedList &rArr; vListInsert
</UL>
<BR>[Calls]<UL><LI><a href="#[1cc]">&gt;&gt;</a>&nbsp;&nbsp;&nbsp;prvAddCurrentTaskToDelayedList
<LI><a href="#[1ce]">&gt;&gt;</a>&nbsp;&nbsp;&nbsp;vListInsert
</UL>
<BR>[Called By]<UL><LI><a href="#[1d9]">&gt;&gt;</a>&nbsp;&nbsp;&nbsp;xQueueReceive
</UL>

<P><STRONG><a name="[1e4]"></a>vTaskPlaceOnEventListRestricted</STRONG> (Thumb, 114 bytes, Stack size 8 bytes, tasks.o(.text.vTaskPlaceOnEventListRestricted))
<BR><BR>[Stack]<UL><LI>Max Depth = 40<LI>Call Chain = vTaskPlaceOnEventListRestricted &rArr; prvAddCurrentTaskToDelayedList &rArr; vListInsert
</UL>
<BR>[Calls]<UL><LI><a href="#[1cc]">&gt;&gt;</a>&nbsp;&nbsp;&nbsp;prvAddCurrentTaskToDelayedList
</UL>
<BR>[Called By]<UL><LI><a href="#[1d8]">&gt;&gt;</a>&nbsp;&nbsp;&nbsp;vQueueWaitForMessageRestricted
</UL>

<P><STRONG><a name="[1c5]"></a>vTaskStartScheduler</STRONG> (Thumb, 156 bytes, Stack size 16 bytes, tasks.o(.text.vTaskStartScheduler))
<BR><BR>[Stack]<UL><LI>Max Depth = 164<LI>Call Chain = vTaskStartScheduler &rArr; xTimerCreateTimerTask &rArr; xTaskCreate &rArr; vPortFree &rArr; xTaskResumeAll &rArr; xTaskIncrementTick
</UL>
<BR>[Calls]<UL><LI><a href="#[16a]">&gt;&gt;</a>&nbsp;&nbsp;&nbsp;xTaskCreate
<LI><a href="#[1e8]">&gt;&gt;</a>&nbsp;&nbsp;&nbsp;xPortStartScheduler
<LI><a href="#[1e7]">&gt;&gt;</a>&nbsp;&nbsp;&nbsp;xTimerCreateTimerTask
</UL>
<BR>[Called By]<UL><LI><a href="#[f4]">&gt;&gt;</a>&nbsp;&nbsp;&nbsp;main
</UL>

<P><STRONG><a name="[1d5]"></a>vTaskSuspendAll</STRONG> (Thumb, 16 bytes, Stack size 0 bytes, tasks.o(.text.vTaskSuspendAll))
<BR><BR>[Called By]<UL><LI><a href="#[15b]">&gt;&gt;</a>&nbsp;&nbsp;&nbsp;prvTimerTask
<LI><a href="#[1d9]">&gt;&gt;</a>&nbsp;&nbsp;&nbsp;xQueueReceive
<LI><a href="#[1d3]">&gt;&gt;</a>&nbsp;&nbsp;&nbsp;vPortFree
<LI><a href="#[1dd]">&gt;&gt;</a>&nbsp;&nbsp;&nbsp;pvPortMalloc
</UL>

<P><STRONG><a name="[15c]"></a>vTaskSwitchContext</STRONG> (Thumb, 138 bytes, Stack size 0 bytes, tasks.o(.text.vTaskSwitchContext))
<BR><BR>[Called By]<UL><LI><a href="#[18]">&gt;&gt;</a>&nbsp;&nbsp;&nbsp;PendSV_Handler
<LI><a href="#[1e8]">&gt;&gt;</a>&nbsp;&nbsp;&nbsp;xPortStartScheduler
</UL>

<P><STRONG><a name="[1e8]"></a>xPortStartScheduler</STRONG> (Thumb, 242 bytes, Stack size 32 bytes, port.o(.text.xPortStartScheduler))
<BR><BR>[Stack]<UL><LI>Max Depth = 32<LI>Call Chain = xPortStartScheduler
</UL>
<BR>[Calls]<UL><LI><a href="#[1e9]">&gt;&gt;</a>&nbsp;&nbsp;&nbsp;vPortSetupTimerInterrupt
<LI><a href="#[1eb]">&gt;&gt;</a>&nbsp;&nbsp;&nbsp;prvPortStartFirstTask
<LI><a href="#[1ea]">&gt;&gt;</a>&nbsp;&nbsp;&nbsp;vPortEnableVFP
<LI><a href="#[15c]">&gt;&gt;</a>&nbsp;&nbsp;&nbsp;vTaskSwitchContext
</UL>
<BR>[Called By]<UL><LI><a href="#[1c5]">&gt;&gt;</a>&nbsp;&nbsp;&nbsp;vTaskStartScheduler
</UL>

<P><STRONG><a name="[1d1]"></a>xQueueGenericCreate</STRONG> (Thumb, 150 bytes, Stack size 24 bytes, queue.o(.text.xQueueGenericCreate))
<BR><BR>[Stack]<UL><LI>Max Depth = 116<LI>Call Chain = xQueueGenericCreate &rArr; pvPortMalloc &rArr; xTaskResumeAll &rArr; xTaskIncrementTick
</UL>
<BR>[Calls]<UL><LI><a href="#[16d]">&gt;&gt;</a>&nbsp;&nbsp;&nbsp;vPortExitCritical
<LI><a href="#[169]">&gt;&gt;</a>&nbsp;&nbsp;&nbsp;vPortEnterCritical
<LI><a href="#[1d0]">&gt;&gt;</a>&nbsp;&nbsp;&nbsp;vListInitialise
<LI><a href="#[1dd]">&gt;&gt;</a>&nbsp;&nbsp;&nbsp;pvPortMalloc
</UL>
<BR>[Called By]<UL><LI><a href="#[1cf]">&gt;&gt;</a>&nbsp;&nbsp;&nbsp;prvCheckForValidListAndQueue
</UL>

<P><STRONG><a name="[1d9]"></a>xQueueReceive</STRONG> (Thumb, 436 bytes, Stack size 56 bytes, queue.o(.text.xQueueReceive))
<BR><BR>[Stack]<UL><LI>Max Depth = 132<LI>Call Chain = xQueueReceive &rArr; xTaskResumeAll &rArr; xTaskIncrementTick
</UL>
<BR>[Calls]<UL><LI><a href="#[16d]">&gt;&gt;</a>&nbsp;&nbsp;&nbsp;vPortExitCritical
<LI><a href="#[169]">&gt;&gt;</a>&nbsp;&nbsp;&nbsp;vPortEnterCritical
<LI><a href="#[1e6]">&gt;&gt;</a>&nbsp;&nbsp;&nbsp;vTaskPlaceOnEventList
<LI><a href="#[1ee]">&gt;&gt;</a>&nbsp;&nbsp;&nbsp;xTaskCheckForTimeOut
<LI><a href="#[1ed]">&gt;&gt;</a>&nbsp;&nbsp;&nbsp;vTaskInternalSetTimeOutState
<LI><a href="#[1db]">&gt;&gt;</a>&nbsp;&nbsp;&nbsp;xTaskRemoveFromEventList
<LI><a href="#[1da]">&gt;&gt;</a>&nbsp;&nbsp;&nbsp;prvUnlockQueue
<LI><a href="#[1d7]">&gt;&gt;</a>&nbsp;&nbsp;&nbsp;xTaskResumeAll
<LI><a href="#[1d5]">&gt;&gt;</a>&nbsp;&nbsp;&nbsp;vTaskSuspendAll
<LI><a href="#[1ec]">&gt;&gt;</a>&nbsp;&nbsp;&nbsp;xTaskGetSchedulerState
<LI><a href="#[187]">&gt;&gt;</a>&nbsp;&nbsp;&nbsp;memcpy
</UL>
<BR>[Called By]<UL><LI><a href="#[15b]">&gt;&gt;</a>&nbsp;&nbsp;&nbsp;prvTimerTask
</UL>

<P><STRONG><a name="[1ee]"></a>xTaskCheckForTimeOut</STRONG> (Thumb, 144 bytes, Stack size 16 bytes, tasks.o(.text.xTaskCheckForTimeOut))
<BR><BR>[Stack]<UL><LI>Max Depth = 16<LI>Call Chain = xTaskCheckForTimeOut
</UL>
<BR>[Calls]<UL><LI><a href="#[16d]">&gt;&gt;</a>&nbsp;&nbsp;&nbsp;vPortExitCritical
<LI><a href="#[169]">&gt;&gt;</a>&nbsp;&nbsp;&nbsp;vPortEnterCritical
</UL>
<BR>[Called By]<UL><LI><a href="#[1d9]">&gt;&gt;</a>&nbsp;&nbsp;&nbsp;xQueueReceive
</UL>

<P><STRONG><a name="[16a]"></a>xTaskCreate</STRONG> (Thumb, 510 bytes, Stack size 40 bytes, tasks.o(.text.xTaskCreate))
<BR><BR>[Stack]<UL><LI>Max Depth = 132<LI>Call Chain = xTaskCreate &rArr; vPortFree &rArr; xTaskResumeAll &rArr; xTaskIncrementTick
</UL>
<BR>[Calls]<UL><LI><a href="#[16d]">&gt;&gt;</a>&nbsp;&nbsp;&nbsp;vPortExitCritical
<LI><a href="#[169]">&gt;&gt;</a>&nbsp;&nbsp;&nbsp;vPortEnterCritical
<LI><a href="#[1f0]">&gt;&gt;</a>&nbsp;&nbsp;&nbsp;pxPortInitialiseStack
<LI><a href="#[1ef]">&gt;&gt;</a>&nbsp;&nbsp;&nbsp;vListInitialiseItem
<LI><a href="#[1d3]">&gt;&gt;</a>&nbsp;&nbsp;&nbsp;vPortFree
<LI><a href="#[1d0]">&gt;&gt;</a>&nbsp;&nbsp;&nbsp;vListInitialise
<LI><a href="#[1dd]">&gt;&gt;</a>&nbsp;&nbsp;&nbsp;pvPortMalloc
<LI><a href="#[18b]">&gt;&gt;</a>&nbsp;&nbsp;&nbsp;memset
</UL>
<BR>[Called By]<UL><LI><a href="#[1c5]">&gt;&gt;</a>&nbsp;&nbsp;&nbsp;vTaskStartScheduler
<LI><a href="#[f4]">&gt;&gt;</a>&nbsp;&nbsp;&nbsp;main
<LI><a href="#[152]">&gt;&gt;</a>&nbsp;&nbsp;&nbsp;AppTaskCreate
<LI><a href="#[1e7]">&gt;&gt;</a>&nbsp;&nbsp;&nbsp;xTimerCreateTimerTask
</UL>

<P><STRONG><a name="[1ec]"></a>xTaskGetSchedulerState</STRONG> (Thumb, 36 bytes, Stack size 0 bytes, tasks.o(.text.xTaskGetSchedulerState))
<BR><BR>[Called By]<UL><LI><a href="#[1d9]">&gt;&gt;</a>&nbsp;&nbsp;&nbsp;xQueueReceive
</UL>

<P><STRONG><a name="[1d6]"></a>xTaskGetTickCount</STRONG> (Thumb, 12 bytes, Stack size 0 bytes, tasks.o(.text.xTaskGetTickCount))
<BR><BR>[Called By]<UL><LI><a href="#[15b]">&gt;&gt;</a>&nbsp;&nbsp;&nbsp;prvTimerTask
</UL>

<P><STRONG><a name="[1b0]"></a>xTaskIncrementTick</STRONG> (Thumb, 420 bytes, Stack size 36 bytes, tasks.o(.text.xTaskIncrementTick))
<BR><BR>[Stack]<UL><LI>Max Depth = 36<LI>Call Chain = xTaskIncrementTick
</UL>
<BR>[Called By]<UL><LI><a href="#[19]">&gt;&gt;</a>&nbsp;&nbsp;&nbsp;SysTick_Handler
<LI><a href="#[1d7]">&gt;&gt;</a>&nbsp;&nbsp;&nbsp;xTaskResumeAll
</UL>

<P><STRONG><a name="[1db]"></a>xTaskRemoveFromEventList</STRONG> (Thumb, 250 bytes, Stack size 8 bytes, tasks.o(.text.xTaskRemoveFromEventList))
<BR><BR>[Stack]<UL><LI>Max Depth = 8<LI>Call Chain = xTaskRemoveFromEventList
</UL>
<BR>[Called By]<UL><LI><a href="#[1d9]">&gt;&gt;</a>&nbsp;&nbsp;&nbsp;xQueueReceive
<LI><a href="#[1da]">&gt;&gt;</a>&nbsp;&nbsp;&nbsp;prvUnlockQueue
</UL>

<P><STRONG><a name="[1d7]"></a>xTaskResumeAll</STRONG> (Thumb, 388 bytes, Stack size 40 bytes, tasks.o(.text.xTaskResumeAll))
<BR><BR>[Stack]<UL><LI>Max Depth = 76<LI>Call Chain = xTaskResumeAll &rArr; xTaskIncrementTick
</UL>
<BR>[Calls]<UL><LI><a href="#[16d]">&gt;&gt;</a>&nbsp;&nbsp;&nbsp;vPortExitCritical
<LI><a href="#[169]">&gt;&gt;</a>&nbsp;&nbsp;&nbsp;vPortEnterCritical
<LI><a href="#[1b0]">&gt;&gt;</a>&nbsp;&nbsp;&nbsp;xTaskIncrementTick
</UL>
<BR>[Called By]<UL><LI><a href="#[15b]">&gt;&gt;</a>&nbsp;&nbsp;&nbsp;prvTimerTask
<LI><a href="#[1d9]">&gt;&gt;</a>&nbsp;&nbsp;&nbsp;xQueueReceive
<LI><a href="#[1d3]">&gt;&gt;</a>&nbsp;&nbsp;&nbsp;vPortFree
<LI><a href="#[1dd]">&gt;&gt;</a>&nbsp;&nbsp;&nbsp;pvPortMalloc
</UL>

<P><STRONG><a name="[1e7]"></a>xTimerCreateTimerTask</STRONG> (Thumb, 92 bytes, Stack size 16 bytes, timers.o(.text.xTimerCreateTimerTask))
<BR><BR>[Stack]<UL><LI>Max Depth = 148<LI>Call Chain = xTimerCreateTimerTask &rArr; xTaskCreate &rArr; vPortFree &rArr; xTaskResumeAll &rArr; xTaskIncrementTick
</UL>
<BR>[Calls]<UL><LI><a href="#[16a]">&gt;&gt;</a>&nbsp;&nbsp;&nbsp;xTaskCreate
<LI><a href="#[1cf]">&gt;&gt;</a>&nbsp;&nbsp;&nbsp;prvCheckForValidListAndQueue
</UL>
<BR>[Called By]<UL><LI><a href="#[1c5]">&gt;&gt;</a>&nbsp;&nbsp;&nbsp;vTaskStartScheduler
</UL>

<P><STRONG><a name="[1ff]"></a>__scatterload_copy</STRONG> (Thumb, 14 bytes, Stack size unknown bytes, handlers.o(i.__scatterload_copy), UNUSED)

<P><STRONG><a name="[200]"></a>__scatterload_null</STRONG> (Thumb, 2 bytes, Stack size unknown bytes, handlers.o(i.__scatterload_null), UNUSED)

<P><STRONG><a name="[201]"></a>__scatterload_zeroinit</STRONG> (Thumb, 14 bytes, Stack size unknown bytes, handlers.o(i.__scatterload_zeroinit), UNUSED)
<P>
<H3>
Local Symbols
</H3>
<P><STRONG><a name="[151]"></a>flexcan_callback</STRONG> (Thumb, 100 bytes, Stack size 0 bytes, flexcan_interrupt_transfer.o(.text.flexcan_callback))
<BR>[Address Reference Count : 1]<UL><LI> flexcan_interrupt_transfer.o(.text.main)
</UL>
<P><STRONG><a name="[152]"></a>AppTaskCreate</STRONG> (Thumb, 80 bytes, Stack size 16 bytes, flexcan_interrupt_transfer.o(.text.AppTaskCreate))
<BR><BR>[Stack]<UL><LI>Max Depth = 152<LI>Call Chain = AppTaskCreate &rArr; DbgConsole_Printf &rArr; DbgConsole_Vprintf &rArr; memcpy
</UL>
<BR>[Calls]<UL><LI><a href="#[16d]">&gt;&gt;</a>&nbsp;&nbsp;&nbsp;vPortExitCritical
<LI><a href="#[16c]">&gt;&gt;</a>&nbsp;&nbsp;&nbsp;vTaskDelete
<LI><a href="#[169]">&gt;&gt;</a>&nbsp;&nbsp;&nbsp;vPortEnterCritical
<LI><a href="#[16a]">&gt;&gt;</a>&nbsp;&nbsp;&nbsp;xTaskCreate
<LI><a href="#[16b]">&gt;&gt;</a>&nbsp;&nbsp;&nbsp;DbgConsole_Printf
</UL>
<BR>[Address Reference Count : 1]<UL><LI> flexcan_interrupt_transfer.o(.text.main)
</UL>
<P><STRONG><a name="[147]"></a>CANopenRx_Task</STRONG> (Thumb, 268 bytes, Stack size 8 bytes, flexcan_interrupt_transfer.o(.text.CANopenRx_Task))
<BR><BR>[Stack]<UL><LI>Max Depth = 352<LI>Call Chain = CANopenRx_Task &rArr; canDispatch &rArr; proceedNMTstateChange &rArr; setState &rArr; switchCommunicationState &rArr; PDOInit &rArr; _sendPDOevent &rArr; sendOnePDOevent &rArr; canSend &rArr; FLEXCAN_TransferSendNonBlocking &rArr; FLEXCAN_WriteTxMb &rArr; __aeabi_assert &rArr; DbgConsole_Printf &rArr; DbgConsole_Vprintf &rArr; memcpy
</UL>
<BR>[Calls]<UL><LI><a href="#[183]">&gt;&gt;</a>&nbsp;&nbsp;&nbsp;canDispatch
<LI><a href="#[182]">&gt;&gt;</a>&nbsp;&nbsp;&nbsp;FLEXCAN_TransferReceiveNonBlocking
<LI><a href="#[16b]">&gt;&gt;</a>&nbsp;&nbsp;&nbsp;DbgConsole_Printf
</UL>
<BR>[Address Reference Count : 1]<UL><LI> flexcan_interrupt_transfer.o(.text.AppTaskCreate)
</UL>
<P><STRONG><a name="[18d]"></a>FLEXCAN_Reset</STRONG> (Thumb, 196 bytes, Stack size 8 bytes, fsl_flexcan.o(.text.FLEXCAN_Reset))
<BR><BR>[Stack]<UL><LI>Max Depth = 144<LI>Call Chain = FLEXCAN_Reset &rArr; __aeabi_assert &rArr; DbgConsole_Printf &rArr; DbgConsole_Vprintf &rArr; memcpy
</UL>
<BR>[Calls]<UL><LI><a href="#[17e]">&gt;&gt;</a>&nbsp;&nbsp;&nbsp;__aeabi_assert
</UL>
<BR>[Called By]<UL><LI><a href="#[18c]">&gt;&gt;</a>&nbsp;&nbsp;&nbsp;FLEXCAN_Init
</UL>

<P><STRONG><a name="[167]"></a>ANATOP_PllConfigure</STRONG> (Thumb, 158 bytes, Stack size 32 bytes, fsl_clock.o(.text.ANATOP_PllConfigure))
<BR><BR>[Stack]<UL><LI>Max Depth = 176<LI>Call Chain = ANATOP_PllConfigure &rArr; SDK_DelayAtLeastUs &rArr; __aeabi_assert &rArr; DbgConsole_Printf &rArr; DbgConsole_Vprintf &rArr; memcpy
</UL>
<BR>[Calls]<UL><LI><a href="#[166]">&gt;&gt;</a>&nbsp;&nbsp;&nbsp;ANATOP_AI_WriteWithMaskShift
<LI><a href="#[165]">&gt;&gt;</a>&nbsp;&nbsp;&nbsp;ANATOP_AI_Write
<LI><a href="#[168]">&gt;&gt;</a>&nbsp;&nbsp;&nbsp;SDK_DelayAtLeastUs
</UL>
<BR>[Called By]<UL><LI><a href="#[17c]">&gt;&gt;</a>&nbsp;&nbsp;&nbsp;CLOCK_InitVideoPll
</UL>

<P><STRONG><a name="[1da]"></a>prvUnlockQueue</STRONG> (Thumb, 122 bytes, Stack size 24 bytes, queue.o(.text.prvUnlockQueue))
<BR><BR>[Stack]<UL><LI>Max Depth = 32<LI>Call Chain = prvUnlockQueue &rArr; xTaskRemoveFromEventList
</UL>
<BR>[Calls]<UL><LI><a href="#[16d]">&gt;&gt;</a>&nbsp;&nbsp;&nbsp;vPortExitCritical
<LI><a href="#[169]">&gt;&gt;</a>&nbsp;&nbsp;&nbsp;vPortEnterCritical
<LI><a href="#[1dc]">&gt;&gt;</a>&nbsp;&nbsp;&nbsp;vTaskMissedYield
<LI><a href="#[1db]">&gt;&gt;</a>&nbsp;&nbsp;&nbsp;xTaskRemoveFromEventList
</UL>
<BR>[Called By]<UL><LI><a href="#[1d8]">&gt;&gt;</a>&nbsp;&nbsp;&nbsp;vQueueWaitForMessageRestricted
<LI><a href="#[1d9]">&gt;&gt;</a>&nbsp;&nbsp;&nbsp;xQueueReceive
</UL>

<P><STRONG><a name="[1cc]"></a>prvAddCurrentTaskToDelayedList</STRONG> (Thumb, 192 bytes, Stack size 24 bytes, tasks.o(.text.prvAddCurrentTaskToDelayedList))
<BR><BR>[Stack]<UL><LI>Max Depth = 32<LI>Call Chain = prvAddCurrentTaskToDelayedList &rArr; vListInsert
</UL>
<BR>[Calls]<UL><LI><a href="#[1cd]">&gt;&gt;</a>&nbsp;&nbsp;&nbsp;uxListRemove
<LI><a href="#[1ce]">&gt;&gt;</a>&nbsp;&nbsp;&nbsp;vListInsert
</UL>
<BR>[Called By]<UL><LI><a href="#[1e4]">&gt;&gt;</a>&nbsp;&nbsp;&nbsp;vTaskPlaceOnEventListRestricted
<LI><a href="#[1e6]">&gt;&gt;</a>&nbsp;&nbsp;&nbsp;vTaskPlaceOnEventList
</UL>

<P><STRONG><a name="[15a]"></a>prvIdleTask</STRONG> (Thumb, 118 bytes, Stack size 0 bytes, tasks.o(.text.prvIdleTask))
<BR><BR>[Stack]<UL><LI>Max Depth = 92<LI>Call Chain = prvIdleTask &rArr; vPortFree &rArr; xTaskResumeAll &rArr; xTaskIncrementTick
</UL>
<BR>[Calls]<UL><LI><a href="#[16d]">&gt;&gt;</a>&nbsp;&nbsp;&nbsp;vPortExitCritical
<LI><a href="#[169]">&gt;&gt;</a>&nbsp;&nbsp;&nbsp;vPortEnterCritical
<LI><a href="#[1cd]">&gt;&gt;</a>&nbsp;&nbsp;&nbsp;uxListRemove
<LI><a href="#[1d3]">&gt;&gt;</a>&nbsp;&nbsp;&nbsp;vPortFree
</UL>
<BR>[Address Reference Count : 1]<UL><LI> tasks.o(.text.vTaskStartScheduler)
</UL>
<P><STRONG><a name="[1cf]"></a>prvCheckForValidListAndQueue</STRONG> (Thumb, 104 bytes, Stack size 16 bytes, timers.o(.text.prvCheckForValidListAndQueue))
<BR><BR>[Stack]<UL><LI>Max Depth = 132<LI>Call Chain = prvCheckForValidListAndQueue &rArr; xQueueGenericCreate &rArr; pvPortMalloc &rArr; xTaskResumeAll &rArr; xTaskIncrementTick
</UL>
<BR>[Calls]<UL><LI><a href="#[16d]">&gt;&gt;</a>&nbsp;&nbsp;&nbsp;vPortExitCritical
<LI><a href="#[169]">&gt;&gt;</a>&nbsp;&nbsp;&nbsp;vPortEnterCritical
<LI><a href="#[1d2]">&gt;&gt;</a>&nbsp;&nbsp;&nbsp;vQueueAddToRegistry
<LI><a href="#[1d1]">&gt;&gt;</a>&nbsp;&nbsp;&nbsp;xQueueGenericCreate
<LI><a href="#[1d0]">&gt;&gt;</a>&nbsp;&nbsp;&nbsp;vListInitialise
</UL>
<BR>[Called By]<UL><LI><a href="#[1e7]">&gt;&gt;</a>&nbsp;&nbsp;&nbsp;xTimerCreateTimerTask
</UL>

<P><STRONG><a name="[15b]"></a>prvTimerTask</STRONG> (Thumb, 574 bytes, Stack size 16 bytes, timers.o(.text.prvTimerTask))
<BR><BR>[Stack]<UL><LI>Max Depth = 148<LI>Call Chain = prvTimerTask &rArr; xQueueReceive &rArr; xTaskResumeAll &rArr; xTaskIncrementTick
</UL>
<BR>[Calls]<UL><LI><a href="#[1d4]">&gt;&gt;</a>&nbsp;&nbsp;&nbsp;prvProcessExpiredTimer
<LI><a href="#[1d6]">&gt;&gt;</a>&nbsp;&nbsp;&nbsp;xTaskGetTickCount
<LI><a href="#[1d8]">&gt;&gt;</a>&nbsp;&nbsp;&nbsp;vQueueWaitForMessageRestricted
<LI><a href="#[1d9]">&gt;&gt;</a>&nbsp;&nbsp;&nbsp;xQueueReceive
<LI><a href="#[1cd]">&gt;&gt;</a>&nbsp;&nbsp;&nbsp;uxListRemove
<LI><a href="#[1ce]">&gt;&gt;</a>&nbsp;&nbsp;&nbsp;vListInsert
<LI><a href="#[1d3]">&gt;&gt;</a>&nbsp;&nbsp;&nbsp;vPortFree
<LI><a href="#[1d7]">&gt;&gt;</a>&nbsp;&nbsp;&nbsp;xTaskResumeAll
<LI><a href="#[1d5]">&gt;&gt;</a>&nbsp;&nbsp;&nbsp;vTaskSuspendAll
</UL>
<BR>[Address Reference Count : 1]<UL><LI> timers.o(.text.xTimerCreateTimerTask)
</UL>
<P><STRONG><a name="[1d4]"></a>prvProcessExpiredTimer</STRONG> (Thumb, 124 bytes, Stack size 32 bytes, timers.o(.text.prvProcessExpiredTimer))
<BR><BR>[Stack]<UL><LI>Max Depth = 40<LI>Call Chain = prvProcessExpiredTimer &rArr; vListInsert
</UL>
<BR>[Calls]<UL><LI><a href="#[1cd]">&gt;&gt;</a>&nbsp;&nbsp;&nbsp;uxListRemove
<LI><a href="#[1ce]">&gt;&gt;</a>&nbsp;&nbsp;&nbsp;vListInsert
</UL>
<BR>[Called By]<UL><LI><a href="#[15b]">&gt;&gt;</a>&nbsp;&nbsp;&nbsp;prvTimerTask
</UL>

<P><STRONG><a name="[155]"></a>prvTaskExitError</STRONG> (Thumb, 54 bytes, Stack size 4 bytes, port.o(.text.prvTaskExitError))
<BR><BR>[Stack]<UL><LI>Max Depth = 4<LI>Call Chain = prvTaskExitError
</UL>
<BR>[Address Reference Count : 1]<UL><LI> port.o(.text.pxPortInitialiseStack)
</UL>
<P><STRONG><a name="[1ea]"></a>vPortEnableVFP</STRONG> (Thumb, 20 bytes, Stack size 0 bytes, port.o(.text.vPortEnableVFP))
<BR><BR>[Called By]<UL><LI><a href="#[1e8]">&gt;&gt;</a>&nbsp;&nbsp;&nbsp;xPortStartScheduler
</UL>

<P><STRONG><a name="[1eb]"></a>prvPortStartFirstTask</STRONG> (Thumb, 40 bytes, Stack size 0 bytes, port.o(.text.prvPortStartFirstTask))
<BR><BR>[Called By]<UL><LI><a href="#[1e8]">&gt;&gt;</a>&nbsp;&nbsp;&nbsp;xPortStartScheduler
</UL>
<P>
<H3>
Undefined Global Symbols
</H3><HR></body></html>
