<!doctype html public "-//w3c//dtd html 4.0 transitional//en">
<html><head>
<title>Static Call Graph - [sdram_release\canfd_interrupt_transfer_cm7.out]</title></head>
<body><HR>
<H1>Static Call Graph for image sdram_release\canfd_interrupt_transfer_cm7.out</H1><HR>
<BR><P>#&#060CALLGRAPH&#062# ARM Linker, 6220000: Last Updated: Wed May 21 10:23:59 2025
<BR><P>
<H3>Maximum Stack Usage =          0 bytes + Unknown(Cycles, Untraceable Function Pointers)</H3><H3>
Call chain for Maximum Stack Depth:</H3>

<P>
<H3>
Mutually Recursive functions
</H3> <LI><a href="#[1c3]">LPUART_WriteBlocking</a>&nbsp;&nbsp;&nbsp;&rArr;&nbsp;&nbsp;&nbsp;<a href="#[1c3]">LPUART_WriteBlocking</a><BR>
 <LI><a href="#[185]">CLOCK_GetFreq</a>&nbsp;&nbsp;&nbsp;&rArr;&nbsp;&nbsp;&nbsp;<a href="#[185]">CLOCK_GetFreq</a><BR>
</UL>
<P>
<H3>
Function Pointers
</H3><UL>
 <LI><a href="#[a7]">ACMP1_IRQHandler</a> from startup_mimxrt1176_cm7.o(.text) referenced from startup_mimxrt1176_cm7.o(.isr_vector)
 <LI><a href="#[a8]">ACMP2_IRQHandler</a> from startup_mimxrt1176_cm7.o(.text) referenced from startup_mimxrt1176_cm7.o(.isr_vector)
 <LI><a href="#[a9]">ACMP3_IRQHandler</a> from startup_mimxrt1176_cm7.o(.text) referenced from startup_mimxrt1176_cm7.o(.isr_vector)
 <LI><a href="#[aa]">ACMP4_IRQHandler</a> from startup_mimxrt1176_cm7.o(.text) referenced from startup_mimxrt1176_cm7.o(.isr_vector)
 <LI><a href="#[62]">ADC1_IRQHandler</a> from startup_mimxrt1176_cm7.o(.text) referenced from startup_mimxrt1176_cm7.o(.isr_vector)
 <LI><a href="#[63]">ADC2_IRQHandler</a> from startup_mimxrt1176_cm7.o(.text) referenced from startup_mimxrt1176_cm7.o(.isr_vector)
 <LI><a href="#[9f]">ADC_ETC_ERROR_IRQ_IRQHandler</a> from startup_mimxrt1176_cm7.o(.text) referenced from startup_mimxrt1176_cm7.o(.isr_vector)
 <LI><a href="#[9b]">ADC_ETC_IRQ0_IRQHandler</a> from startup_mimxrt1176_cm7.o(.text) referenced from startup_mimxrt1176_cm7.o(.isr_vector)
 <LI><a href="#[9c]">ADC_ETC_IRQ1_IRQHandler</a> from startup_mimxrt1176_cm7.o(.text) referenced from startup_mimxrt1176_cm7.o(.isr_vector)
 <LI><a href="#[9d]">ADC_ETC_IRQ2_IRQHandler</a> from startup_mimxrt1176_cm7.o(.text) referenced from startup_mimxrt1176_cm7.o(.isr_vector)
 <LI><a href="#[9e]">ADC_ETC_IRQ3_IRQHandler</a> from startup_mimxrt1176_cm7.o(.text) referenced from startup_mimxrt1176_cm7.o(.isr_vector)
 <LI><a href="#[13a]">ANATOP_AI_Read</a> from fsl_anatop_ai.o(.text.ANATOP_AI_Read) referenced from fsl_clock.o(.text.CLOCK_GetAvPllFreq)
 <LI><a href="#[121]">ASRC_DriverIRQHandler</a> from startup_mimxrt1176_cm7.o(.text) referenced from startup_mimxrt1176_cm7.o(.text)
 <LI><a href="#[6b]">ASRC_IRQHandler</a> from startup_mimxrt1176_cm7.o(.text) referenced from startup_mimxrt1176_cm7.o(.isr_vector)
 <LI><a href="#[4]">BusFault_Handler</a> from startup_mimxrt1176_cm7.o(.text) referenced from startup_mimxrt1176_cm7.o(.isr_vector)
 <LI><a href="#[4f]">CAAM_IRQ0_IRQHandler</a> from startup_mimxrt1176_cm7.o(.text) referenced from startup_mimxrt1176_cm7.o(.isr_vector)
 <LI><a href="#[50]">CAAM_IRQ1_IRQHandler</a> from startup_mimxrt1176_cm7.o(.text) referenced from startup_mimxrt1176_cm7.o(.isr_vector)
 <LI><a href="#[51]">CAAM_IRQ2_IRQHandler</a> from startup_mimxrt1176_cm7.o(.text) referenced from startup_mimxrt1176_cm7.o(.isr_vector)
 <LI><a href="#[52]">CAAM_IRQ3_IRQHandler</a> from startup_mimxrt1176_cm7.o(.text) referenced from startup_mimxrt1176_cm7.o(.isr_vector)
 <LI><a href="#[53]">CAAM_RECORVE_ERRPR_IRQHandler</a> from startup_mimxrt1176_cm7.o(.text) referenced from startup_mimxrt1176_cm7.o(.isr_vector)
 <LI><a href="#[54]">CAAM_RTIC_IRQHandler</a> from startup_mimxrt1176_cm7.o(.text) referenced from startup_mimxrt1176_cm7.o(.isr_vector)
 <LI><a href="#[111]">CAN1_DriverIRQHandler</a> from fsl_flexcan.o(.text.CAN1_DriverIRQHandler) referenced from startup_mimxrt1176_cm7.o(.text)
 <LI><a href="#[112]">CAN1_ERROR_DriverIRQHandler</a> from startup_mimxrt1176_cm7.o(.text) referenced from startup_mimxrt1176_cm7.o(.text)
 <LI><a href="#[37]">CAN1_ERROR_IRQHandler</a> from startup_mimxrt1176_cm7.o(.text) referenced from startup_mimxrt1176_cm7.o(.isr_vector)
 <LI><a href="#[36]">CAN1_IRQHandler</a> from startup_mimxrt1176_cm7.o(.text) referenced from startup_mimxrt1176_cm7.o(.isr_vector)
 <LI><a href="#[113]">CAN2_DriverIRQHandler</a> from fsl_flexcan.o(.text.CAN2_DriverIRQHandler) referenced from startup_mimxrt1176_cm7.o(.text)
 <LI><a href="#[114]">CAN2_ERROR_DriverIRQHandler</a> from startup_mimxrt1176_cm7.o(.text) referenced from startup_mimxrt1176_cm7.o(.text)
 <LI><a href="#[39]">CAN2_ERROR_IRQHandler</a> from startup_mimxrt1176_cm7.o(.text) referenced from startup_mimxrt1176_cm7.o(.isr_vector)
 <LI><a href="#[38]">CAN2_IRQHandler</a> from startup_mimxrt1176_cm7.o(.text) referenced from startup_mimxrt1176_cm7.o(.isr_vector)
 <LI><a href="#[115]">CAN3_DriverIRQHandler</a> from fsl_flexcan.o(.text.CAN3_DriverIRQHandler) referenced from startup_mimxrt1176_cm7.o(.text)
 <LI><a href="#[116]">CAN3_ERROR_DriverIRQHandler</a> from startup_mimxrt1176_cm7.o(.text) referenced from startup_mimxrt1176_cm7.o(.text)
 <LI><a href="#[3b]">CAN3_ERROR_IRQHandler</a> from startup_mimxrt1176_cm7.o(.text) referenced from startup_mimxrt1176_cm7.o(.isr_vector)
 <LI><a href="#[3a]">CAN3_IRQHandler</a> from startup_mimxrt1176_cm7.o(.text) referenced from startup_mimxrt1176_cm7.o(.isr_vector)
 <LI><a href="#[119]">CDOG_DriverIRQHandler</a> from startup_mimxrt1176_cm7.o(.text) referenced from startup_mimxrt1176_cm7.o(.text)
 <LI><a href="#[55]">CDOG_IRQHandler</a> from startup_mimxrt1176_cm7.o(.text) referenced from startup_mimxrt1176_cm7.o(.isr_vector)
 <LI><a href="#[139]">CLOCK_InitPfd</a> from fsl_clock.o(.text.CLOCK_InitPfd) referenced from clock_config.o(.text.BOARD_BootClockRUN)
 <LI><a href="#[138]">CLOCK_SetRootClock</a> from clock_config.o(.text.CLOCK_SetRootClock) referenced from clock_config.o(.text.BOARD_BootClockRUN)
 <LI><a href="#[6d]">CM7_GPIO2_3_IRQHandler</a> from startup_mimxrt1176_cm7.o(.text) referenced from startup_mimxrt1176_cm7.o(.isr_vector)
 <LI><a href="#[1d]">CORE_IRQHandler</a> from startup_mimxrt1176_cm7.o(.text) referenced from startup_mimxrt1176_cm7.o(.isr_vector)
 <LI><a href="#[42]">CSI_IRQHandler</a> from startup_mimxrt1176_cm7.o(.text) referenced from startup_mimxrt1176_cm7.o(.isr_vector)
 <LI><a href="#[1b]">CTI_TRIGGER_OUT0_IRQHandler</a> from startup_mimxrt1176_cm7.o(.text) referenced from startup_mimxrt1176_cm7.o(.isr_vector)
 <LI><a href="#[1c]">CTI_TRIGGER_OUT1_IRQHandler</a> from startup_mimxrt1176_cm7.o(.text) referenced from startup_mimxrt1176_cm7.o(.isr_vector)
 <LI><a href="#[49]">DAC_IRQHandler</a> from startup_mimxrt1176_cm7.o(.text) referenced from startup_mimxrt1176_cm7.o(.isr_vector)
 <LI><a href="#[69]">DCIC1_IRQHandler</a> from startup_mimxrt1176_cm7.o(.text) referenced from startup_mimxrt1176_cm7.o(.isr_vector)
 <LI><a href="#[6a]">DCIC2_IRQHandler</a> from startup_mimxrt1176_cm7.o(.text) referenced from startup_mimxrt1176_cm7.o(.isr_vector)
 <LI><a href="#[e8]">DMA0_DMA16_DriverIRQHandler</a> from startup_mimxrt1176_cm7.o(.text) referenced from startup_mimxrt1176_cm7.o(.text)
 <LI><a href="#[a]">DMA0_DMA16_IRQHandler</a> from startup_mimxrt1176_cm7.o(.text) referenced from startup_mimxrt1176_cm7.o(.isr_vector)
 <LI><a href="#[f2]">DMA10_DMA26_DriverIRQHandler</a> from startup_mimxrt1176_cm7.o(.text) referenced from startup_mimxrt1176_cm7.o(.text)
 <LI><a href="#[14]">DMA10_DMA26_IRQHandler</a> from startup_mimxrt1176_cm7.o(.text) referenced from startup_mimxrt1176_cm7.o(.isr_vector)
 <LI><a href="#[f3]">DMA11_DMA27_DriverIRQHandler</a> from startup_mimxrt1176_cm7.o(.text) referenced from startup_mimxrt1176_cm7.o(.text)
 <LI><a href="#[15]">DMA11_DMA27_IRQHandler</a> from startup_mimxrt1176_cm7.o(.text) referenced from startup_mimxrt1176_cm7.o(.isr_vector)
 <LI><a href="#[f4]">DMA12_DMA28_DriverIRQHandler</a> from startup_mimxrt1176_cm7.o(.text) referenced from startup_mimxrt1176_cm7.o(.text)
 <LI><a href="#[16]">DMA12_DMA28_IRQHandler</a> from startup_mimxrt1176_cm7.o(.text) referenced from startup_mimxrt1176_cm7.o(.isr_vector)
 <LI><a href="#[f5]">DMA13_DMA29_DriverIRQHandler</a> from startup_mimxrt1176_cm7.o(.text) referenced from startup_mimxrt1176_cm7.o(.text)
 <LI><a href="#[17]">DMA13_DMA29_IRQHandler</a> from startup_mimxrt1176_cm7.o(.text) referenced from startup_mimxrt1176_cm7.o(.isr_vector)
 <LI><a href="#[f6]">DMA14_DMA30_DriverIRQHandler</a> from startup_mimxrt1176_cm7.o(.text) referenced from startup_mimxrt1176_cm7.o(.text)
 <LI><a href="#[18]">DMA14_DMA30_IRQHandler</a> from startup_mimxrt1176_cm7.o(.text) referenced from startup_mimxrt1176_cm7.o(.isr_vector)
 <LI><a href="#[f7]">DMA15_DMA31_DriverIRQHandler</a> from startup_mimxrt1176_cm7.o(.text) referenced from startup_mimxrt1176_cm7.o(.text)
 <LI><a href="#[19]">DMA15_DMA31_IRQHandler</a> from startup_mimxrt1176_cm7.o(.text) referenced from startup_mimxrt1176_cm7.o(.isr_vector)
 <LI><a href="#[e9]">DMA1_DMA17_DriverIRQHandler</a> from startup_mimxrt1176_cm7.o(.text) referenced from startup_mimxrt1176_cm7.o(.text)
 <LI><a href="#[b]">DMA1_DMA17_IRQHandler</a> from startup_mimxrt1176_cm7.o(.text) referenced from startup_mimxrt1176_cm7.o(.isr_vector)
 <LI><a href="#[ea]">DMA2_DMA18_DriverIRQHandler</a> from startup_mimxrt1176_cm7.o(.text) referenced from startup_mimxrt1176_cm7.o(.text)
 <LI><a href="#[c]">DMA2_DMA18_IRQHandler</a> from startup_mimxrt1176_cm7.o(.text) referenced from startup_mimxrt1176_cm7.o(.isr_vector)
 <LI><a href="#[eb]">DMA3_DMA19_DriverIRQHandler</a> from startup_mimxrt1176_cm7.o(.text) referenced from startup_mimxrt1176_cm7.o(.text)
 <LI><a href="#[d]">DMA3_DMA19_IRQHandler</a> from startup_mimxrt1176_cm7.o(.text) referenced from startup_mimxrt1176_cm7.o(.isr_vector)
 <LI><a href="#[ec]">DMA4_DMA20_DriverIRQHandler</a> from startup_mimxrt1176_cm7.o(.text) referenced from startup_mimxrt1176_cm7.o(.text)
 <LI><a href="#[e]">DMA4_DMA20_IRQHandler</a> from startup_mimxrt1176_cm7.o(.text) referenced from startup_mimxrt1176_cm7.o(.isr_vector)
 <LI><a href="#[ed]">DMA5_DMA21_DriverIRQHandler</a> from startup_mimxrt1176_cm7.o(.text) referenced from startup_mimxrt1176_cm7.o(.text)
 <LI><a href="#[f]">DMA5_DMA21_IRQHandler</a> from startup_mimxrt1176_cm7.o(.text) referenced from startup_mimxrt1176_cm7.o(.isr_vector)
 <LI><a href="#[ee]">DMA6_DMA22_DriverIRQHandler</a> from startup_mimxrt1176_cm7.o(.text) referenced from startup_mimxrt1176_cm7.o(.text)
 <LI><a href="#[10]">DMA6_DMA22_IRQHandler</a> from startup_mimxrt1176_cm7.o(.text) referenced from startup_mimxrt1176_cm7.o(.isr_vector)
 <LI><a href="#[ef]">DMA7_DMA23_DriverIRQHandler</a> from startup_mimxrt1176_cm7.o(.text) referenced from startup_mimxrt1176_cm7.o(.text)
 <LI><a href="#[11]">DMA7_DMA23_IRQHandler</a> from startup_mimxrt1176_cm7.o(.text) referenced from startup_mimxrt1176_cm7.o(.isr_vector)
 <LI><a href="#[f0]">DMA8_DMA24_DriverIRQHandler</a> from startup_mimxrt1176_cm7.o(.text) referenced from startup_mimxrt1176_cm7.o(.text)
 <LI><a href="#[12]">DMA8_DMA24_IRQHandler</a> from startup_mimxrt1176_cm7.o(.text) referenced from startup_mimxrt1176_cm7.o(.isr_vector)
 <LI><a href="#[f1]">DMA9_DMA25_DriverIRQHandler</a> from startup_mimxrt1176_cm7.o(.text) referenced from startup_mimxrt1176_cm7.o(.text)
 <LI><a href="#[13]">DMA9_DMA25_IRQHandler</a> from startup_mimxrt1176_cm7.o(.text) referenced from startup_mimxrt1176_cm7.o(.isr_vector)
 <LI><a href="#[f8]">DMA_ERROR_DriverIRQHandler</a> from startup_mimxrt1176_cm7.o(.text) referenced from startup_mimxrt1176_cm7.o(.text)
 <LI><a href="#[1a]">DMA_ERROR_IRQHandler</a> from startup_mimxrt1176_cm7.o(.text) referenced from startup_mimxrt1176_cm7.o(.isr_vector)
 <LI><a href="#[140]">DbgConsole_Printf</a> from fsl_debug_console.o(.text.DbgConsole_Printf) referenced from flexcan_interrupt_transfer.o(.text.main)
 <LI><a href="#[7]">DebugMon_Handler</a> from startup_mimxrt1176_cm7.o(.text) referenced from startup_mimxrt1176_cm7.o(.isr_vector)
 <LI><a href="#[e4]">DefaultISR</a> from startup_mimxrt1176_cm7.o(.text) referenced from fsl_flexcan.o(.data.s_flexcanIsr)
 <LI><a href="#[e4]">DefaultISR</a> from startup_mimxrt1176_cm7.o(.text) referenced 13 times from fsl_lpuart.o(.data.s_lpuartIsr)
 <LI><a href="#[e4]">DefaultISR</a> from startup_mimxrt1176_cm7.o(.text) referenced 21 times from startup_mimxrt1176_cm7.o(.isr_vector)
 <LI><a href="#[d6]">EMVSIM1_IRQHandler</a> from startup_mimxrt1176_cm7.o(.text) referenced from startup_mimxrt1176_cm7.o(.isr_vector)
 <LI><a href="#[d7]">EMVSIM2_IRQHandler</a> from startup_mimxrt1176_cm7.o(.text) referenced from startup_mimxrt1176_cm7.o(.isr_vector)
 <LI><a href="#[af]">ENC1_IRQHandler</a> from startup_mimxrt1176_cm7.o(.text) referenced from startup_mimxrt1176_cm7.o(.isr_vector)
 <LI><a href="#[b0]">ENC2_IRQHandler</a> from startup_mimxrt1176_cm7.o(.text) referenced from startup_mimxrt1176_cm7.o(.isr_vector)
 <LI><a href="#[b1]">ENC3_IRQHandler</a> from startup_mimxrt1176_cm7.o(.text) referenced from startup_mimxrt1176_cm7.o(.isr_vector)
 <LI><a href="#[b2]">ENC4_IRQHandler</a> from startup_mimxrt1176_cm7.o(.text) referenced from startup_mimxrt1176_cm7.o(.isr_vector)
 <LI><a href="#[129]">ENET_1588_Timer_DriverIRQHandler</a> from startup_mimxrt1176_cm7.o(.text) referenced from startup_mimxrt1176_cm7.o(.text)
 <LI><a href="#[94]">ENET_1588_Timer_IRQHandler</a> from startup_mimxrt1176_cm7.o(.text) referenced from startup_mimxrt1176_cm7.o(.isr_vector)
 <LI><a href="#[12d]">ENET_1G_1588_Timer_DriverIRQHandler</a> from startup_mimxrt1176_cm7.o(.text) referenced from startup_mimxrt1176_cm7.o(.text)
 <LI><a href="#[98]">ENET_1G_1588_Timer_IRQHandler</a> from startup_mimxrt1176_cm7.o(.text) referenced from startup_mimxrt1176_cm7.o(.isr_vector)
 <LI><a href="#[12c]">ENET_1G_DriverIRQHandler</a> from startup_mimxrt1176_cm7.o(.text) referenced from startup_mimxrt1176_cm7.o(.text)
 <LI><a href="#[97]">ENET_1G_IRQHandler</a> from startup_mimxrt1176_cm7.o(.text) referenced from startup_mimxrt1176_cm7.o(.isr_vector)
 <LI><a href="#[12a]">ENET_1G_MAC0_Tx_Rx_1_DriverIRQHandler</a> from startup_mimxrt1176_cm7.o(.text) referenced from startup_mimxrt1176_cm7.o(.text)
 <LI><a href="#[95]">ENET_1G_MAC0_Tx_Rx_1_IRQHandler</a> from startup_mimxrt1176_cm7.o(.text) referenced from startup_mimxrt1176_cm7.o(.isr_vector)
 <LI><a href="#[12b]">ENET_1G_MAC0_Tx_Rx_2_DriverIRQHandler</a> from startup_mimxrt1176_cm7.o(.text) referenced from startup_mimxrt1176_cm7.o(.text)
 <LI><a href="#[96]">ENET_1G_MAC0_Tx_Rx_2_IRQHandler</a> from startup_mimxrt1176_cm7.o(.text) referenced from startup_mimxrt1176_cm7.o(.isr_vector)
 <LI><a href="#[128]">ENET_DriverIRQHandler</a> from startup_mimxrt1176_cm7.o(.text) referenced from startup_mimxrt1176_cm7.o(.text)
 <LI><a href="#[93]">ENET_IRQHandler</a> from startup_mimxrt1176_cm7.o(.text) referenced from startup_mimxrt1176_cm7.o(.isr_vector)
 <LI><a href="#[136]">ENET_QOS_DriverIRQHandler</a> from startup_mimxrt1176_cm7.o(.text) referenced from startup_mimxrt1176_cm7.o(.text)
 <LI><a href="#[e2]">ENET_QOS_IRQHandler</a> from startup_mimxrt1176_cm7.o(.text) referenced from startup_mimxrt1176_cm7.o(.isr_vector)
 <LI><a href="#[137]">ENET_QOS_PMT_DriverIRQHandler</a> from startup_mimxrt1176_cm7.o(.text) referenced from startup_mimxrt1176_cm7.o(.text)
 <LI><a href="#[e3]">ENET_QOS_PMT_IRQHandler</a> from startup_mimxrt1176_cm7.o(.text) referenced from startup_mimxrt1176_cm7.o(.isr_vector)
 <LI><a href="#[7c]">EWM_IRQHandler</a> from startup_mimxrt1176_cm7.o(.text) referenced from startup_mimxrt1176_cm7.o(.isr_vector)
 <LI><a href="#[13e]">EnableIRQ</a> from fsl_flexcan.o(.text.EnableIRQ) referenced from fsl_flexcan.o(.text.FLEXCAN_TransferCreateHandle)
 <LI><a href="#[13d]">FLEXCAN_TransferHandleIRQ</a> from fsl_flexcan.o(.text.FLEXCAN_TransferHandleIRQ) referenced from fsl_flexcan.o(.text.FLEXCAN_TransferCreateHandle)
 <LI><a href="#[122]">FLEXIO1_DriverIRQHandler</a> from startup_mimxrt1176_cm7.o(.text) referenced from startup_mimxrt1176_cm7.o(.text)
 <LI><a href="#[78]">FLEXIO1_IRQHandler</a> from startup_mimxrt1176_cm7.o(.text) referenced from startup_mimxrt1176_cm7.o(.isr_vector)
 <LI><a href="#[123]">FLEXIO2_DriverIRQHandler</a> from startup_mimxrt1176_cm7.o(.text) referenced from startup_mimxrt1176_cm7.o(.text)
 <LI><a href="#[79]">FLEXIO2_IRQHandler</a> from startup_mimxrt1176_cm7.o(.text) referenced from startup_mimxrt1176_cm7.o(.isr_vector)
 <LI><a href="#[6c]">FLEXRAM_ECC_IRQHandler</a> from startup_mimxrt1176_cm7.o(.text) referenced from startup_mimxrt1176_cm7.o(.isr_vector)
 <LI><a href="#[3c]">FLEXRAM_IRQHandler</a> from startup_mimxrt1176_cm7.o(.text) referenced from startup_mimxrt1176_cm7.o(.isr_vector)
 <LI><a href="#[124]">FLEXSPI1_DriverIRQHandler</a> from startup_mimxrt1176_cm7.o(.text) referenced from startup_mimxrt1176_cm7.o(.text)
 <LI><a href="#[8c]">FLEXSPI1_IRQHandler</a> from startup_mimxrt1176_cm7.o(.text) referenced from startup_mimxrt1176_cm7.o(.isr_vector)
 <LI><a href="#[125]">FLEXSPI2_DriverIRQHandler</a> from startup_mimxrt1176_cm7.o(.text) referenced from startup_mimxrt1176_cm7.o(.text)
 <LI><a href="#[8d]">FLEXSPI2_IRQHandler</a> from startup_mimxrt1176_cm7.o(.text) referenced from startup_mimxrt1176_cm7.o(.isr_vector)
 <LI><a href="#[7f]">GPC_IRQHandler</a> from startup_mimxrt1176_cm7.o(.text) referenced from startup_mimxrt1176_cm7.o(.isr_vector)
 <LI><a href="#[67]">GPIO13_Combined_0_31_IRQHandler</a> from startup_mimxrt1176_cm7.o(.text) referenced from startup_mimxrt1176_cm7.o(.isr_vector)
 <LI><a href="#[6e]">GPIO1_Combined_0_15_IRQHandler</a> from startup_mimxrt1176_cm7.o(.text) referenced from startup_mimxrt1176_cm7.o(.isr_vector)
 <LI><a href="#[6f]">GPIO1_Combined_16_31_IRQHandler</a> from startup_mimxrt1176_cm7.o(.text) referenced from startup_mimxrt1176_cm7.o(.isr_vector)
 <LI><a href="#[70]">GPIO2_Combined_0_15_IRQHandler</a> from startup_mimxrt1176_cm7.o(.text) referenced from startup_mimxrt1176_cm7.o(.isr_vector)
 <LI><a href="#[71]">GPIO2_Combined_16_31_IRQHandler</a> from startup_mimxrt1176_cm7.o(.text) referenced from startup_mimxrt1176_cm7.o(.isr_vector)
 <LI><a href="#[72]">GPIO3_Combined_0_15_IRQHandler</a> from startup_mimxrt1176_cm7.o(.text) referenced from startup_mimxrt1176_cm7.o(.isr_vector)
 <LI><a href="#[73]">GPIO3_Combined_16_31_IRQHandler</a> from startup_mimxrt1176_cm7.o(.text) referenced from startup_mimxrt1176_cm7.o(.isr_vector)
 <LI><a href="#[74]">GPIO4_Combined_0_15_IRQHandler</a> from startup_mimxrt1176_cm7.o(.text) referenced from startup_mimxrt1176_cm7.o(.isr_vector)
 <LI><a href="#[75]">GPIO4_Combined_16_31_IRQHandler</a> from startup_mimxrt1176_cm7.o(.text) referenced from startup_mimxrt1176_cm7.o(.isr_vector)
 <LI><a href="#[76]">GPIO5_Combined_0_15_IRQHandler</a> from startup_mimxrt1176_cm7.o(.text) referenced from startup_mimxrt1176_cm7.o(.isr_vector)
 <LI><a href="#[77]">GPIO5_Combined_16_31_IRQHandler</a> from startup_mimxrt1176_cm7.o(.text) referenced from startup_mimxrt1176_cm7.o(.isr_vector)
 <LI><a href="#[47]">GPIO6_Combined_0_15_IRQHandler</a> from startup_mimxrt1176_cm7.o(.text) referenced from startup_mimxrt1176_cm7.o(.isr_vector)
 <LI><a href="#[48]">GPIO6_Combined_16_31_IRQHandler</a> from startup_mimxrt1176_cm7.o(.text) referenced from startup_mimxrt1176_cm7.o(.isr_vector)
 <LI><a href="#[3f]">GPR_IRQ_IRQHandler</a> from startup_mimxrt1176_cm7.o(.text) referenced from startup_mimxrt1176_cm7.o(.isr_vector)
 <LI><a href="#[81]">GPT1_IRQHandler</a> from startup_mimxrt1176_cm7.o(.text) referenced from startup_mimxrt1176_cm7.o(.isr_vector)
 <LI><a href="#[82]">GPT2_IRQHandler</a> from startup_mimxrt1176_cm7.o(.text) referenced from startup_mimxrt1176_cm7.o(.isr_vector)
 <LI><a href="#[83]">GPT3_IRQHandler</a> from startup_mimxrt1176_cm7.o(.text) referenced from startup_mimxrt1176_cm7.o(.isr_vector)
 <LI><a href="#[84]">GPT4_IRQHandler</a> from startup_mimxrt1176_cm7.o(.text) referenced from startup_mimxrt1176_cm7.o(.isr_vector)
 <LI><a href="#[85]">GPT5_IRQHandler</a> from startup_mimxrt1176_cm7.o(.text) referenced from startup_mimxrt1176_cm7.o(.isr_vector)
 <LI><a href="#[86]">GPT6_IRQHandler</a> from startup_mimxrt1176_cm7.o(.text) referenced from startup_mimxrt1176_cm7.o(.isr_vector)
 <LI><a href="#[46]">GPU2D_IRQHandler</a> from startup_mimxrt1176_cm7.o(.text) referenced from startup_mimxrt1176_cm7.o(.isr_vector)
 <LI><a href="#[13b]">HAL_UartReceiveBlocking</a> from fsl_adapter_lpuart.o(.text.HAL_UartReceiveBlocking) referenced from fsl_debug_console.o(.text.DbgConsole_Init)
 <LI><a href="#[13c]">HAL_UartSendBlocking</a> from fsl_adapter_lpuart.o(.text.HAL_UartSendBlocking) referenced from fsl_debug_console.o(.text.DbgConsole_Init)
 <LI><a href="#[2]">HardFault_Handler</a> from startup_mimxrt1176_cm7.o(.text) referenced from startup_mimxrt1176_cm7.o(.isr_vector)
 <LI><a href="#[2]">HardFault_Handler</a> from startup_mimxrt1176_cm7.o(.text) referenced from startup_mimxrt1176_cm7.o(.text)
 <LI><a href="#[4a]">KEY_MANAGER_IRQHandler</a> from startup_mimxrt1176_cm7.o(.text) referenced from startup_mimxrt1176_cm7.o(.isr_vector)
 <LI><a href="#[3d]">KPP_IRQHandler</a> from startup_mimxrt1176_cm7.o(.text) referenced from startup_mimxrt1176_cm7.o(.isr_vector)
 <LI><a href="#[41]">LCDIFv2_IRQHandler</a> from startup_mimxrt1176_cm7.o(.text) referenced from startup_mimxrt1176_cm7.o(.isr_vector)
 <LI><a href="#[105]">LPI2C1_DriverIRQHandler</a> from startup_mimxrt1176_cm7.o(.text) referenced from startup_mimxrt1176_cm7.o(.text)
 <LI><a href="#[2a]">LPI2C1_IRQHandler</a> from startup_mimxrt1176_cm7.o(.text) referenced from startup_mimxrt1176_cm7.o(.isr_vector)
 <LI><a href="#[106]">LPI2C2_DriverIRQHandler</a> from startup_mimxrt1176_cm7.o(.text) referenced from startup_mimxrt1176_cm7.o(.text)
 <LI><a href="#[2b]">LPI2C2_IRQHandler</a> from startup_mimxrt1176_cm7.o(.text) referenced from startup_mimxrt1176_cm7.o(.isr_vector)
 <LI><a href="#[107]">LPI2C3_DriverIRQHandler</a> from startup_mimxrt1176_cm7.o(.text) referenced from startup_mimxrt1176_cm7.o(.text)
 <LI><a href="#[2c]">LPI2C3_IRQHandler</a> from startup_mimxrt1176_cm7.o(.text) referenced from startup_mimxrt1176_cm7.o(.isr_vector)
 <LI><a href="#[108]">LPI2C4_DriverIRQHandler</a> from startup_mimxrt1176_cm7.o(.text) referenced from startup_mimxrt1176_cm7.o(.text)
 <LI><a href="#[2d]">LPI2C4_IRQHandler</a> from startup_mimxrt1176_cm7.o(.text) referenced from startup_mimxrt1176_cm7.o(.isr_vector)
 <LI><a href="#[109]">LPI2C5_DriverIRQHandler</a> from startup_mimxrt1176_cm7.o(.text) referenced from startup_mimxrt1176_cm7.o(.text)
 <LI><a href="#[2e]">LPI2C5_IRQHandler</a> from startup_mimxrt1176_cm7.o(.text) referenced from startup_mimxrt1176_cm7.o(.isr_vector)
 <LI><a href="#[10a]">LPI2C6_DriverIRQHandler</a> from startup_mimxrt1176_cm7.o(.text) referenced from startup_mimxrt1176_cm7.o(.text)
 <LI><a href="#[2f]">LPI2C6_IRQHandler</a> from startup_mimxrt1176_cm7.o(.text) referenced from startup_mimxrt1176_cm7.o(.isr_vector)
 <LI><a href="#[10b]">LPSPI1_DriverIRQHandler</a> from startup_mimxrt1176_cm7.o(.text) referenced from startup_mimxrt1176_cm7.o(.text)
 <LI><a href="#[30]">LPSPI1_IRQHandler</a> from startup_mimxrt1176_cm7.o(.text) referenced from startup_mimxrt1176_cm7.o(.isr_vector)
 <LI><a href="#[10c]">LPSPI2_DriverIRQHandler</a> from startup_mimxrt1176_cm7.o(.text) referenced from startup_mimxrt1176_cm7.o(.text)
 <LI><a href="#[31]">LPSPI2_IRQHandler</a> from startup_mimxrt1176_cm7.o(.text) referenced from startup_mimxrt1176_cm7.o(.isr_vector)
 <LI><a href="#[10d]">LPSPI3_DriverIRQHandler</a> from startup_mimxrt1176_cm7.o(.text) referenced from startup_mimxrt1176_cm7.o(.text)
 <LI><a href="#[32]">LPSPI3_IRQHandler</a> from startup_mimxrt1176_cm7.o(.text) referenced from startup_mimxrt1176_cm7.o(.isr_vector)
 <LI><a href="#[10e]">LPSPI4_DriverIRQHandler</a> from startup_mimxrt1176_cm7.o(.text) referenced from startup_mimxrt1176_cm7.o(.text)
 <LI><a href="#[33]">LPSPI4_IRQHandler</a> from startup_mimxrt1176_cm7.o(.text) referenced from startup_mimxrt1176_cm7.o(.isr_vector)
 <LI><a href="#[10f]">LPSPI5_DriverIRQHandler</a> from startup_mimxrt1176_cm7.o(.text) referenced from startup_mimxrt1176_cm7.o(.text)
 <LI><a href="#[34]">LPSPI5_IRQHandler</a> from startup_mimxrt1176_cm7.o(.text) referenced from startup_mimxrt1176_cm7.o(.isr_vector)
 <LI><a href="#[110]">LPSPI6_DriverIRQHandler</a> from startup_mimxrt1176_cm7.o(.text) referenced from startup_mimxrt1176_cm7.o(.text)
 <LI><a href="#[35]">LPSPI6_IRQHandler</a> from startup_mimxrt1176_cm7.o(.text) referenced from startup_mimxrt1176_cm7.o(.isr_vector)
 <LI><a href="#[61]">LPSR_LP0_BROWNOUT_IRQHandler</a> from startup_mimxrt1176_cm7.o(.text) referenced from startup_mimxrt1176_cm7.o(.isr_vector)
 <LI><a href="#[60]">LPSR_LP8_BROWNOUT_IRQHandler</a> from startup_mimxrt1176_cm7.o(.text) referenced from startup_mimxrt1176_cm7.o(.isr_vector)
 <LI><a href="#[102]">LPUART10_DriverIRQHandler</a> from fsl_lpuart.o(.text.LPUART10_DriverIRQHandler) referenced from startup_mimxrt1176_cm7.o(.text)
 <LI><a href="#[27]">LPUART10_IRQHandler</a> from startup_mimxrt1176_cm7.o(.text) referenced from startup_mimxrt1176_cm7.o(.isr_vector)
 <LI><a href="#[103]">LPUART11_DriverIRQHandler</a> from fsl_lpuart.o(.text.LPUART11_DriverIRQHandler) referenced from startup_mimxrt1176_cm7.o(.text)
 <LI><a href="#[28]">LPUART11_IRQHandler</a> from startup_mimxrt1176_cm7.o(.text) referenced from startup_mimxrt1176_cm7.o(.isr_vector)
 <LI><a href="#[104]">LPUART12_DriverIRQHandler</a> from fsl_lpuart.o(.text.LPUART12_DriverIRQHandler) referenced from startup_mimxrt1176_cm7.o(.text)
 <LI><a href="#[29]">LPUART12_IRQHandler</a> from startup_mimxrt1176_cm7.o(.text) referenced from startup_mimxrt1176_cm7.o(.isr_vector)
 <LI><a href="#[f9]">LPUART1_DriverIRQHandler</a> from fsl_lpuart.o(.text.LPUART1_DriverIRQHandler) referenced from startup_mimxrt1176_cm7.o(.text)
 <LI><a href="#[1e]">LPUART1_IRQHandler</a> from startup_mimxrt1176_cm7.o(.text) referenced from startup_mimxrt1176_cm7.o(.isr_vector)
 <LI><a href="#[fa]">LPUART2_DriverIRQHandler</a> from fsl_lpuart.o(.text.LPUART2_DriverIRQHandler) referenced from startup_mimxrt1176_cm7.o(.text)
 <LI><a href="#[1f]">LPUART2_IRQHandler</a> from startup_mimxrt1176_cm7.o(.text) referenced from startup_mimxrt1176_cm7.o(.isr_vector)
 <LI><a href="#[fb]">LPUART3_DriverIRQHandler</a> from fsl_lpuart.o(.text.LPUART3_DriverIRQHandler) referenced from startup_mimxrt1176_cm7.o(.text)
 <LI><a href="#[20]">LPUART3_IRQHandler</a> from startup_mimxrt1176_cm7.o(.text) referenced from startup_mimxrt1176_cm7.o(.isr_vector)
 <LI><a href="#[fc]">LPUART4_DriverIRQHandler</a> from fsl_lpuart.o(.text.LPUART4_DriverIRQHandler) referenced from startup_mimxrt1176_cm7.o(.text)
 <LI><a href="#[21]">LPUART4_IRQHandler</a> from startup_mimxrt1176_cm7.o(.text) referenced from startup_mimxrt1176_cm7.o(.isr_vector)
 <LI><a href="#[fd]">LPUART5_DriverIRQHandler</a> from fsl_lpuart.o(.text.LPUART5_DriverIRQHandler) referenced from startup_mimxrt1176_cm7.o(.text)
 <LI><a href="#[22]">LPUART5_IRQHandler</a> from startup_mimxrt1176_cm7.o(.text) referenced from startup_mimxrt1176_cm7.o(.isr_vector)
 <LI><a href="#[fe]">LPUART6_DriverIRQHandler</a> from fsl_lpuart.o(.text.LPUART6_DriverIRQHandler) referenced from startup_mimxrt1176_cm7.o(.text)
 <LI><a href="#[23]">LPUART6_IRQHandler</a> from startup_mimxrt1176_cm7.o(.text) referenced from startup_mimxrt1176_cm7.o(.isr_vector)
 <LI><a href="#[ff]">LPUART7_DriverIRQHandler</a> from fsl_lpuart.o(.text.LPUART7_DriverIRQHandler) referenced from startup_mimxrt1176_cm7.o(.text)
 <LI><a href="#[24]">LPUART7_IRQHandler</a> from startup_mimxrt1176_cm7.o(.text) referenced from startup_mimxrt1176_cm7.o(.isr_vector)
 <LI><a href="#[100]">LPUART8_DriverIRQHandler</a> from fsl_lpuart.o(.text.LPUART8_DriverIRQHandler) referenced from startup_mimxrt1176_cm7.o(.text)
 <LI><a href="#[25]">LPUART8_IRQHandler</a> from startup_mimxrt1176_cm7.o(.text) referenced from startup_mimxrt1176_cm7.o(.isr_vector)
 <LI><a href="#[101]">LPUART9_DriverIRQHandler</a> from fsl_lpuart.o(.text.LPUART9_DriverIRQHandler) referenced from startup_mimxrt1176_cm7.o(.text)
 <LI><a href="#[26]">LPUART9_IRQHandler</a> from startup_mimxrt1176_cm7.o(.text) referenced from startup_mimxrt1176_cm7.o(.isr_vector)
 <LI><a href="#[d9]">MECC1_FATAL_INT_IRQHandler</a> from startup_mimxrt1176_cm7.o(.text) referenced from startup_mimxrt1176_cm7.o(.isr_vector)
 <LI><a href="#[d8]">MECC1_INT_IRQHandler</a> from startup_mimxrt1176_cm7.o(.text) referenced from startup_mimxrt1176_cm7.o(.isr_vector)
 <LI><a href="#[db]">MECC2_FATAL_INT_IRQHandler</a> from startup_mimxrt1176_cm7.o(.text) referenced from startup_mimxrt1176_cm7.o(.isr_vector)
 <LI><a href="#[da]">MECC2_INT_IRQHandler</a> from startup_mimxrt1176_cm7.o(.text) referenced from startup_mimxrt1176_cm7.o(.isr_vector)
 <LI><a href="#[117]">MIPI_CSI_DriverIRQHandler</a> from startup_mimxrt1176_cm7.o(.text) referenced from startup_mimxrt1176_cm7.o(.text)
 <LI><a href="#[44]">MIPI_CSI_IRQHandler</a> from startup_mimxrt1176_cm7.o(.text) referenced from startup_mimxrt1176_cm7.o(.isr_vector)
 <LI><a href="#[118]">MIPI_DSI_DriverIRQHandler</a> from startup_mimxrt1176_cm7.o(.text) referenced from startup_mimxrt1176_cm7.o(.text)
 <LI><a href="#[45]">MIPI_DSI_IRQHandler</a> from startup_mimxrt1176_cm7.o(.text) referenced from startup_mimxrt1176_cm7.o(.isr_vector)
 <LI><a href="#[80]">MUA_IRQHandler</a> from startup_mimxrt1176_cm7.o(.text) referenced from startup_mimxrt1176_cm7.o(.isr_vector)
 <LI><a href="#[3]">MemManage_Handler</a> from startup_mimxrt1176_cm7.o(.text) referenced from startup_mimxrt1176_cm7.o(.isr_vector)
 <LI><a href="#[1]">NMI_Handler</a> from startup_mimxrt1176_cm7.o(.text) referenced from startup_mimxrt1176_cm7.o(.isr_vector)
 <LI><a href="#[1]">NMI_Handler</a> from startup_mimxrt1176_cm7.o(.text) referenced from startup_mimxrt1176_cm7.o(.text)
 <LI><a href="#[7e]">OCOTP_READ_DONE_ERROR_IRQHandler</a> from startup_mimxrt1176_cm7.o(.text) referenced from startup_mimxrt1176_cm7.o(.isr_vector)
 <LI><a href="#[7d]">OCOTP_READ_FUSE_ERROR_IRQHandler</a> from startup_mimxrt1176_cm7.o(.text) referenced from startup_mimxrt1176_cm7.o(.isr_vector)
 <LI><a href="#[131]">PDM_ERROR_DriverIRQHandler</a> from startup_mimxrt1176_cm7.o(.text) referenced from startup_mimxrt1176_cm7.o(.text)
 <LI><a href="#[d5]">PDM_ERROR_IRQHandler</a> from startup_mimxrt1176_cm7.o(.text) referenced from startup_mimxrt1176_cm7.o(.isr_vector)
 <LI><a href="#[130]">PDM_EVENT_DriverIRQHandler</a> from startup_mimxrt1176_cm7.o(.text) referenced from startup_mimxrt1176_cm7.o(.text)
 <LI><a href="#[d4]">PDM_EVENT_IRQHandler</a> from startup_mimxrt1176_cm7.o(.text) referenced from startup_mimxrt1176_cm7.o(.isr_vector)
 <LI><a href="#[12f]">PDM_HWVAD_ERROR_DriverIRQHandler</a> from startup_mimxrt1176_cm7.o(.text) referenced from startup_mimxrt1176_cm7.o(.text)
 <LI><a href="#[d3]">PDM_HWVAD_ERROR_IRQHandler</a> from startup_mimxrt1176_cm7.o(.text) referenced from startup_mimxrt1176_cm7.o(.isr_vector)
 <LI><a href="#[12e]">PDM_HWVAD_EVENT_DriverIRQHandler</a> from startup_mimxrt1176_cm7.o(.text) referenced from startup_mimxrt1176_cm7.o(.text)
 <LI><a href="#[d2]">PDM_HWVAD_EVENT_IRQHandler</a> from startup_mimxrt1176_cm7.o(.text) referenced from startup_mimxrt1176_cm7.o(.isr_vector)
 <LI><a href="#[a5]">PIT1_IRQHandler</a> from startup_mimxrt1176_cm7.o(.text) referenced from startup_mimxrt1176_cm7.o(.isr_vector)
 <LI><a href="#[a6]">PIT2_IRQHandler</a> from startup_mimxrt1176_cm7.o(.text) referenced from startup_mimxrt1176_cm7.o(.isr_vector)
 <LI><a href="#[87]">PWM1_0_IRQHandler</a> from startup_mimxrt1176_cm7.o(.text) referenced from startup_mimxrt1176_cm7.o(.isr_vector)
 <LI><a href="#[88]">PWM1_1_IRQHandler</a> from startup_mimxrt1176_cm7.o(.text) referenced from startup_mimxrt1176_cm7.o(.isr_vector)
 <LI><a href="#[89]">PWM1_2_IRQHandler</a> from startup_mimxrt1176_cm7.o(.text) referenced from startup_mimxrt1176_cm7.o(.isr_vector)
 <LI><a href="#[8a]">PWM1_3_IRQHandler</a> from startup_mimxrt1176_cm7.o(.text) referenced from startup_mimxrt1176_cm7.o(.isr_vector)
 <LI><a href="#[8b]">PWM1_FAULT_IRQHandler</a> from startup_mimxrt1176_cm7.o(.text) referenced from startup_mimxrt1176_cm7.o(.isr_vector)
 <LI><a href="#[bb]">PWM2_0_IRQHandler</a> from startup_mimxrt1176_cm7.o(.text) referenced from startup_mimxrt1176_cm7.o(.isr_vector)
 <LI><a href="#[bc]">PWM2_1_IRQHandler</a> from startup_mimxrt1176_cm7.o(.text) referenced from startup_mimxrt1176_cm7.o(.isr_vector)
 <LI><a href="#[bd]">PWM2_2_IRQHandler</a> from startup_mimxrt1176_cm7.o(.text) referenced from startup_mimxrt1176_cm7.o(.isr_vector)
 <LI><a href="#[be]">PWM2_3_IRQHandler</a> from startup_mimxrt1176_cm7.o(.text) referenced from startup_mimxrt1176_cm7.o(.isr_vector)
 <LI><a href="#[bf]">PWM2_FAULT_IRQHandler</a> from startup_mimxrt1176_cm7.o(.text) referenced from startup_mimxrt1176_cm7.o(.isr_vector)
 <LI><a href="#[c0]">PWM3_0_IRQHandler</a> from startup_mimxrt1176_cm7.o(.text) referenced from startup_mimxrt1176_cm7.o(.isr_vector)
 <LI><a href="#[c1]">PWM3_1_IRQHandler</a> from startup_mimxrt1176_cm7.o(.text) referenced from startup_mimxrt1176_cm7.o(.isr_vector)
 <LI><a href="#[c2]">PWM3_2_IRQHandler</a> from startup_mimxrt1176_cm7.o(.text) referenced from startup_mimxrt1176_cm7.o(.isr_vector)
 <LI><a href="#[c3]">PWM3_3_IRQHandler</a> from startup_mimxrt1176_cm7.o(.text) referenced from startup_mimxrt1176_cm7.o(.isr_vector)
 <LI><a href="#[c4]">PWM3_FAULT_IRQHandler</a> from startup_mimxrt1176_cm7.o(.text) referenced from startup_mimxrt1176_cm7.o(.isr_vector)
 <LI><a href="#[c5]">PWM4_0_IRQHandler</a> from startup_mimxrt1176_cm7.o(.text) referenced from startup_mimxrt1176_cm7.o(.isr_vector)
 <LI><a href="#[c6]">PWM4_1_IRQHandler</a> from startup_mimxrt1176_cm7.o(.text) referenced from startup_mimxrt1176_cm7.o(.isr_vector)
 <LI><a href="#[c7]">PWM4_2_IRQHandler</a> from startup_mimxrt1176_cm7.o(.text) referenced from startup_mimxrt1176_cm7.o(.isr_vector)
 <LI><a href="#[c8]">PWM4_3_IRQHandler</a> from startup_mimxrt1176_cm7.o(.text) referenced from startup_mimxrt1176_cm7.o(.isr_vector)
 <LI><a href="#[c9]">PWM4_FAULT_IRQHandler</a> from startup_mimxrt1176_cm7.o(.text) referenced from startup_mimxrt1176_cm7.o(.isr_vector)
 <LI><a href="#[43]">PXP_IRQHandler</a> from startup_mimxrt1176_cm7.o(.text) referenced from startup_mimxrt1176_cm7.o(.isr_vector)
 <LI><a href="#[8]">PendSV_Handler</a> from startup_mimxrt1176_cm7.o(.text) referenced from startup_mimxrt1176_cm7.o(.isr_vector)
 <LI><a href="#[8]">PendSV_Handler</a> from startup_mimxrt1176_cm7.o(.text) referenced from startup_mimxrt1176_cm7.o(.text)
 <LI><a href="#[66]">RDC_IRQHandler</a> from startup_mimxrt1176_cm7.o(.text) referenced from startup_mimxrt1176_cm7.o(.isr_vector)
 <LI><a href="#[7b]">RTWDOG3_IRQHandler</a> from startup_mimxrt1176_cm7.o(.text) referenced from startup_mimxrt1176_cm7.o(.isr_vector)
 <LI><a href="#[68]">Reserved110_IRQHandler</a> from startup_mimxrt1176_cm7.o(.text) referenced from startup_mimxrt1176_cm7.o(.isr_vector)
 <LI><a href="#[a0]">Reserved166_IRQHandler</a> from startup_mimxrt1176_cm7.o(.text) referenced from startup_mimxrt1176_cm7.o(.isr_vector)
 <LI><a href="#[a1]">Reserved167_IRQHandler</a> from startup_mimxrt1176_cm7.o(.text) referenced from startup_mimxrt1176_cm7.o(.isr_vector)
 <LI><a href="#[a2]">Reserved168_IRQHandler</a> from startup_mimxrt1176_cm7.o(.text) referenced from startup_mimxrt1176_cm7.o(.isr_vector)
 <LI><a href="#[a3]">Reserved169_IRQHandler</a> from startup_mimxrt1176_cm7.o(.text) referenced from startup_mimxrt1176_cm7.o(.isr_vector)
 <LI><a href="#[a4]">Reserved170_IRQHandler</a> from startup_mimxrt1176_cm7.o(.text) referenced from startup_mimxrt1176_cm7.o(.isr_vector)
 <LI><a href="#[ab]">Reserved177_IRQHandler</a> from startup_mimxrt1176_cm7.o(.text) referenced from startup_mimxrt1176_cm7.o(.isr_vector)
 <LI><a href="#[ac]">Reserved178_IRQHandler</a> from startup_mimxrt1176_cm7.o(.text) referenced from startup_mimxrt1176_cm7.o(.isr_vector)
 <LI><a href="#[ad]">Reserved179_IRQHandler</a> from startup_mimxrt1176_cm7.o(.text) referenced from startup_mimxrt1176_cm7.o(.isr_vector)
 <LI><a href="#[ae]">Reserved180_IRQHandler</a> from startup_mimxrt1176_cm7.o(.text) referenced from startup_mimxrt1176_cm7.o(.isr_vector)
 <LI><a href="#[b3]">Reserved185_IRQHandler</a> from startup_mimxrt1176_cm7.o(.text) referenced from startup_mimxrt1176_cm7.o(.isr_vector)
 <LI><a href="#[b4]">Reserved186_IRQHandler</a> from startup_mimxrt1176_cm7.o(.text) referenced from startup_mimxrt1176_cm7.o(.isr_vector)
 <LI><a href="#[ca]">Reserved208_IRQHandler</a> from startup_mimxrt1176_cm7.o(.text) referenced from startup_mimxrt1176_cm7.o(.isr_vector)
 <LI><a href="#[cb]">Reserved209_IRQHandler</a> from startup_mimxrt1176_cm7.o(.text) referenced from startup_mimxrt1176_cm7.o(.isr_vector)
 <LI><a href="#[cc]">Reserved210_IRQHandler</a> from startup_mimxrt1176_cm7.o(.text) referenced from startup_mimxrt1176_cm7.o(.isr_vector)
 <LI><a href="#[cd]">Reserved211_IRQHandler</a> from startup_mimxrt1176_cm7.o(.text) referenced from startup_mimxrt1176_cm7.o(.isr_vector)
 <LI><a href="#[ce]">Reserved212_IRQHandler</a> from startup_mimxrt1176_cm7.o(.text) referenced from startup_mimxrt1176_cm7.o(.isr_vector)
 <LI><a href="#[cf]">Reserved213_IRQHandler</a> from startup_mimxrt1176_cm7.o(.text) referenced from startup_mimxrt1176_cm7.o(.isr_vector)
 <LI><a href="#[d0]">Reserved214_IRQHandler</a> from startup_mimxrt1176_cm7.o(.text) referenced from startup_mimxrt1176_cm7.o(.isr_vector)
 <LI><a href="#[d1]">Reserved215_IRQHandler</a> from startup_mimxrt1176_cm7.o(.text) referenced from startup_mimxrt1176_cm7.o(.isr_vector)
 <LI><a href="#[3e]">Reserved68_IRQHandler</a> from startup_mimxrt1176_cm7.o(.text) referenced from startup_mimxrt1176_cm7.o(.isr_vector)
 <LI><a href="#[0]">Reset_Handler</a> from startup_mimxrt1176_cm7.o(.text) referenced from startup_mimxrt1176_cm7.o(.isr_vector)
 <LI><a href="#[11a]">SAI1_DriverIRQHandler</a> from startup_mimxrt1176_cm7.o(.text) referenced from startup_mimxrt1176_cm7.o(.text)
 <LI><a href="#[56]">SAI1_IRQHandler</a> from startup_mimxrt1176_cm7.o(.text) referenced from startup_mimxrt1176_cm7.o(.isr_vector)
 <LI><a href="#[11b]">SAI2_DriverIRQHandler</a> from startup_mimxrt1176_cm7.o(.text) referenced from startup_mimxrt1176_cm7.o(.text)
 <LI><a href="#[57]">SAI2_IRQHandler</a> from startup_mimxrt1176_cm7.o(.text) referenced from startup_mimxrt1176_cm7.o(.isr_vector)
 <LI><a href="#[11c]">SAI3_RX_DriverIRQHandler</a> from startup_mimxrt1176_cm7.o(.text) referenced from startup_mimxrt1176_cm7.o(.text)
 <LI><a href="#[58]">SAI3_RX_IRQHandler</a> from startup_mimxrt1176_cm7.o(.text) referenced from startup_mimxrt1176_cm7.o(.isr_vector)
 <LI><a href="#[11d]">SAI3_TX_DriverIRQHandler</a> from startup_mimxrt1176_cm7.o(.text) referenced from startup_mimxrt1176_cm7.o(.text)
 <LI><a href="#[59]">SAI3_TX_IRQHandler</a> from startup_mimxrt1176_cm7.o(.text) referenced from startup_mimxrt1176_cm7.o(.isr_vector)
 <LI><a href="#[11e]">SAI4_RX_DriverIRQHandler</a> from startup_mimxrt1176_cm7.o(.text) referenced from startup_mimxrt1176_cm7.o(.text)
 <LI><a href="#[5a]">SAI4_RX_IRQHandler</a> from startup_mimxrt1176_cm7.o(.text) referenced from startup_mimxrt1176_cm7.o(.isr_vector)
 <LI><a href="#[11f]">SAI4_TX_DriverIRQHandler</a> from startup_mimxrt1176_cm7.o(.text) referenced from startup_mimxrt1176_cm7.o(.text)
 <LI><a href="#[5b]">SAI4_TX_IRQHandler</a> from startup_mimxrt1176_cm7.o(.text) referenced from startup_mimxrt1176_cm7.o(.isr_vector)
 <LI><a href="#[13f]">SDK_DelayAtLeastUs</a> from fsl_common_arm.o(.text.SDK_DelayAtLeastUs) referenced from fsl_pmu.o(.text.PMU_StaticEnableLpsrAnaLdoBypassMode)
 <LI><a href="#[b9]">SEMA4_CP0_IRQHandler</a> from startup_mimxrt1176_cm7.o(.text) referenced from startup_mimxrt1176_cm7.o(.isr_vector)
 <LI><a href="#[ba]">SEMA4_CP1_IRQHandler</a> from startup_mimxrt1176_cm7.o(.text) referenced from startup_mimxrt1176_cm7.o(.isr_vector)
 <LI><a href="#[8e]">SEMC_IRQHandler</a> from startup_mimxrt1176_cm7.o(.text) referenced from startup_mimxrt1176_cm7.o(.isr_vector)
 <LI><a href="#[4c]">SNVS_HP_NON_TZ_IRQHandler</a> from startup_mimxrt1176_cm7.o(.text) referenced from startup_mimxrt1176_cm7.o(.isr_vector)
 <LI><a href="#[4d]">SNVS_HP_TZ_IRQHandler</a> from startup_mimxrt1176_cm7.o(.text) referenced from startup_mimxrt1176_cm7.o(.isr_vector)
 <LI><a href="#[4e]">SNVS_PULSE_EVENT_IRQHandler</a> from startup_mimxrt1176_cm7.o(.text) referenced from startup_mimxrt1176_cm7.o(.isr_vector)
 <LI><a href="#[120]">SPDIF_DriverIRQHandler</a> from startup_mimxrt1176_cm7.o(.text) referenced from startup_mimxrt1176_cm7.o(.text)
 <LI><a href="#[5c]">SPDIF_IRQHandler</a> from startup_mimxrt1176_cm7.o(.text) referenced from startup_mimxrt1176_cm7.o(.isr_vector)
 <LI><a href="#[6]">SVC_Handler</a> from startup_mimxrt1176_cm7.o(.text) referenced from startup_mimxrt1176_cm7.o(.isr_vector)
 <LI><a href="#[6]">SVC_Handler</a> from startup_mimxrt1176_cm7.o(.text) referenced from startup_mimxrt1176_cm7.o(.text)
 <LI><a href="#[9]">SysTick_Handler</a> from startup_mimxrt1176_cm7.o(.text) referenced from startup_mimxrt1176_cm7.o(.isr_vector)
 <LI><a href="#[9]">SysTick_Handler</a> from startup_mimxrt1176_cm7.o(.text) referenced from startup_mimxrt1176_cm7.o(.text)
 <LI><a href="#[e6]">SystemInit</a> from system_mimxrt1176_cm7.o(.text.SystemInit) referenced from startup_mimxrt1176_cm7.o(.text)
 <LI><a href="#[5d]">TMPSNS_INT_IRQHandler</a> from startup_mimxrt1176_cm7.o(.text) referenced from startup_mimxrt1176_cm7.o(.isr_vector)
 <LI><a href="#[5e]">TMPSNS_LOW_HIGH_IRQHandler</a> from startup_mimxrt1176_cm7.o(.text) referenced from startup_mimxrt1176_cm7.o(.isr_vector)
 <LI><a href="#[5f]">TMPSNS_PANIC_IRQHandler</a> from startup_mimxrt1176_cm7.o(.text) referenced from startup_mimxrt1176_cm7.o(.isr_vector)
 <LI><a href="#[b5]">TMR1_IRQHandler</a> from startup_mimxrt1176_cm7.o(.text) referenced from startup_mimxrt1176_cm7.o(.isr_vector)
 <LI><a href="#[b6]">TMR2_IRQHandler</a> from startup_mimxrt1176_cm7.o(.text) referenced from startup_mimxrt1176_cm7.o(.isr_vector)
 <LI><a href="#[b7]">TMR3_IRQHandler</a> from startup_mimxrt1176_cm7.o(.text) referenced from startup_mimxrt1176_cm7.o(.isr_vector)
 <LI><a href="#[b8]">TMR4_IRQHandler</a> from startup_mimxrt1176_cm7.o(.text) referenced from startup_mimxrt1176_cm7.o(.isr_vector)
 <LI><a href="#[64]">USBPHY1_IRQHandler</a> from startup_mimxrt1176_cm7.o(.text) referenced from startup_mimxrt1176_cm7.o(.isr_vector)
 <LI><a href="#[65]">USBPHY2_IRQHandler</a> from startup_mimxrt1176_cm7.o(.text) referenced from startup_mimxrt1176_cm7.o(.isr_vector)
 <LI><a href="#[92]">USB_OTG1_IRQHandler</a> from startup_mimxrt1176_cm7.o(.text) referenced from startup_mimxrt1176_cm7.o(.isr_vector)
 <LI><a href="#[91]">USB_OTG2_IRQHandler</a> from startup_mimxrt1176_cm7.o(.text) referenced from startup_mimxrt1176_cm7.o(.isr_vector)
 <LI><a href="#[126]">USDHC1_DriverIRQHandler</a> from startup_mimxrt1176_cm7.o(.text) referenced from startup_mimxrt1176_cm7.o(.text)
 <LI><a href="#[8f]">USDHC1_IRQHandler</a> from startup_mimxrt1176_cm7.o(.text) referenced from startup_mimxrt1176_cm7.o(.isr_vector)
 <LI><a href="#[127]">USDHC2_DriverIRQHandler</a> from startup_mimxrt1176_cm7.o(.text) referenced from startup_mimxrt1176_cm7.o(.text)
 <LI><a href="#[90]">USDHC2_IRQHandler</a> from startup_mimxrt1176_cm7.o(.text) referenced from startup_mimxrt1176_cm7.o(.isr_vector)
 <LI><a href="#[5]">UsageFault_Handler</a> from startup_mimxrt1176_cm7.o(.text) referenced from startup_mimxrt1176_cm7.o(.isr_vector)
 <LI><a href="#[7a]">WDOG1_IRQHandler</a> from startup_mimxrt1176_cm7.o(.text) referenced from startup_mimxrt1176_cm7.o(.isr_vector)
 <LI><a href="#[4b]">WDOG2_IRQHandler</a> from startup_mimxrt1176_cm7.o(.text) referenced from startup_mimxrt1176_cm7.o(.isr_vector)
 <LI><a href="#[99]">XBAR1_IRQ_0_1_IRQHandler</a> from startup_mimxrt1176_cm7.o(.text) referenced from startup_mimxrt1176_cm7.o(.isr_vector)
 <LI><a href="#[9a]">XBAR1_IRQ_2_3_IRQHandler</a> from startup_mimxrt1176_cm7.o(.text) referenced from startup_mimxrt1176_cm7.o(.isr_vector)
 <LI><a href="#[133]">XECC_FLEXSPI1_FATAL_INT_DriverIRQHandler</a> from startup_mimxrt1176_cm7.o(.text) referenced from startup_mimxrt1176_cm7.o(.text)
 <LI><a href="#[dd]">XECC_FLEXSPI1_FATAL_INT_IRQHandler</a> from startup_mimxrt1176_cm7.o(.text) referenced from startup_mimxrt1176_cm7.o(.isr_vector)
 <LI><a href="#[132]">XECC_FLEXSPI1_INT_DriverIRQHandler</a> from startup_mimxrt1176_cm7.o(.text) referenced from startup_mimxrt1176_cm7.o(.text)
 <LI><a href="#[dc]">XECC_FLEXSPI1_INT_IRQHandler</a> from startup_mimxrt1176_cm7.o(.text) referenced from startup_mimxrt1176_cm7.o(.isr_vector)
 <LI><a href="#[135]">XECC_FLEXSPI2_FATAL_INT_DriverIRQHandler</a> from startup_mimxrt1176_cm7.o(.text) referenced from startup_mimxrt1176_cm7.o(.text)
 <LI><a href="#[df]">XECC_FLEXSPI2_FATAL_INT_IRQHandler</a> from startup_mimxrt1176_cm7.o(.text) referenced from startup_mimxrt1176_cm7.o(.isr_vector)
 <LI><a href="#[134]">XECC_FLEXSPI2_INT_DriverIRQHandler</a> from startup_mimxrt1176_cm7.o(.text) referenced from startup_mimxrt1176_cm7.o(.text)
 <LI><a href="#[de]">XECC_FLEXSPI2_INT_IRQHandler</a> from startup_mimxrt1176_cm7.o(.text) referenced from startup_mimxrt1176_cm7.o(.isr_vector)
 <LI><a href="#[e1]">XECC_SEMC_FATAL_INT_IRQHandler</a> from startup_mimxrt1176_cm7.o(.text) referenced from startup_mimxrt1176_cm7.o(.isr_vector)
 <LI><a href="#[e0]">XECC_SEMC_INT_IRQHandler</a> from startup_mimxrt1176_cm7.o(.text) referenced from startup_mimxrt1176_cm7.o(.isr_vector)
 <LI><a href="#[e7]">__main</a> from entry.o(.ARM.Collect$$$$00000000) referenced from startup_mimxrt1176_cm7.o(.text)
 <LI><a href="#[40]">eLCDIF_IRQHandler</a> from startup_mimxrt1176_cm7.o(.text) referenced from startup_mimxrt1176_cm7.o(.isr_vector)
 <LI><a href="#[141]">flexcan_callback</a> from flexcan_interrupt_transfer.o(.text.flexcan_callback) referenced from flexcan_interrupt_transfer.o(.text.main)
 <LI><a href="#[e5]">main</a> from flexcan_interrupt_transfer.o(.text.main) referenced from entry9a.o(.ARM.Collect$$$$0000000B)
</UL>
<P>
<H3>
Global Symbols
</H3>
<P><STRONG><a name="[e7]"></a>__main</STRONG> (Thumb, 0 bytes, Stack size 0 bytes, entry.o(.ARM.Collect$$$$00000000))
<BR>[Address Reference Count : 1]<UL><LI> startup_mimxrt1176_cm7.o(.text)
</UL>
<P><STRONG><a name="[142]"></a>_main_scatterload</STRONG> (Thumb, 0 bytes, Stack size 0 bytes, entry5.o(.ARM.Collect$$$$00000004))
<BR><BR>[Calls]<UL><LI><a href="#[143]">&gt;&gt;</a>&nbsp;&nbsp;&nbsp;__scatterload
</UL>

<P><STRONG><a name="[14a]"></a>__main_after_scatterload</STRONG> (Thumb, 0 bytes, Stack size 0 bytes, entry5.o(.ARM.Collect$$$$00000004))
<BR><BR>[Called By]<UL><LI><a href="#[143]">&gt;&gt;</a>&nbsp;&nbsp;&nbsp;__scatterload
</UL>

<P><STRONG><a name="[0]"></a>Reset_Handler</STRONG> (Thumb, 40 bytes, Stack size 0 bytes, startup_mimxrt1176_cm7.o(.text))
<BR>[Address Reference Count : 1]<UL><LI> startup_mimxrt1176_cm7.o(.isr_vector)
</UL>
<P><STRONG><a name="[a7]"></a>ACMP1_IRQHandler</STRONG> (Thumb, 4 bytes, Stack size 0 bytes, startup_mimxrt1176_cm7.o(.text))
<BR><BR>[Calls]<UL><LI><a href="#[e4]">&gt;&gt;</a>&nbsp;&nbsp;&nbsp;DefaultISR
</UL>
<BR>[Address Reference Count : 1]<UL><LI> startup_mimxrt1176_cm7.o(.isr_vector)
</UL>
<P><STRONG><a name="[a8]"></a>ACMP2_IRQHandler</STRONG> (Thumb, 4 bytes, Stack size 0 bytes, startup_mimxrt1176_cm7.o(.text))
<BR>[Address Reference Count : 1]<UL><LI> startup_mimxrt1176_cm7.o(.isr_vector)
</UL>
<P><STRONG><a name="[a9]"></a>ACMP3_IRQHandler</STRONG> (Thumb, 4 bytes, Stack size 0 bytes, startup_mimxrt1176_cm7.o(.text))
<BR>[Address Reference Count : 1]<UL><LI> startup_mimxrt1176_cm7.o(.isr_vector)
</UL>
<P><STRONG><a name="[aa]"></a>ACMP4_IRQHandler</STRONG> (Thumb, 4 bytes, Stack size 0 bytes, startup_mimxrt1176_cm7.o(.text))
<BR>[Address Reference Count : 1]<UL><LI> startup_mimxrt1176_cm7.o(.isr_vector)
</UL>
<P><STRONG><a name="[62]"></a>ADC1_IRQHandler</STRONG> (Thumb, 4 bytes, Stack size 0 bytes, startup_mimxrt1176_cm7.o(.text))
<BR>[Address Reference Count : 1]<UL><LI> startup_mimxrt1176_cm7.o(.isr_vector)
</UL>
<P><STRONG><a name="[63]"></a>ADC2_IRQHandler</STRONG> (Thumb, 4 bytes, Stack size 0 bytes, startup_mimxrt1176_cm7.o(.text))
<BR>[Address Reference Count : 1]<UL><LI> startup_mimxrt1176_cm7.o(.isr_vector)
</UL>
<P><STRONG><a name="[9f]"></a>ADC_ETC_ERROR_IRQ_IRQHandler</STRONG> (Thumb, 4 bytes, Stack size 0 bytes, startup_mimxrt1176_cm7.o(.text))
<BR>[Address Reference Count : 1]<UL><LI> startup_mimxrt1176_cm7.o(.isr_vector)
</UL>
<P><STRONG><a name="[9b]"></a>ADC_ETC_IRQ0_IRQHandler</STRONG> (Thumb, 4 bytes, Stack size 0 bytes, startup_mimxrt1176_cm7.o(.text))
<BR>[Address Reference Count : 1]<UL><LI> startup_mimxrt1176_cm7.o(.isr_vector)
</UL>
<P><STRONG><a name="[9c]"></a>ADC_ETC_IRQ1_IRQHandler</STRONG> (Thumb, 4 bytes, Stack size 0 bytes, startup_mimxrt1176_cm7.o(.text))
<BR>[Address Reference Count : 1]<UL><LI> startup_mimxrt1176_cm7.o(.isr_vector)
</UL>
<P><STRONG><a name="[9d]"></a>ADC_ETC_IRQ2_IRQHandler</STRONG> (Thumb, 4 bytes, Stack size 0 bytes, startup_mimxrt1176_cm7.o(.text))
<BR>[Address Reference Count : 1]<UL><LI> startup_mimxrt1176_cm7.o(.isr_vector)
</UL>
<P><STRONG><a name="[9e]"></a>ADC_ETC_IRQ3_IRQHandler</STRONG> (Thumb, 4 bytes, Stack size 0 bytes, startup_mimxrt1176_cm7.o(.text))
<BR>[Address Reference Count : 1]<UL><LI> startup_mimxrt1176_cm7.o(.isr_vector)
</UL>
<P><STRONG><a name="[121]"></a>ASRC_DriverIRQHandler</STRONG> (Thumb, 4 bytes, Stack size 0 bytes, startup_mimxrt1176_cm7.o(.text))
<BR>[Address Reference Count : 1]<UL><LI> startup_mimxrt1176_cm7.o(.text)
</UL>
<P><STRONG><a name="[4]"></a>BusFault_Handler</STRONG> (Thumb, 4 bytes, Stack size 0 bytes, startup_mimxrt1176_cm7.o(.text))
<BR>[Address Reference Count : 1]<UL><LI> startup_mimxrt1176_cm7.o(.isr_vector)
</UL>
<P><STRONG><a name="[4f]"></a>CAAM_IRQ0_IRQHandler</STRONG> (Thumb, 4 bytes, Stack size 0 bytes, startup_mimxrt1176_cm7.o(.text))
<BR>[Address Reference Count : 1]<UL><LI> startup_mimxrt1176_cm7.o(.isr_vector)
</UL>
<P><STRONG><a name="[50]"></a>CAAM_IRQ1_IRQHandler</STRONG> (Thumb, 4 bytes, Stack size 0 bytes, startup_mimxrt1176_cm7.o(.text))
<BR>[Address Reference Count : 1]<UL><LI> startup_mimxrt1176_cm7.o(.isr_vector)
</UL>
<P><STRONG><a name="[51]"></a>CAAM_IRQ2_IRQHandler</STRONG> (Thumb, 4 bytes, Stack size 0 bytes, startup_mimxrt1176_cm7.o(.text))
<BR>[Address Reference Count : 1]<UL><LI> startup_mimxrt1176_cm7.o(.isr_vector)
</UL>
<P><STRONG><a name="[52]"></a>CAAM_IRQ3_IRQHandler</STRONG> (Thumb, 4 bytes, Stack size 0 bytes, startup_mimxrt1176_cm7.o(.text))
<BR>[Address Reference Count : 1]<UL><LI> startup_mimxrt1176_cm7.o(.isr_vector)
</UL>
<P><STRONG><a name="[53]"></a>CAAM_RECORVE_ERRPR_IRQHandler</STRONG> (Thumb, 4 bytes, Stack size 0 bytes, startup_mimxrt1176_cm7.o(.text))
<BR>[Address Reference Count : 1]<UL><LI> startup_mimxrt1176_cm7.o(.isr_vector)
</UL>
<P><STRONG><a name="[54]"></a>CAAM_RTIC_IRQHandler</STRONG> (Thumb, 4 bytes, Stack size 0 bytes, startup_mimxrt1176_cm7.o(.text))
<BR>[Address Reference Count : 1]<UL><LI> startup_mimxrt1176_cm7.o(.isr_vector)
</UL>
<P><STRONG><a name="[112]"></a>CAN1_ERROR_DriverIRQHandler</STRONG> (Thumb, 4 bytes, Stack size 0 bytes, startup_mimxrt1176_cm7.o(.text))
<BR>[Address Reference Count : 1]<UL><LI> startup_mimxrt1176_cm7.o(.text)
</UL>
<P><STRONG><a name="[114]"></a>CAN2_ERROR_DriverIRQHandler</STRONG> (Thumb, 4 bytes, Stack size 0 bytes, startup_mimxrt1176_cm7.o(.text))
<BR>[Address Reference Count : 1]<UL><LI> startup_mimxrt1176_cm7.o(.text)
</UL>
<P><STRONG><a name="[116]"></a>CAN3_ERROR_DriverIRQHandler</STRONG> (Thumb, 4 bytes, Stack size 0 bytes, startup_mimxrt1176_cm7.o(.text))
<BR>[Address Reference Count : 1]<UL><LI> startup_mimxrt1176_cm7.o(.text)
</UL>
<P><STRONG><a name="[119]"></a>CDOG_DriverIRQHandler</STRONG> (Thumb, 4 bytes, Stack size 0 bytes, startup_mimxrt1176_cm7.o(.text))
<BR>[Address Reference Count : 1]<UL><LI> startup_mimxrt1176_cm7.o(.text)
</UL>
<P><STRONG><a name="[6d]"></a>CM7_GPIO2_3_IRQHandler</STRONG> (Thumb, 4 bytes, Stack size 0 bytes, startup_mimxrt1176_cm7.o(.text))
<BR>[Address Reference Count : 1]<UL><LI> startup_mimxrt1176_cm7.o(.isr_vector)
</UL>
<P><STRONG><a name="[1d]"></a>CORE_IRQHandler</STRONG> (Thumb, 4 bytes, Stack size 0 bytes, startup_mimxrt1176_cm7.o(.text))
<BR>[Address Reference Count : 1]<UL><LI> startup_mimxrt1176_cm7.o(.isr_vector)
</UL>
<P><STRONG><a name="[42]"></a>CSI_IRQHandler</STRONG> (Thumb, 4 bytes, Stack size 0 bytes, startup_mimxrt1176_cm7.o(.text))
<BR>[Address Reference Count : 1]<UL><LI> startup_mimxrt1176_cm7.o(.isr_vector)
</UL>
<P><STRONG><a name="[1b]"></a>CTI_TRIGGER_OUT0_IRQHandler</STRONG> (Thumb, 4 bytes, Stack size 0 bytes, startup_mimxrt1176_cm7.o(.text))
<BR>[Address Reference Count : 1]<UL><LI> startup_mimxrt1176_cm7.o(.isr_vector)
</UL>
<P><STRONG><a name="[1c]"></a>CTI_TRIGGER_OUT1_IRQHandler</STRONG> (Thumb, 4 bytes, Stack size 0 bytes, startup_mimxrt1176_cm7.o(.text))
<BR>[Address Reference Count : 1]<UL><LI> startup_mimxrt1176_cm7.o(.isr_vector)
</UL>
<P><STRONG><a name="[49]"></a>DAC_IRQHandler</STRONG> (Thumb, 4 bytes, Stack size 0 bytes, startup_mimxrt1176_cm7.o(.text))
<BR>[Address Reference Count : 1]<UL><LI> startup_mimxrt1176_cm7.o(.isr_vector)
</UL>
<P><STRONG><a name="[69]"></a>DCIC1_IRQHandler</STRONG> (Thumb, 4 bytes, Stack size 0 bytes, startup_mimxrt1176_cm7.o(.text))
<BR>[Address Reference Count : 1]<UL><LI> startup_mimxrt1176_cm7.o(.isr_vector)
</UL>
<P><STRONG><a name="[6a]"></a>DCIC2_IRQHandler</STRONG> (Thumb, 4 bytes, Stack size 0 bytes, startup_mimxrt1176_cm7.o(.text))
<BR>[Address Reference Count : 1]<UL><LI> startup_mimxrt1176_cm7.o(.isr_vector)
</UL>
<P><STRONG><a name="[e8]"></a>DMA0_DMA16_DriverIRQHandler</STRONG> (Thumb, 4 bytes, Stack size 0 bytes, startup_mimxrt1176_cm7.o(.text))
<BR>[Address Reference Count : 1]<UL><LI> startup_mimxrt1176_cm7.o(.text)
</UL>
<P><STRONG><a name="[f2]"></a>DMA10_DMA26_DriverIRQHandler</STRONG> (Thumb, 4 bytes, Stack size 0 bytes, startup_mimxrt1176_cm7.o(.text))
<BR>[Address Reference Count : 1]<UL><LI> startup_mimxrt1176_cm7.o(.text)
</UL>
<P><STRONG><a name="[f3]"></a>DMA11_DMA27_DriverIRQHandler</STRONG> (Thumb, 4 bytes, Stack size 0 bytes, startup_mimxrt1176_cm7.o(.text))
<BR>[Address Reference Count : 1]<UL><LI> startup_mimxrt1176_cm7.o(.text)
</UL>
<P><STRONG><a name="[f4]"></a>DMA12_DMA28_DriverIRQHandler</STRONG> (Thumb, 4 bytes, Stack size 0 bytes, startup_mimxrt1176_cm7.o(.text))
<BR>[Address Reference Count : 1]<UL><LI> startup_mimxrt1176_cm7.o(.text)
</UL>
<P><STRONG><a name="[f5]"></a>DMA13_DMA29_DriverIRQHandler</STRONG> (Thumb, 4 bytes, Stack size 0 bytes, startup_mimxrt1176_cm7.o(.text))
<BR>[Address Reference Count : 1]<UL><LI> startup_mimxrt1176_cm7.o(.text)
</UL>
<P><STRONG><a name="[f6]"></a>DMA14_DMA30_DriverIRQHandler</STRONG> (Thumb, 4 bytes, Stack size 0 bytes, startup_mimxrt1176_cm7.o(.text))
<BR>[Address Reference Count : 1]<UL><LI> startup_mimxrt1176_cm7.o(.text)
</UL>
<P><STRONG><a name="[f7]"></a>DMA15_DMA31_DriverIRQHandler</STRONG> (Thumb, 4 bytes, Stack size 0 bytes, startup_mimxrt1176_cm7.o(.text))
<BR>[Address Reference Count : 1]<UL><LI> startup_mimxrt1176_cm7.o(.text)
</UL>
<P><STRONG><a name="[e9]"></a>DMA1_DMA17_DriverIRQHandler</STRONG> (Thumb, 4 bytes, Stack size 0 bytes, startup_mimxrt1176_cm7.o(.text))
<BR>[Address Reference Count : 1]<UL><LI> startup_mimxrt1176_cm7.o(.text)
</UL>
<P><STRONG><a name="[ea]"></a>DMA2_DMA18_DriverIRQHandler</STRONG> (Thumb, 4 bytes, Stack size 0 bytes, startup_mimxrt1176_cm7.o(.text))
<BR>[Address Reference Count : 1]<UL><LI> startup_mimxrt1176_cm7.o(.text)
</UL>
<P><STRONG><a name="[eb]"></a>DMA3_DMA19_DriverIRQHandler</STRONG> (Thumb, 4 bytes, Stack size 0 bytes, startup_mimxrt1176_cm7.o(.text))
<BR>[Address Reference Count : 1]<UL><LI> startup_mimxrt1176_cm7.o(.text)
</UL>
<P><STRONG><a name="[ec]"></a>DMA4_DMA20_DriverIRQHandler</STRONG> (Thumb, 4 bytes, Stack size 0 bytes, startup_mimxrt1176_cm7.o(.text))
<BR>[Address Reference Count : 1]<UL><LI> startup_mimxrt1176_cm7.o(.text)
</UL>
<P><STRONG><a name="[ed]"></a>DMA5_DMA21_DriverIRQHandler</STRONG> (Thumb, 4 bytes, Stack size 0 bytes, startup_mimxrt1176_cm7.o(.text))
<BR>[Address Reference Count : 1]<UL><LI> startup_mimxrt1176_cm7.o(.text)
</UL>
<P><STRONG><a name="[ee]"></a>DMA6_DMA22_DriverIRQHandler</STRONG> (Thumb, 4 bytes, Stack size 0 bytes, startup_mimxrt1176_cm7.o(.text))
<BR>[Address Reference Count : 1]<UL><LI> startup_mimxrt1176_cm7.o(.text)
</UL>
<P><STRONG><a name="[ef]"></a>DMA7_DMA23_DriverIRQHandler</STRONG> (Thumb, 4 bytes, Stack size 0 bytes, startup_mimxrt1176_cm7.o(.text))
<BR>[Address Reference Count : 1]<UL><LI> startup_mimxrt1176_cm7.o(.text)
</UL>
<P><STRONG><a name="[f0]"></a>DMA8_DMA24_DriverIRQHandler</STRONG> (Thumb, 4 bytes, Stack size 0 bytes, startup_mimxrt1176_cm7.o(.text))
<BR>[Address Reference Count : 1]<UL><LI> startup_mimxrt1176_cm7.o(.text)
</UL>
<P><STRONG><a name="[f1]"></a>DMA9_DMA25_DriverIRQHandler</STRONG> (Thumb, 4 bytes, Stack size 0 bytes, startup_mimxrt1176_cm7.o(.text))
<BR>[Address Reference Count : 1]<UL><LI> startup_mimxrt1176_cm7.o(.text)
</UL>
<P><STRONG><a name="[f8]"></a>DMA_ERROR_DriverIRQHandler</STRONG> (Thumb, 4 bytes, Stack size 0 bytes, startup_mimxrt1176_cm7.o(.text))
<BR>[Address Reference Count : 1]<UL><LI> startup_mimxrt1176_cm7.o(.text)
</UL>
<P><STRONG><a name="[7]"></a>DebugMon_Handler</STRONG> (Thumb, 4 bytes, Stack size 0 bytes, startup_mimxrt1176_cm7.o(.text))
<BR>[Address Reference Count : 1]<UL><LI> startup_mimxrt1176_cm7.o(.isr_vector)
</UL>
<P><STRONG><a name="[e4]"></a>DefaultISR</STRONG> (Thumb, 4 bytes, Stack size 0 bytes, startup_mimxrt1176_cm7.o(.text))
<BR><BR>[Called By]<UL><LI><a href="#[a7]">&gt;&gt;</a>&nbsp;&nbsp;&nbsp;ACMP1_IRQHandler
</UL>
<BR>[Address Reference Count : 3]<UL><LI> startup_mimxrt1176_cm7.o(.isr_vector)
<LI> fsl_lpuart.o(.data.s_lpuartIsr)
<LI> fsl_flexcan.o(.data.s_flexcanIsr)
</UL>
<P><STRONG><a name="[d6]"></a>EMVSIM1_IRQHandler</STRONG> (Thumb, 4 bytes, Stack size 0 bytes, startup_mimxrt1176_cm7.o(.text))
<BR>[Address Reference Count : 1]<UL><LI> startup_mimxrt1176_cm7.o(.isr_vector)
</UL>
<P><STRONG><a name="[d7]"></a>EMVSIM2_IRQHandler</STRONG> (Thumb, 4 bytes, Stack size 0 bytes, startup_mimxrt1176_cm7.o(.text))
<BR>[Address Reference Count : 1]<UL><LI> startup_mimxrt1176_cm7.o(.isr_vector)
</UL>
<P><STRONG><a name="[af]"></a>ENC1_IRQHandler</STRONG> (Thumb, 4 bytes, Stack size 0 bytes, startup_mimxrt1176_cm7.o(.text))
<BR>[Address Reference Count : 1]<UL><LI> startup_mimxrt1176_cm7.o(.isr_vector)
</UL>
<P><STRONG><a name="[b0]"></a>ENC2_IRQHandler</STRONG> (Thumb, 4 bytes, Stack size 0 bytes, startup_mimxrt1176_cm7.o(.text))
<BR>[Address Reference Count : 1]<UL><LI> startup_mimxrt1176_cm7.o(.isr_vector)
</UL>
<P><STRONG><a name="[b1]"></a>ENC3_IRQHandler</STRONG> (Thumb, 4 bytes, Stack size 0 bytes, startup_mimxrt1176_cm7.o(.text))
<BR>[Address Reference Count : 1]<UL><LI> startup_mimxrt1176_cm7.o(.isr_vector)
</UL>
<P><STRONG><a name="[b2]"></a>ENC4_IRQHandler</STRONG> (Thumb, 4 bytes, Stack size 0 bytes, startup_mimxrt1176_cm7.o(.text))
<BR>[Address Reference Count : 1]<UL><LI> startup_mimxrt1176_cm7.o(.isr_vector)
</UL>
<P><STRONG><a name="[129]"></a>ENET_1588_Timer_DriverIRQHandler</STRONG> (Thumb, 4 bytes, Stack size 0 bytes, startup_mimxrt1176_cm7.o(.text))
<BR>[Address Reference Count : 1]<UL><LI> startup_mimxrt1176_cm7.o(.text)
</UL>
<P><STRONG><a name="[12d]"></a>ENET_1G_1588_Timer_DriverIRQHandler</STRONG> (Thumb, 4 bytes, Stack size 0 bytes, startup_mimxrt1176_cm7.o(.text))
<BR>[Address Reference Count : 1]<UL><LI> startup_mimxrt1176_cm7.o(.text)
</UL>
<P><STRONG><a name="[12c]"></a>ENET_1G_DriverIRQHandler</STRONG> (Thumb, 4 bytes, Stack size 0 bytes, startup_mimxrt1176_cm7.o(.text))
<BR>[Address Reference Count : 1]<UL><LI> startup_mimxrt1176_cm7.o(.text)
</UL>
<P><STRONG><a name="[12a]"></a>ENET_1G_MAC0_Tx_Rx_1_DriverIRQHandler</STRONG> (Thumb, 4 bytes, Stack size 0 bytes, startup_mimxrt1176_cm7.o(.text))
<BR>[Address Reference Count : 1]<UL><LI> startup_mimxrt1176_cm7.o(.text)
</UL>
<P><STRONG><a name="[12b]"></a>ENET_1G_MAC0_Tx_Rx_2_DriverIRQHandler</STRONG> (Thumb, 4 bytes, Stack size 0 bytes, startup_mimxrt1176_cm7.o(.text))
<BR>[Address Reference Count : 1]<UL><LI> startup_mimxrt1176_cm7.o(.text)
</UL>
<P><STRONG><a name="[128]"></a>ENET_DriverIRQHandler</STRONG> (Thumb, 4 bytes, Stack size 0 bytes, startup_mimxrt1176_cm7.o(.text))
<BR>[Address Reference Count : 1]<UL><LI> startup_mimxrt1176_cm7.o(.text)
</UL>
<P><STRONG><a name="[136]"></a>ENET_QOS_DriverIRQHandler</STRONG> (Thumb, 4 bytes, Stack size 0 bytes, startup_mimxrt1176_cm7.o(.text))
<BR>[Address Reference Count : 1]<UL><LI> startup_mimxrt1176_cm7.o(.text)
</UL>
<P><STRONG><a name="[137]"></a>ENET_QOS_PMT_DriverIRQHandler</STRONG> (Thumb, 4 bytes, Stack size 0 bytes, startup_mimxrt1176_cm7.o(.text))
<BR>[Address Reference Count : 1]<UL><LI> startup_mimxrt1176_cm7.o(.text)
</UL>
<P><STRONG><a name="[7c]"></a>EWM_IRQHandler</STRONG> (Thumb, 4 bytes, Stack size 0 bytes, startup_mimxrt1176_cm7.o(.text))
<BR>[Address Reference Count : 1]<UL><LI> startup_mimxrt1176_cm7.o(.isr_vector)
</UL>
<P><STRONG><a name="[122]"></a>FLEXIO1_DriverIRQHandler</STRONG> (Thumb, 4 bytes, Stack size 0 bytes, startup_mimxrt1176_cm7.o(.text))
<BR>[Address Reference Count : 1]<UL><LI> startup_mimxrt1176_cm7.o(.text)
</UL>
<P><STRONG><a name="[123]"></a>FLEXIO2_DriverIRQHandler</STRONG> (Thumb, 4 bytes, Stack size 0 bytes, startup_mimxrt1176_cm7.o(.text))
<BR>[Address Reference Count : 1]<UL><LI> startup_mimxrt1176_cm7.o(.text)
</UL>
<P><STRONG><a name="[6c]"></a>FLEXRAM_ECC_IRQHandler</STRONG> (Thumb, 4 bytes, Stack size 0 bytes, startup_mimxrt1176_cm7.o(.text))
<BR>[Address Reference Count : 1]<UL><LI> startup_mimxrt1176_cm7.o(.isr_vector)
</UL>
<P><STRONG><a name="[3c]"></a>FLEXRAM_IRQHandler</STRONG> (Thumb, 4 bytes, Stack size 0 bytes, startup_mimxrt1176_cm7.o(.text))
<BR>[Address Reference Count : 1]<UL><LI> startup_mimxrt1176_cm7.o(.isr_vector)
</UL>
<P><STRONG><a name="[124]"></a>FLEXSPI1_DriverIRQHandler</STRONG> (Thumb, 4 bytes, Stack size 0 bytes, startup_mimxrt1176_cm7.o(.text))
<BR>[Address Reference Count : 1]<UL><LI> startup_mimxrt1176_cm7.o(.text)
</UL>
<P><STRONG><a name="[125]"></a>FLEXSPI2_DriverIRQHandler</STRONG> (Thumb, 4 bytes, Stack size 0 bytes, startup_mimxrt1176_cm7.o(.text))
<BR>[Address Reference Count : 1]<UL><LI> startup_mimxrt1176_cm7.o(.text)
</UL>
<P><STRONG><a name="[7f]"></a>GPC_IRQHandler</STRONG> (Thumb, 4 bytes, Stack size 0 bytes, startup_mimxrt1176_cm7.o(.text))
<BR>[Address Reference Count : 1]<UL><LI> startup_mimxrt1176_cm7.o(.isr_vector)
</UL>
<P><STRONG><a name="[67]"></a>GPIO13_Combined_0_31_IRQHandler</STRONG> (Thumb, 4 bytes, Stack size 0 bytes, startup_mimxrt1176_cm7.o(.text))
<BR>[Address Reference Count : 1]<UL><LI> startup_mimxrt1176_cm7.o(.isr_vector)
</UL>
<P><STRONG><a name="[6e]"></a>GPIO1_Combined_0_15_IRQHandler</STRONG> (Thumb, 4 bytes, Stack size 0 bytes, startup_mimxrt1176_cm7.o(.text))
<BR>[Address Reference Count : 1]<UL><LI> startup_mimxrt1176_cm7.o(.isr_vector)
</UL>
<P><STRONG><a name="[6f]"></a>GPIO1_Combined_16_31_IRQHandler</STRONG> (Thumb, 4 bytes, Stack size 0 bytes, startup_mimxrt1176_cm7.o(.text))
<BR>[Address Reference Count : 1]<UL><LI> startup_mimxrt1176_cm7.o(.isr_vector)
</UL>
<P><STRONG><a name="[70]"></a>GPIO2_Combined_0_15_IRQHandler</STRONG> (Thumb, 4 bytes, Stack size 0 bytes, startup_mimxrt1176_cm7.o(.text))
<BR>[Address Reference Count : 1]<UL><LI> startup_mimxrt1176_cm7.o(.isr_vector)
</UL>
<P><STRONG><a name="[71]"></a>GPIO2_Combined_16_31_IRQHandler</STRONG> (Thumb, 4 bytes, Stack size 0 bytes, startup_mimxrt1176_cm7.o(.text))
<BR>[Address Reference Count : 1]<UL><LI> startup_mimxrt1176_cm7.o(.isr_vector)
</UL>
<P><STRONG><a name="[72]"></a>GPIO3_Combined_0_15_IRQHandler</STRONG> (Thumb, 4 bytes, Stack size 0 bytes, startup_mimxrt1176_cm7.o(.text))
<BR>[Address Reference Count : 1]<UL><LI> startup_mimxrt1176_cm7.o(.isr_vector)
</UL>
<P><STRONG><a name="[73]"></a>GPIO3_Combined_16_31_IRQHandler</STRONG> (Thumb, 4 bytes, Stack size 0 bytes, startup_mimxrt1176_cm7.o(.text))
<BR>[Address Reference Count : 1]<UL><LI> startup_mimxrt1176_cm7.o(.isr_vector)
</UL>
<P><STRONG><a name="[74]"></a>GPIO4_Combined_0_15_IRQHandler</STRONG> (Thumb, 4 bytes, Stack size 0 bytes, startup_mimxrt1176_cm7.o(.text))
<BR>[Address Reference Count : 1]<UL><LI> startup_mimxrt1176_cm7.o(.isr_vector)
</UL>
<P><STRONG><a name="[75]"></a>GPIO4_Combined_16_31_IRQHandler</STRONG> (Thumb, 4 bytes, Stack size 0 bytes, startup_mimxrt1176_cm7.o(.text))
<BR>[Address Reference Count : 1]<UL><LI> startup_mimxrt1176_cm7.o(.isr_vector)
</UL>
<P><STRONG><a name="[76]"></a>GPIO5_Combined_0_15_IRQHandler</STRONG> (Thumb, 4 bytes, Stack size 0 bytes, startup_mimxrt1176_cm7.o(.text))
<BR>[Address Reference Count : 1]<UL><LI> startup_mimxrt1176_cm7.o(.isr_vector)
</UL>
<P><STRONG><a name="[77]"></a>GPIO5_Combined_16_31_IRQHandler</STRONG> (Thumb, 4 bytes, Stack size 0 bytes, startup_mimxrt1176_cm7.o(.text))
<BR>[Address Reference Count : 1]<UL><LI> startup_mimxrt1176_cm7.o(.isr_vector)
</UL>
<P><STRONG><a name="[47]"></a>GPIO6_Combined_0_15_IRQHandler</STRONG> (Thumb, 4 bytes, Stack size 0 bytes, startup_mimxrt1176_cm7.o(.text))
<BR>[Address Reference Count : 1]<UL><LI> startup_mimxrt1176_cm7.o(.isr_vector)
</UL>
<P><STRONG><a name="[48]"></a>GPIO6_Combined_16_31_IRQHandler</STRONG> (Thumb, 4 bytes, Stack size 0 bytes, startup_mimxrt1176_cm7.o(.text))
<BR>[Address Reference Count : 1]<UL><LI> startup_mimxrt1176_cm7.o(.isr_vector)
</UL>
<P><STRONG><a name="[3f]"></a>GPR_IRQ_IRQHandler</STRONG> (Thumb, 4 bytes, Stack size 0 bytes, startup_mimxrt1176_cm7.o(.text))
<BR>[Address Reference Count : 1]<UL><LI> startup_mimxrt1176_cm7.o(.isr_vector)
</UL>
<P><STRONG><a name="[81]"></a>GPT1_IRQHandler</STRONG> (Thumb, 4 bytes, Stack size 0 bytes, startup_mimxrt1176_cm7.o(.text))
<BR>[Address Reference Count : 1]<UL><LI> startup_mimxrt1176_cm7.o(.isr_vector)
</UL>
<P><STRONG><a name="[82]"></a>GPT2_IRQHandler</STRONG> (Thumb, 4 bytes, Stack size 0 bytes, startup_mimxrt1176_cm7.o(.text))
<BR>[Address Reference Count : 1]<UL><LI> startup_mimxrt1176_cm7.o(.isr_vector)
</UL>
<P><STRONG><a name="[83]"></a>GPT3_IRQHandler</STRONG> (Thumb, 4 bytes, Stack size 0 bytes, startup_mimxrt1176_cm7.o(.text))
<BR>[Address Reference Count : 1]<UL><LI> startup_mimxrt1176_cm7.o(.isr_vector)
</UL>
<P><STRONG><a name="[84]"></a>GPT4_IRQHandler</STRONG> (Thumb, 4 bytes, Stack size 0 bytes, startup_mimxrt1176_cm7.o(.text))
<BR>[Address Reference Count : 1]<UL><LI> startup_mimxrt1176_cm7.o(.isr_vector)
</UL>
<P><STRONG><a name="[85]"></a>GPT5_IRQHandler</STRONG> (Thumb, 4 bytes, Stack size 0 bytes, startup_mimxrt1176_cm7.o(.text))
<BR>[Address Reference Count : 1]<UL><LI> startup_mimxrt1176_cm7.o(.isr_vector)
</UL>
<P><STRONG><a name="[86]"></a>GPT6_IRQHandler</STRONG> (Thumb, 4 bytes, Stack size 0 bytes, startup_mimxrt1176_cm7.o(.text))
<BR>[Address Reference Count : 1]<UL><LI> startup_mimxrt1176_cm7.o(.isr_vector)
</UL>
<P><STRONG><a name="[46]"></a>GPU2D_IRQHandler</STRONG> (Thumb, 4 bytes, Stack size 0 bytes, startup_mimxrt1176_cm7.o(.text))
<BR>[Address Reference Count : 1]<UL><LI> startup_mimxrt1176_cm7.o(.isr_vector)
</UL>
<P><STRONG><a name="[4a]"></a>KEY_MANAGER_IRQHandler</STRONG> (Thumb, 4 bytes, Stack size 0 bytes, startup_mimxrt1176_cm7.o(.text))
<BR>[Address Reference Count : 1]<UL><LI> startup_mimxrt1176_cm7.o(.isr_vector)
</UL>
<P><STRONG><a name="[3d]"></a>KPP_IRQHandler</STRONG> (Thumb, 4 bytes, Stack size 0 bytes, startup_mimxrt1176_cm7.o(.text))
<BR>[Address Reference Count : 1]<UL><LI> startup_mimxrt1176_cm7.o(.isr_vector)
</UL>
<P><STRONG><a name="[41]"></a>LCDIFv2_IRQHandler</STRONG> (Thumb, 4 bytes, Stack size 0 bytes, startup_mimxrt1176_cm7.o(.text))
<BR>[Address Reference Count : 1]<UL><LI> startup_mimxrt1176_cm7.o(.isr_vector)
</UL>
<P><STRONG><a name="[105]"></a>LPI2C1_DriverIRQHandler</STRONG> (Thumb, 4 bytes, Stack size 0 bytes, startup_mimxrt1176_cm7.o(.text))
<BR>[Address Reference Count : 1]<UL><LI> startup_mimxrt1176_cm7.o(.text)
</UL>
<P><STRONG><a name="[106]"></a>LPI2C2_DriverIRQHandler</STRONG> (Thumb, 4 bytes, Stack size 0 bytes, startup_mimxrt1176_cm7.o(.text))
<BR>[Address Reference Count : 1]<UL><LI> startup_mimxrt1176_cm7.o(.text)
</UL>
<P><STRONG><a name="[107]"></a>LPI2C3_DriverIRQHandler</STRONG> (Thumb, 4 bytes, Stack size 0 bytes, startup_mimxrt1176_cm7.o(.text))
<BR>[Address Reference Count : 1]<UL><LI> startup_mimxrt1176_cm7.o(.text)
</UL>
<P><STRONG><a name="[108]"></a>LPI2C4_DriverIRQHandler</STRONG> (Thumb, 4 bytes, Stack size 0 bytes, startup_mimxrt1176_cm7.o(.text))
<BR>[Address Reference Count : 1]<UL><LI> startup_mimxrt1176_cm7.o(.text)
</UL>
<P><STRONG><a name="[109]"></a>LPI2C5_DriverIRQHandler</STRONG> (Thumb, 4 bytes, Stack size 0 bytes, startup_mimxrt1176_cm7.o(.text))
<BR>[Address Reference Count : 1]<UL><LI> startup_mimxrt1176_cm7.o(.text)
</UL>
<P><STRONG><a name="[10a]"></a>LPI2C6_DriverIRQHandler</STRONG> (Thumb, 4 bytes, Stack size 0 bytes, startup_mimxrt1176_cm7.o(.text))
<BR>[Address Reference Count : 1]<UL><LI> startup_mimxrt1176_cm7.o(.text)
</UL>
<P><STRONG><a name="[10b]"></a>LPSPI1_DriverIRQHandler</STRONG> (Thumb, 4 bytes, Stack size 0 bytes, startup_mimxrt1176_cm7.o(.text))
<BR>[Address Reference Count : 1]<UL><LI> startup_mimxrt1176_cm7.o(.text)
</UL>
<P><STRONG><a name="[10c]"></a>LPSPI2_DriverIRQHandler</STRONG> (Thumb, 4 bytes, Stack size 0 bytes, startup_mimxrt1176_cm7.o(.text))
<BR>[Address Reference Count : 1]<UL><LI> startup_mimxrt1176_cm7.o(.text)
</UL>
<P><STRONG><a name="[10d]"></a>LPSPI3_DriverIRQHandler</STRONG> (Thumb, 4 bytes, Stack size 0 bytes, startup_mimxrt1176_cm7.o(.text))
<BR>[Address Reference Count : 1]<UL><LI> startup_mimxrt1176_cm7.o(.text)
</UL>
<P><STRONG><a name="[10e]"></a>LPSPI4_DriverIRQHandler</STRONG> (Thumb, 4 bytes, Stack size 0 bytes, startup_mimxrt1176_cm7.o(.text))
<BR>[Address Reference Count : 1]<UL><LI> startup_mimxrt1176_cm7.o(.text)
</UL>
<P><STRONG><a name="[10f]"></a>LPSPI5_DriverIRQHandler</STRONG> (Thumb, 4 bytes, Stack size 0 bytes, startup_mimxrt1176_cm7.o(.text))
<BR>[Address Reference Count : 1]<UL><LI> startup_mimxrt1176_cm7.o(.text)
</UL>
<P><STRONG><a name="[110]"></a>LPSPI6_DriverIRQHandler</STRONG> (Thumb, 4 bytes, Stack size 0 bytes, startup_mimxrt1176_cm7.o(.text))
<BR>[Address Reference Count : 1]<UL><LI> startup_mimxrt1176_cm7.o(.text)
</UL>
<P><STRONG><a name="[61]"></a>LPSR_LP0_BROWNOUT_IRQHandler</STRONG> (Thumb, 4 bytes, Stack size 0 bytes, startup_mimxrt1176_cm7.o(.text))
<BR>[Address Reference Count : 1]<UL><LI> startup_mimxrt1176_cm7.o(.isr_vector)
</UL>
<P><STRONG><a name="[60]"></a>LPSR_LP8_BROWNOUT_IRQHandler</STRONG> (Thumb, 4 bytes, Stack size 0 bytes, startup_mimxrt1176_cm7.o(.text))
<BR>[Address Reference Count : 1]<UL><LI> startup_mimxrt1176_cm7.o(.isr_vector)
</UL>
<P><STRONG><a name="[d9]"></a>MECC1_FATAL_INT_IRQHandler</STRONG> (Thumb, 4 bytes, Stack size 0 bytes, startup_mimxrt1176_cm7.o(.text))
<BR>[Address Reference Count : 1]<UL><LI> startup_mimxrt1176_cm7.o(.isr_vector)
</UL>
<P><STRONG><a name="[d8]"></a>MECC1_INT_IRQHandler</STRONG> (Thumb, 4 bytes, Stack size 0 bytes, startup_mimxrt1176_cm7.o(.text))
<BR>[Address Reference Count : 1]<UL><LI> startup_mimxrt1176_cm7.o(.isr_vector)
</UL>
<P><STRONG><a name="[db]"></a>MECC2_FATAL_INT_IRQHandler</STRONG> (Thumb, 4 bytes, Stack size 0 bytes, startup_mimxrt1176_cm7.o(.text))
<BR>[Address Reference Count : 1]<UL><LI> startup_mimxrt1176_cm7.o(.isr_vector)
</UL>
<P><STRONG><a name="[da]"></a>MECC2_INT_IRQHandler</STRONG> (Thumb, 4 bytes, Stack size 0 bytes, startup_mimxrt1176_cm7.o(.text))
<BR>[Address Reference Count : 1]<UL><LI> startup_mimxrt1176_cm7.o(.isr_vector)
</UL>
<P><STRONG><a name="[117]"></a>MIPI_CSI_DriverIRQHandler</STRONG> (Thumb, 4 bytes, Stack size 0 bytes, startup_mimxrt1176_cm7.o(.text))
<BR>[Address Reference Count : 1]<UL><LI> startup_mimxrt1176_cm7.o(.text)
</UL>
<P><STRONG><a name="[118]"></a>MIPI_DSI_DriverIRQHandler</STRONG> (Thumb, 4 bytes, Stack size 0 bytes, startup_mimxrt1176_cm7.o(.text))
<BR>[Address Reference Count : 1]<UL><LI> startup_mimxrt1176_cm7.o(.text)
</UL>
<P><STRONG><a name="[80]"></a>MUA_IRQHandler</STRONG> (Thumb, 4 bytes, Stack size 0 bytes, startup_mimxrt1176_cm7.o(.text))
<BR>[Address Reference Count : 1]<UL><LI> startup_mimxrt1176_cm7.o(.isr_vector)
</UL>
<P><STRONG><a name="[3]"></a>MemManage_Handler</STRONG> (Thumb, 4 bytes, Stack size 0 bytes, startup_mimxrt1176_cm7.o(.text))
<BR>[Address Reference Count : 1]<UL><LI> startup_mimxrt1176_cm7.o(.isr_vector)
</UL>
<P><STRONG><a name="[7e]"></a>OCOTP_READ_DONE_ERROR_IRQHandler</STRONG> (Thumb, 4 bytes, Stack size 0 bytes, startup_mimxrt1176_cm7.o(.text))
<BR>[Address Reference Count : 1]<UL><LI> startup_mimxrt1176_cm7.o(.isr_vector)
</UL>
<P><STRONG><a name="[7d]"></a>OCOTP_READ_FUSE_ERROR_IRQHandler</STRONG> (Thumb, 4 bytes, Stack size 0 bytes, startup_mimxrt1176_cm7.o(.text))
<BR>[Address Reference Count : 1]<UL><LI> startup_mimxrt1176_cm7.o(.isr_vector)
</UL>
<P><STRONG><a name="[131]"></a>PDM_ERROR_DriverIRQHandler</STRONG> (Thumb, 4 bytes, Stack size 0 bytes, startup_mimxrt1176_cm7.o(.text))
<BR>[Address Reference Count : 1]<UL><LI> startup_mimxrt1176_cm7.o(.text)
</UL>
<P><STRONG><a name="[130]"></a>PDM_EVENT_DriverIRQHandler</STRONG> (Thumb, 4 bytes, Stack size 0 bytes, startup_mimxrt1176_cm7.o(.text))
<BR>[Address Reference Count : 1]<UL><LI> startup_mimxrt1176_cm7.o(.text)
</UL>
<P><STRONG><a name="[12f]"></a>PDM_HWVAD_ERROR_DriverIRQHandler</STRONG> (Thumb, 4 bytes, Stack size 0 bytes, startup_mimxrt1176_cm7.o(.text))
<BR>[Address Reference Count : 1]<UL><LI> startup_mimxrt1176_cm7.o(.text)
</UL>
<P><STRONG><a name="[12e]"></a>PDM_HWVAD_EVENT_DriverIRQHandler</STRONG> (Thumb, 4 bytes, Stack size 0 bytes, startup_mimxrt1176_cm7.o(.text))
<BR>[Address Reference Count : 1]<UL><LI> startup_mimxrt1176_cm7.o(.text)
</UL>
<P><STRONG><a name="[a5]"></a>PIT1_IRQHandler</STRONG> (Thumb, 4 bytes, Stack size 0 bytes, startup_mimxrt1176_cm7.o(.text))
<BR>[Address Reference Count : 1]<UL><LI> startup_mimxrt1176_cm7.o(.isr_vector)
</UL>
<P><STRONG><a name="[a6]"></a>PIT2_IRQHandler</STRONG> (Thumb, 4 bytes, Stack size 0 bytes, startup_mimxrt1176_cm7.o(.text))
<BR>[Address Reference Count : 1]<UL><LI> startup_mimxrt1176_cm7.o(.isr_vector)
</UL>
<P><STRONG><a name="[87]"></a>PWM1_0_IRQHandler</STRONG> (Thumb, 4 bytes, Stack size 0 bytes, startup_mimxrt1176_cm7.o(.text))
<BR>[Address Reference Count : 1]<UL><LI> startup_mimxrt1176_cm7.o(.isr_vector)
</UL>
<P><STRONG><a name="[88]"></a>PWM1_1_IRQHandler</STRONG> (Thumb, 4 bytes, Stack size 0 bytes, startup_mimxrt1176_cm7.o(.text))
<BR>[Address Reference Count : 1]<UL><LI> startup_mimxrt1176_cm7.o(.isr_vector)
</UL>
<P><STRONG><a name="[89]"></a>PWM1_2_IRQHandler</STRONG> (Thumb, 4 bytes, Stack size 0 bytes, startup_mimxrt1176_cm7.o(.text))
<BR>[Address Reference Count : 1]<UL><LI> startup_mimxrt1176_cm7.o(.isr_vector)
</UL>
<P><STRONG><a name="[8a]"></a>PWM1_3_IRQHandler</STRONG> (Thumb, 4 bytes, Stack size 0 bytes, startup_mimxrt1176_cm7.o(.text))
<BR>[Address Reference Count : 1]<UL><LI> startup_mimxrt1176_cm7.o(.isr_vector)
</UL>
<P><STRONG><a name="[8b]"></a>PWM1_FAULT_IRQHandler</STRONG> (Thumb, 4 bytes, Stack size 0 bytes, startup_mimxrt1176_cm7.o(.text))
<BR>[Address Reference Count : 1]<UL><LI> startup_mimxrt1176_cm7.o(.isr_vector)
</UL>
<P><STRONG><a name="[bb]"></a>PWM2_0_IRQHandler</STRONG> (Thumb, 4 bytes, Stack size 0 bytes, startup_mimxrt1176_cm7.o(.text))
<BR>[Address Reference Count : 1]<UL><LI> startup_mimxrt1176_cm7.o(.isr_vector)
</UL>
<P><STRONG><a name="[bc]"></a>PWM2_1_IRQHandler</STRONG> (Thumb, 4 bytes, Stack size 0 bytes, startup_mimxrt1176_cm7.o(.text))
<BR>[Address Reference Count : 1]<UL><LI> startup_mimxrt1176_cm7.o(.isr_vector)
</UL>
<P><STRONG><a name="[bd]"></a>PWM2_2_IRQHandler</STRONG> (Thumb, 4 bytes, Stack size 0 bytes, startup_mimxrt1176_cm7.o(.text))
<BR>[Address Reference Count : 1]<UL><LI> startup_mimxrt1176_cm7.o(.isr_vector)
</UL>
<P><STRONG><a name="[be]"></a>PWM2_3_IRQHandler</STRONG> (Thumb, 4 bytes, Stack size 0 bytes, startup_mimxrt1176_cm7.o(.text))
<BR>[Address Reference Count : 1]<UL><LI> startup_mimxrt1176_cm7.o(.isr_vector)
</UL>
<P><STRONG><a name="[bf]"></a>PWM2_FAULT_IRQHandler</STRONG> (Thumb, 4 bytes, Stack size 0 bytes, startup_mimxrt1176_cm7.o(.text))
<BR>[Address Reference Count : 1]<UL><LI> startup_mimxrt1176_cm7.o(.isr_vector)
</UL>
<P><STRONG><a name="[c0]"></a>PWM3_0_IRQHandler</STRONG> (Thumb, 4 bytes, Stack size 0 bytes, startup_mimxrt1176_cm7.o(.text))
<BR>[Address Reference Count : 1]<UL><LI> startup_mimxrt1176_cm7.o(.isr_vector)
</UL>
<P><STRONG><a name="[c1]"></a>PWM3_1_IRQHandler</STRONG> (Thumb, 4 bytes, Stack size 0 bytes, startup_mimxrt1176_cm7.o(.text))
<BR>[Address Reference Count : 1]<UL><LI> startup_mimxrt1176_cm7.o(.isr_vector)
</UL>
<P><STRONG><a name="[c2]"></a>PWM3_2_IRQHandler</STRONG> (Thumb, 4 bytes, Stack size 0 bytes, startup_mimxrt1176_cm7.o(.text))
<BR>[Address Reference Count : 1]<UL><LI> startup_mimxrt1176_cm7.o(.isr_vector)
</UL>
<P><STRONG><a name="[c3]"></a>PWM3_3_IRQHandler</STRONG> (Thumb, 4 bytes, Stack size 0 bytes, startup_mimxrt1176_cm7.o(.text))
<BR>[Address Reference Count : 1]<UL><LI> startup_mimxrt1176_cm7.o(.isr_vector)
</UL>
<P><STRONG><a name="[c4]"></a>PWM3_FAULT_IRQHandler</STRONG> (Thumb, 4 bytes, Stack size 0 bytes, startup_mimxrt1176_cm7.o(.text))
<BR>[Address Reference Count : 1]<UL><LI> startup_mimxrt1176_cm7.o(.isr_vector)
</UL>
<P><STRONG><a name="[c5]"></a>PWM4_0_IRQHandler</STRONG> (Thumb, 4 bytes, Stack size 0 bytes, startup_mimxrt1176_cm7.o(.text))
<BR>[Address Reference Count : 1]<UL><LI> startup_mimxrt1176_cm7.o(.isr_vector)
</UL>
<P><STRONG><a name="[c6]"></a>PWM4_1_IRQHandler</STRONG> (Thumb, 4 bytes, Stack size 0 bytes, startup_mimxrt1176_cm7.o(.text))
<BR>[Address Reference Count : 1]<UL><LI> startup_mimxrt1176_cm7.o(.isr_vector)
</UL>
<P><STRONG><a name="[c7]"></a>PWM4_2_IRQHandler</STRONG> (Thumb, 4 bytes, Stack size 0 bytes, startup_mimxrt1176_cm7.o(.text))
<BR>[Address Reference Count : 1]<UL><LI> startup_mimxrt1176_cm7.o(.isr_vector)
</UL>
<P><STRONG><a name="[c8]"></a>PWM4_3_IRQHandler</STRONG> (Thumb, 4 bytes, Stack size 0 bytes, startup_mimxrt1176_cm7.o(.text))
<BR>[Address Reference Count : 1]<UL><LI> startup_mimxrt1176_cm7.o(.isr_vector)
</UL>
<P><STRONG><a name="[c9]"></a>PWM4_FAULT_IRQHandler</STRONG> (Thumb, 4 bytes, Stack size 0 bytes, startup_mimxrt1176_cm7.o(.text))
<BR>[Address Reference Count : 1]<UL><LI> startup_mimxrt1176_cm7.o(.isr_vector)
</UL>
<P><STRONG><a name="[43]"></a>PXP_IRQHandler</STRONG> (Thumb, 4 bytes, Stack size 0 bytes, startup_mimxrt1176_cm7.o(.text))
<BR>[Address Reference Count : 1]<UL><LI> startup_mimxrt1176_cm7.o(.isr_vector)
</UL>
<P><STRONG><a name="[66]"></a>RDC_IRQHandler</STRONG> (Thumb, 4 bytes, Stack size 0 bytes, startup_mimxrt1176_cm7.o(.text))
<BR>[Address Reference Count : 1]<UL><LI> startup_mimxrt1176_cm7.o(.isr_vector)
</UL>
<P><STRONG><a name="[7b]"></a>RTWDOG3_IRQHandler</STRONG> (Thumb, 4 bytes, Stack size 0 bytes, startup_mimxrt1176_cm7.o(.text))
<BR>[Address Reference Count : 1]<UL><LI> startup_mimxrt1176_cm7.o(.isr_vector)
</UL>
<P><STRONG><a name="[68]"></a>Reserved110_IRQHandler</STRONG> (Thumb, 4 bytes, Stack size 0 bytes, startup_mimxrt1176_cm7.o(.text))
<BR>[Address Reference Count : 1]<UL><LI> startup_mimxrt1176_cm7.o(.isr_vector)
</UL>
<P><STRONG><a name="[a0]"></a>Reserved166_IRQHandler</STRONG> (Thumb, 4 bytes, Stack size 0 bytes, startup_mimxrt1176_cm7.o(.text))
[...]
</UL>

<P><STRONG><a name="[178]"></a>OUTLINED_FUNCTION_10</STRONG> (Thumb, 14 bytes, Stack size 0 bytes, clock_config.o(.text.OUTLINED_FUNCTION_10))
<BR><BR>[Called By]<UL><LI><a href="#[163]">&gt;&gt;</a>&nbsp;&nbsp;&nbsp;BOARD_BootClockRUN
</UL>

<P><STRONG><a name="[179]"></a>OUTLINED_FUNCTION_9</STRONG> (Thumb, 14 bytes, Stack size 0 bytes, clock_config.o(.text.OUTLINED_FUNCTION_9))
<BR><BR>[Called By]<UL><LI><a href="#[163]">&gt;&gt;</a>&nbsp;&nbsp;&nbsp;BOARD_BootClockRUN
</UL>

<P><STRONG><a name="[17a]"></a>OUTLINED_FUNCTION_8</STRONG> (Thumb, 14 bytes, Stack size 0 bytes, clock_config.o(.text.OUTLINED_FUNCTION_8))
<BR><BR>[Called By]<UL><LI><a href="#[163]">&gt;&gt;</a>&nbsp;&nbsp;&nbsp;BOARD_BootClockRUN
</UL>

<P><STRONG><a name="[17b]"></a>OUTLINED_FUNCTION_7</STRONG> (Thumb, 14 bytes, Stack size 0 bytes, clock_config.o(.text.OUTLINED_FUNCTION_7))
<BR><BR>[Called By]<UL><LI><a href="#[163]">&gt;&gt;</a>&nbsp;&nbsp;&nbsp;BOARD_BootClockRUN
</UL>

<P><STRONG><a name="[17c]"></a>OUTLINED_FUNCTION_6</STRONG> (Thumb, 14 bytes, Stack size 0 bytes, clock_config.o(.text.OUTLINED_FUNCTION_6))
<BR><BR>[Called By]<UL><LI><a href="#[163]">&gt;&gt;</a>&nbsp;&nbsp;&nbsp;BOARD_BootClockRUN
</UL>

<P><STRONG><a name="[17d]"></a>OUTLINED_FUNCTION_11</STRONG> (Thumb, 14 bytes, Stack size 0 bytes, clock_config.o(.text.OUTLINED_FUNCTION_11))
<BR><BR>[Called By]<UL><LI><a href="#[163]">&gt;&gt;</a>&nbsp;&nbsp;&nbsp;BOARD_BootClockRUN
</UL>

<P><STRONG><a name="[17e]"></a>OUTLINED_FUNCTION_17</STRONG> (Thumb, 10 bytes, Stack size 0 bytes, clock_config.o(.text.OUTLINED_FUNCTION_17))
<BR><BR>[Called By]<UL><LI><a href="#[163]">&gt;&gt;</a>&nbsp;&nbsp;&nbsp;BOARD_BootClockRUN
</UL>

<P><STRONG><a name="[17f]"></a>OUTLINED_FUNCTION_4</STRONG> (Thumb, 14 bytes, Stack size 0 bytes, clock_config.o(.text.OUTLINED_FUNCTION_4))
<BR><BR>[Called By]<UL><LI><a href="#[163]">&gt;&gt;</a>&nbsp;&nbsp;&nbsp;BOARD_BootClockRUN
</UL>

<P><STRONG><a name="[180]"></a>OUTLINED_FUNCTION_1</STRONG> (Thumb, 214 bytes, Stack size 0 bytes, clock_config.o(.text.OUTLINED_FUNCTION_1))
<BR><BR>[Calls]<UL><LI><a href="#[18e]">&gt;&gt;</a>&nbsp;&nbsp;&nbsp;CLOCK_GetRootClockFreq
</UL>
<BR>[Called By]<UL><LI><a href="#[163]">&gt;&gt;</a>&nbsp;&nbsp;&nbsp;BOARD_BootClockRUN
</UL>

<P><STRONG><a name="[138]"></a>CLOCK_SetRootClock</STRONG> (Thumb, 40 bytes, Stack size 0 bytes, clock_config.o(.text.CLOCK_SetRootClock))
<BR>[Address Reference Count : 1]<UL><LI> clock_config.o(.text.BOARD_BootClockRUN)
</UL>
<P><STRONG><a name="[18e]"></a>CLOCK_GetRootClockFreq</STRONG> (Thumb, 32 bytes, Stack size 0 bytes, clock_config.o(.text.CLOCK_GetRootClockFreq))
<BR><BR>[Calls]<UL><LI><a href="#[185]">&gt;&gt;</a>&nbsp;&nbsp;&nbsp;CLOCK_GetFreq
</UL>
<BR>[Called By]<UL><LI><a href="#[180]">&gt;&gt;</a>&nbsp;&nbsp;&nbsp;OUTLINED_FUNCTION_1
</UL>

<P><STRONG><a name="[198]"></a>DbgConsole_ConvertRadixNumToString</STRONG> (Thumb, 60 bytes, Stack size 0 bytes, fsl_debug_console.o(.text.DbgConsole_ConvertRadixNumToString))
<BR><BR>[Called By]<UL><LI><a href="#[195]">&gt;&gt;</a>&nbsp;&nbsp;&nbsp;DbgConsole_Vprintf
</UL>

<P><STRONG><a name="[196]"></a>DbgConsole_PrintfPaddingCharacter</STRONG> (Thumb, 30 bytes, Stack size 0 bytes, fsl_debug_console.o(.text.DbgConsole_PrintfPaddingCharacter))
<BR><BR>[Calls]<UL><LI><a href="#[197]">&gt;&gt;</a>&nbsp;&nbsp;&nbsp;DbgConsole_Putchar
</UL>
<BR>[Called By]<UL><LI><a href="#[195]">&gt;&gt;</a>&nbsp;&nbsp;&nbsp;DbgConsole_Vprintf
</UL>

<P><STRONG><a name="[19f]"></a>CLOCK_ControlGate</STRONG> (Thumb, 44 bytes, Stack size 0 bytes, fsl_flexcan.o(.text.CLOCK_ControlGate))
<BR><BR>[Called By]<UL><LI><a href="#[19c]">&gt;&gt;</a>&nbsp;&nbsp;&nbsp;FLEXCAN_Init
</UL>

<P><STRONG><a name="[1a0]"></a>FLEXCAN_Enable</STRONG> (Thumb, 32 bytes, Stack size 0 bytes, fsl_flexcan.o(.text.FLEXCAN_Enable))
<BR><BR>[Called By]<UL><LI><a href="#[19c]">&gt;&gt;</a>&nbsp;&nbsp;&nbsp;FLEXCAN_Init
</UL>

<P><STRONG><a name="[1a1]"></a>FLEXCAN_Reset</STRONG> (Thumb, 136 bytes, Stack size 0 bytes, fsl_flexcan.o(.text.FLEXCAN_Reset))
<BR><BR>[Calls]<UL><LI><a href="#[1a5]">&gt;&gt;</a>&nbsp;&nbsp;&nbsp;flexcan_memset
</UL>
<BR>[Called By]<UL><LI><a href="#[19c]">&gt;&gt;</a>&nbsp;&nbsp;&nbsp;FLEXCAN_Init
</UL>

<P><STRONG><a name="[1a5]"></a>flexcan_memset</STRONG> (Thumb, 14 bytes, Stack size 0 bytes, fsl_flexcan.o(.text.flexcan_memset))
<BR><BR>[Called By]<UL><LI><a href="#[1a1]">&gt;&gt;</a>&nbsp;&nbsp;&nbsp;FLEXCAN_Reset
</UL>

<P><STRONG><a name="[1a9]"></a>OUTLINED_FUNCTION_6</STRONG> (Thumb, 8 bytes, Stack size 0 bytes, fsl_flexcan.o(.text.OUTLINED_FUNCTION_6))
<BR><BR>[Calls]<UL><LI><a href="#[1ab]">&gt;&gt;</a>&nbsp;&nbsp;&nbsp;FLEXCAN_EnterFreezeMode
</UL>
<BR>[Called By]<UL><LI><a href="#[1a8]">&gt;&gt;</a>&nbsp;&nbsp;&nbsp;FLEXCAN_SetRxMbGlobalMask
</UL>

<P><STRONG><a name="[1a7]"></a>OUTLINED_FUNCTION_5</STRONG> (Thumb, 12 bytes, Stack size 0 bytes, fsl_flexcan.o(.text.OUTLINED_FUNCTION_5))
<BR><BR>[Calls]<UL><LI><a href="#[1a4]">&gt;&gt;</a>&nbsp;&nbsp;&nbsp;FLEXCAN_GetFDMailboxOffset
</UL>
<BR>[Called By]<UL><LI><a href="#[1a6]">&gt;&gt;</a>&nbsp;&nbsp;&nbsp;FLEXCAN_SetFDTxMbConfig
</UL>

<P><STRONG><a name="[1a4]"></a>FLEXCAN_GetFDMailboxOffset</STRONG> (Thumb, 108 bytes, Stack size 0 bytes, fsl_flexcan.o(.text.FLEXCAN_GetFDMailboxOffset))
<BR><BR>[Called By]<UL><LI><a href="#[1b4]">&gt;&gt;</a>&nbsp;&nbsp;&nbsp;FLEXCAN_TransferFDAbortSend
<LI><a href="#[1a3]">&gt;&gt;</a>&nbsp;&nbsp;&nbsp;FLEXCAN_ReadFDRxMb
<LI><a href="#[1a7]">&gt;&gt;</a>&nbsp;&nbsp;&nbsp;OUTLINED_FUNCTION_5
</UL>

<P><STRONG><a name="[13e]"></a>EnableIRQ</STRONG> (Thumb, 28 bytes, Stack size 0 bytes, fsl_flexcan.o(.text.EnableIRQ))
<BR>[Address Reference Count : 1]<UL><LI> fsl_flexcan.o(.text.FLEXCAN_TransferCreateHandle)
</UL>
<P><STRONG><a name="[1b6]"></a>OUTLINED_FUNCTION_10</STRONG> (Thumb, 10 bytes, Stack size 0 bytes, fsl_flexcan.o(.text.OUTLINED_FUNCTION_10))
<BR><BR>[Calls]<UL><LI><a href="#[1ca]">&gt;&gt;</a>&nbsp;&nbsp;&nbsp;FLEXCAN_ReadRxFifo
</UL>
<BR>[Called By]<UL><LI><a href="#[13d]">&gt;&gt;</a>&nbsp;&nbsp;&nbsp;FLEXCAN_TransferHandleIRQ
</UL>

<P><STRONG><a name="[1bd]"></a>OUTLINED_FUNCTION_11</STRONG> (Thumb, 14 bytes, Stack size 0 bytes, fsl_flexcan.o(.text.OUTLINED_FUNCTION_11))
<BR><BR>[Called By]<UL><LI><a href="#[1bc]">&gt;&gt;</a>&nbsp;&nbsp;&nbsp;FLEXCAN_TransferSendNonBlocking
</UL>

<P><STRONG><a name="[1bf]"></a>OUTLINED_FUNCTION_7</STRONG> (Thumb, 10 bytes, Stack size 0 bytes, fsl_flexcan.o(.text.OUTLINED_FUNCTION_7))
<BR><BR>[Calls]<UL><LI><a href="#[146]">&gt;&gt;</a>&nbsp;&nbsp;&nbsp;__aeabi_llsl
</UL>
<BR>[Called By]<UL><LI><a href="#[1bc]">&gt;&gt;</a>&nbsp;&nbsp;&nbsp;FLEXCAN_TransferSendNonBlocking
</UL>

<P><STRONG><a name="[1bb]"></a>OUTLINED_FUNCTION_1</STRONG> (Thumb, 14 bytes, Stack size 0 bytes, fsl_flexcan.o(.text.OUTLINED_FUNCTION_1))
<BR><BR>[Called By]<UL><LI><a href="#[1b8]">&gt;&gt;</a>&nbsp;&nbsp;&nbsp;FLEXCAN_TransferReceiveNonBlocking
<LI><a href="#[1bc]">&gt;&gt;</a>&nbsp;&nbsp;&nbsp;FLEXCAN_TransferSendNonBlocking
</UL>

<P><STRONG><a name="[1b9]"></a>OUTLINED_FUNCTION_12</STRONG> (Thumb, 14 bytes, Stack size 0 bytes, fsl_flexcan.o(.text.OUTLINED_FUNCTION_12))
<BR><BR>[Called By]<UL><LI><a href="#[1b8]">&gt;&gt;</a>&nbsp;&nbsp;&nbsp;FLEXCAN_TransferReceiveNonBlocking
</UL>

<P><STRONG><a name="[1ba]"></a>OUTLINED_FUNCTION_9</STRONG> (Thumb, 14 bytes, Stack size 0 bytes, fsl_flexcan.o(.text.OUTLINED_FUNCTION_9))
<BR><BR>[Called By]<UL><LI><a href="#[1b8]">&gt;&gt;</a>&nbsp;&nbsp;&nbsp;FLEXCAN_TransferReceiveNonBlocking
</UL>

<P><STRONG><a name="[1ad]"></a>OUTLINED_FUNCTION_0</STRONG> (Thumb, 16 bytes, Stack size 0 bytes, fsl_flexcan.o(.text.OUTLINED_FUNCTION_0))
<BR><BR>[Calls]<UL><LI><a href="#[146]">&gt;&gt;</a>&nbsp;&nbsp;&nbsp;__aeabi_llsl
</UL>
<BR>[Called By]<UL><LI><a href="#[1b3]">&gt;&gt;</a>&nbsp;&nbsp;&nbsp;FLEXCAN_TransferFDAbortReceive
<LI><a href="#[1b4]">&gt;&gt;</a>&nbsp;&nbsp;&nbsp;FLEXCAN_TransferFDAbortSend
<LI><a href="#[1ac]">&gt;&gt;</a>&nbsp;&nbsp;&nbsp;FLEXCAN_TransferAbortReceive
<LI><a href="#[1b0]">&gt;&gt;</a>&nbsp;&nbsp;&nbsp;FLEXCAN_TransferAbortSend
</UL>

<P><STRONG><a name="[1b1]"></a>OUTLINED_FUNCTION_8</STRONG> (Thumb, 10 bytes, Stack size 0 bytes, fsl_flexcan.o(.text.OUTLINED_FUNCTION_8))
<BR><BR>[Calls]<UL><LI><a href="#[1ae]">&gt;&gt;</a>&nbsp;&nbsp;&nbsp;FLEXCAN_DisableMbInterrupts
</UL>
<BR>[Called By]<UL><LI><a href="#[1b4]">&gt;&gt;</a>&nbsp;&nbsp;&nbsp;FLEXCAN_TransferFDAbortSend
<LI><a href="#[1b0]">&gt;&gt;</a>&nbsp;&nbsp;&nbsp;FLEXCAN_TransferAbortSend
</UL>

<P><STRONG><a name="[1af]"></a>OUTLINED_FUNCTION_2</STRONG> (Thumb, 8 bytes, Stack size 0 bytes, fsl_flexcan.o(.text.OUTLINED_FUNCTION_2))
<BR><BR>[Called By]<UL><LI><a href="#[1b3]">&gt;&gt;</a>&nbsp;&nbsp;&nbsp;FLEXCAN_TransferFDAbortReceive
<LI><a href="#[1b4]">&gt;&gt;</a>&nbsp;&nbsp;&nbsp;FLEXCAN_TransferFDAbortSend
<LI><a href="#[1ac]">&gt;&gt;</a>&nbsp;&nbsp;&nbsp;FLEXCAN_TransferAbortReceive
<LI><a href="#[1b0]">&gt;&gt;</a>&nbsp;&nbsp;&nbsp;FLEXCAN_TransferAbortSend
</UL>

<P><STRONG><a name="[1ae]"></a>FLEXCAN_DisableMbInterrupts</STRONG> (Thumb, 14 bytes, Stack size 0 bytes, fsl_flexcan.o(.text.FLEXCAN_DisableMbInterrupts))
<BR><BR>[Called By]<UL><LI><a href="#[1b3]">&gt;&gt;</a>&nbsp;&nbsp;&nbsp;FLEXCAN_TransferFDAbortReceive
<LI><a href="#[1ac]">&gt;&gt;</a>&nbsp;&nbsp;&nbsp;FLEXCAN_TransferAbortReceive
<LI><a href="#[1b1]">&gt;&gt;</a>&nbsp;&nbsp;&nbsp;OUTLINED_FUNCTION_8
</UL>

<P><STRONG><a name="[190]"></a>OUTLINED_FUNCTION_11</STRONG> (Thumb, 10 bytes, Stack size 0 bytes, fsl_clock.o(.text.OUTLINED_FUNCTION_11))
<BR><BR>[Called By]<UL><LI><a href="#[174]">&gt;&gt;</a>&nbsp;&nbsp;&nbsp;CLOCK_InitSysPll3
<LI><a href="#[172]">&gt;&gt;</a>&nbsp;&nbsp;&nbsp;CLOCK_InitSysPll2
</UL>

<P><STRONG><a name="[15b]"></a>ANATOP_PllBypass</STRONG> (Thumb, 18 bytes, Stack size 0 bytes, fsl_clock.o(.text.ANATOP_PllBypass))
<BR><BR>[Calls]<UL><LI><a href="#[159]">&gt;&gt;</a>&nbsp;&nbsp;&nbsp;ANATOP_AI_Write
</UL>
<BR>[Called By]<UL><LI><a href="#[193]">&gt;&gt;</a>&nbsp;&nbsp;&nbsp;CLOCK_SetPllBypass
<LI><a href="#[176]">&gt;&gt;</a>&nbsp;&nbsp;&nbsp;CLOCK_InitVideoPll
</UL>

<P><STRONG><a name="[191]"></a>OUTLINED_FUNCTION_3</STRONG> (Thumb, 20 bytes, Stack size 0 bytes, fsl_clock.o(.text.OUTLINED_FUNCTION_3))
<BR><BR>[Called By]<UL><LI><a href="#[176]">&gt;&gt;</a>&nbsp;&nbsp;&nbsp;CLOCK_InitVideoPll
</UL>

<P><STRONG><a name="[15f]"></a>ANATOP_PllEnableClk</STRONG> (Thumb, 18 bytes, Stack size 0 bytes, fsl_clock.o(.text.ANATOP_PllEnableClk))
<BR><BR>[Calls]<UL><LI><a href="#[159]">&gt;&gt;</a>&nbsp;&nbsp;&nbsp;ANATOP_AI_Write
</UL>
<BR>[Called By]<UL><LI><a href="#[176]">&gt;&gt;</a>&nbsp;&nbsp;&nbsp;CLOCK_InitVideoPll
<LI><a href="#[175]">&gt;&gt;</a>&nbsp;&nbsp;&nbsp;CLOCK_DeinitAudioPll
<LI><a href="#[171]">&gt;&gt;</a>&nbsp;&nbsp;&nbsp;CLOCK_DeinitSysPll1
</UL>

<P><STRONG><a name="[15d]"></a>ANATOP_PllSetPower</STRONG> (Thumb, 24 bytes, Stack size 0 bytes, fsl_clock.o(.text.ANATOP_PllSetPower))
<BR><BR>[Calls]<UL><LI><a href="#[159]">&gt;&gt;</a>&nbsp;&nbsp;&nbsp;ANATOP_AI_Write
</UL>
<BR>[Called By]<UL><LI><a href="#[15c]">&gt;&gt;</a>&nbsp;&nbsp;&nbsp;ANATOP_PllConfigure
<LI><a href="#[176]">&gt;&gt;</a>&nbsp;&nbsp;&nbsp;CLOCK_InitVideoPll
<LI><a href="#[175]">&gt;&gt;</a>&nbsp;&nbsp;&nbsp;CLOCK_DeinitAudioPll
<LI><a href="#[171]">&gt;&gt;</a>&nbsp;&nbsp;&nbsp;CLOCK_DeinitSysPll1
</UL>

<P><STRONG><a name="[15e]"></a>ANATOP_PllEnablePllReg</STRONG> (Thumb, 18 bytes, Stack size 0 bytes, fsl_clock.o(.text.ANATOP_PllEnablePllReg))
<BR><BR>[Calls]<UL><LI><a href="#[159]">&gt;&gt;</a>&nbsp;&nbsp;&nbsp;ANATOP_AI_Write
</UL>
<BR>[Called By]<UL><LI><a href="#[15c]">&gt;&gt;</a>&nbsp;&nbsp;&nbsp;ANATOP_PllConfigure
<LI><a href="#[176]">&gt;&gt;</a>&nbsp;&nbsp;&nbsp;CLOCK_InitVideoPll
<LI><a href="#[175]">&gt;&gt;</a>&nbsp;&nbsp;&nbsp;CLOCK_DeinitAudioPll
<LI><a href="#[171]">&gt;&gt;</a>&nbsp;&nbsp;&nbsp;CLOCK_DeinitSysPll1
</UL>

<P><STRONG><a name="[192]"></a>OUTLINED_FUNCTION_2</STRONG> (Thumb, 22 bytes, Stack size 0 bytes, fsl_clock.o(.text.OUTLINED_FUNCTION_2))
<BR><BR>[Called By]<UL><LI><a href="#[176]">&gt;&gt;</a>&nbsp;&nbsp;&nbsp;CLOCK_InitVideoPll
</UL>

<P><STRONG><a name="[15c]"></a>ANATOP_PllConfigure</STRONG> (Thumb, 136 bytes, Stack size 0 bytes, fsl_clock.o(.text.ANATOP_PllConfigure))
<BR><BR>[Calls]<UL><LI><a href="#[15a]">&gt;&gt;</a>&nbsp;&nbsp;&nbsp;ANATOP_AI_WriteWithMaskShift
<LI><a href="#[159]">&gt;&gt;</a>&nbsp;&nbsp;&nbsp;ANATOP_AI_Write
<LI><a href="#[15e]">&gt;&gt;</a>&nbsp;&nbsp;&nbsp;ANATOP_PllEnablePllReg
<LI><a href="#[15d]">&gt;&gt;</a>&nbsp;&nbsp;&nbsp;ANATOP_PllSetPower
<LI><a href="#[13f]">&gt;&gt;</a>&nbsp;&nbsp;&nbsp;SDK_DelayAtLeastUs
</UL>
<BR>[Called By]<UL><LI><a href="#[176]">&gt;&gt;</a>&nbsp;&nbsp;&nbsp;CLOCK_InitVideoPll
</UL>

<P><STRONG><a name="[162]"></a>ANATOP_PllToggleHoldRingOff</STRONG> (Thumb, 32 bytes, Stack size 0 bytes, fsl_clock.o(.text.ANATOP_PllToggleHoldRingOff))
<BR><BR>[Calls]<UL><LI><a href="#[161]">&gt;&gt;</a>&nbsp;&nbsp;&nbsp;ANATOP_PllHoldRingOff
<LI><a href="#[13f]">&gt;&gt;</a>&nbsp;&nbsp;&nbsp;SDK_DelayAtLeastUs
</UL>
<BR>[Called By]<UL><LI><a href="#[176]">&gt;&gt;</a>&nbsp;&nbsp;&nbsp;CLOCK_InitVideoPll
</UL>

<P><STRONG><a name="[161]"></a>ANATOP_PllHoldRingOff</STRONG> (Thumb, 18 bytes, Stack size 0 bytes, fsl_clock.o(.text.ANATOP_PllHoldRingOff))
<BR><BR>[Calls]<UL><LI><a href="#[159]">&gt;&gt;</a>&nbsp;&nbsp;&nbsp;ANATOP_AI_Write
</UL>
<BR>[Called By]<UL><LI><a href="#[162]">&gt;&gt;</a>&nbsp;&nbsp;&nbsp;ANATOP_PllToggleHoldRingOff
</UL>

<P><STRONG><a name="[18a]"></a>OUTLINED_FUNCTION_4</STRONG> (Thumb, 12 bytes, Stack size 0 bytes, fsl_clock.o(.text.OUTLINED_FUNCTION_4))
<BR><BR>[Called By]<UL><LI><a href="#[175]">&gt;&gt;</a>&nbsp;&nbsp;&nbsp;CLOCK_DeinitAudioPll
<LI><a href="#[171]">&gt;&gt;</a>&nbsp;&nbsp;&nbsp;CLOCK_DeinitSysPll1
</UL>

<P><STRONG><a name="[160]"></a>ANATOP_PllEnableSs</STRONG> (Thumb, 10 bytes, Stack size 0 bytes, fsl_clock.o(.text.ANATOP_PllEnableSs))
<BR><BR>[Calls]<UL><LI><a href="#[159]">&gt;&gt;</a>&nbsp;&nbsp;&nbsp;ANATOP_AI_Write
</UL>
<BR>[Called By]<UL><LI><a href="#[175]">&gt;&gt;</a>&nbsp;&nbsp;&nbsp;CLOCK_DeinitAudioPll
<LI><a href="#[171]">&gt;&gt;</a>&nbsp;&nbsp;&nbsp;CLOCK_DeinitSysPll1
</UL>

<P><STRONG><a name="[18b]"></a>CLOCK_GetAvPllFreq</STRONG> (Thumb, 120 bytes, Stack size 0 bytes, fsl_clock.o(.text.CLOCK_GetAvPllFreq))
<BR><BR>[Called By]<UL><LI><a href="#[18c]">&gt;&gt;</a>&nbsp;&nbsp;&nbsp;CLOCK_GetPllFreq
<LI><a href="#[185]">&gt;&gt;</a>&nbsp;&nbsp;&nbsp;CLOCK_GetFreq
</UL>

<P><STRONG><a name="[1c6]"></a>CLOCK_ControlGate</STRONG> (Thumb, 44 bytes, Stack size 0 bytes, fsl_lpuart.o(.text.CLOCK_ControlGate))
<BR><BR>[Called By]<UL><LI><a href="#[1c1]">&gt;&gt;</a>&nbsp;&nbsp;&nbsp;LPUART_Init
</UL>

<P><STRONG><a name="[1c4]"></a>OUTLINED_FUNCTION_0</STRONG> (Thumb, 6 bytes, Stack size 0 bytes, fsl_lpuart.o(.text.OUTLINED_FUNCTION_0))
<BR><BR>[Called By]<UL><LI><a href="#[104]">&gt;&gt;</a>&nbsp;&nbsp;&nbsp;LPUART12_DriverIRQHandler
<LI><a href="#[103]">&gt;&gt;</a>&nbsp;&nbsp;&nbsp;LPUART11_DriverIRQHandler
<LI><a href="#[102]">&gt;&gt;</a>&nbsp;&nbsp;&nbsp;LPUART10_DriverIRQHandler
<LI><a href="#[101]">&gt;&gt;</a>&nbsp;&nbsp;&nbsp;LPUART9_DriverIRQHandler
<LI><a href="#[100]">&gt;&gt;</a>&nbsp;&nbsp;&nbsp;LPUART8_DriverIRQHandler
<LI><a href="#[ff]">&gt;&gt;</a>&nbsp;&nbsp;&nbsp;LPUART7_DriverIRQHandler
<LI><a href="#[fe]">&gt;&gt;</a>&nbsp;&nbsp;&nbsp;LPUART6_DriverIRQHandler
<LI><a href="#[fd]">&gt;&gt;</a>&nbsp;&nbsp;&nbsp;LPUART5_DriverIRQHandler
<LI><a href="#[fc]">&gt;&gt;</a>&nbsp;&nbsp;&nbsp;LPUART4_DriverIRQHandler
<LI><a href="#[fb]">&gt;&gt;</a>&nbsp;&nbsp;&nbsp;LPUART3_DriverIRQHandler
<LI><a href="#[fa]">&gt;&gt;</a>&nbsp;&nbsp;&nbsp;LPUART2_DriverIRQHandler
<LI><a href="#[f9]">&gt;&gt;</a>&nbsp;&nbsp;&nbsp;LPUART1_DriverIRQHandler
</UL>

<P><STRONG><a name="[1cd]"></a>OUTLINED_FUNCTION_4</STRONG> (Thumb, 10 bytes, Stack size 0 bytes, fsl_pmu.o(.text.OUTLINED_FUNCTION_4))
<BR><BR>[Called By]<UL><LI><a href="#[168]">&gt;&gt;</a>&nbsp;&nbsp;&nbsp;PMU_StaticEnableLpsrAnaLdoBypassMode
</UL>

<P><STRONG><a name="[1c9]"></a>OUTLINED_FUNCTION_1</STRONG> (Thumb, 8 bytes, Stack size 0 bytes, fsl_pmu.o(.text.OUTLINED_FUNCTION_1))
<BR><BR>[Calls]<UL><LI><a href="#[13f]">&gt;&gt;</a>&nbsp;&nbsp;&nbsp;SDK_DelayAtLeastUs
</UL>
<BR>[Called By]<UL><LI><a href="#[169]">&gt;&gt;</a>&nbsp;&nbsp;&nbsp;PMU_StaticEnableLpsrDigLdoBypassMode
<LI><a href="#[168]">&gt;&gt;</a>&nbsp;&nbsp;&nbsp;PMU_StaticEnableLpsrAnaLdoBypassMode
</UL>

<P><STRONG><a name="[14c]"></a>OUTLINED_FUNCTION_2</STRONG> (Thumb, 20 bytes, Stack size 0 bytes, fsl_anatop_ai.o(.text.OUTLINED_FUNCTION_2))
<BR><BR>[Called By]<UL><LI><a href="#[14b]">&gt;&gt;</a>&nbsp;&nbsp;&nbsp;ANATOP_AI_Access
</UL>

<P><STRONG><a name="[14d]"></a>OUTLINED_FUNCTION_12</STRONG> (Thumb, 14 bytes, Stack size 0 bytes, fsl_anatop_ai.o(.text.OUTLINED_FUNCTION_12))
<BR><BR>[Called By]<UL><LI><a href="#[14b]">&gt;&gt;</a>&nbsp;&nbsp;&nbsp;ANATOP_AI_Access
</UL>

<P><STRONG><a name="[14e]"></a>OUTLINED_FUNCTION_6</STRONG> (Thumb, 20 bytes, Stack size 0 bytes, fsl_anatop_ai.o(.text.OUTLINED_FUNCTION_6))
<BR><BR>[Called By]<UL><LI><a href="#[14b]">&gt;&gt;</a>&nbsp;&nbsp;&nbsp;ANATOP_AI_Access
</UL>

<P><STRONG><a name="[14f]"></a>OUTLINED_FUNCTION_11</STRONG> (Thumb, 14 bytes, Stack size 0 bytes, fsl_anatop_ai.o(.text.OUTLINED_FUNCTION_11))
<BR><BR>[Called By]<UL><LI><a href="#[14b]">&gt;&gt;</a>&nbsp;&nbsp;&nbsp;ANATOP_AI_Access
</UL>

<P><STRONG><a name="[150]"></a>OUTLINED_FUNCTION_3</STRONG> (Thumb, 20 bytes, Stack size 0 bytes, fsl_anatop_ai.o(.text.OUTLINED_FUNCTION_3))
<BR><BR>[Called By]<UL><LI><a href="#[14b]">&gt;&gt;</a>&nbsp;&nbsp;&nbsp;ANATOP_AI_Access
</UL>

<P><STRONG><a name="[151]"></a>OUTLINED_FUNCTION_8</STRONG> (Thumb, 14 bytes, Stack size 0 bytes, fsl_anatop_ai.o(.text.OUTLINED_FUNCTION_8))
<BR><BR>[Called By]<UL><LI><a href="#[14b]">&gt;&gt;</a>&nbsp;&nbsp;&nbsp;ANATOP_AI_Access
</UL>

<P><STRONG><a name="[152]"></a>OUTLINED_FUNCTION_5</STRONG> (Thumb, 20 bytes, Stack size 0 bytes, fsl_anatop_ai.o(.text.OUTLINED_FUNCTION_5))
<BR><BR>[Called By]<UL><LI><a href="#[14b]">&gt;&gt;</a>&nbsp;&nbsp;&nbsp;ANATOP_AI_Access
</UL>

<P><STRONG><a name="[153]"></a>OUTLINED_FUNCTION_10</STRONG> (Thumb, 14 bytes, Stack size 0 bytes, fsl_anatop_ai.o(.text.OUTLINED_FUNCTION_10))
<BR><BR>[Called By]<UL><LI><a href="#[14b]">&gt;&gt;</a>&nbsp;&nbsp;&nbsp;ANATOP_AI_Access
</UL>

<P><STRONG><a name="[154]"></a>OUTLINED_FUNCTION_4</STRONG> (Thumb, 20 bytes, Stack size 0 bytes, fsl_anatop_ai.o(.text.OUTLINED_FUNCTION_4))
<BR><BR>[Called By]<UL><LI><a href="#[14b]">&gt;&gt;</a>&nbsp;&nbsp;&nbsp;ANATOP_AI_Access
</UL>

<P><STRONG><a name="[155]"></a>OUTLINED_FUNCTION_9</STRONG> (Thumb, 14 bytes, Stack size 0 bytes, fsl_anatop_ai.o(.text.OUTLINED_FUNCTION_9))
<BR><BR>[Called By]<UL><LI><a href="#[14b]">&gt;&gt;</a>&nbsp;&nbsp;&nbsp;ANATOP_AI_Access
</UL>

<P><STRONG><a name="[156]"></a>OUTLINED_FUNCTION_0</STRONG> (Thumb, 28 bytes, Stack size 0 bytes, fsl_anatop_ai.o(.text.OUTLINED_FUNCTION_0))
<BR><BR>[Called By]<UL><LI><a href="#[14b]">&gt;&gt;</a>&nbsp;&nbsp;&nbsp;ANATOP_AI_Access
</UL>

<P><STRONG><a name="[157]"></a>OUTLINED_FUNCTION_7</STRONG> (Thumb, 14 bytes, Stack size 0 bytes, fsl_anatop_ai.o(.text.OUTLINED_FUNCTION_7))
<BR><BR>[Called By]<UL><LI><a href="#[14b]">&gt;&gt;</a>&nbsp;&nbsp;&nbsp;ANATOP_AI_Access
</UL>

<P><STRONG><a name="[158]"></a>OUTLINED_FUNCTION_1</STRONG> (Thumb, 24 bytes, Stack size 0 bytes, fsl_anatop_ai.o(.text.OUTLINED_FUNCTION_1))
<BR><BR>[Called By]<UL><LI><a href="#[14b]">&gt;&gt;</a>&nbsp;&nbsp;&nbsp;ANATOP_AI_Access
</UL>

<P><STRONG><a name="[1ce]"></a>OUTLINED_FUNCTION_0</STRONG> (Thumb, 10 bytes, Stack size 0 bytes, system_mimxrt1176_cm7.o(.text.OUTLINED_FUNCTION_0))
<BR><BR>[Called By]<UL><LI><a href="#[e6]">&gt;&gt;</a>&nbsp;&nbsp;&nbsp;SystemInit
</UL>
<P>
<H3>
Undefined Global Symbols
</H3><HR></body></html>
