<html>
<body>
<pre>
<h1>µVision Build Log</h1>
<h2>Tool Versions:</h2>
IDE-Version: ¦ÌVision V5.41.0.0
Copyright (C) 2024 ARM Ltd and ARM Germany GmbH. All rights reserved.
License Information: . Karudo, ., LIC=8VRJ7-E3M5E-DY5V3-AAPGH-ISF4X-GWYU4
 
Tool Versions:
Toolchain:       MDK-ARM Plus  Version: 5.41.0.0
Toolchain Path:  C:\Users\Karudo\AppData\Local\Keil_v5\ARM\ARMCLANG\Bin
C Compiler:      ArmClang.exe V6.22
Assembler:       Armasm.exe V6.22
Linker/Locator:  ArmLink.exe V6.22
Library Manager: ArmAr.exe V6.22
Hex Converter:   FromElf.exe V6.22
CPU DLL:         SARMCM3.DLL V5.41.0.0
Dialog DLL:      DCM.DLL V1.17.5.0
Target DLL:      Segger\JL2CM3.dll V2.99.45.0
Dialog DLL:      TCM.DLL V1.56.4.0
 
<h2>Project:</h2>
C:\Users\Karudo\Desktop\on hand\testdemo\SDK_2_13_1_MIMXRT1170-EVKB\boards\evkbmimxrt1170\driver_examples\gpio\led_output\cm7\mdk\igpio_led_output_cm7.uvprojx
Project File Date:  05/21/2025

<h2>Output:</h2>
*** Using Compiler 'V6.22', folder: 'C:\Users\Karudo\AppData\Local\Keil_v5\ARM\ARMCLANG\Bin'
Build target 'igpio_led_output_cm7 flexspi_nor_debug'
linking...
Program Size: Code=11916 RO-data=4728 RW-data=56 ZI-data=526408  
FromELF: creating hex file...
"flexspi_nor_debug\igpio_led_output_cm7.out" - 0 Error(s), 0 Warning(s).

<h2>Software Packages used:</h2>

Package Vendor: NXP
                http://mcuxpresso.nxp.com/cmsis_pack/repo/NXP.MIMXRT1176_DFP.12.0.0.pack
                NXP::MIMXRT1176_DFP@12.0.0
                Device Family Pack for MIMXRT1176

<h2>Collection of Component include folders:</h2>
  C:/Users/Karudo/AppData/Local/Arm/Packs/NXP/MIMXRT1176_DFP/12.0.0

<h2>Collection of Component Files used:</h2>
Build Time Elapsed:  00:00:00
</pre>
</body>
</html>
