Component: Arm Compiler for Embedded 6.22 Tool: armlink [5ee90200]

==============================================================================

Section Cross References

    flexcan_interrupt_transfer.o(.ARM.exidx.text.canChangeBaudRate_driver) refers to flexcan_interrupt_transfer.o(.text.canChangeBaudRate_driver) for [Anonymous Symbol]
    flexcan_interrupt_transfer.o(.ARM.exidx.text.setTimer) refers to flexcan_interrupt_transfer.o(.text.setTimer) for [Anonymous Symbol]
    flexcan_interrupt_transfer.o(.ARM.exidx.text.getElapsedTime) refers to flexcan_interrupt_transfer.o(.text.getElapsedTime) for [Anonymous Symbol]
    flexcan_interrupt_transfer.o(.text.canSend) refers to memcpy.o(.text) for memcpy
    flexcan_interrupt_transfer.o(.text.canSend) refers to flexcan_interrupt_transfer.o(.bss.txXfer) for txXfer
    flexcan_interrupt_transfer.o(.text.canSend) refers to flexcan_interrupt_transfer.o(.bss.flexcanHandle) for flexcanHandle
    flexcan_interrupt_transfer.o(.text.canSend) refers to fsl_flexcan.o(.text.FLEXCAN_TransferSendNonBlocking) for FLEXCAN_TransferSendNonBlocking
    flexcan_interrupt_transfer.o(.text.canSend) refers to flexcan_interrupt_transfer.o(.bss.txComplete) for txComplete
    flexcan_interrupt_transfer.o(.ARM.exidx.text.canSend) refers to flexcan_interrupt_transfer.o(.text.canSend) for [Anonymous Symbol]
    flexcan_interrupt_transfer.o(.text.GPT2_IRQHandler) refers to timer.o(.text.TimeDispatch) for TimeDispatch
    flexcan_interrupt_transfer.o(.ARM.exidx.text.GPT2_IRQHandler) refers to flexcan_interrupt_transfer.o(.text.GPT2_IRQHandler) for [Anonymous Symbol]
    flexcan_interrupt_transfer.o(.text.main) refers to board.o(.text.BOARD_ConfigMPU) for BOARD_ConfigMPU
    flexcan_interrupt_transfer.o(.text.main) refers to pin_mux.o(.text.BOARD_InitPins) for BOARD_InitPins
    flexcan_interrupt_transfer.o(.text.main) refers to clock_config.o(.text.BOARD_BootClockRUN) for BOARD_BootClockRUN
    flexcan_interrupt_transfer.o(.text.main) refers to board.o(.text.BOARD_InitDebugConsole) for BOARD_InitDebugConsole
    flexcan_interrupt_transfer.o(.text.main) refers to flexcan_interrupt_transfer.o(.bss.gptConfig) for gptConfig
    flexcan_interrupt_transfer.o(.text.main) refers to fsl_gpt.o(.text.GPT_GetDefaultConfig) for GPT_GetDefaultConfig
    flexcan_interrupt_transfer.o(.text.main) refers to fsl_gpt.o(.text.GPT_Init) for GPT_Init
    flexcan_interrupt_transfer.o(.text.main) refers to fsl_clock.o(.text.CLOCK_GetFreq) for CLOCK_GetFreq
    flexcan_interrupt_transfer.o(.text.main) refers to flexcan_interrupt_transfer.o(.bss.gptFreq) for gptFreq
    flexcan_interrupt_transfer.o(.text.main) refers to flexcan_interrupt_transfer.o(.rodata.str1.1) for .L.str.1
    flexcan_interrupt_transfer.o(.text.main) refers to fsl_debug_console.o(.text.DbgConsole_Printf) for DbgConsole_Printf
    flexcan_interrupt_transfer.o(.text.main) refers to flexcan_interrupt_transfer.o(.bss.flexcanConfig) for flexcanConfig
    flexcan_interrupt_transfer.o(.text.main) refers to fsl_flexcan.o(.text.FLEXCAN_GetDefaultConfig) for FLEXCAN_GetDefaultConfig
    flexcan_interrupt_transfer.o(.text.main) refers to memset.o(.text) for memset
    flexcan_interrupt_transfer.o(.text.main) refers to flexcan_interrupt_transfer.o(.rodata.s_clockSourceName) for s_clockSourceName
    flexcan_interrupt_transfer.o(.text.main) refers to fsl_flexcan.o(.text.FLEXCAN_CalculateImprovedTimingValues) for FLEXCAN_CalculateImprovedTimingValues
    flexcan_interrupt_transfer.o(.text.main) refers to memcpy.o(.text) for memcpy
    flexcan_interrupt_transfer.o(.text.main) refers to fsl_flexcan.o(.text.FLEXCAN_Init) for FLEXCAN_Init
    flexcan_interrupt_transfer.o(.text.main) refers to master.o(.data.Master_Data) for Master_Data
    flexcan_interrupt_transfer.o(.text.main) refers to states.o(.text.setState) for setState
    flexcan_interrupt_transfer.o(.text.main) refers to flexcan_interrupt_transfer.o(.bss.flexcanHandle) for flexcanHandle
    flexcan_interrupt_transfer.o(.text.main) refers to flexcan_interrupt_transfer.o(.text.flexcan_callback) for flexcan_callback
    flexcan_interrupt_transfer.o(.text.main) refers to fsl_flexcan.o(.text.FLEXCAN_TransferCreateHandle) for FLEXCAN_TransferCreateHandle
    flexcan_interrupt_transfer.o(.text.main) refers to fsl_flexcan.o(.text.FLEXCAN_SetRxMbGlobalMask) for FLEXCAN_SetRxMbGlobalMask
    flexcan_interrupt_transfer.o(.text.main) refers to flexcan_interrupt_transfer.o(.bss.mbConfig) for mbConfig
    flexcan_interrupt_transfer.o(.text.main) refers to fsl_flexcan.o(.text.FLEXCAN_SetRxMbConfig) for FLEXCAN_SetRxMbConfig
    flexcan_interrupt_transfer.o(.text.main) refers to fsl_flexcan.o(.text.FLEXCAN_SetTxMbConfig) for FLEXCAN_SetTxMbConfig
    flexcan_interrupt_transfer.o(.text.main) refers to flexcan_interrupt_transfer.o(.text.AppTaskCreate) for AppTaskCreate
    flexcan_interrupt_transfer.o(.text.main) refers to flexcan_interrupt_transfer.o(.bss.AppTaskCreate_Handle) for AppTaskCreate_Handle
[...]
    PWM2_FAULT_IRQHandler                    0x3000243d   Thumb Code     4  startup_mimxrt1176_cm7.o(.text)
    PWM3_0_IRQHandler                        0x3000243d   Thumb Code     4  startup_mimxrt1176_cm7.o(.text)
    PWM3_1_IRQHandler                        0x3000243d   Thumb Code     4  startup_mimxrt1176_cm7.o(.text)
    PWM3_2_IRQHandler                        0x3000243d   Thumb Code     4  startup_mimxrt1176_cm7.o(.text)
    PWM3_3_IRQHandler                        0x3000243d   Thumb Code     4  startup_mimxrt1176_cm7.o(.text)
    PWM3_FAULT_IRQHandler                    0x3000243d   Thumb Code     4  startup_mimxrt1176_cm7.o(.text)
    PWM4_0_IRQHandler                        0x3000243d   Thumb Code     4  startup_mimxrt1176_cm7.o(.text)
    PWM4_1_IRQHandler                        0x3000243d   Thumb Code     4  startup_mimxrt1176_cm7.o(.text)
    PWM4_2_IRQHandler                        0x3000243d   Thumb Code     4  startup_mimxrt1176_cm7.o(.text)
    PWM4_3_IRQHandler                        0x3000243d   Thumb Code     4  startup_mimxrt1176_cm7.o(.text)
    PWM4_FAULT_IRQHandler                    0x3000243d   Thumb Code     4  startup_mimxrt1176_cm7.o(.text)
    PXP_IRQHandler                           0x3000243d   Thumb Code     4  startup_mimxrt1176_cm7.o(.text)
    RDC_IRQHandler                           0x3000243d   Thumb Code     4  startup_mimxrt1176_cm7.o(.text)
    RTWDOG3_IRQHandler                       0x3000243d   Thumb Code     4  startup_mimxrt1176_cm7.o(.text)
    Reserved110_IRQHandler                   0x3000243d   Thumb Code     4  startup_mimxrt1176_cm7.o(.text)
    Reserved166_IRQHandler                   0x3000243d   Thumb Code     4  startup_mimxrt1176_cm7.o(.text)
    Reserved167_IRQHandler                   0x3000243d   Thumb Code     4  startup_mimxrt1176_cm7.o(.text)
    Reserved168_IRQHandler                   0x3000243d   Thumb Code     4  startup_mimxrt1176_cm7.o(.text)
    Reserved169_IRQHandler                   0x3000243d   Thumb Code     4  startup_mimxrt1176_cm7.o(.text)
    Reserved170_IRQHandler                   0x3000243d   Thumb Code     4  startup_mimxrt1176_cm7.o(.text)
    Reserved177_IRQHandler                   0x3000243d   Thumb Code     4  startup_mimxrt1176_cm7.o(.text)
    Reserved178_IRQHandler                   0x3000243d   Thumb Code     4  startup_mimxrt1176_cm7.o(.text)
    Reserved179_IRQHandler                   0x3000243d   Thumb Code     4  startup_mimxrt1176_cm7.o(.text)
    Reserved180_IRQHandler                   0x3000243d   Thumb Code     4  startup_mimxrt1176_cm7.o(.text)
    Reserved185_IRQHandler                   0x3000243d   Thumb Code     4  startup_mimxrt1176_cm7.o(.text)
    Reserved186_IRQHandler                   0x3000243d   Thumb Code     4  startup_mimxrt1176_cm7.o(.text)
    Reserved208_IRQHandler                   0x3000243d   Thumb Code     4  startup_mimxrt1176_cm7.o(.text)
    Reserved209_IRQHandler                   0x3000243d   Thumb Code     4  startup_mimxrt1176_cm7.o(.text)
    Reserved210_IRQHandler                   0x3000243d   Thumb Code     4  startup_mimxrt1176_cm7.o(.text)
    Reserved211_IRQHandler                   0x3000243d   Thumb Code     4  startup_mimxrt1176_cm7.o(.text)
    Reserved212_IRQHandler                   0x3000243d   Thumb Code     4  startup_mimxrt1176_cm7.o(.text)
    Reserved213_IRQHandler                   0x3000243d   Thumb Code     4  startup_mimxrt1176_cm7.o(.text)
    Reserved214_IRQHandler                   0x3000243d   Thumb Code     4  startup_mimxrt1176_cm7.o(.text)
    Reserved215_IRQHandler                   0x3000243d   Thumb Code     4  startup_mimxrt1176_cm7.o(.text)
    Reserved68_IRQHandler                    0x3000243d   Thumb Code     4  startup_mimxrt1176_cm7.o(.text)
    SAI1_DriverIRQHandler                    0x3000243d   Thumb Code     4  startup_mimxrt1176_cm7.o(.text)
    SAI2_DriverIRQHandler                    0x3000243d   Thumb Code     4  startup_mimxrt1176_cm7.o(.text)
    SAI3_RX_DriverIRQHandler                 0x3000243d   Thumb Code     4  startup_mimxrt1176_cm7.o(.text)
    SAI3_TX_DriverIRQHandler                 0x3000243d   Thumb Code     4  startup_mimxrt1176_cm7.o(.text)
    SAI4_RX_DriverIRQHandler                 0x3000243d   Thumb Code     4  startup_mimxrt1176_cm7.o(.text)
    SAI4_TX_DriverIRQHandler                 0x3000243d   Thumb Code     4  startup_mimxrt1176_cm7.o(.text)
    SEMA4_CP0_IRQHandler                     0x3000243d   Thumb Code     4  startup_mimxrt1176_cm7.o(.text)
    SEMA4_CP1_IRQHandler                     0x3000243d   Thumb Code     4  startup_mimxrt1176_cm7.o(.text)
    SEMC_IRQHandler                          0x3000243d   Thumb Code     4  startup_mimxrt1176_cm7.o(.text)
    SNVS_HP_NON_TZ_IRQHandler                0x3000243d   Thumb Code     4  startup_mimxrt1176_cm7.o(.text)
    SNVS_HP_TZ_IRQHandler                    0x3000243d   Thumb Code     4  startup_mimxrt1176_cm7.o(.text)
    SNVS_PULSE_EVENT_IRQHandler              0x3000243d   Thumb Code     4  startup_mimxrt1176_cm7.o(.text)
    SPDIF_DriverIRQHandler                   0x3000243d   Thumb Code     4  startup_mimxrt1176_cm7.o(.text)
    TMPSNS_INT_IRQHandler                    0x3000243d   Thumb Code     4  startup_mimxrt1176_cm7.o(.text)
    TMPSNS_LOW_HIGH_IRQHandler               0x3000243d   Thumb Code     4  startup_mimxrt1176_cm7.o(.text)
    TMPSNS_PANIC_IRQHandler                  0x3000243d   Thumb Code     4  startup_mimxrt1176_cm7.o(.text)
    TMR1_IRQHandler                          0x3000243d   Thumb Code     4  startup_mimxrt1176_cm7.o(.text)
    TMR2_IRQHandler                          0x3000243d   Thumb Code     4  startup_mimxrt1176_cm7.o(.text)
    TMR3_IRQHandler                          0x3000243d   Thumb Code     4  startup_mimxrt1176_cm7.o(.text)
    TMR4_IRQHandler                          0x3000243d   Thumb Code     4  startup_mimxrt1176_cm7.o(.text)
    USBPHY1_IRQHandler                       0x3000243d   Thumb Code     4  startup_mimxrt1176_cm7.o(.text)
    USBPHY2_IRQHandler                       0x3000243d   Thumb Code     4  startup_mimxrt1176_cm7.o(.text)
    USB_OTG1_IRQHandler                      0x3000243d   Thumb Code     4  startup_mimxrt1176_cm7.o(.text)
    USB_OTG2_IRQHandler                      0x3000243d   Thumb Code     4  startup_mimxrt1176_cm7.o(.text)
    USDHC1_DriverIRQHandler                  0x3000243d   Thumb Code     4  startup_mimxrt1176_cm7.o(.text)
    USDHC2_DriverIRQHandler                  0x3000243d   Thumb Code     4  startup_mimxrt1176_cm7.o(.text)
    UsageFault_Handler                       0x3000243d   Thumb Code     4  startup_mimxrt1176_cm7.o(.text)
    WDOG1_IRQHandler                         0x3000243d   Thumb Code     4  startup_mimxrt1176_cm7.o(.text)
    WDOG2_IRQHandler                         0x3000243d   Thumb Code     4  startup_mimxrt1176_cm7.o(.text)
    XBAR1_IRQ_0_1_IRQHandler                 0x3000243d   Thumb Code     4  startup_mimxrt1176_cm7.o(.text)
    XBAR1_IRQ_2_3_IRQHandler                 0x3000243d   Thumb Code     4  startup_mimxrt1176_cm7.o(.text)
    XECC_FLEXSPI1_FATAL_INT_DriverIRQHandler 0x3000243d   Thumb Code     4  startup_mimxrt1176_cm7.o(.text)
    XECC_FLEXSPI1_INT_DriverIRQHandler       0x3000243d   Thumb Code     4  startup_mimxrt1176_cm7.o(.text)
    XECC_FLEXSPI2_FATAL_INT_DriverIRQHandler 0x3000243d   Thumb Code     4  startup_mimxrt1176_cm7.o(.text)
    XECC_FLEXSPI2_INT_DriverIRQHandler       0x3000243d   Thumb Code     4  startup_mimxrt1176_cm7.o(.text)
    XECC_SEMC_FATAL_INT_IRQHandler           0x3000243d   Thumb Code     4  startup_mimxrt1176_cm7.o(.text)
    XECC_SEMC_INT_IRQHandler                 0x3000243d   Thumb Code     4  startup_mimxrt1176_cm7.o(.text)
    eLCDIF_IRQHandler                        0x3000243d   Thumb Code     4  startup_mimxrt1176_cm7.o(.text)
    NMI_Handler                              0x30002441   Thumb Code     4  startup_mimxrt1176_cm7.o(.text)
    HardFault_Handler                        0x30002445   Thumb Code     4  startup_mimxrt1176_cm7.o(.text)
    DMA0_DMA16_IRQHandler                    0x30002455   Thumb Code     4  startup_mimxrt1176_cm7.o(.text)
    DMA1_DMA17_IRQHandler                    0x30002459   Thumb Code     4  startup_mimxrt1176_cm7.o(.text)
    DMA2_DMA18_IRQHandler                    0x3000245d   Thumb Code     4  startup_mimxrt1176_cm7.o(.text)
    DMA3_DMA19_IRQHandler                    0x30002461   Thumb Code     4  startup_mimxrt1176_cm7.o(.text)
    DMA4_DMA20_IRQHandler                    0x30002465   Thumb Code     4  startup_mimxrt1176_cm7.o(.text)
    DMA5_DMA21_IRQHandler                    0x30002469   Thumb Code     4  startup_mimxrt1176_cm7.o(.text)
    DMA6_DMA22_IRQHandler                    0x3000246d   Thumb Code     4  startup_mimxrt1176_cm7.o(.text)
    DMA7_DMA23_IRQHandler                    0x30002471   Thumb Code     4  startup_mimxrt1176_cm7.o(.text)
    DMA8_DMA24_IRQHandler                    0x30002475   Thumb Code     4  startup_mimxrt1176_cm7.o(.text)
    DMA9_DMA25_IRQHandler                    0x30002479   Thumb Code     4  startup_mimxrt1176_cm7.o(.text)
    DMA10_DMA26_IRQHandler                   0x3000247d   Thumb Code     4  startup_mimxrt1176_cm7.o(.text)
    DMA11_DMA27_IRQHandler                   0x30002481   Thumb Code     4  startup_mimxrt1176_cm7.o(.text)
    DMA12_DMA28_IRQHandler                   0x30002485   Thumb Code     4  startup_mimxrt1176_cm7.o(.text)
    DMA13_DMA29_IRQHandler                   0x30002489   Thumb Code     4  startup_mimxrt1176_cm7.o(.text)
    DMA14_DMA30_IRQHandler                   0x3000248d   Thumb Code     4  startup_mimxrt1176_cm7.o(.text)
    DMA15_DMA31_IRQHandler                   0x30002491   Thumb Code     4  startup_mimxrt1176_cm7.o(.text)
    DMA_ERROR_IRQHandler                     0x30002495   Thumb Code     4  startup_mimxrt1176_cm7.o(.text)
    LPUART1_IRQHandler                       0x30002499   Thumb Code     4  startup_mimxrt1176_cm7.o(.text)
    LPUART2_IRQHandler                       0x3000249d   Thumb Code     4  startup_mimxrt1176_cm7.o(.text)
    LPUART3_IRQHandler                       0x300024a1   Thumb Code     4  startup_mimxrt1176_cm7.o(.text)
    LPUART4_IRQHandler                       0x300024a5   Thumb Code     4  startup_mimxrt1176_cm7.o(.text)
    LPUART5_IRQHandler                       0x300024a9   Thumb Code     4  startup_mimxrt1176_cm7.o(.text)
    LPUART6_IRQHandler                       0x300024ad   Thumb Code     4  startup_mimxrt1176_cm7.o(.text)
    LPUART7_IRQHandler                       0x300024b1   Thumb Code     4  startup_mimxrt1176_cm7.o(.text)
    LPUART8_IRQHandler                       0x300024b5   Thumb Code     4  startup_mimxrt1176_cm7.o(.text)
    LPUART9_IRQHandler                       0x300024b9   Thumb Code     4  startup_mimxrt1176_cm7.o(.text)
    LPUART10_IRQHandler                      0x300024bd   Thumb Code     4  startup_mimxrt1176_cm7.o(.text)
    LPUART11_IRQHandler                      0x300024c1   Thumb Code     4  startup_mimxrt1176_cm7.o(.text)
    LPUART12_IRQHandler                      0x300024c5   Thumb Code     4  startup_mimxrt1176_cm7.o(.text)
    LPI2C1_IRQHandler                        0x300024c9   Thumb Code     4  startup_mimxrt1176_cm7.o(.text)
    LPI2C2_IRQHandler                        0x300024cd   Thumb Code     4  startup_mimxrt1176_cm7.o(.text)
    LPI2C3_IRQHandler                        0x300024d1   Thumb Code     4  startup_mimxrt1176_cm7.o(.text)
    LPI2C4_IRQHandler                        0x300024d5   Thumb Code     4  startup_mimxrt1176_cm7.o(.text)
    LPI2C5_IRQHandler                        0x300024d9   Thumb Code     4  startup_mimxrt1176_cm7.o(.text)
    LPI2C6_IRQHandler                        0x300024dd   Thumb Code     4  startup_mimxrt1176_cm7.o(.text)
    LPSPI1_IRQHandler                        0x300024e1   Thumb Code     4  startup_mimxrt1176_cm7.o(.text)
    LPSPI2_IRQHandler                        0x300024e5   Thumb Code     4  startup_mimxrt1176_cm7.o(.text)
    LPSPI3_IRQHandler                        0x300024e9   Thumb Code     4  startup_mimxrt1176_cm7.o(.text)
    LPSPI4_IRQHandler                        0x300024ed   Thumb Code     4  startup_mimxrt1176_cm7.o(.text)
    LPSPI5_IRQHandler                        0x300024f1   Thumb Code     4  startup_mimxrt1176_cm7.o(.text)
    LPSPI6_IRQHandler                        0x300024f5   Thumb Code     4  startup_mimxrt1176_cm7.o(.text)
    CAN1_IRQHandler                          0x300024f9   Thumb Code     4  startup_mimxrt1176_cm7.o(.text)
    CAN1_ERROR_IRQHandler                    0x300024fd   Thumb Code     4  startup_mimxrt1176_cm7.o(.text)
    CAN2_IRQHandler                          0x30002501   Thumb Code     4  startup_mimxrt1176_cm7.o(.text)
    CAN2_ERROR_IRQHandler                    0x30002505   Thumb Code     4  startup_mimxrt1176_cm7.o(.text)
    CAN3_IRQHandler                          0x30002509   Thumb Code     4  startup_mimxrt1176_cm7.o(.text)
    CAN3_ERROR_IRQHandler                    0x3000250d   Thumb Code     4  startup_mimxrt1176_cm7.o(.text)
    MIPI_CSI_IRQHandler                      0x30002511   Thumb Code     4  startup_mimxrt1176_cm7.o(.text)
    MIPI_DSI_IRQHandler                      0x30002515   Thumb Code     4  startup_mimxrt1176_cm7.o(.text)
    CDOG_IRQHandler                          0x30002519   Thumb Code     4  startup_mimxrt1176_cm7.o(.text)
    SAI1_IRQHandler                          0x3000251d   Thumb Code     4  startup_mimxrt1176_cm7.o(.text)
    SAI2_IRQHandler                          0x30002521   Thumb Code     4  startup_mimxrt1176_cm7.o(.text)
    SAI3_RX_IRQHandler                       0x30002525   Thumb Code     4  startup_mimxrt1176_cm7.o(.text)
    SAI3_TX_IRQHandler                       0x30002529   Thumb Code     4  startup_mimxrt1176_cm7.o(.text)
    SAI4_RX_IRQHandler                       0x3000252d   Thumb Code     4  startup_mimxrt1176_cm7.o(.text)
    SAI4_TX_IRQHandler                       0x30002531   Thumb Code     4  startup_mimxrt1176_cm7.o(.text)
    SPDIF_IRQHandler                         0x30002535   Thumb Code     4  startup_mimxrt1176_cm7.o(.text)
    ASRC_IRQHandler                          0x30002539   Thumb Code     4  startup_mimxrt1176_cm7.o(.text)
    FLEXIO1_IRQHandler                       0x3000253d   Thumb Code     4  startup_mimxrt1176_cm7.o(.text)
    FLEXIO2_IRQHandler                       0x30002541   Thumb Code     4  startup_mimxrt1176_cm7.o(.text)
    FLEXSPI1_IRQHandler                      0x30002545   Thumb Code     4  startup_mimxrt1176_cm7.o(.text)
    FLEXSPI2_IRQHandler                      0x30002549   Thumb Code     4  startup_mimxrt1176_cm7.o(.text)
    USDHC1_IRQHandler                        0x3000254d   Thumb Code     4  startup_mimxrt1176_cm7.o(.text)
    USDHC2_IRQHandler                        0x30002551   Thumb Code     4  startup_mimxrt1176_cm7.o(.text)
    ENET_IRQHandler                          0x30002555   Thumb Code     4  startup_mimxrt1176_cm7.o(.text)
    ENET_1588_Timer_IRQHandler               0x30002559   Thumb Code     4  startup_mimxrt1176_cm7.o(.text)
    ENET_1G_MAC0_Tx_Rx_1_IRQHandler          0x3000255d   Thumb Code     4  startup_mimxrt1176_cm7.o(.text)
    ENET_1G_MAC0_Tx_Rx_2_IRQHandler          0x30002561   Thumb Code     4  startup_mimxrt1176_cm7.o(.text)
    ENET_1G_IRQHandler                       0x30002565   Thumb Code     4  startup_mimxrt1176_cm7.o(.text)
    ENET_1G_1588_Timer_IRQHandler            0x30002569   Thumb Code     4  startup_mimxrt1176_cm7.o(.text)
    PDM_HWVAD_EVENT_IRQHandler               0x3000256d   Thumb Code     4  startup_mimxrt1176_cm7.o(.text)
    PDM_HWVAD_ERROR_IRQHandler               0x30002571   Thumb Code     4  startup_mimxrt1176_cm7.o(.text)
    PDM_EVENT_IRQHandler                     0x30002575   Thumb Code     4  startup_mimxrt1176_cm7.o(.text)
    PDM_ERROR_IRQHandler                     0x30002579   Thumb Code     4  startup_mimxrt1176_cm7.o(.text)
    XECC_FLEXSPI1_INT_IRQHandler             0x3000257d   Thumb Code     4  startup_mimxrt1176_cm7.o(.text)
    XECC_FLEXSPI1_FATAL_INT_IRQHandler       0x30002581   Thumb Code     4  startup_mimxrt1176_cm7.o(.text)
    XECC_FLEXSPI2_INT_IRQHandler             0x30002585   Thumb Code     4  startup_mimxrt1176_cm7.o(.text)
    XECC_FLEXSPI2_FATAL_INT_IRQHandler       0x30002589   Thumb Code     4  startup_mimxrt1176_cm7.o(.text)
    ENET_QOS_IRQHandler                      0x3000258d   Thumb Code     4  startup_mimxrt1176_cm7.o(.text)
    ENET_QOS_PMT_IRQHandler                  0x30002591   Thumb Code     4  startup_mimxrt1176_cm7.o(.text)
    __aeabi_uldivmod                         0x300026e9   Thumb Code    98  uldiv.o(.text)
    ___aeabi_memcpy4$ret                     0x3000274b   Thumb Code     0  memcpy.o(.text)
    ___aeabi_memcpy8$ret                     0x3000274b   Thumb Code     0  memcpy.o(.text)
    __aeabi_memcpy                           0x3000274b   Thumb Code    40  memcpy.o(.text)
    memcpy                                   0x3000274b   Thumb Code     0  memcpy.o(.text)
    memset                                   0x30002773   Thumb Code    18  memset.o(.text)
    strlen                                   0x30002785   Thumb Code    14  strlen.o(.text)
    memcmp                                   0x30002793   Thumb Code    26  memcmp.o(.text)
    __aeabi_llsl                             0x300027ad   Thumb Code    30  llshl.o(.text)
    _ll_shift_l                              0x300027ad   Thumb Code     0  llshl.o(.text)
    __aeabi_llsr                             0x300027cb   Thumb Code    32  llushr.o(.text)
    _ll_ushift_r                             0x300027cb   Thumb Code     0  llushr.o(.text)
    __scatterload                            0x300027ed   Thumb Code    38  init.o(.text)
    __scatterload_rt2                        0x300027ed   Thumb Code     0  init.o(.text)
    __decompress                             0x3000281d   Thumb Code     0  __dczerorl2.o(.text)
    __decompress1                            0x3000281d   Thumb Code    86  __dczerorl2.o(.text)
    ANATOP_AI_Access                         0x30002879   Thumb Code   840  fsl_anatop_ai.o(.text.ANATOP_AI_Access)
    ANATOP_AI_Read                           0x30002bc1   Thumb Code    10  fsl_anatop_ai.o(.text.ANATOP_AI_Read)
    ANATOP_AI_Write                          0x30002bd1   Thumb Code    12  fsl_anatop_ai.o(.text.ANATOP_AI_Write)
    ANATOP_AI_WriteWithMaskShift             0x30002be1   Thumb Code    48  fsl_anatop_ai.o(.text.ANATOP_AI_WriteWithMaskShift)
    BOARD_BootClockRUN                       0x30002d31   Thumb Code  1570  clock_config.o(.text.BOARD_BootClockRUN)
    BOARD_ConfigMPU                          0x30003359   Thumb Code   760  board.o(.text.BOARD_ConfigMPU)
    BOARD_InitDebugConsole                   0x30003691   Thumb Code    90  board.o(.text.BOARD_InitDebugConsole)
    BOARD_InitPins                           0x300036f1   Thumb Code   102  pin_mux.o(.text.BOARD_InitPins)
    CAN1_DriverIRQHandler                    0x30003759   Thumb Code    60  fsl_flexcan.o(.text.CAN1_DriverIRQHandler)
    CAN2_DriverIRQHandler                    0x300037b1   Thumb Code    60  fsl_flexcan.o(.text.CAN2_DriverIRQHandler)
    CAN3_DriverIRQHandler                    0x30003809   Thumb Code    60  fsl_flexcan.o(.text.CAN3_DriverIRQHandler)
    CLOCK_DeinitAudioPll                     0x300039d1   Thumb Code    78  fsl_clock.o(.text.CLOCK_DeinitAudioPll)
    CLOCK_DeinitSysPll1                      0x30003a21   Thumb Code    94  fsl_clock.o(.text.CLOCK_DeinitSysPll1)
    CLOCK_GetFreq                            0x30003a81   Thumb Code   728  fsl_clock.o(.text.CLOCK_GetFreq)
    CLOCK_InitArmPll                         0x30003d69   Thumb Code   212  fsl_clock.o(.text.CLOCK_InitArmPll)
    CLOCK_InitPfd                            0x30003e41   Thumb Code   216  fsl_clock.o(.text.CLOCK_InitPfd)
    CLOCK_InitSysPll2                        0x30003f59   Thumb Code   254  fsl_clock.o(.text.CLOCK_InitSysPll2)
    CLOCK_InitSysPll3                        0x30004059   Thumb Code   140  fsl_clock.o(.text.CLOCK_InitSysPll3)
    CLOCK_InitVideoPll                       0x300040e9   Thumb Code   216  fsl_clock.o(.text.CLOCK_InitVideoPll)
    CLOCK_OSC_EnableOscRc400M                0x300041c1   Thumb Code    26  fsl_clock.o(.text.CLOCK_OSC_EnableOscRc400M)
    CLOCK_OSC_Set1MHzOutputBehavior          0x300041e1   Thumb Code    44  fsl_clock.o(.text.CLOCK_OSC_Set1MHzOutputBehavior)
    CLOCK_SetPllBypass                       0x30004211   Thumb Code   148  fsl_clock.o(.text.CLOCK_SetPllBypass)
    ConsumerHeartbeatAlarm                   0x300042a9   Thumb Code    40  lifegrd.o(.text.ConsumerHeartbeatAlarm)
    DCDC_BootIntoDCM                         0x300042d1   Thumb Code    58  fsl_dcdc.o(.text.DCDC_BootIntoDCM)
    DbgConsole_Init                          0x30004311   Thumb Code    82  fsl_debug_console.o(.text.DbgConsole_Init)
    DbgConsole_Printf                        0x30004369   Thumb Code    32  fsl_debug_console.o(.text.DbgConsole_Printf)
    DbgConsole_Vprintf                       0x30004389   Thumb Code  1064  fsl_debug_console.o(.text.DbgConsole_Vprintf)
    DelAlarm                                 0x300047b1   Thumb Code    52  timer.o(.text.DelAlarm)
    FLEXCAN_CalculateImprovedTimingValues    0x300047e9   Thumb Code   326  fsl_flexcan.o(.text.FLEXCAN_CalculateImprovedTimingValues)
    FLEXCAN_GetDefaultConfig                 0x30004931   Thumb Code   120  fsl_flexcan.o(.text.FLEXCAN_GetDefaultConfig)
    FLEXCAN_Init                             0x300049a9   Thumb Code   692  fsl_flexcan.o(.text.FLEXCAN_Init)
    FLEXCAN_ReadFDRxMb                       0x30004c89   Thumb Code   346  fsl_flexcan.o(.text.FLEXCAN_ReadFDRxMb)
    FLEXCAN_ReadRxMb                         0x30004de9   Thumb Code   184  fsl_flexcan.o(.text.FLEXCAN_ReadRxMb)
    FLEXCAN_SetFDTxMbConfig                  0x30004f91   Thumb Code   266  fsl_flexcan.o(.text.FLEXCAN_SetFDTxMbConfig)
    FLEXCAN_SetRxMbConfig                    0x300050a1   Thumb Code   180  fsl_flexcan.o(.text.FLEXCAN_SetRxMbConfig)
    FLEXCAN_SetRxMbGlobalMask                0x30005159   Thumb Code    64  fsl_flexcan.o(.text.FLEXCAN_SetRxMbGlobalMask)
    FLEXCAN_SetTxMbConfig                    0x30005199   Thumb Code   112  fsl_flexcan.o(.text.FLEXCAN_SetTxMbConfig)
    FLEXCAN_TransferAbortReceive             0x30005209   Thumb Code   164  fsl_flexcan.o(.text.FLEXCAN_TransferAbortReceive)
    FLEXCAN_TransferAbortSend                0x300052b1   Thumb Code   272  fsl_flexcan.o(.text.FLEXCAN_TransferAbortSend)
    FLEXCAN_TransferCreateHandle             0x300053c1   Thumb Code   268  fsl_flexcan.o(.text.FLEXCAN_TransferCreateHandle)
    FLEXCAN_TransferFDAbortReceive           0x300054d1   Thumb Code   166  fsl_flexcan.o(.text.FLEXCAN_TransferFDAbortReceive)
    FLEXCAN_TransferFDAbortSend              0x30005579   Thumb Code   296  fsl_flexcan.o(.text.FLEXCAN_TransferFDAbortSend)
    FLEXCAN_TransferHandleIRQ                0x300056a1   Thumb Code  1018  fsl_flexcan.o(.text.FLEXCAN_TransferHandleIRQ)
    FLEXCAN_TransferReceiveNonBlocking       0x30005aa1   Thumb Code   214  fsl_flexcan.o(.text.FLEXCAN_TransferReceiveNonBlocking)
    FLEXCAN_TransferSendNonBlocking          0x30005b79   Thumb Code   240  fsl_flexcan.o(.text.FLEXCAN_TransferSendNonBlocking)
    FLEXCAN_WriteTxMb                        0x30005c69   Thumb Code   212  fsl_flexcan.o(.text.FLEXCAN_WriteTxMb)
    GPT2_IRQHandler                          0x30005d59   Thumb Code    22  flexcan_interrupt_transfer.o(.text.GPT2_IRQHandler)
    GPT_GetDefaultConfig                     0x30005d71   Thumb Code    56  fsl_gpt.o(.text.GPT_GetDefaultConfig)
    GPT_Init                                 0x30005db9   Thumb Code   280  fsl_gpt.o(.text.GPT_Init)
    GuardTimeAlarm                           0x30005f49   Thumb Code   106  lifegrd.o(.text.GuardTimeAlarm)
    HAL_UartInit                             0x30005fb9   Thumb Code   264  fsl_adapter_lpuart.o(.text.HAL_UartInit)
    HAL_UartReceiveBlocking                  0x30006101   Thumb Code   108  fsl_adapter_lpuart.o(.text.HAL_UartReceiveBlocking)
    HAL_UartSendBlocking                     0x30006171   Thumb Code   102  fsl_adapter_lpuart.o(.text.HAL_UartSendBlocking)
    LPUART10_DriverIRQHandler                0x300061d9   Thumb Code    36  fsl_lpuart.o(.text.LPUART10_DriverIRQHandler)
    LPUART11_DriverIRQHandler                0x30006201   Thumb Code    38  fsl_lpuart.o(.text.LPUART11_DriverIRQHandler)
    LPUART12_DriverIRQHandler                0x30006229   Thumb Code    38  fsl_lpuart.o(.text.LPUART12_DriverIRQHandler)
    LPUART1_DriverIRQHandler                 0x30006251   Thumb Code    38  fsl_lpuart.o(.text.LPUART1_DriverIRQHandler)
    LPUART2_DriverIRQHandler                 0x30006279   Thumb Code    36  fsl_lpuart.o(.text.LPUART2_DriverIRQHandler)
    LPUART3_DriverIRQHandler                 0x300062a1   Thumb Code    38  fsl_lpuart.o(.text.LPUART3_DriverIRQHandler)
    LPUART4_DriverIRQHandler                 0x300062c9   Thumb Code    38  fsl_lpuart.o(.text.LPUART4_DriverIRQHandler)
    LPUART5_DriverIRQHandler                 0x300062f1   Thumb Code    38  fsl_lpuart.o(.text.LPUART5_DriverIRQHandler)
    LPUART6_DriverIRQHandler                 0x30006319   Thumb Code    36  fsl_lpuart.o(.text.LPUART6_DriverIRQHandler)
    LPUART7_DriverIRQHandler                 0x30006341   Thumb Code    38  fsl_lpuart.o(.text.LPUART7_DriverIRQHandler)
    LPUART8_DriverIRQHandler                 0x30006369   Thumb Code    38  fsl_lpuart.o(.text.LPUART8_DriverIRQHandler)
    LPUART9_DriverIRQHandler                 0x30006391   Thumb Code    38  fsl_lpuart.o(.text.LPUART9_DriverIRQHandler)
    LPUART_GetDefaultConfig                  0x300063b9   Thumb Code    58  fsl_lpuart.o(.text.LPUART_GetDefaultConfig)
    LPUART_Init                              0x300063f9   Thumb Code   628  fsl_lpuart.o(.text.LPUART_Init)
    LPUART_ReadBlocking                      0x30006689   Thumb Code   276  fsl_lpuart.o(.text.LPUART_ReadBlocking)
    LPUART_WriteBlocking                     0x300067a1   Thumb Code    54  fsl_lpuart.o(.text.LPUART_WriteBlocking)
    Master_scanIndexOD                       0x300067d9   Thumb Code    80  master.o(.text.Master_scanIndexOD)
    Master_valueRangeTest                    0x30006829   Thumb Code    20  master.o(.text.Master_valueRangeTest)
    OnCOB_ID_SyncUpdate                      0x30006841   Thumb Code    10  sync.o(.text.OnCOB_ID_SyncUpdate)
    OnHeartbeatProducerUpdate                0x30006851   Thumb Code    62  lifegrd.o(.text.OnHeartbeatProducerUpdate)
    OnNodeGuardUpdate                        0x30006891   Thumb Code    26  lifegrd.o(.text.OnNodeGuardUpdate)
    OnNumberOfErrorsUpdate                   0x300068b1   Thumb Code    36  emcy.o(.text.OnNumberOfErrorsUpdate)
    PDOEventTimerAlarm                       0x300068d9   Thumb Code    26  pdo.o(.text.PDOEventTimerAlarm)
    PDOInhibitTimerAlarm                     0x300068f9   Thumb Code    44  pdo.o(.text.PDOInhibitTimerAlarm)
    PDOInit                                  0x30006929   Thumb Code   102  pdo.o(.text.PDOInit)
    PDOStop                                  0x30006991   Thumb Code   108  pdo.o(.text.PDOStop)
    PMU_EnableBodyBias                       0x30006a01   Thumb Code   202  fsl_pmu.o(.text.PMU_EnableBodyBias)
    PMU_StaticEnableLpsrAnaLdoBypassMode     0x30006ad1   Thumb Code   148  fsl_pmu.o(.text.PMU_StaticEnableLpsrAnaLdoBypassMode)
    PMU_StaticEnableLpsrDigLdoBypassMode     0x30006b69   Thumb Code   106  fsl_pmu.o(.text.PMU_StaticEnableLpsrDigLdoBypassMode)
    PMU_StaticEnablePllLdo                   0x30006bd9   Thumb Code    62  fsl_pmu.o(.text.PMU_StaticEnablePllLdo)
    PendSV_Handler                           0x30006c21   Thumb Code   100  port.o(.text.PendSV_Handler)
    ProducerHeartbeatAlarm                   0x30006c89   Thumb Code    74  lifegrd.o(.text.ProducerHeartbeatAlarm)
    RegisterSetODentryCallBack               0x30006cd9   Thumb Code    40  objacces.o(.text.RegisterSetODentryCallBack)
    SDK_DelayAtLeastUs                       0x30006d01   Thumb Code    68  fsl_common_arm.o(.text.SDK_DelayAtLeastUs)
    SDOTimeoutAlarm                          0x30006d59   Thumb Code   204  sdo.o(.text.SDOTimeoutAlarm)
    SDOlineToObjdict                         0x30006e29   Thumb Code    60  sdo.o(.text.SDOlineToObjdict)
    SVC_Handler                              0x30006e71   Thumb Code    36  port.o(.text.SVC_Handler)
    SetAlarm                                 0x30006e99   Thumb Code   166  timer.o(.text.SetAlarm)
    SyncAlarm                                0x30006f41   Thumb Code    66  sync.o(.text.SyncAlarm)
    SysTick_Handler                          0x30006f89   Thumb Code    50  port.o(.text.SysTick_Handler)
    SystemInit                               0x30006fc1   Thumb Code   288  system_mimxrt1176_cm7.o(.text.SystemInit)
    SystemInitHook                           0x300070e1   Thumb Code     2  system_mimxrt1176_cm7.o(.text.SystemInitHook)
    TPDO_Communication_Parameter_Callback    0x300070e9   Thumb Code   122  pdo.o(.text.TPDO_Communication_Parameter_Callback)
    TimeDispatch                             0x30007169   Thumb Code   214  timer.o(.text.TimeDispatch)
    _RxPDO_EventTimers_Handler               0x30007241   Thumb Code     2  pdo.o(.text._RxPDO_EventTimers_Handler)
    __aeabi_assert                           0x30007249   Thumb Code    16  fsl_assert.o(.text.__aeabi_assert)
    _getODentry                              0x30007289   Thumb Code   170  objacces.o(.text._getODentry)
    _heartbeatError                          0x30007339   Thumb Code     2  lifegrd.o(.text._heartbeatError)
    _initialisation                          0x30007341   Thumb Code     2  states.o(.text._initialisation)
    _nodeguardError                          0x30007349   Thumb Code     2  lifegrd.o(.text._nodeguardError)
    _operational                             0x30007351   Thumb Code     2  states.o(.text._operational)
    _post_SlaveBootup                        0x30007359   Thumb Code     2  lifegrd.o(.text._post_SlaveBootup)
    _post_SlaveStateChange                   0x30007361   Thumb Code     2  lifegrd.o(.text._post_SlaveStateChange)
    _post_TPDO                               0x30007369   Thumb Code     2  sync.o(.text._post_TPDO)
    _post_emcy                               0x30007371   Thumb Code     2  emcy.o(.text._post_emcy)
    _post_sync                               0x30007379   Thumb Code     2  sync.o(.text._post_sync)
    _preOperational                          0x30007381   Thumb Code    18  states.o(.text._preOperational)
    _sendPDOevent                            0x30007399   Thumb Code   342  pdo.o(.text._sendPDOevent)
    _setODentry                              0x300074f1   Thumb Code   236  objacces.o(.text._setODentry)
    _stopped                                 0x300075e1   Thumb Code     2  states.o(.text._stopped)
    _storeODSubIndex                         0x300075e9   Thumb Code     4  objacces.o(.text._storeODSubIndex)
    buildPDO                                 0x300075f1   Thumb Code   386  pdo.o(.text.buildPDO)
    canDispatch                              0x30007779   Thumb Code   104  states.o(.text.canDispatch)
    canSend                                  0x300077e1   Thumb Code   146  flexcan_interrupt_transfer.o(.text.canSend)
    emergencyInit                            0x30007879   Thumb Code    32  emcy.o(.text.emergencyInit)
    emergencyStop                            0x30007899   Thumb Code     2  emcy.o(.text.emergencyStop)
    failedSDO                                0x300078a1   Thumb Code   200  sdo.o(.text.failedSDO)
    getElapsedTime                           0x300079d1   Thumb Code    10  flexcan_interrupt_transfer.o(.text.getElapsedTime)
    getNodeId                                0x300079e1   Thumb Code     6  states.o(.text.getNodeId)
    heartbeatInit                            0x300079e9   Thumb Code   156  lifegrd.o(.text.heartbeatInit)
    initSDOline                              0x30007a89   Thumb Code   154  sdo.o(.text.initSDOline)
    lifeGuardInit                            0x30007b29   Thumb Code    18  lifegrd.o(.text.lifeGuardInit)
    lifeGuardStop                            0x30007b41   Thumb Code    76  lifegrd.o(.text.lifeGuardStop)
    lineToSDO                                0x30007b91   Thumb Code    78  sdo.o(.text.lineToSDO)
    main                                     0x30007be1   Thumb Code   596  flexcan_interrupt_transfer.o(.text.main)
    masterSendNMTnodeguard                   0x30007eb9   Thumb Code    32  nmtmaster.o(.text.masterSendNMTnodeguard)
    masterSendNMTstateChange                 0x30007ed9   Thumb Code    32  nmtmaster.o(.text.masterSendNMTstateChange)
    nodeguardInit                            0x30007ef9   Thumb Code   132  lifegrd.o(.text.nodeguardInit)
    objdictToSDOline                         0x30007f81   Thumb Code    66  sdo.o(.text.objdictToSDOline)
    proceedEMCY                              0x30007fc9   Thumb Code    42  emcy.o(.text.proceedEMCY)
    proceedNMTstateChange                    0x30007ff9   Thumb Code   180  nmtslave.o(.text.proceedNMTstateChange)
    proceedNODE_GUARD                        0x300080b1   Thumb Code   262  lifegrd.o(.text.proceedNODE_GUARD)
    proceedPDO                               0x300081b9   Thumb Code   784  pdo.o(.text.proceedPDO)
    proceedSDO                               0x300084c9   Thumb Code  4780  sdo.o(.text.proceedSDO)
    proceedSYNC                              0x30009779   Thumb Code    42  sync.o(.text.proceedSYNC)
    pvPortMalloc                             0x30009cf1   Thumb Code   394  heap_4.o(.text.pvPortMalloc)
    pxPortInitialiseStack                    0x30009e81   Thumb Code    44  port.o(.text.pxPortInitialiseStack)
    resetSDO                                 0x30009eb1   Thumb Code    86  sdo.o(.text.resetSDO)
    resetSDOline                             0x30009f09   Thumb Code    84  sdo.o(.text.resetSDOline)
    sendOnePDOevent                          0x30009f61   Thumb Code   314  pdo.o(.text.sendOnePDOevent)
    sendSDO                                  0x3000a0a1   Thumb Code   160  sdo.o(.text.sendSDO)
    sendSDOabort                             0x3000a141   Thumb Code   176  sdo.o(.text.sendSDOabort)
    setNodeId                                0x3000a1f1   Thumb Code   296  states.o(.text.setNodeId)
    setState                                 0x3000a339   Thumb Code   146  states.o(.text.setState)
    setTimer                                 0x3000a3d1   Thumb Code    14  flexcan_interrupt_transfer.o(.text.setTimer)
    slaveSendBootUp                          0x3000a3e1   Thumb Code    44  nmtslave.o(.text.slaveSendBootUp)
    startSYNC                                0x3000a411   Thumb Code   138  sync.o(.text.startSYNC)
    stopSYNC                                 0x3000a4a1   Thumb Code    44  sync.o(.text.stopSYNC)
    switchCommunicationState                 0x3000a4d1   Thumb Code   278  states.o(.text.switchCommunicationState)
    uxListRemove                             0x3000a5e9   Thumb Code    42  list.o(.text.uxListRemove)
    vListInitialise                          0x3000a619   Thumb Code    22  list.o(.text.vListInitialise)
    vListInitialiseItem                      0x3000a631   Thumb Code     6  list.o(.text.vListInitialiseItem)
    vListInsert                              0x3000a639   Thumb Code    58  list.o(.text.vListInsert)
    vListInsertEnd                           0x3000a679   Thumb Code    28  list.o(.text.vListInsertEnd)
    vPortEnterCritical                       0x3000a6b1   Thumb Code    82  port.o(.text.vPortEnterCritical)
    vPortExitCritical                        0x3000a709   Thumb Code    50  port.o(.text.vPortExitCritical)
    vPortFree                                0x3000a741   Thumb Code   202  heap_4.o(.text.vPortFree)
    vPortSetupTimerInterrupt                 0x3000a811   Thumb Code    52  port.o(.text.vPortSetupTimerInterrupt)
    vQueueAddToRegistry                      0x3000a849   Thumb Code    94  queue.o(.text.vQueueAddToRegistry)
    vQueueWaitForMessageRestricted           0x3000a8a9   Thumb Code    70  queue.o(.text.vQueueWaitForMessageRestricted)
    vTaskDelete                              0x3000a8f1   Thumb Code   294  tasks.o(.text.vTaskDelete)
    vTaskInternalSetTimeOutState             0x3000aa19   Thumb Code    26  tasks.o(.text.vTaskInternalSetTimeOutState)
    vTaskMissedYield                         0x3000aa39   Thumb Code    14  tasks.o(.text.vTaskMissedYield)
    vTaskPlaceOnEventList                    0x3000aa49   Thumb Code    58  tasks.o(.text.vTaskPlaceOnEventList)
    vTaskPlaceOnEventListRestricted          0x3000aa89   Thumb Code   114  tasks.o(.text.vTaskPlaceOnEventListRestricted)
    vTaskStartScheduler                      0x3000ab01   Thumb Code   156  tasks.o(.text.vTaskStartScheduler)
    vTaskSuspendAll                          0x3000aba9   Thumb Code    16  tasks.o(.text.vTaskSuspendAll)
    vTaskSwitchContext                       0x3000abb9   Thumb Code   138  tasks.o(.text.vTaskSwitchContext)
    xPortStartScheduler                      0x3000ac49   Thumb Code   242  port.o(.text.xPortStartScheduler)
    xQueueGenericCreate                      0x3000ad41   Thumb Code   150  queue.o(.text.xQueueGenericCreate)
    xQueueReceive                            0x3000add9   Thumb Code   436  queue.o(.text.xQueueReceive)
    xTaskCheckForTimeOut                     0x3000af91   Thumb Code   144  tasks.o(.text.xTaskCheckForTimeOut)
    xTaskCreate                              0x3000b021   Thumb Code   510  tasks.o(.text.xTaskCreate)
    xTaskGetSchedulerState                   0x3000b221   Thumb Code    36  tasks.o(.text.xTaskGetSchedulerState)
    xTaskGetTickCount                        0x3000b249   Thumb Code    12  tasks.o(.text.xTaskGetTickCount)
    xTaskIncrementTick                       0x3000b259   Thumb Code   420  tasks.o(.text.xTaskIncrementTick)
    xTaskRemoveFromEventList                 0x3000b401   Thumb Code   250  tasks.o(.text.xTaskRemoveFromEventList)
    xTaskResumeAll                           0x3000b501   Thumb Code   388  tasks.o(.text.xTaskResumeAll)
    xTimerCreateTimerTask                    0x3000b689   Thumb Code    92  timers.o(.text.xTimerCreateTimerTask)
    __scatterload_copy                       0x3000b6ed   Thumb Code    14  handlers.o(i.__scatterload_copy)
    __scatterload_null                       0x3000b6fb   Thumb Code     2  handlers.o(i.__scatterload_null)
    __scatterload_zeroinit                   0x3000b6fd   Thumb Code    14  handlers.o(i.__scatterload_zeroinit)
    Master_ObjdictSize                       0x3000b726   Data           2  master.o(.rodata.Master_ObjdictSize)
    Master_firstIndex                        0x3000b728   Data          12  master.o(.rodata.Master_firstIndex)
    Master_iam_a_slave                       0x3000b734   Data           1  master.o(.rodata.Master_iam_a_slave)
    Master_lastIndex                         0x3000b736   Data          12  master.o(.rodata.Master_lastIndex)
    Master_objdict                           0x3000b744   Data          32  master.o(.rodata.Master_objdict)
    armPllConfig_BOARD_BootClockRUN          0x3000b764   Data           8  clock_config.o(.rodata.armPllConfig_BOARD_BootClockRUN)
    sysPll2Config_BOARD_BootClockRUN         0x3000c9fc   Data          12  clock_config.o(.rodata.sysPll2Config_BOARD_BootClockRUN)
    uxTopUsedPriority                        0x3000ca08   Data           4  tasks.o(.rodata.uxTopUsedPriority)
    videoPllConfig_BOARD_BootClockRUN        0x3000ca0c   Data          20  clock_config.o(.rodata.videoPllConfig_BOARD_BootClockRUN)
    Region$$Table$$Base                      0x3000ca20   Number         0  anon$$obj.o(Region$$Table)
    Region$$Table$$Limit                     0x3000ca40   Number         0  anon$$obj.o(Region$$Table)



==============================================================================

Memory Map of the image

  Image Entry point : 0x30002415

  Load Region LR_m_text (Base: 0x30000400, Size: 0x0000c964, Max: 0x00fbfc00, ABSOLUTE, COMPRESSED[0x0000c718])

    Execution Region RW_m_ram_text (Exec base: 0x00000000, Load base: 0x3000cb18, Size: 0x00000000, Max: 0x00040000, ABSOLUTE)

    **** No section assigned to this execution region ****


    Execution Region RW_m_data (Exec base: 0x20000000, Load base: 0x3000ca40, Size: 0x000031f4, Max: 0x0003f800, ABSOLUTE, COMPRESSED[0x000000d8])

    Exec Addr    Load Addr    Size         Type   Attr      Idx    E Section Name        Object

    0x20000000   COMPRESSED   0x00000240   Data   RW         1154    .data.Master_Data   master.o
    0x20000240   COMPRESSED   0x00000010   Data   RW         1127    .data.Master_Index1000  master.o
    0x20000250   COMPRESSED   0x00000010   Data   RW         1129    .data.Master_Index1001  master.o
    0x20000260   COMPRESSED   0x00000010   Data   RW         1141    .data.Master_Index1017  master.o
    0x20000270   COMPRESSED   0x00000050   Data   RW         1147    .data.Master_Index1018  master.o
    0x200002c0   COMPRESSED   0x00000012   Data   RW         1149    .data.Master_PDO_status  master.o
    0x200002d2   COMPRESSED   0x00000001   Data   RW         1142    .data.Master_highestSubIndex_obj1018  master.o
    0x200002d3   COMPRESSED   0x00000001   PAD
    0x200002d4   COMPRESSED   0x00000004   Data   RW         1137    .data.Master_obj1014  master.o
    0x200002d8   COMPRESSED   0x00000002   Data   RW         1140    .data.Master_obj1017  master.o
    0x200002da   COMPRESSED   0x00000002   PAD
    0x200002dc   COMPRESSED   0x00000004   Data   RW          720    .data.SystemCoreClock  system_mimxrt1176_cm7.o
    0x200002e0   COMPRESSED   0x00000002   Data   RW         1110    .data.last_timer_raw  timer.o
    0x200002e2   COMPRESSED   0x00000002   PAD
    0x200002e4   COMPRESSED   0x00000004   Data   RW          270    .data.s_flexcanIsr  fsl_flexcan.o
    0x200002e8   COMPRESSED   0x00000034   Data   RW          516    .data.s_lpuartIsr   fsl_lpuart.o
    0x2000031c   COMPRESSED   0x00000004   Data   RW         1109    .data.total_sleep_time  timer.o
    0x20000320   COMPRESSED   0x00000004   Data   RW         1550    .data.uxCriticalNesting  port.o
    0x20000324        -       0x00000004   Zero   RW           36    .bss.AppTaskCreate_Handle  flexcan_interrupt_transfer.o
    0x20000328        -       0x00000004   Zero   RW           49    .bss.CANopenRx_Task_Handle  flexcan_interrupt_transfer.o
    0x2000032c        -       0x00000001   Zero   RW         1124    .bss.Master_bDeviceNodeId  master.o
    0x2000032d   COMPRESSED   0x00000001   PAD
    0x2000032e        -       0x00000002   Zero   RW         1153    .bss.Master_heartBeatTimers  master.o
    0x20000330        -       0x00000001   Zero   RW         1130    .bss.Master_highestSubIndex_obj1003  master.o
    0x20000331        -       0x00000001   Zero   RW         1138    .bss.Master_highestSubIndex_obj1016  master.o
    0x20000332   COMPRESSED   0x00000002   PAD
    0x20000334        -       0x00000004   Zero   RW         1126    .bss.Master_obj1000  master.o
    0x20000338        -       0x00000001   Zero   RW         1128    .bss.Master_obj1001  master.o
    0x20000339   COMPRESSED   0x00000003   PAD
    0x2000033c        -       0x00000004   Zero   RW         1131    .bss.Master_obj1003  master.o
    0x20000340        -       0x00000004   Zero   RW         1133    .bss.Master_obj1005  master.o
    0x20000344        -       0x00000004   Zero   RW         1134    .bss.Master_obj1006  master.o
    0x20000348        -       0x00000002   Zero   RW         1135    .bss.Master_obj100C  master.o
    0x2000034a        -       0x00000001   Zero   RW         1136    .bss.Master_obj100D  master.o
    0x2000034b   COMPRESSED   0x00000001   PAD
    0x2000034c        -       0x00000004   Zero   RW         1139    .bss.Master_obj1016  master.o
    0x20000350        -       0x00000004   Zero   RW         1144    .bss.Master_obj1018_Product_Code  master.o
    0x20000354        -       0x00000004   Zero   RW         1145    .bss.Master_obj1018_Revision_Number  master.o
    0x20000358        -       0x00000004   Zero   RW         1146    .bss.Master_obj1018_Serial_Number  master.o
    0x2000035c        -       0x00000004   Zero   RW         1143    .bss.Master_obj1018_Vendor_ID  master.o
    0x20000360        -       0x00000024   Zero   RW           38    .bss.flexcanConfig  flexcan_interrupt_transfer.o
    0x20000384        -       0x00000358   Zero   RW           34    .bss.flexcanHandle  flexcan_interrupt_transfer.o
    0x200006dc        -       0x00000010   Zero   RW           41    .bss.gptConfig      flexcan_interrupt_transfer.o
    0x200006ec        -       0x00000004   Zero   RW           40    .bss.gptFreq        flexcan_interrupt_transfer.o
    0x200006f0        -       0x00000008   Zero   RW           39    .bss.mbConfig       flexcan_interrupt_transfer.o
    0x200006f8        -       0x00000004   Zero   RW         1511    .bss.prvSampleTimeNow.xLastTime  timers.o
    0x200006fc        -       0x00000004   Zero   RW         1437    .bss.pxCurrentTCB   tasks.o
    0x20000700        -       0x00000004   Zero   RW         1509    .bss.pxCurrentTimerList  timers.o
    0x20000704        -       0x00000004   Zero   RW         1448    .bss.pxDelayedTaskList  tasks.o
    0x20000708        -       0x00000004   Zero   RW         1573    .bss.pxEnd          heap_4.o
    0x2000070c        -       0x00000004   Zero   RW         1449    .bss.pxOverflowDelayedTaskList  tasks.o
    0x20000710        -       0x00000004   Zero   RW         1510    .bss.pxOverflowTimerList  timers.o
    0x20000714        -       0x00000064   Zero   RW         1439    .bss.pxReadyTasksLists  tasks.o
    0x20000778        -       0x00000001   Zero   RW           26    .bss.rxComplete     flexcan_interrupt_transfer.o
    0x20000779   COMPRESSED   0x00000003   PAD
    0x2000077c        -       0x00000010   Zero   RW           43    .bss.rxFrame        flexcan_interrupt_transfer.o
    0x2000078c        -       0x0000000c   Zero   RW           46    .bss.rxMessage      flexcan_interrupt_transfer.o
    0x20000798        -       0x0000000c   Zero   RW           37    .bss.rxXfer         flexcan_interrupt_transfer.o
    0x200007a4        -       0x00000014   Zero   RW          144    .bss.s_debugConsole  fsl_debug_console.o
    0x200007b8        -       0x00000010   Zero   RW          269    .bss.s_flexcanHandle  fsl_flexcan.o
    0x200007c8        -       0x00000034   Zero   RW          520    .bss.s_lpuartHandle  fsl_lpuart.o
    0x200007fc        -       0x000000c0   Zero   RW         1108    .bss.timers         timer.o
    0x200008bc        -       0x00000001   Zero   RW           25    .bss.txComplete     flexcan_interrupt_transfer.o
    0x200008bd   COMPRESSED   0x00000003   PAD
    0x200008c0        -       0x0000000c   Zero   RW           33    .bss.txXfer         flexcan_interrupt_transfer.o
    0x200008cc        -       0x00002800   Zero   RW         1579    .bss.ucHeap         heap_4.o
    0x200030cc        -       0x00000001   Zero   RW         1548    .bss.ucMaxSysCallPriority  port.o
    0x200030cd   COMPRESSED   0x00000003   PAD
    0x200030d0        -       0x00000004   Zero   RW         1549    .bss.ulMaxPRIGROUPValue  port.o
    0x200030d4        -       0x00000004   Zero   RW         1444    .bss.uxCurrentNumberOfTasks  tasks.o
    0x200030d8        -       0x00000004   Zero   RW         1443    .bss.uxDeletedTasksWaitingCleanUp  tasks.o
    0x200030dc        -       0x00000004   Zero   RW         1446    .bss.uxSchedulerSuspended  tasks.o
    0x200030e0        -       0x00000004   Zero   RW         1441    .bss.uxTaskNumber   tasks.o
    0x200030e4        -       0x00000004   Zero   RW         1440    .bss.uxTopReadyPriority  tasks.o
    0x200030e8        -       0x00000001   Zero   RW           27    .bss.wakenUp        flexcan_interrupt_transfer.o
    0x200030e9   COMPRESSED   0x00000003   PAD
    0x200030ec        -       0x00000014   Zero   RW         1512    .bss.xActiveTimerList1  timers.o
    0x20003100        -       0x00000014   Zero   RW         1513    .bss.xActiveTimerList2  timers.o
    0x20003114        -       0x00000014   Zero   RW         1457    .bss.xDelayedTaskList1  tasks.o
    0x20003128        -       0x00000014   Zero   RW         1458    .bss.xDelayedTaskList2  tasks.o
    0x2000313c        -       0x00000004   Zero   RW         1574    .bss.xFreeBytesRemaining  heap_4.o
    0x20003140        -       0x00000004   Zero   RW         1453    .bss.xIdleTaskHandle  tasks.o
    0x20003144        -       0x00000004   Zero   RW         1576    .bss.xMinimumEverFreeBytesRemaining  heap_4.o
    0x20003148        -       0x00000004   Zero   RW         1454    .bss.xNextTaskUnblockTime  tasks.o
    0x2000314c        -       0x00000004   Zero   RW         1456    .bss.xNumOfOverflows  tasks.o
    0x20003150        -       0x00000004   Zero   RW         1577    .bss.xNumberOfSuccessfulAllocations  heap_4.o
    0x20003154        -       0x00000004   Zero   RW         1578    .bss.xNumberOfSuccessfulFrees  heap_4.o
    0x20003158        -       0x00000004   Zero   RW         1455    .bss.xPendedTicks   tasks.o
    0x2000315c        -       0x00000014   Zero   RW         1452    .bss.xPendingReadyList  tasks.o
    0x20003170        -       0x00000040   Zero   RW         1274    .bss.xQueueRegistry  queue.o
    0x200031b0        -       0x00000004   Zero   RW         1445    .bss.xSchedulerRunning  tasks.o
    0x200031b4        -       0x00000008   Zero   RW         1575    .bss.xStart         heap_4.o
    0x200031bc        -       0x00000014   Zero   RW         1450    .bss.xSuspendedTaskList  tasks.o
    0x200031d0        -       0x00000014   Zero   RW         1442    .bss.xTasksWaitingTermination  tasks.o
    0x200031e4        -       0x00000004   Zero   RW         1447    .bss.xTickCount     tasks.o
    0x200031e8        -       0x00000004   Zero   RW         1507    .bss.xTimerQueue    timers.o
    0x200031ec        -       0x00000004   Zero   RW         1508    .bss.xTimerTaskHandle  timers.o
    0x200031f0        -       0x00000004   Zero   RW         1451    .bss.xYieldPending  tasks.o


    Execution Region ARM_LIB_HEAP (Exec base: 0x200031f4, Load base: 0x3000cb18, Size: 0x00000400, Max: 0x00000400, ABSOLUTE)

    Exec Addr    Load Addr    Size         Type   Attr      Idx    E Section Name        Object

    0x200031f4        -       0x00000400   Zero   RW            2    ARM_LIB_HEAP.bss    anon$$obj.o


    Execution Region ARM_LIB_STACK (Exec base: 0x2003fc00, Load base: 0x3000cb18, Size: 0x00000400, Max: 0x00000400, ABSOLUTE)

    Exec Addr    Load Addr    Size         Type   Attr      Idx    E Section Name        Object

    0x2003fc00        -       0x00000400   Zero   RW            3    ARM_LIB_STACK.bss   anon$$obj.o


    Execution Region RW_m_ncache (Exec base: 0x202c0000, Load base: 0x3000cb18, Size: 0x00000000, Max: 0x00000000, ABSOLUTE)

    Exec Addr    Load Addr    Size         Type   Attr      Idx    E Section Name        Object

    0x202c0000        -       0x00000000   Zero   RW            4    RW_m_ncache.bss     anon$$obj.o


    Execution Region RW_m_ncache_unused (Exec base: 0x202c0000, Load base: 0x3000cb18, Size: 0x00080000, Max: 0x00080000, ABSOLUTE)

    Exec Addr    Load Addr    Size         Type   Attr      Idx    E Section Name        Object

    0x202c0000        -       0x00080000   Zero   RW            5    RW_m_ncache_unused.bss  anon$$obj.o


    Execution Region RW_m_config_text (Exec base: 0x30000400, Load base: 0x30000400, Size: 0x00000200, Max: 0x00000c00, ABSOLUTE, FIXED)

    Exec Addr    Load Addr    Size         Type   Attr      Idx    E Section Name        Object

    0x30000400   0x30000400   0x00000200   Data   RO          795    .boot_hdr.conf      evkmimxrt1170_flexspi_nor_config.o


    Execution Region RW_m_ivt_text (Exec base: 0x30001000, Load base: 0x30001000, Size: 0x00000030, Max: 0x00001000, ABSOLUTE, FIXED)

    Exec Addr    Load Addr    Size         Type   Attr      Idx    E Section Name        Object

    0x30001000   0x30001000   0x00000020   Data   RO          789    .boot_hdr.ivt       fsl_flexspi_nor_boot.o
    0x30001020   0x30001020   0x00000010   Data   RO          788    .boot_hdr.boot_data  fsl_flexspi_nor_boot.o


    Execution Region VECTOR_ROM (Exec base: 0x30002000, Load base: 0x30002000, Size: 0x00000400, Max: 0x00000400, ABSOLUTE, FIXED)

    Exec Addr    Load Addr    Size         Type   Attr      Idx    E Section Name        Object

    0x30002000   0x30002000   0x00000400   Data   RO          782    .isr_vector         startup_mimxrt1176_cm7.o


    Execution Region VECTOR_RAM (Exec base: 0x30002000, Load base: 0x3000ca40, Size: 0x00000000, Max: 0x00000000, ABSOLUTE)

    Exec Addr    Load Addr    Size         Type   Attr      Idx    E Section Name        Object

    0x30002000        -       0x00000000   Zero   RW            1    VECTOR_RAM.bss      anon$$obj.o


    Execution Region ER_m_text (Exec base: 0x30002400, Load base: 0x30002400, Size: 0x0000a640, Max: 0x00fbdc00, ABSOLUTE, FIXED)

    Exec Addr    Load Addr    Size         Type   Attr      Idx    E Section Name        Object

    0x30002400   0x30002400   0x00000000   Code   RO         1587  * .ARM.Collect$$$$00000000  mc_w.l(entry.o)
    0x30002400   0x30002400   0x00000004   Code   RO         1641    .ARM.Collect$$$$00000003  mc_w.l(entry4.o)
    0x30002404   0x30002404   0x00000004   Code   RO         1644    .ARM.Collect$$$$00000004  mc_w.l(entry5.o)
    0x30002408   0x30002408   0x00000000   Code   RO         1646    .ARM.Collect$$$$00000008  mc_w.l(entry7b.o)
    0x30002408   0x30002408   0x00000000   Code   RO         1648    .ARM.Collect$$$$0000000A  mc_w.l(entry8b.o)
    0x30002408   0x30002408   0x00000008   Code   RO         1649    .ARM.Collect$$$$0000000B  mc_w.l(entry9a.o)
    0x30002410   0x30002410   0x00000000   Code   RO         1651    .ARM.Collect$$$$0000000D  mc_w.l(entry10a.o)
    0x30002410   0x30002410   0x00000000   Code   RO         1653    .ARM.Collect$$$$0000000F  mc_w.l(entry11a.o)
    0x30002410   0x30002410   0x00000004   Code   RO         1642    .ARM.Collect$$$$00002714  mc_w.l(entry4.o)
    0x30002414   0x30002414   0x000002d4   Code   RO          781  * .text               startup_mimxrt1176_cm7.o
    0x300026e8   0x300026e8   0x00000062   Code   RO         1590    .text               mc_w.l(uldiv.o)
    0x3000274a   0x3000274a   0x00000028   Code   RO         1592    .text               mc_w.l(memcpy.o)
    0x30002772   0x30002772   0x00000012   Code   RO         1594    .text               mc_w.l(memset.o)
    0x30002784   0x30002784   0x0000000e   Code   RO         1598    .text               mc_w.l(strlen.o)
    0x30002792   0x30002792   0x0000001a   Code   RO         1600    .text               mc_w.l(memcmp.o)
    0x300027ac   0x300027ac   0x0000001e   Code   RO         1655    .text               mc_w.l(llshl.o)
    0x300027ca   0x300027ca   0x00000020   Code   RO         1657    .text               mc_w.l(llushr.o)
    0x300027ea   0x300027ea   0x00000002   PAD
    0x300027ec   0x300027ec   0x00000030   Code   RO         1695    .text               mc_w.l(init.o)
    0x3000281c   0x3000281c   0x00000056   Code   RO         1707    .text               mc_w.l(__dczerorl2.o)
    0x30002872   0x30002872   0x00000006   PAD
    0x30002878   0x30002878   0x00000348   Code   RO          681    .text.ANATOP_AI_Access  fsl_anatop_ai.o
    0x30002bc0   0x30002bc0   0x0000000a   Code   RO          685    .text.ANATOP_AI_Read  fsl_anatop_ai.o
    0x30002bca   0x30002bca   0x00000006   PAD
    0x30002bd0   0x30002bd0   0x0000000c   Code   RO          683    .text.ANATOP_AI_Write  fsl_anatop_ai.o
    0x30002bdc   0x30002bdc   0x00000004   PAD
    0x30002be0   0x30002be0   0x00000030   Code   RO          687    .text.ANATOP_AI_WriteWithMaskShift  fsl_anatop_ai.o
    0x30002c10   0x30002c10   0x0000009e   Code   RO          312    .text.ANATOP_PllConfigure  fsl_clock.o
    0x30002cae   0x30002cae   0x00000002   PAD
    0x30002cb0   0x30002cb0   0x0000007c   Code   RO           19    .text.AppTaskCreate  flexcan_interrupt_transfer.o
    0x30002d2c   0x30002d2c   0x00000004   PAD
    0x30002d30   0x30002d30   0x00000622   Code   RO           92    .text.BOARD_BootClockRUN  clock_config.o
    0x30003352   0x30003352   0x00000006   PAD
    0x30003358   0x30003358   0x00000334   Code   RO           74    .text.BOARD_ConfigMPU  board.o
    0x3000368c   0x3000368c   0x00000004   PAD
    0x30003690   0x30003690   0x0000005a   Code   RO           72    .text.BOARD_InitDebugConsole  board.o
    0x300036ea   0x300036ea   0x00000006   PAD
    0x300036f0   0x300036f0   0x00000066   Code   RO           61    .text.BOARD_InitPins  pin_mux.o
    0x30003756   0x30003756   0x00000002   PAD
    0x30003758   0x30003758   0x00000058   Code   RO          260    .text.CAN1_DriverIRQHandler  fsl_flexcan.o
    0x300037b0   0x300037b0   0x00000058   Code   RO          262    .text.CAN2_DriverIRQHandler  fsl_flexcan.o
    0x30003808   0x30003808   0x00000058   Code   RO          264    .text.CAN3_DriverIRQHandler  fsl_flexcan.o
    0x30003860   0x30003860   0x00000170   Code   RO           23    .text.CANopenRx_Task  flexcan_interrupt_transfer.o
    0x300039d0   0x300039d0   0x0000004e   Code   RO          314    .text.CLOCK_DeinitAudioPll  fsl_clock.o
    0x30003a1e   0x30003a1e   0x00000002   PAD
    0x30003a20   0x30003a20   0x0000005e   Code   RO          332    .text.CLOCK_DeinitSysPll1  fsl_clock.o
    0x30003a7e   0x30003a7e   0x00000002   PAD
    0x30003a80   0x30003a80   0x000002e8   Code   RO          370    .text.CLOCK_GetFreq  fsl_clock.o
    0x30003d68   0x30003d68   0x000000d4   Code   RO          280    .text.CLOCK_InitArmPll  fsl_clock.o
    0x30003e3c   0x30003e3c   0x00000004   PAD
    0x30003e40   0x30003e40   0x00000118   Code   RO          292    .text.CLOCK_InitPfd  fsl_clock.o
    0x30003f58   0x30003f58   0x000000fe   Code   RO          286    .text.CLOCK_InitSysPll2  fsl_clock.o
    0x30004056   0x30004056   0x00000002   PAD
    0x30004058   0x30004058   0x0000008c   Code   RO          298    .text.CLOCK_InitSysPll3  fsl_clock.o
    0x300040e4   0x300040e4   0x00000004   PAD
    0x300040e8   0x300040e8   0x000000d8   Code   RO          324    .text.CLOCK_InitVideoPll  fsl_clock.o
    0x300041c0   0x300041c0   0x0000001a   Code   RO          376    .text.CLOCK_OSC_EnableOscRc400M  fsl_clock.o
    0x300041da   0x300041da   0x00000006   PAD
    0x300041e0   0x300041e0   0x0000002c   Code   RO          356    .text.CLOCK_OSC_Set1MHzOutputBehavior  fsl_clock.o
    0x3000420c   0x3000420c   0x00000004   PAD
    0x30004210   0x30004210   0x00000094   Code   RO          304    .text.CLOCK_SetPllBypass  fsl_clock.o
    0x300042a4   0x300042a4   0x00000004   PAD
    0x300042a8   0x300042a8   0x00000028   Code   RO          853    .text.ConsumerHeartbeatAlarm  lifegrd.o
    0x300042d0   0x300042d0   0x0000003a   Code   RO          650    .text.DCDC_BootIntoDCM  fsl_dcdc.o
    0x3000430a   0x3000430a   0x00000006   PAD
    0x30004310   0x30004310   0x00000052   Code   RO          130    .text.DbgConsole_Init  fsl_debug_console.o
    0x30004362   0x30004362   0x00000006   PAD
    0x30004368   0x30004368   0x00000020   Code   RO          134    .text.DbgConsole_Printf  fsl_debug_console.o
    0x30004388   0x30004388   0x00000428   Code   RO          136    .text.DbgConsole_Vprintf  fsl_debug_console.o
    0x300047b0   0x300047b0   0x00000034   Code   RO         1104    .text.DelAlarm      timer.o
    0x300047e4   0x300047e4   0x00000004   PAD
    0x300047e8   0x300047e8   0x00000146   Code   RO          170    .text.FLEXCAN_CalculateImprovedTimingValues  fsl_flexcan.o
    0x3000492e   0x3000492e   0x00000002   PAD
    0x30004930   0x30004930   0x00000078   Code   RO          188    .text.FLEXCAN_GetDefaultConfig  fsl_flexcan.o
    0x300049a8   0x300049a8   0x000002e0   Code   RO          180    .text.FLEXCAN_Init  fsl_flexcan.o
    0x30004c88   0x30004c88   0x0000015a   Code   RO          218    .text.FLEXCAN_ReadFDRxMb  fsl_flexcan.o
    0x30004de2   0x30004de2   0x00000006   PAD
    0x30004de8   0x30004de8   0x000000b8   Code   RO          216    .text.FLEXCAN_ReadRxMb  fsl_flexcan.o
    0x30004ea0   0x30004ea0   0x000000ec   Code   RO          182    .text.FLEXCAN_Reset  fsl_flexcan.o
    0x30004f8c   0x30004f8c   0x00000004   PAD
    0x30004f90   0x30004f90   0x0000010a   Code   RO          200    .text.FLEXCAN_SetFDTxMbConfig  fsl_flexcan.o
    0x3000509a   0x3000509a   0x00000006   PAD
    0x300050a0   0x300050a0   0x000000b4   Code   RO          202    .text.FLEXCAN_SetRxMbConfig  fsl_flexcan.o
    0x30005154   0x30005154   0x00000004   PAD
    0x30005158   0x30005158   0x00000040   Code   RO          190    .text.FLEXCAN_SetRxMbGlobalMask  fsl_flexcan.o
    0x30005198   0x30005198   0x00000070   Code   RO          196    .text.FLEXCAN_SetTxMbConfig  fsl_flexcan.o
    0x30005208   0x30005208   0x000000a4   Code   RO          254    .text.FLEXCAN_TransferAbortReceive  fsl_flexcan.o
    0x300052ac   0x300052ac   0x00000004   PAD
    0x300052b0   0x300052b0   0x00000110   Code   RO          248    .text.FLEXCAN_TransferAbortSend  fsl_flexcan.o
    0x300053c0   0x300053c0   0x0000010c   Code   RO          232    .text.FLEXCAN_TransferCreateHandle  fsl_flexcan.o
    0x300054cc   0x300054cc   0x00000004   PAD
    0x300054d0   0x300054d0   0x000000a6   Code   RO          252    .text.FLEXCAN_TransferFDAbortReceive  fsl_flexcan.o
    0x30005576   0x30005576   0x00000002   PAD
    0x30005578   0x30005578   0x00000128   Code   RO          250    .text.FLEXCAN_TransferFDAbortSend  fsl_flexcan.o
    0x300056a0   0x300056a0   0x000003fa   Code   RO          234    .text.FLEXCAN_TransferHandleIRQ  fsl_flexcan.o
    0x30005a9a   0x30005a9a   0x00000006   PAD
    0x30005aa0   0x30005aa0   0x000000d6   Code   RO          238    .text.FLEXCAN_TransferReceiveNonBlocking  fsl_flexcan.o
    0x30005b76   0x30005b76   0x00000002   PAD
    0x30005b78   0x30005b78   0x000000f0   Code   RO          236    .text.FLEXCAN_TransferSendNonBlocking  fsl_flexcan.o
    0x30005c68   0x30005c68   0x000000ec   Code   RO          212    .text.FLEXCAN_WriteTxMb  fsl_flexcan.o
    0x30005d54   0x30005d54   0x00000004   PAD
    0x30005d58   0x30005d58   0x00000016   Code   RO           15    .text.GPT2_IRQHandler  flexcan_interrupt_transfer.o
    0x30005d6e   0x30005d6e   0x00000002   PAD
    0x30005d70   0x30005d70   0x00000048   Code   RO          701    .text.GPT_GetDefaultConfig  fsl_gpt.o
    0x30005db8   0x30005db8   0x00000190   Code   RO          697    .text.GPT_Init      fsl_gpt.o
    0x30005f48   0x30005f48   0x0000006a   Code   RO          859    .text.GuardTimeAlarm  lifegrd.o
    0x30005fb2   0x30005fb2   0x00000006   PAD
    0x30005fb8   0x30005fb8   0x00000148   Code   RO          728    .text.HAL_UartInit  fsl_adapter_lpuart.o
    0x30006100   0x30006100   0x0000006c   Code   RO          732    .text.HAL_UartReceiveBlocking  fsl_adapter_lpuart.o
    0x3000616c   0x3000616c   0x00000004   PAD
    0x30006170   0x30006170   0x00000066   Code   RO          734    .text.HAL_UartSendBlocking  fsl_adapter_lpuart.o
    0x300061d6   0x300061d6   0x00000002   PAD
    0x300061d8   0x300061d8   0x00000024   Code   RO          509    .text.LPUART10_DriverIRQHandler  fsl_lpuart.o
    0x300061fc   0x300061fc   0x00000004   PAD
    0x30006200   0x30006200   0x00000026   Code   RO          511    .text.LPUART11_DriverIRQHandler  fsl_lpuart.o
    0x30006226   0x30006226   0x00000002   PAD
    0x30006228   0x30006228   0x00000026   Code   RO          513    .text.LPUART12_DriverIRQHandler  fsl_lpuart.o
    0x3000624e   0x3000624e   0x00000002   PAD
    0x30006250   0x30006250   0x00000026   Code   RO          491    .text.LPUART1_DriverIRQHandler  fsl_lpuart.o
    0x30006276   0x30006276   0x00000002   PAD
    0x30006278   0x30006278   0x00000024   Code   RO          493    .text.LPUART2_DriverIRQHandler  fsl_lpuart.o
    0x3000629c   0x3000629c   0x00000004   PAD
    0x300062a0   0x300062a0   0x00000026   Code   RO          495    .text.LPUART3_DriverIRQHandler  fsl_lpuart.o
    0x300062c6   0x300062c6   0x00000002   PAD
    0x300062c8   0x300062c8   0x00000026   Code   RO          497    .text.LPUART4_DriverIRQHandler  fsl_lpuart.o
    0x300062ee   0x300062ee   0x00000002   PAD
    0x300062f0   0x300062f0   0x00000026   Code   RO          499    .text.LPUART5_DriverIRQHandler  fsl_lpuart.o
    0x30006316   0x30006316   0x00000002   PAD
    0x30006318   0x30006318   0x00000024   Code   RO          501    .text.LPUART6_DriverIRQHandler  fsl_lpuart.o
    0x3000633c   0x3000633c   0x00000004   PAD
    0x30006340   0x30006340   0x00000026   Code   RO          503    .text.LPUART7_DriverIRQHandler  fsl_lpuart.o
    0x30006366   0x30006366   0x00000002   PAD
    0x30006368   0x30006368   0x00000026   Code   RO          505    .text.LPUART8_DriverIRQHandler  fsl_lpuart.o
    0x3000638e   0x3000638e   0x00000002   PAD
    0x30006390   0x30006390   0x00000026   Code   RO          507    .text.LPUART9_DriverIRQHandler  fsl_lpuart.o
    0x300063b6   0x300063b6   0x00000002   PAD
    0x300063b8   0x300063b8   0x0000003a   Code   RO          447    .text.LPUART_GetDefaultConfig  fsl_lpuart.o
    0x300063f2   0x300063f2   0x00000006   PAD
    0x300063f8   0x300063f8   0x00000290   Code   RO          443    .text.LPUART_Init   fsl_lpuart.o
    0x30006688   0x30006688   0x00000114   Code   RO          467    .text.LPUART_ReadBlocking  fsl_lpuart.o
    0x3000679c   0x3000679c   0x00000004   PAD
    0x300067a0   0x300067a0   0x00000036   Code   RO          465    .text.LPUART_WriteBlocking  fsl_lpuart.o
    0x300067d6   0x300067d6   0x00000002   PAD
    0x300067d8   0x300067d8   0x00000050   Code   RO         1122    .text.Master_scanIndexOD  master.o
    0x30006828   0x30006828   0x00000014   Code   RO         1120    .text.Master_valueRangeTest  master.o
    0x3000683c   0x3000683c   0x00000004   PAD
    0x30006840   0x30006840   0x0000000a   Code   RO         1080    .text.OnCOB_ID_SyncUpdate  sync.o
    0x3000684a   0x3000684a   0x00000006   PAD
    0x30006850   0x30006850   0x0000003e   Code   RO          867    .text.OnHeartbeatProducerUpdate  lifegrd.o
    0x3000688e   0x3000688e   0x00000002   PAD
    0x30006890   0x30006890   0x0000001a   Code   RO          861    .text.OnNodeGuardUpdate  lifegrd.o
    0x300068aa   0x300068aa   0x00000006   PAD
    0x300068b0   0x300068b0   0x00000024   Code   RO          827    .text.OnNumberOfErrorsUpdate  emcy.o
    0x300068d4   0x300068d4   0x00000004   PAD
    0x300068d8   0x300068d8   0x0000001a   Code   RO          946    .text.PDOEventTimerAlarm  pdo.o
    0x300068f2   0x300068f2   0x00000006   PAD
    0x300068f8   0x300068f8   0x0000002c   Code   RO          954    .text.PDOInhibitTimerAlarm  pdo.o
    0x30006924   0x30006924   0x00000004   PAD
    0x30006928   0x30006928   0x00000066   Code   RO          960    .text.PDOInit       pdo.o
    0x3000698e   0x3000698e   0x00000002   PAD
    0x30006990   0x30006990   0x0000006c   Code   RO          962    .text.PDOStop       pdo.o
    0x300069fc   0x300069fc   0x00000004   PAD
    0x30006a00   0x30006a00   0x000000ca   Code   RO          604    .text.PMU_EnableBodyBias  fsl_pmu.o
    0x30006aca   0x30006aca   0x00000006   PAD
    0x30006ad0   0x30006ad0   0x00000094   Code   RO          554    .text.PMU_StaticEnableLpsrAnaLdoBypassMode  fsl_pmu.o
    0x30006b64   0x30006b64   0x00000004   PAD
    0x30006b68   0x30006b68   0x0000006a   Code   RO          564    .text.PMU_StaticEnableLpsrDigLdoBypassMode  fsl_pmu.o
    0x30006bd2   0x30006bd2   0x00000006   PAD
    0x30006bd8   0x30006bd8   0x0000003e   Code   RO          548    .text.PMU_StaticEnablePllLdo  fsl_pmu.o
    0x30006c16   0x30006c16   0x0000000a   PAD
    0x30006c20   0x30006c20   0x00000064   Code   RO         1542    .text.PendSV_Handler  port.o
    0x30006c84   0x30006c84   0x00000004   PAD
    0x30006c88   0x30006c88   0x0000004a   Code   RO          857    .text.ProducerHeartbeatAlarm  lifegrd.o
    0x30006cd2   0x30006cd2   0x00000006   PAD
    0x30006cd8   0x30006cd8   0x00000028   Code   RO          926    .text.RegisterSetODentryCallBack  objacces.o
    0x30006d00   0x30006d00   0x00000058   Code   RO          428    .text.SDK_DelayAtLeastUs  fsl_common_arm.o
    0x30006d58   0x30006d58   0x000000cc   Code   RO          976    .text.SDOTimeoutAlarm  sdo.o
    0x30006e24   0x30006e24   0x00000004   PAD
    0x30006e28   0x30006e28   0x0000003c   Code   RO          984    .text.SDOlineToObjdict  sdo.o
    0x30006e64   0x30006e64   0x0000000c   PAD
    0x30006e70   0x30006e70   0x00000024   Code   RO         1526    .text.SVC_Handler   port.o
    0x30006e94   0x30006e94   0x00000004   PAD
    0x30006e98   0x30006e98   0x000000a6   Code   RO         1102    .text.SetAlarm      timer.o
    0x30006f3e   0x30006f3e   0x00000002   PAD
    0x30006f40   0x30006f40   0x00000042   Code   RO         1076    .text.SyncAlarm     sync.o
    0x30006f82   0x30006f82   0x00000006   PAD
    0x30006f88   0x30006f88   0x00000032   Code   RO         1544    .text.SysTick_Handler  port.o
    0x30006fba   0x30006fba   0x00000006   PAD
    0x30006fc0   0x30006fc0   0x00000120   Code   RO          714    .text.SystemInit    system_mimxrt1176_cm7.o
    0x300070e0   0x300070e0   0x00000002   Code   RO          716    .text.SystemInitHook  system_mimxrt1176_cm7.o
    0x300070e2   0x300070e2   0x00000006   PAD
    0x300070e8   0x300070e8   0x0000007a   Code   RO          958    .text.TPDO_Communication_Parameter_Callback  pdo.o
    0x30007162   0x30007162   0x00000006   PAD
    0x30007168   0x30007168   0x000000d6   Code   RO         1106    .text.TimeDispatch  timer.o
    0x3000723e   0x3000723e   0x00000002   PAD
    0x30007240   0x30007240   0x00000002   Code   RO          956    .text._RxPDO_EventTimers_Handler  pdo.o
    0x30007242   0x30007242   0x00000006   PAD
    0x30007248   0x30007248   0x0000003c   Code   RO          153    .text.__aeabi_assert  fsl_assert.o
    0x30007284   0x30007284   0x00000004   PAD
    0x30007288   0x30007288   0x000000aa   Code   RO          922    .text._getODentry   objacces.o
    0x30007332   0x30007332   0x00000006   PAD
    0x30007338   0x30007338   0x00000002   Code   RO          877    .text._heartbeatError  lifegrd.o
    0x3000733a   0x3000733a   0x00000006   PAD
    0x30007340   0x30007340   0x00000002   Code   RO         1056    .text._initialisation  states.o
    0x30007342   0x30007342   0x00000006   PAD
    0x30007348   0x30007348   0x00000002   Code   RO          883    .text._nodeguardError  lifegrd.o
    0x3000734a   0x3000734a   0x00000006   PAD
    0x30007350   0x30007350   0x00000002   Code   RO         1060    .text._operational  states.o
    0x30007352   0x30007352   0x00000006   PAD
    0x30007358   0x30007358   0x00000002   Code   RO          879    .text._post_SlaveBootup  lifegrd.o
    0x3000735a   0x3000735a   0x00000006   PAD
    0x30007360   0x30007360   0x00000002   Code   RO          881    .text._post_SlaveStateChange  lifegrd.o
    0x30007362   0x30007362   0x00000006   PAD
    0x30007368   0x30007368   0x00000002   Code   RO         1092    .text._post_TPDO    sync.o
    0x3000736a   0x3000736a   0x00000006   PAD
    0x30007370   0x30007370   0x00000002   Code   RO          841    .text._post_emcy    emcy.o
    0x30007372   0x30007372   0x00000006   PAD
    0x30007378   0x30007378   0x00000002   Code   RO         1090    .text._post_sync    sync.o
    0x3000737a   0x3000737a   0x00000006   PAD
    0x30007380   0x30007380   0x00000012   Code   RO         1058    .text._preOperational  states.o
    0x30007392   0x30007392   0x00000006   PAD
    0x30007398   0x30007398   0x00000156   Code   RO          950    .text._sendPDOevent  pdo.o
    0x300074ee   0x300074ee   0x00000002   PAD
    0x300074f0   0x300074f0   0x000000ec   Code   RO          924    .text._setODentry   objacces.o
    0x300075dc   0x300075dc   0x00000004   PAD
    0x300075e0   0x300075e0   0x00000002   Code   RO         1062    .text._stopped      states.o
    0x300075e2   0x300075e2   0x00000006   PAD
    0x300075e8   0x300075e8   0x00000004   Code   RO          928    .text._storeODSubIndex  objacces.o
    0x300075ec   0x300075ec   0x00000004   PAD
    0x300075f0   0x300075f0   0x00000182   Code   RO          938    .text.buildPDO      pdo.o
    0x30007772   0x30007772   0x00000006   PAD
    0x30007778   0x30007778   0x00000068   Code   RO         1046    .text.canDispatch   states.o
    0x300077e0   0x300077e0   0x00000092   Code   RO           13    .text.canSend       flexcan_interrupt_transfer.o
    0x30007872   0x30007872   0x00000006   PAD
    0x30007878   0x30007878   0x00000020   Code   RO          829    .text.emergencyInit  emcy.o
    0x30007898   0x30007898   0x00000002   Code   RO          831    .text.emergencyStop  emcy.o
    0x3000789a   0x3000789a   0x00000006   PAD
    0x300078a0   0x300078a0   0x000000c8   Code   RO          992    .text.failedSDO     sdo.o
    0x30007968   0x30007968   0x00000064   Code   RO           21    .text.flexcan_callback  flexcan_interrupt_transfer.o
    0x300079cc   0x300079cc   0x00000004   PAD
    0x300079d0   0x300079d0   0x0000000a   Code   RO           11    .text.getElapsedTime  flexcan_interrupt_transfer.o
    0x300079da   0x300079da   0x00000006   PAD
    0x300079e0   0x300079e0   0x00000006   Code   RO         1052    .text.getNodeId     states.o
    0x300079e6   0x300079e6   0x00000002   PAD
    0x300079e8   0x300079e8   0x0000009c   Code   RO          869    .text.heartbeatInit  lifegrd.o
    0x30007a84   0x30007a84   0x00000004   PAD
    0x30007a88   0x30007a88   0x0000009a   Code   RO          996    .text.initSDOline   sdo.o
    0x30007b22   0x30007b22   0x00000006   PAD
    0x30007b28   0x30007b28   0x00000012   Code   RO          873    .text.lifeGuardInit  lifegrd.o
    0x30007b3a   0x30007b3a   0x00000006   PAD
    0x30007b40   0x30007b40   0x0000004c   Code   RO          875    .text.lifeGuardStop  lifegrd.o
    0x30007b8c   0x30007b8c   0x00000004   PAD
    0x30007b90   0x30007b90   0x0000004e   Code   RO          988    .text.lineToSDO     sdo.o
    0x30007bde   0x30007bde   0x00000002   PAD
    0x30007be0   0x30007be0   0x000002d4   Code   RO           17    .text.main          flexcan_interrupt_transfer.o
    0x30007eb4   0x30007eb4   0x00000004   PAD
    0x30007eb8   0x30007eb8   0x00000020   Code   RO          896    .text.masterSendNMTnodeguard  nmtmaster.o
    0x30007ed8   0x30007ed8   0x00000020   Code   RO          894    .text.masterSendNMTstateChange  nmtmaster.o
    0x30007ef8   0x30007ef8   0x00000084   Code   RO          865    .text.nodeguardInit  lifegrd.o
    0x30007f7c   0x30007f7c   0x00000004   PAD
    0x30007f80   0x30007f80   0x00000042   Code   RO          986    .text.objdictToSDOline  sdo.o
    0x30007fc2   0x30007fc2   0x00000006   PAD
    0x30007fc8   0x30007fc8   0x0000002a   Code   RO          839    .text.proceedEMCY   emcy.o
    0x30007ff2   0x30007ff2   0x00000006   PAD
    0x30007ff8   0x30007ff8   0x000000b4   Code   RO          908    .text.proceedNMTstateChange  nmtslave.o
    0x300080ac   0x300080ac   0x00000004   PAD
    0x300080b0   0x300080b0   0x00000106   Code   RO          855    .text.proceedNODE_GUARD  lifegrd.o
    0x300081b6   0x300081b6   0x00000002   PAD
    0x300081b8   0x300081b8   0x00000310   Code   RO          944    .text.proceedPDO    pdo.o
    0x300084c8   0x300084c8   0x000012ac   Code   RO         1012    .text.proceedSDO    sdo.o
    0x30009774   0x30009774   0x00000004   PAD
    0x30009778   0x30009778   0x0000002a   Code   RO         1088    .text.proceedSYNC   sync.o
    0x300097a2   0x300097a2   0x00000006   PAD
    0x300097a8   0x300097a8   0x000000c0   Code   RO         1339    .text.prvAddCurrentTaskToDelayedList  tasks.o
    0x30009868   0x30009868   0x00000070   Code   RO         1469    .text.prvCheckForValidListAndQueue  timers.o
    0x300098d8   0x300098d8   0x00000076   Code   RO         1363    .text.prvIdleTask   tasks.o
    0x3000994e   0x3000994e   0x00000002   PAD
    0x30009950   0x30009950   0x00000028   Code   RO         1534    .text.prvPortStartFirstTask  port.o
    0x30009978   0x30009978   0x0000007c   Code   RO         1505    .text.prvProcessExpiredTimer  timers.o
    0x300099f4   0x300099f4   0x00000004   PAD
    0x300099f8   0x300099f8   0x00000036   Code   RO         1524    .text.prvTaskExitError  port.o
    0x30009a2e   0x30009a2e   0x00000002   PAD
    0x30009a30   0x30009a30   0x0000023e   Code   RO         1471    .text.prvTimerTask  timers.o
    0x30009c6e   0x30009c6e   0x00000002   PAD
    0x30009c70   0x30009c70   0x0000007a   Code   RO         1234    .text.prvUnlockQueue  queue.o
    0x30009cea   0x30009cea   0x00000006   PAD
    0x30009cf0   0x30009cf0   0x0000018a   Code   RO         1559    .text.pvPortMalloc  heap_4.o
    0x30009e7a   0x30009e7a   0x00000006   PAD
    0x30009e80   0x30009e80   0x0000002c   Code   RO         1522    .text.pxPortInitialiseStack  port.o
    0x30009eac   0x30009eac   0x00000004   PAD
    0x30009eb0   0x30009eb0   0x00000056   Code   RO          982    .text.resetSDO      sdo.o
    0x30009f06   0x30009f06   0x00000002   PAD
    0x30009f08   0x30009f08   0x00000054   Code   RO          980    .text.resetSDOline  sdo.o
    0x30009f5c   0x30009f5c   0x00000004   PAD
    0x30009f60   0x30009f60   0x0000013a   Code   RO          952    .text.sendOnePDOevent  pdo.o
    0x3000a09a   0x3000a09a   0x00000006   PAD
    0x3000a0a0   0x3000a0a0   0x000000a0   Code   RO         1010    .text.sendSDO       sdo.o
    0x3000a140   0x3000a140   0x000000b0   Code   RO          978    .text.sendSDOabort  sdo.o
    0x3000a1f0   0x3000a1f0   0x00000148   Code   RO         1054    .text.setNodeId     states.o
    0x3000a338   0x3000a338   0x00000092   Code   RO         1050    .text.setState      states.o
    0x3000a3ca   0x3000a3ca   0x00000006   PAD
    0x3000a3d0   0x3000a3d0   0x0000000e   Code   RO            9    .text.setTimer      flexcan_interrupt_transfer.o
    0x3000a3de   0x3000a3de   0x00000002   PAD
    0x3000a3e0   0x3000a3e0   0x0000002c   Code   RO          910    .text.slaveSendBootUp  nmtslave.o
    0x3000a40c   0x3000a40c   0x00000004   PAD
    0x3000a410   0x3000a410   0x0000008a   Code   RO         1082    .text.startSYNC     sync.o
    0x3000a49a   0x3000a49a   0x00000006   PAD
    0x3000a4a0   0x3000a4a0   0x0000002c   Code   RO         1084    .text.stopSYNC      sync.o
    0x3000a4cc   0x3000a4cc   0x00000004   PAD
    0x3000a4d0   0x3000a4d0   0x00000116   Code   RO         1048    .text.switchCommunicationState  states.o
    0x3000a5e6   0x3000a5e6   0x00000002   PAD
    0x3000a5e8   0x3000a5e8   0x0000002a   Code   RO         1206    .text.uxListRemove  list.o
    0x3000a612   0x3000a612   0x00000006   PAD
    0x3000a618   0x3000a618   0x00000016   Code   RO         1198    .text.vListInitialise  list.o
    0x3000a62e   0x3000a62e   0x00000002   PAD
    0x3000a630   0x3000a630   0x00000006   Code   RO         1200    .text.vListInitialiseItem  list.o
    0x3000a636   0x3000a636   0x00000002   PAD
    0x3000a638   0x3000a638   0x0000003a   Code   RO         1204    .text.vListInsert   list.o
    0x3000a672   0x3000a672   0x00000006   PAD
    0x3000a678   0x3000a678   0x0000001c   Code   RO         1202    .text.vListInsertEnd  list.o
    0x3000a694   0x3000a694   0x00000004   PAD
    0x3000a698   0x3000a698   0x00000014   Code   RO         1532    .text.vPortEnableVFP  port.o
    0x3000a6ac   0x3000a6ac   0x00000004   PAD
    0x3000a6b0   0x3000a6b0   0x00000052   Code   RO         1538    .text.vPortEnterCritical  port.o
    0x3000a702   0x3000a702   0x00000006   PAD
    0x3000a708   0x3000a708   0x00000032   Code   RO         1540    .text.vPortExitCritical  port.o
    0x3000a73a   0x3000a73a   0x00000006   PAD
    0x3000a740   0x3000a740   0x000000ca   Code   RO         1561    .text.vPortFree     heap_4.o
    0x3000a80a   0x3000a80a   0x00000006   PAD
    0x3000a810   0x3000a810   0x00000034   Code   RO         1530    .text.vPortSetupTimerInterrupt  port.o
    0x3000a844   0x3000a844   0x00000004   PAD
    0x3000a848   0x3000a848   0x0000005e   Code   RO         1268    .text.vQueueAddToRegistry  queue.o
    0x3000a8a6   0x3000a8a6   0x00000002   PAD
    0x3000a8a8   0x3000a8a8   0x00000046   Code   RO         1272    .text.vQueueWaitForMessageRestricted  queue.o
    0x3000a8ee   0x3000a8ee   0x00000002   PAD
    0x3000a8f0   0x3000a8f0   0x00000126   Code   RO         1333    .text.vTaskDelete   tasks.o
    0x3000aa16   0x3000aa16   0x00000002   PAD
    0x3000aa18   0x3000aa18   0x0000001a   Code   RO         1393    .text.vTaskInternalSetTimeOutState  tasks.o
    0x3000aa32   0x3000aa32   0x00000006   PAD
    0x3000aa38   0x3000aa38   0x0000000e   Code   RO         1397    .text.vTaskMissedYield  tasks.o
    0x3000aa46   0x3000aa46   0x00000002   PAD
    0x3000aa48   0x3000aa48   0x0000003a   Code   RO         1381    .text.vTaskPlaceOnEventList  tasks.o
    0x3000aa82   0x3000aa82   0x00000006   PAD
    0x3000aa88   0x3000aa88   0x00000072   Code   RO         1385    .text.vTaskPlaceOnEventListRestricted  tasks.o
    0x3000aafa   0x3000aafa   0x00000006   PAD
    0x3000ab00   0x3000ab00   0x000000a4   Code   RO         1361    .text.vTaskStartScheduler  tasks.o
    0x3000aba4   0x3000aba4   0x00000004   PAD
    0x3000aba8   0x3000aba8   0x00000010   Code   RO         1337    .text.vTaskSuspendAll  tasks.o
    0x3000abb8   0x3000abb8   0x0000008a   Code   RO         1355    .text.vTaskSwitchContext  tasks.o
    0x3000ac42   0x3000ac42   0x00000006   PAD
    0x3000ac48   0x3000ac48   0x000000f2   Code   RO         1528    .text.xPortStartScheduler  port.o
    0x3000ad3a   0x3000ad3a   0x00000006   PAD
    0x3000ad40   0x3000ad40   0x00000096   Code   RO         1218    .text.xQueueGenericCreate  queue.o
    0x3000add6   0x3000add6   0x00000002   PAD
    0x3000add8   0x3000add8   0x000001b4   Code   RO         1240    .text.xQueueReceive  queue.o
    0x3000af8c   0x3000af8c   0x00000004   PAD
    0x3000af90   0x3000af90   0x00000090   Code   RO         1395    .text.xTaskCheckForTimeOut  tasks.o
    0x3000b020   0x3000b020   0x000001fe   Code   RO         1331    .text.xTaskCreate   tasks.o
    0x3000b21e   0x3000b21e   0x00000002   PAD
    0x3000b220   0x3000b220   0x00000024   Code   RO         1411    .text.xTaskGetSchedulerState  tasks.o
    0x3000b244   0x3000b244   0x00000004   PAD
    0x3000b248   0x3000b248   0x0000000c   Code   RO         1369    .text.xTaskGetTickCount  tasks.o
    0x3000b254   0x3000b254   0x00000004   PAD
    0x3000b258   0x3000b258   0x000001a4   Code   RO         1367    .text.xTaskIncrementTick  tasks.o
    0x3000b3fc   0x3000b3fc   0x00000004   PAD
    0x3000b400   0x3000b400   0x000000fa   Code   RO         1387    .text.xTaskRemoveFromEventList  tasks.o
    0x3000b4fa   0x3000b4fa   0x00000006   PAD
    0x3000b500   0x3000b500   0x00000184   Code   RO         1341    .text.xTaskResumeAll  tasks.o
    0x3000b684   0x3000b684   0x00000004   PAD
    0x3000b688   0x3000b688   0x00000064   Code   RO         1467    .text.xTimerCreateTimerTask  timers.o
    0x3000b6ec   0x3000b6ec   0x0000000e   Code   RO         1701    i.__scatterload_copy  mc_w.l(handlers.o)
    0x3000b6fa   0x3000b6fa   0x00000002   Code   RO         1702    i.__scatterload_null  mc_w.l(handlers.o)
    0x3000b6fc   0x3000b6fc   0x0000000e   Code   RO         1703    i.__scatterload_zeroinit  mc_w.l(handlers.o)
    0x3000b70a   0x3000b70a   0x00000007   Data   RO         1064    .rodata..L__const.setState.newCommunicationState  states.o
    0x3000b711   0x3000b711   0x00000007   Data   RO         1065    .rodata..L__const.setState.newCommunicationState.1  states.o
    0x3000b718   0x3000b718   0x00000007   Data   RO         1066    .rodata..L__const.setState.newCommunicationState.2  states.o
    0x3000b71f   0x3000b71f   0x00000007   Data   RO         1067    .rodata..L__const.setState.newCommunicationState.3  states.o
    0x3000b726   0x3000b726   0x00000002   Data   RO         1152    .rodata.Master_ObjdictSize  master.o
    0x3000b728   0x3000b728   0x0000000c   Data   RO         1150    .rodata.Master_firstIndex  master.o
    0x3000b734   0x3000b734   0x00000001   Data   RO         1125    .rodata.Master_iam_a_slave  master.o
    0x3000b735   0x3000b735   0x00000001   PAD
    0x3000b736   0x3000b736   0x0000000c   Data   RO         1151    .rodata.Master_lastIndex  master.o
    0x3000b742   0x3000b742   0x00000002   PAD
    0x3000b744   0x3000b744   0x00000020   Data   RO         1148    .rodata.Master_objdict  master.o
    0x3000b764   0x3000b764   0x00000008   Data   RO           96    .rodata.armPllConfig_BOARD_BootClockRUN  clock_config.o
    0x3000b76c   0x3000b76c   0x00000010   Data   RO          266    .rodata.cst16       fsl_flexcan.o
    0x3000b77c   0x3000b77c   0x00000004   Data   RO          268    .rodata.cst4        fsl_flexcan.o
    0x3000b780   0x3000b780   0x00000008   Data   RO          271    .rodata.cst8        fsl_flexcan.o
    0x3000b788   0x3000b788   0x00000034   Data   RO          741    .rodata.s_LpuartAdapterBase  fsl_adapter_lpuart.o
    0x3000b7bc   0x3000b7bc   0x00000278   Data   RO           48    .rodata.s_clockSourceName  flexcan_interrupt_transfer.o
    0x3000ba34   0x3000ba34   0x00000278   Data   RO           81    .rodata.s_clockSourceName  board.o
    0x3000bcac   0x3000bcac   0x00000278   Data   RO          103    .rodata.s_clockSourceName  clock_config.o
    0x3000bf24   0x3000bf24   0x00000278   Data   RO          403    .rodata.s_clockSourceName  fsl_clock.o
    0x3000c19c   0x3000c19c   0x0000001c   Data   RO          705    .rodata.s_gptBases  fsl_gpt.o
    0x3000c1b8   0x3000c1b8   0x00000007   Data   RO          704    .rodata.s_gptClocks  fsl_gpt.o
    0x3000c1bf   0x3000c1bf   0x00000001   PAD
    0x3000c1c0   0x3000c1c0   0x00000034   Data   RO          517    .rodata.s_lpuartBases  fsl_lpuart.o
    0x3000c1f4   0x3000c1f4   0x0000000d   Data   RO          519    .rodata.s_lpuartClock  fsl_lpuart.o
    0x3000c201   0x3000c201   0x0000015c   Data   RO           35    .rodata.str1.1      flexcan_interrupt_transfer.o
    0x3000c35d   0x3000c35d   0x0000000b   Data   RO           80    .rodata.str1.1      board.o
    0x3000c368   0x3000c368   0x000002bb   Data   RO          267    .rodata.str1.1      fsl_flexcan.o
    0x3000c623   0x3000c623   0x00000162   Data   RO          402    .rodata.str1.1      fsl_clock.o
    0x3000c785   0x3000c785   0x00000041   Data   RO          430    .rodata.str1.1      fsl_common_arm.o
    0x3000c7c6   0x3000c7c6   0x00000149   Data   RO          518    .rodata.str1.1      fsl_lpuart.o
    0x3000c90f   0x3000c90f   0x0000005c   Data   RO          703    .rodata.str1.1      fsl_gpt.o
    0x3000c96b   0x3000c96b   0x0000008f   Data   RO          740    .rodata.str1.1      fsl_adapter_lpuart.o
    0x3000c9fa   0x3000c9fa   0x00000002   PAD
    0x3000c9fc   0x3000c9fc   0x0000000c   Data   RO           97    .rodata.sysPll2Config_BOARD_BootClockRUN  clock_config.o
    0x3000ca08   0x3000ca08   0x00000004   Data   RO         1438    .rodata.uxTopUsedPriority  tasks.o
    0x3000ca0c   0x3000ca0c   0x00000014   Data   RO           98    .rodata.videoPllConfig_BOARD_BootClockRUN  clock_config.o
    0x3000ca20   0x3000ca20   0x00000020   Data   RO         1700    Region$$Table       anon$$obj.o



  Load Region LR_CORE1_IMAGE (Base: 0x30fc0000, Size: 0x00000000, Max: 0xffffffff, ABSOLUTE)

    Execution Region CORE1_REGION (Exec base: 0x30fc0000, Load base: 0x30fc0000, Size: 0x00000000, Max: 0x00040000, ABSOLUTE)

    **** No section assigned to this execution region ****


==============================================================================

Image component sizes


      Code (inc. data)   RO Data    RW Data    ZI Data      Debug   Object Name

       910         60        643          0          0      12013   board.o
      1570          0        672          0          0      52825   clock_config.o
       114          0          0          0          0       9035   emcy.o
         0          0        512          0          0       2656   evkmimxrt1170_flexspi_nor_config.o
      1508        280        980          0        983      26119   flexcan_interrupt_transfer.o
       538         64        195          0          0       7298   fsl_adapter_lpuart.o
       910          8          0          0          0      10238   fsl_anatop_ai.o
        60         44          0          0          0        928   fsl_assert.o
      2394        148        986          0          0      52163   fsl_clock.o
        88         20         65          0          0       2425   fsl_common_arm.o
        58          0          0          0          0      21717   fsl_dcdc.o
      1178        142          0          0         20      11870   fsl_debug_console.o
      5708        196        727          4         16      67666   fsl_flexcan.o
         0          0         48          0          0       1038   fsl_flexspi_nor_boot.o
       472        136        127          0          0      10054   fsl_gpt.o
      1494         28        394         52         52      42210   fsl_lpuart.o
       518          0          0          0          0      20668   fsl_pmu.o
       596          0          0          0      10268       5527   heap_4.o
       960          0          0          0          0      10364   lifegrd.o
       156          0          0          0          0       2235   list.o
       100         26         59        729         45       7144   master.o
        64          0          0          0          0       6656   nmtmaster.o
       224          0          0          0          0       6220   nmtslave.o
       450          0          0          0          0       7820   objacces.o
      2230          0          0          0          0      16288   pdo.o
       102          0          0          0          0       9069   pin_mux.o
       770         16          0          4          5       4013   port.o
       872          0          0          0         64      22511   queue.o
      6048         14          0          0          0      38094   sdo.o
       724        356       1024          0          0       3596   startup_mimxrt1176_cm7.o
       886         48         28          0          0       8727   states.o
       304          0          0          0          0       7340   sync.o
       290          0          0          4          0       4686   system_mimxrt1176_cm7.o
      2894          8          4          0        260      38843   tasks.o
       432          0          0          6        192       7369   timer.o
       910         26          0          0         60      13316   timers.o

    ----------------------------------------------------------------------
     37192       1660       6502        804     538320     570741   Object Totals
         0          0         32          0     526336          0   (incl. Generated)
       660         40          6          5         19          0   (incl. Padding)

    ----------------------------------------------------------------------

      Code (inc. data)   RO Data    RW Data    ZI Data      Debug   Library Member Name

        86          0          0          0          0          0   __dczerorl2.o
         0          0          0          0          0          0   entry.o
         0          0          0          0          0          0   entry10a.o
         0          0          0          0          0          0   entry11a.o
         8          4          0          0          0          0   entry4.o
         4          0          0          0          0          0   entry5.o
         0          0          0          0          0          0   entry7b.o
         0          0          0          0          0          0   entry8b.o
         8          4          0          0          0          0   entry9a.o
        30          0          0          0          0          0   handlers.o
        48         10          0          0          0         68   init.o
        30          0          0          0          0         68   llshl.o
        32          0          0          0          0         68   llushr.o
        26          0          0          0          0         80   memcmp.o
        40          0          0          0          0         76   memcpy.o
        18          0          0          0          0         76   memset.o
        14          0          0          0          0         68   strlen.o
        98          0          0          0          0         92   uldiv.o

    ----------------------------------------------------------------------
       450         18          0          0          0        596   Library Totals
         8          0          0          0          0          0   (incl. Padding)

    ----------------------------------------------------------------------

      Code (inc. data)   RO Data    RW Data    ZI Data      Debug   Library Name

       442         18          0          0          0        596   mc_w.l

    ----------------------------------------------------------------------
       450         18          0          0          0        596   Library Totals

    ----------------------------------------------------------------------

==============================================================================


      Code (inc. data)   RO Data    RW Data    ZI Data      Debug   

     37642       1678       6502        804     538320     570773   Grand Totals
     37642       1678       6502        216     538320     570773   ELF Image Totals (compressed)
     37642       1678       6502        216          0          0   ROM Totals

==============================================================================

    Total RO  Size (Code + RO Data)                44144 (  43.11kB)
    Total RW  Size (RW Data + ZI Data)            539124 ( 526.49kB)
    Total ROM Size (Code + RO Data + RW Data)      44360 (  43.32kB)

==============================================================================

